01-28 23:32:29.006   355   355 I zygote64: option[15]=-Ximage-compiler-option
01-28 23:32:29.006   355   355 I zygote64: option[16]=--runtime-arg
01-28 23:32:29.006   355   355 I zygote64: option[17]=-Ximage-compiler-option
01-28 23:32:29.006   355   355 I zygote64: option[18]=-Xmx64m
01-28 23:32:29.006   355   355 I zygote64: option[19]=-Ximage-compiler-option
01-28 23:32:29.006   355   355 I zygote64: option[20]=--image-classes=/system/etc/preloaded-classes
01-28 23:32:29.006   355   355 I zygote64: option[21]=-Ximage-compiler-option
01-28 23:32:29.006   355   355 I zygote64: option[22]=--compiled-classes=/system/etc/compiled-classes
01-28 23:32:29.006   355   355 I zygote64: option[23]=-Xcompiler-option
01-28 23:32:29.006   355   355 I zygote64: option[24]=--runtime-arg
01-28 23:32:29.006   355   355 I zygote64: option[25]=-Xcompiler-option
01-28 23:32:29.006   355   355 I zygote64: option[26]=-Xms64m
01-28 23:32:29.006   355   355 I zygote64: option[27]=-Xcompiler-option
01-28 23:32:29.006   355   355 I zygote64: option[28]=--runtime-arg
01-28 23:32:29.007   355   355 I zygote64: option[29]=-Xcompiler-option
01-28 23:32:29.007   355   355 I zygote64: option[30]=-Xmx512m
01-28 23:32:29.007   355   355 I zygote64: option[31]=-Xcompiler-option
01-28 23:32:29.007   355   355 I zygote64: option[32]=-j2
01-28 23:32:29.007   355   355 I zygote64: option[33]=-Ximage-compiler-option
01-28 23:32:29.007   355   355 I zygote64: option[34]=-j4
01-28 23:32:29.007   355   355 I zygote64: option[35]=-Ximage-compiler-option
01-28 23:32:29.007   355   355 I zygote64: option[36]=--instruction-set-variant=cortex-a53
01-28 23:32:29.007   355   355 I zygote64: option[37]=-Xcompiler-option
01-28 23:32:29.007   355   355 I zygote64: option[38]=--instruction-set-variant=cortex-a53
01-28 23:32:29.007   355   355 I zygote64: option[39]=-Ximage-compiler-option
01-28 23:32:29.007   355   355 I zygote64: option[40]=--instruction-set-features=default
01-28 23:32:29.007   355   355 I zygote64: option[41]=-Xcompiler-option
01-28 23:32:29.008   355   355 I zygote64: option[42]=--instruction-set-features=default
01-28 23:32:29.008   355   355 I zygote64: option[43]=-Duser.locale=en-US
01-28 23:32:29.008   355   355 I zygote64: option[44]=--cpu-abilist=arm64-v8a
01-28 23:32:29.008   355   355 I zygote64: option[45]=-Xfingerprint:Xiaomi/libra/libra:7.0/NRD90M/V8.2.3.0.NXKCNEC:user/release-keys
01-28 23:32:29.008   410   410 D SensorHAL: lsm6db0_gyro: Sampling frequency available [ 5 15 50 200 ].
01-28 23:32:29.008   410   410 D SensorHAL: lsm6db0_gyro: Batch mode available [ disabled continuos ].
01-28 23:32:29.012     0     0 I ueventd : firmware: loading 'cpe.b06' for '/devices/soc.0/fe12f000.slim/tomtom-slim-pgd/tomtom_codec/firmware/cpe.b06'
01-28 23:32:29.016     0     0 I ueventd : firmware: loading 'cmnlib.mdt' for '/devices/virtual/qseecom/qseecom/cmnlib.mdt'
01-28 23:32:29.016     0     0 I ueventd : loading /devices/virtual/qseecom/qseecom/cmnlib.mdt took 0.000449114 seconds
01-28 23:32:29.017     0     0 I ueventd : loading /devices/soc.0/fe12f000.slim/tomtom-slim-pgd/tomtom_codec/firmware/cpe.b06 took 0.0046974 seconds
01-28 23:32:29.024     0     0 I ueventd : firmware: loading 'cpe.b08' for '/devices/soc.0/fe12f000.slim/tomtom-slim-pgd/tomtom_codec/firmware/cpe.b08'
01-28 23:32:29.033     0     0 I ueventd : loading /devices/soc.0/fe12f000.slim/tomtom-slim-pgd/tomtom_codec/firmware/cpe.b08 took 0.00913156 seconds
01-28 23:32:29.035     0     0 I ueventd : firmware: loading 'cmnlib.b00' for '/devices/virtual/qseecom/qseecom/cmnlib.b00'
01-28 23:32:29.042     0     0 I ueventd : loading /devices/virtual/qseecom/qseecom/cmnlib.b00 took 0.00736312 seconds
01-28 23:32:29.062     0     0 I ueventd : firmware: loading 'cmnlib.b01' for '/devices/virtual/qseecom/qseecom/cmnlib.b01'
01-28 23:32:29.010   410   410 E SensorHAL: sizeof(sampl_freq_avl) = 8, 4
01-28 23:32:29.010   410   410 I SensorHAL: Calibration File is not present! /persist/st_gyro_cali.txt
01-28 23:32:29.017   402   402 I audiohalservice: Registration complete for android.hardware.audio.effect@2.0::IEffectsFactory/default.
01-28 23:32:29.018   337   337 W /system/bin/hwservicemanager: getTransportFromManifest: Cannot find entry android.hardware.soundtrigger@2.0::ISoundTriggerHw in either framework or device manifest, using default transport.
01-28 23:32:29.020   402   402 E audiohalservice: Could not get passthrough implementation for android.hardware.soundtrigger@2.0::ISoundTriggerHw/default.
01-28 23:32:29.020   402   402 E audiohalservice: Error while registering soundtrigger service: 1
01-28 23:32:29.020   356   356 D AndroidRuntime: >>>>>> START com.android.internal.os.ZygoteInit uid 0 <<<<<<
01-28 23:32:29.020   337   337 W /system/bin/hwservicemanager: getTransportFromManifest: Cannot find entry android.hardware.broadcastradio@1.0::IBroadcastRadioFactory in either framework or device manifest, using default transport.
01-28 23:32:29.024   410   410 D SensorHAL: lsm6db0_gyro_u: Sampling frequency available [ 5 15 50 200 ].
01-28 23:32:29.024   410   410 D SensorHAL: lsm6db0_gyro_u: Batch mode available [ disabled continuos ].
01-28 23:32:29.025   410   410 E SensorHAL: sizeof(sampl_freq_avl) = 8, 4
01-28 23:32:29.030   402   402 I audiohalservice: Registration complete for android.hardware.broadcastradio@1.0::IBroadcastRadioFactory/default.
01-28 23:32:29.040   337   337 W /system/bin/hwservicemanager: getTransportFromManifest: Cannot find entry android.hardware.configstore@1.0::ISurfaceFlingerConfigs in either framework or device manifest, using default transport.
01-28 23:32:29.044   417   417 I /system/bin/surfaceflinger: android::hardware::configstore::V1_0::ISurfaceFlingerConfigs::maxFrameBufferAcquiredBuffers retrieved: 3
01-28 23:32:29.046   355   355 I zygote64: Pruning dalvik-cache since we are relocating an image and will need to recompile
01-28 23:32:29.046   355   355 I zygote64: RelocateImage: /system/bin/patchoat --input-image-location=/system/framework/boot.art --output-image-file=/data/dalvik-cache/arm64/system@framework@boot.art --instruction-set=arm64 --base-offset-delta=14028800
01-28 23:32:29.050   337   337 W /system/bin/hwservicemanager: getTransportFromManifest: Cannot find entry android.hardware.configstore@1.0::ISurfaceFlingerConfigs in either framework or device manifest, using default transport.
01-28 23:32:29.051   417   417 I /system/bin/surfaceflinger: android::hardware::configstore::V1_0::ISurfaceFlingerConfigs::startGraphicsAllocatorService retrieved: 0
01-28 23:32:29.053   417   417 I SurfaceFlinger: SurfaceFlinger is starting
01-28 23:32:29.054   337   337 W /system/bin/hwservicemanager: getTransportFromManifest: Cannot find entry android.hardware.configstore@1.0::ISurfaceFlingerConfigs in either framework or device manifest, using default transport.
01-28 23:32:29.055   417   417 I /system/bin/surfaceflinger: android::hardware::configstore::V1_0::ISurfaceFlingerConfigs::vsyncEventPhaseOffsetNs retrieved: 2000000
01-28 23:32:29.056   337   337 W /system/bin/hwservicemanager: getTransportFromManifest: Cannot find entry android.hardware.configstore@1.0::ISurfaceFlingerConfigs in either framework or device manifest, using default transport.
01-28 23:32:29.057   417   417 I /system/bin/surfaceflinger: android::hardware::configstore::V1_0::ISurfaceFlingerConfigs::vsyncSfEventPhaseOffsetNs retrieved: 6000000
01-28 23:32:29.058   337   337 W /system/bin/hwservicemanager: getTransportFromManifest: Cannot find entry android.hardware.configstore@1.0::ISurfaceFlingerConfigs in either framework or device manifest, using default transport.
01-28 23:32:29.058   417   417 I /system/bin/surfaceflinger: android::hardware::configstore::V1_0::ISurfaceFlingerConfigs::hasSyncFramework retrieved: 1
01-28 23:32:29.059   337   337 W /system/bin/hwservicemanager: getTransportFromManifest: Cannot find entry android.hardware.configstore@1.0::ISurfaceFlingerConfigs in either framework or device manifest, using default transport.
01-28 23:32:29.060   417   417 I /system/bin/surfaceflinger: android::hardware::configstore::V1_0::ISurfaceFlingerConfigs::useContextPriority retrieved: 0 (default)
01-28 23:32:29.061   337   337 W /system/bin/hwservicemanager: getTransportFromManifest: Cannot find entry android.hardware.configstore@1.0::ISurfaceFlingerConfigs in either framework or device manifest, using default transport.
01-28 23:32:29.062   417   417 I /system/bin/surfaceflinger: android::hardware::configstore::V1_0::ISurfaceFlingerConfigs::presentTimeOffsetFromVSyncNs retrieved: 0
01-28 23:32:29.062   337   337 W /system/bin/hwservicemanager: getTransportFromManifest: Cannot find entry android.hardware.configstore@1.0::ISurfaceFlingerConfigs in either framework or device manifest, using default transport.
01-28 23:32:29.070   356   356 I zygote  : option[0]=-Xzygote
01-28 23:32:29.071   356   356 I zygote  : option[1]=-Xstacktracefile:/data/anr/traces.txt
01-28 23:32:29.071   356   356 I zygote  : option[2]=exit
01-28 23:32:29.071   356   356 I zygote  : option[3]=vfprintf
01-28 23:32:29.071   356   356 I zygote  : option[4]=sensitiveThread
01-28 23:32:29.071   356   356 I zygote  : option[5]=-verbose:gc
01-28 23:32:29.071   356   356 I zygote  : option[6]=-Xms4m
01-28 23:32:29.071   356   356 I zygote  : option[7]=-Xmx16m
01-28 23:32:29.071   356   356 I zygote  : option[8]=-Xusejit:true
01-28 23:32:29.071   356   356 I zygote  : option[9]=-Xjitsaveprofilinginfo
01-28 23:32:29.071   356   356 I zygote  : option[10]=-agentlib:jdwp=transport=dt_android_adb,suspend=n,server=y
01-28 23:32:29.071   356   356 I zygote  : option[11]=-Ximage-compiler-option
01-28 23:32:29.071   356   356 I zygote  : option[12]=--runtime-arg
01-28 23:32:29.071   356   356 I zygote  : option[13]=-Ximage-compiler-option
01-28 23:32:29.071   356   356 I zygote  : option[14]=-Xms64m
01-28 23:32:29.071   356   356 I zygote  : option[15]=-Ximage-compiler-option
01-28 23:32:29.071   356   356 I zygote  : option[16]=--runtime-arg
01-28 23:32:29.071   356   356 I zygote  : option[17]=-Ximage-compiler-option
01-28 23:32:29.071   356   356 I zygote  : option[18]=-Xmx64m
01-28 23:32:29.071   356   356 I zygote  : option[19]=-Ximage-compiler-option
01-28 23:32:29.071   356   356 I zygote  : option[20]=--image-classes=/system/etc/preloaded-classes
01-28 23:32:29.071   356   356 I zygote  : option[21]=-Ximage-compiler-option
01-28 23:32:29.071   356   356 I zygote  : option[22]=--compiled-classes=/system/etc/compiled-classes
01-28 23:32:29.071   356   356 I zygote  : option[23]=-Xcompiler-option
01-28 23:32:29.071   356   356 I zygote  : option[24]=--runtime-arg
01-28 23:32:29.071   356   356 I zygote  : option[25]=-Xcompiler-option
01-28 23:32:29.071   356   356 I zygote  : option[26]=-Xms64m
01-28 23:32:29.071   356   356 I zygote  : option[27]=-Xcompiler-option
01-28 23:32:29.071   356   356 I zygote  : option[28]=--runtime-arg
01-28 23:32:29.071   356   356 I zygote  : option[29]=-Xcompiler-option
01-28 23:32:29.071   356   356 I zygote  : option[30]=-Xmx512m
01-28 23:32:29.072   356   356 I zygote  : option[31]=-Xcompiler-option
01-28 23:32:29.072   356   356 I zygote  : option[32]=-j2
01-28 23:32:29.072   356   356 I zygote  : option[33]=-Ximage-compiler-option
01-28 23:32:29.072   356   356 I zygote  : option[34]=-j4
01-28 23:32:29.072   356   356 I zygote  : option[35]=-Ximage-compiler-option
01-28 23:32:29.072   356   356 I zygote  : option[36]=--instruction-set-variant=cortex-a53.a57
01-28 23:32:29.072   356   356 I zygote  : option[37]=-Xcompiler-option
01-28 23:32:29.072   356   356 I zygote  : option[38]=--instruction-set-variant=cortex-a53.a57
01-28 23:32:29.072   356   356 I zygote  : option[39]=-Ximage-compiler-option
01-28 23:32:29.072   356   356 I zygote  : option[40]=--instruction-set-features=default
01-28 23:32:29.072   356   356 I zygote  : option[41]=-Xcompiler-option
01-28 23:32:29.072   356   356 I zygote  : option[42]=--instruction-set-features=default
01-28 23:32:29.072   356   356 I zygote  : option[43]=-Duser.locale=en-US
01-28 23:32:29.072   356   356 I zygote  : option[44]=--cpu-abilist=armeabi-v7a,armeabi
01-28 23:32:29.072   356   356 I zygote  : option[45]=-Xfingerprint:Xiaomi/libra/libra:7.0/NRD90M/V8.2.3.0.NXKCNEC:user/release-keys
01-28 23:32:29.077   417   417 I /system/bin/surfaceflinger: android::hardware::configstore::V1_0::ISurfaceFlingerConfigs::useHwcForRGBtoYUV retrieved: 1
01-28 23:32:29.078   337   337 W /system/bin/hwservicemanager: getTransportFromManifest: Cannot find entry android.hardware.configstore@1.0::ISurfaceFlingerConfigs in either framework or device manifest, using default transport.
01-28 23:32:29.079   417   417 I /system/bin/surfaceflinger: android::hardware::configstore::V1_0::ISurfaceFlingerConfigs::maxVirtualDisplaySize retrieved: 2048
01-28 23:32:29.079   337   337 W /system/bin/hwservicemanager: getTransportFromManifest: Cannot find entry android.hardware.configstore@1.0::ISurfaceFlingerConfigs in either framework or device manifest, using default transport.
01-28 23:32:29.080   417   417 I /system/bin/surfaceflinger: android::hardware::configstore::V1_0::ISurfaceFlingerConfigs::useVrFlinger retrieved: 0 (default)
01-28 23:32:29.080   417   417 I /system/bin/surfaceflinger: android::hardware::configstore::V1_0::ISurfaceFlingerConfigs::maxFrameBufferAcquiredBuffers retrieved: 3
01-28 23:32:29.081   337   337 W /system/bin/hwservicemanager: getTransportFromManifest: Cannot find entry android.hardware.configstore@1.0::ISurfaceFlingerConfigs in either framework or device manifest, using default transport.
01-28 23:32:29.087   417   417 I /system/bin/surfaceflinger: android::hardware::configstore::V1_0::ISurfaceFlingerConfigs::hasWideColorDisplay retrieved: 0
01-28 23:32:29.087   356   356 I zygote  : Pruning dalvik-cache since we are relocating an image and will need to recompile
01-28 23:32:29.088   356   356 I zygote  : RelocateImage: /system/bin/patchoat --input-image-location=/system/framework/boot.art --output-image-file=/data/dalvik-cache/arm/system@framework@boot.art --instruction-set=arm --base-offset-delta=-14143488
01-28 23:32:29.088   417   417 I SurfaceFlinger: Enabling HWC virtual displays
01-28 23:32:29.088   417   417 I SurfaceFlinger: Disabling Triple Buffering
01-28 23:32:29.090   417   417 I SurfaceFlinger: SurfaceFlinger's main thread ready to run. Initializing graphics H/W...
01-28 23:32:29.090   417   417 I SurfaceFlinger: Phase offest NS: 2000000
01-28 23:32:29.092   417   417 I vndksupport: sphal namespace is not configured for this process. Loading /vendor/lib64/egl/libEGL_adreno.so from the current namespace instead.
01-28 23:32:29.092   410   410 D SensorHAL: lsm6db0_quat: Sampling frequency available [ 5 15 50 100 ].
01-28 23:32:29.092   410   410 D SensorHAL: lsm6db0_quat: Batch mode available [ disabled continuos ].
01-28 23:32:29.092   410   410 E SensorHAL: sizeof(sampl_freq_avl) = 8, 4
01-28 23:32:29.097   410   410 D SensorHAL: lsm6db0_game_quat: Sampling frequency available [ 5 15 50 100 ].
01-28 23:32:29.097   410   410 D SensorHAL: lsm6db0_game_quat: Batch mode available [ disabled continuos ].
01-28 23:32:29.097   410   410 E SensorHAL: sizeof(sampl_freq_avl) = 8, 4
01-28 23:32:29.067     0     0 I ueventd : firmware: loading 'cpe.b10' for '/devices/soc.0/fe12f000.slim/tomtom-slim-pgd/tomtom_codec/firmware/cpe.b10'
01-28 23:32:29.070     0     0 I ueventd : loading /devices/virtual/qseecom/qseecom/cmnlib.b01 took 0.00859094 seconds
01-28 23:32:29.071     0     0 I msm_thermal: freq_mitigation_notify Removing frequency mitigation for CPU5
01-28 23:32:29.072     0     0 I android_work: android_work: sent uevent USB_STATE=CONNECTED
01-28 23:32:29.073     0     0 I ueventd : loading /devices/soc.0/fe12f000.slim/tomtom-slim-pgd/tomtom_codec/firmware/cpe.b10 took 0.0106274 seconds
01-28 23:32:29.074     0     0 I android_usb gadget: high-speed config #1: fe80f0c8.android_usb
01-28 23:32:29.074     0     0 I dwc3 f9200000.dwc3: Avail curr from USB = 500
01-28 23:32:29.076     0     0 W healthd : battery l=68 v=3632 t=37.7 h=2 st=2 c=1328 chg=u
01-28 23:32:29.079     0     0 W healthd : battery l=68 v=3632 t=37.7 h=2 st=2 c=1328 chg=u
01-28 23:32:29.082     0     0 I ueventd : firmware: loading 'cpe.b11' for '/devices/soc.0/fe12f000.slim/tomtom-slim-pgd/tomtom_codec/firmware/cpe.b11'
01-28 23:32:29.083     0     0 I ueventd : firmware: loading 'cmnlib.b02' for '/devices/virtual/qseecom/qseecom/cmnlib.b02'
01-28 23:32:29.083     0     0 I ueventd : loading /devices/virtual/qseecom/qseecom/cmnlib.b02 took 0.000449375 seconds
01-28 23:32:29.084     0     0 I ueventd : firmware: loading 'cmnlib.b03' for '/devices/virtual/qseecom/qseecom/cmnlib.b03'
01-28 23:32:29.093     0     0 I ueventd : loading /devices/soc.0/fe12f000.slim/tomtom-slim-pgd/tomtom_codec/firmware/cpe.b11 took 0.0106584 seconds
01-28 23:32:29.098     0     0 I ueventd : loading /devices/virtual/qseecom/qseecom/cmnlib.b03 took 0.0142825 seconds
01-28 23:32:29.101     0     0 I ueventd : firmware: loading 'cpe.b12' for '/devices/soc.0/fe12f000.slim/tomtom-slim-pgd/tomtom_codec/firmware/cpe.b12'
01-28 23:32:29.104     0     0 I ueventd : loading /devices/soc.0/fe12f000.slim/tomtom-slim-pgd/tomtom_codec/firmware/cpe.b12 took 0.00279385 seconds
01-28 23:32:29.105     0     0 E msm-pcm-routing qcom,msm-pcm-routing.41: ASoC: mux SLIM_0_RX AANC MUX has no paths
01-28 23:32:29.114     0     0 I ueventd : firmware: loading 'cpe.b14' for '/devices/soc.0/fe12f000.slim/tomtom-slim-pgd/tomtom_codec/firmware/cpe.b14'
01-28 23:32:29.115     0     0 I ueventd : loading /devices/soc.0/fe12f000.slim/tomtom-slim-pgd/tomtom_codec/firmware/cpe.b14 took 0.00122047 seconds
01-28 23:32:29.130     0     0 I android_work: android_work: sent uevent USB_STATE=CONFIGURED
01-28 23:32:29.130     0     0 I ueventd : firmware: loading 'cpe.b16' for '/devices/soc.0/fe12f000.slim/tomtom-slim-pgd/tomtom_codec/firmware/cpe.b16'
01-28 23:32:29.134     0     0 I ueventd : loading /devices/soc.0/fe12f000.slim/tomtom-slim-pgd/tomtom_codec/firmware/cpe.b16 took 0.00402172 seconds
01-28 23:32:29.105   410   410 D SensorHAL: lsm6db0_step_d: Batch mode available [ disabled continuos ].
01-28 23:32:29.110   417   417 D libEGL  : loaded /vendor/lib64/egl/libEGL_adreno.so
01-28 23:32:29.115   410   410 D SensorHAL: lsm6db0_euler: Sampling frequency available [ 5 15 50 100 ].
01-28 23:32:29.115   410   410 D SensorHAL: lsm6db0_euler: Batch mode available [ disabled continuos ].
01-28 23:32:29.115   410   410 E SensorHAL: sizeof(sampl_freq_avl) = 8, 4
01-28 23:32:29.124   410   410 D SensorHAL: lsm6db0_linear: Sampling frequency available [ 5 15 50 100 ].
01-28 23:32:29.124   410   410 D SensorHAL: lsm6db0_linear: Batch mode available [ disabled continuos ].
01-28 23:32:29.124   410   410 E SensorHAL: sizeof(sampl_freq_avl) = 8, 4
01-28 23:32:29.131   410   410 D SensorHAL: lsm6db0_gravity: Sampling frequency available [ 5 15 50 100 ].
01-28 23:32:29.131   410   410 D SensorHAL: lsm6db0_gravity: Batch mode available [ disabled continuos ].
01-28 23:32:29.132   410   410 E SensorHAL: sizeof(sampl_freq_avl) = 8, 4
01-28 23:32:29.134   410   410 D SensorHAL: lsm6db0_step_c: Batch mode available [ disabled continuos ].
01-28 23:32:29.134   410   410 E SensorHAL: sizeof(sampl_freq_avl) = 8, 4
01-28 23:32:29.137   410   410 D SensorHAL: lsm6db0_geo_quat: Sampling frequency available [ 5 15 50 100 ].
01-28 23:32:29.138   410   410 D SensorHAL: lsm6db0_geo_quat: Batch mode available [ disabled continuos ].
01-28 23:32:29.138   410   410 E SensorHAL: sizeof(sampl_freq_avl) = 8, 4
01-28 23:32:29.142   410   410 D SensorHAL: lsm6db0_activity: Batch mode available [ disabled wake-up ].
01-28 23:32:29.142   410   410 E SensorHAL: sizeof(sampl_freq_avl) = 8, 4
01-28 23:32:29.159   404   404 I ServiceManagement: Removing namespace from process name android.hardware.drm@1.0-service to drm@1.0-service.
01-28 23:32:29.162     0     0 I msm_thermal: freq_mitigation_notify Mitigating CPU5 frequency to 768000
01-28 23:32:29.160   404   404 I android.hardware.drm@1.0-service: Registration complete for android.hardware.drm@1.0::IDrmFactory/default.
01-28 23:32:29.162   337   337 W /system/bin/hwservicemanager: getTransportFromManifest: Cannot find entry android.hardware.drm@1.0::ICryptoFactory in either framework or device manifest, using default transport.
01-28 23:32:29.166   404   404 I ServiceManagement: Removing namespace from process name android.hardware.drm@1.0-service to drm@1.0-service.
01-28 23:32:29.171   404   404 I android.hardware.drm@1.0-service: Registration complete for android.hardware.drm@1.0::ICryptoFactory/default.
01-28 23:32:29.173   407   407 I qdutils : PartialUpdate status: Disabled
01-28 23:32:29.173   407   407 I qdutils : Left Align: 0
01-28 23:32:29.173   407   407 I qdutils : Width Align: 0
01-28 23:32:29.173   407   407 I qdutils : Top Align: 0
01-28 23:32:29.173   407   407 I qdutils : Height Align: 0
01-28 23:32:29.173   407   407 I qdutils : Min ROI Width: 0
01-28 23:32:29.173   407   407 I qdutils : Min ROI Height: 0
01-28 23:32:29.173   407   407 I qdutils : Needs ROI Merge: 0
01-28 23:32:29.173   407   407 I qdutils : Dynamic Fps: Enabled
01-28 23:32:29.173   407   407 I qdutils : Min Panel fps: 55
01-28 23:32:29.173   407   407 I qdutils : Max Panel fps: 60
01-28 23:32:29.174   410   410 D SensorHAL: lsm6db0_accel_wk: Sampling frequency available [ 5 15 50 100 ].
01-28 23:32:29.174   407   407 D qdutils : getHDMINode: fb node 2 not present
01-28 23:32:29.174   407   407 I qdutils : getHDMINode: No HDMI node on this device
01-28 23:32:29.174   410   410 D SensorHAL: lsm6db0_accel_wk: Batch mode available [ disabled wake-up ].
01-28 23:32:29.175   410   410 E SensorHAL: sizeof(sampl_freq_avl) = 8, 4
01-28 23:32:29.175   410   410 E SensorHAL: Acc sensors_mask_enabled=0
01-28 23:32:29.184     0     0 I ueventd : firmware: loading 'cpe.b18' for '/devices/soc.0/fe12f000.slim/tomtom-slim-pgd/tomtom_codec/firmware/cpe.b18'
01-28 23:32:29.195     0     0 I ueventd : loading /devices/soc.0/fe12f000.slim/tomtom-slim-pgd/tomtom_codec/firmware/cpe.b18 took 0.0107984 seconds
01-28 23:32:29.198     0     0 I ueventd : firmware: loading 'a420_pm4.fw' for '/devices/soc.0/fdb00000.qcom,kgsl-3d0/kgsl/kgsl-3d0/a420_pm4.fw'
01-28 23:32:29.209   410   410 D SensorHAL: lsm6db0_magn_wk: Sampling frequency available [ 5 15 50 100 ].
01-28 23:32:29.209   410   410 D SensorHAL: lsm6db0_magn_wk: Batch mode available [ disabled wake-up ].
01-28 23:32:29.210   410   410 E SensorHAL: sizeof(sampl_freq_avl) = 8, 4
01-28 23:32:29.209     0     0 I ueventd : firmware: loading 'cpe.b20' for '/devices/soc.0/fe12f000.slim/tomtom-slim-pgd/tomtom_codec/firmware/cpe.b20'
01-28 23:32:29.210     0     0 E msm-dai-q6-dev qcom,msm-dai-q6-sb-2-rx.193: ASoC: no source widget found for SLIMBUS_2_RX
01-28 23:32:29.210     0     0 E msm-dai-q6-dev qcom,msm-dai-q6-sb-2-rx.193: ASoC: Failed to add route SLIMBUS_2_RX -> direct -> Slimbus2 Playback
01-28 23:32:29.210     0     0 E msm-dai-q6-dev qcom,msm-dai-q6-sb-2-tx.194: ASoC: no sink widget found for SLIMBUS_2_TX
01-28 23:32:29.210     0     0 E msm-dai-q6-dev qcom,msm-dai-q6-sb-2-tx.194: ASoC: Failed to add route Slimbus2 Capture -> direct -> SLIMBUS_2_TX
01-28 23:32:29.212     0     0 I ueventd : loading /devices/soc.0/fdb00000.qcom,kgsl-3d0/kgsl/kgsl-3d0/a420_pm4.fw took 0.0141577 seconds
01-28 23:32:29.213     0     0 I ueventd : loading /devices/soc.0/fe12f000.slim/tomtom-slim-pgd/tomtom_codec/firmware/cpe.b20 took 0.00357734 seconds
01-28 23:32:29.222     0     0 I ueventd : firmware: loading 'cpe.b21' for '/devices/soc.0/fe12f000.slim/tomtom-slim-pgd/tomtom_codec/firmware/cpe.b21'
01-28 23:32:29.222     0     0 I msm8994-asoc-snd fe034000.sound: snd-soc-dummy-dai <-> MultiMedia1 mapping ok
01-28 23:32:29.223     0     0 I msm8994-asoc-snd fe034000.sound: snd-soc-dummy-dai <-> MultiMedia2 mapping ok
01-28 23:32:29.223   410   410 D SensorHAL: lsm6db0_magn_u_wk: Sampling frequency available [ 5 15 50 100 ].
01-28 23:32:29.223   410   410 D SensorHAL: lsm6db0_magn_u_wk: Batch mode available [ disabled wake-up ].
01-28 23:32:29.224   410   410 E SensorHAL: sizeof(sampl_freq_avl) = 8, 4
01-28 23:32:29.226     0     0 I msm8994-asoc-snd fe034000.sound: snd-soc-dummy-dai <-> CS-VOICE mapping ok
01-28 23:32:29.228     0     0 I msm8994-asoc-snd fe034000.sound: snd-soc-dummy-dai <-> VoIP mapping ok
01-28 23:32:29.228     0     0 W QSEECOM : qseecom_load_app: App (kmota) does'nt exist, loading apps for first time
01-28 23:32:29.232     0     0 I msm8994-asoc-snd fe034000.sound: snd-soc-dummy-dai <-> MultiMedia3 mapping ok
01-28 23:32:29.233     0     0 I msm8994-asoc-snd fe034000.sound: snd-soc-dummy-dai <-> SLIMBUS0_HOSTLESS mapping ok
01-28 23:32:29.236     0     0 I msm8994-asoc-snd fe034000.sound: snd-soc-dummy-dai <-> PRI_MI2S_TX_HOSTLESS mapping ok
01-28 23:32:29.237     0     0 I msm8994-asoc-snd fe034000.sound: msm-stub-rx <-> com,msm-dai-q6-afe-proxy-rx.206 mapping ok
01-28 23:32:29.237     0     0 I msm8994-asoc-snd fe034000.sound: msm-stub-tx <-> qcom,msm-dai-q6-afe-proxy-tx.20 mapping ok
01-28 23:32:29.238     0     0 I ueventd : firmware: loading 'a420_pfp.fw' for '/devices/soc.0/fdb00000.qcom,kgsl-3d0/kgsl/kgsl-3d0/a420_pfp.fw'
01-28 23:32:29.238     0     0 I compress asoc: snd-soc-dummy-dai <-> MultiMedia4 mapping ok
01-28 23:32:29.241     0     0 I msm8994-asoc-snd fe034000.sound: snd-soc-dummy-dai <-> AUXPCM_HOSTLESS mapping ok
01-28 23:32:29.242     0     0 I msm8994-asoc-snd fe034000.sound: snd-soc-dummy-dai <-> SLIMBUS1_HOSTLESS mapping ok
01-28 23:32:29.245     0     0 I msm8994-asoc-snd fe034000.sound: snd-soc-dummy-dai <-> SLIMBUS3_HOSTLESS mapping ok
01-28 23:32:29.246     0     0 I ueventd : loading /devices/soc.0/fe12f000.slim/tomtom-slim-pgd/tomtom_codec/firmware/cpe.b21 took 0.0240996 seconds
01-28 23:32:29.247     0     0 I msm8994-asoc-snd fe034000.sound: snd-soc-dummy-dai <-> SLIMBUS4_HOSTLESS mapping ok
01-28 23:32:29.248     0     0 I msm8994-asoc-snd fe034000.sound: snd-soc-dummy-dai <-> VoLTE mapping ok
01-28 23:32:29.252     0     0 I msm8994-asoc-snd fe034000.sound: snd-soc-dummy-dai <-> MultiMedia5 mapping ok
01-28 23:32:29.254     0     0 I msm8994-asoc-snd fe034000.sound: snd-soc-dummy-dai <-> LSM1 mapping ok
01-28 23:32:29.257     0     0 I msm_thermal: freq_mitigation_notify Removing frequency mitigation for CPU5
01-28 23:32:29.257     0     0 I ueventd : loading /devices/soc.0/fdb00000.qcom,kgsl-3d0/kgsl/kgsl-3d0/a420_pfp.fw took 0.0191331 seconds
01-28 23:32:29.258     0     0 I compress asoc: snd-soc-dummy-dai <-> MultiMedia7 mapping ok
01-28 23:32:29.259     0     0 I compress asoc: snd-soc-dummy-dai <-> MultiMedia10 mapping ok
01-28 23:32:29.262     0     0 I msm8994-asoc-snd fe034000.sound: snd-soc-dummy-dai <-> MultiMedia8 mapping ok
01-28 23:32:29.260   417   417 I vndksupport: sphal namespace is not configured for this process. Loading /vendor/lib64/egl/libGLESv1_CM_adreno.so from the current namespace instead.
01-28 23:32:29.261   410   410 D SensorHAL: lsm6db0_gyro_wk: Sampling frequency available [ 5 15 50 200 ].
01-28 23:32:29.261   410   410 D SensorHAL: lsm6db0_gyro_wk: Batch mode available [ disabled wake-up ].
01-28 23:32:29.261   410   410 E SensorHAL: sizeof(sampl_freq_avl) = 8, 4
01-28 23:32:29.264   417   417 D libEGL  : loaded /vendor/lib64/egl/libGLESv1_CM_adreno.so
01-28 23:32:29.262     0     0 I msm8994-asoc-snd fe034000.sound: snd-soc-dummy-dai <-> QCHAT mapping ok
01-28 23:32:29.262     0     0 I msm8994-asoc-snd fe034000.sound: snd-soc-dummy-dai <-> HDMI_HOSTLESS mapping ok
01-28 23:32:29.266     0     0 I msm8994-asoc-snd fe034000.sound: snd-soc-dummy-dai <-> Voice2 mapping ok
01-28 23:32:29.267     0     0 I msm8994-asoc-snd fe034000.sound: snd-soc-dummy-dai <-> INT_HFP_BT_HOSTLESS mapping ok
01-28 23:32:29.267     0     0 I msm8994-asoc-snd fe034000.sound: snd-soc-dummy-dai <-> MultiMedia6 mapping ok
01-28 23:32:29.268     0     0 I msm8994-asoc-snd fe034000.sound: tomtom_vifeedback <-> qcom,msm-dai-q6-sb-4-tx.198 mapping ok
01-28 23:32:29.268     0     0 I msm8994-asoc-snd fe034000.sound: tomtom_rx2 <-> qcom,msm-dai-q6-sb-2-rx.193 mapping ok
01-28 23:32:29.269     0     0 I msm8994-asoc-snd fe034000.sound: tomtom_tx2 <-> qcom,msm-dai-q6-sb-2-tx.194 mapping ok
01-28 23:32:29.269     0     0 I msm8994-asoc-snd fe034000.sound: snd-soc-dummy-dai <-> LSM2 mapping ok
01-28 23:32:29.274     0     0 I msm8994-asoc-snd fe034000.sound: snd-soc-dummy-dai <-> LSM3 mapping ok
01-28 23:32:29.278     0     0 I msm8994-asoc-snd fe034000.sound: snd-soc-dummy-dai <-> LSM4 mapping ok
01-28 23:32:29.278     0     0 I msm8994-asoc-snd fe034000.sound: snd-soc-dummy-dai <-> LSM5 mapping ok
01-28 23:32:29.278     0     0 I msm8994-asoc-snd fe034000.sound: snd-soc-dummy-dai <-> LSM6 mapping ok
01-28 23:32:29.279     0     0 I msm8994-asoc-snd fe034000.sound: snd-soc-dummy-dai <-> LSM7 mapping ok
01-28 23:32:29.279     0     0 I msm8994-asoc-snd fe034000.sound: snd-soc-dummy-dai <-> LSM8 mapping ok
01-28 23:32:29.280     0     0 I msm8994-asoc-snd fe034000.sound: snd-soc-dummy-dai <-> MultiMedia9 mapping ok
01-28 23:32:29.281     0     0 I msm8994-asoc-snd fe034000.sound: snd-soc-dummy-dai <-> VoWLAN mapping ok
01-28 23:32:29.281     0     0 I compress asoc: snd-soc-dummy-dai <-> MultiMedia11 mapping ok
01-28 23:32:29.282     0     0 I compress asoc: snd-soc-dummy-dai <-> MultiMedia12 mapping ok
01-28 23:32:29.282   410   410 D SensorHAL: lsm6db0_gyro_u_wk: Sampling frequency available [ 5 15 50 200 ].
01-28 23:32:29.282   410   410 D SensorHAL: lsm6db0_gyro_u_wk: Batch mode available [ disabled wake-up ].
01-28 23:32:29.283     0     0 I compress asoc: snd-soc-dummy-dai <-> MultiMedia13 mapping ok
01-28 23:32:29.282   410   410 E SensorHAL: sizeof(sampl_freq_avl) = 8, 4
01-28 23:32:29.284     0     0 I compress asoc: snd-soc-dummy-dai <-> MultiMedia14 mapping ok
01-28 23:32:29.285     0     0 I compress asoc: snd-soc-dummy-dai <-> MultiMedia15 mapping ok
01-28 23:32:29.285     0     0 I compress asoc: snd-soc-dummy-dai <-> MultiMedia16 mapping ok
01-28 23:32:29.286     0     0 I msm8994-asoc-snd fe034000.sound: tomtom_mad1 <-> CPE_LSM_NOHOST mapping ok
01-28 23:32:29.285   417   417 I vndksupport: sphal namespace is not configured for this process. Loading /vendor/lib64/egl/libGLESv2_adreno.so from the current namespace instead.
01-28 23:32:29.285   417   417 D libEGL  : loaded /vendor/lib64/egl/libGLESv2_adreno.so
01-28 23:32:29.287     0     0 I msm8994-asoc-snd fe034000.sound: snd-soc-dummy-dai <-> MultiMedia3 mapping ok
01-28 23:32:29.287     0     0 I msm8994-asoc-snd fe034000.sound: msm-stub-rx <-> qcom,msm-dai-q6-int-fm-rx.202 mapping ok
01-28 23:32:29.288     0     0 I msm8994-asoc-snd fe034000.sound: msm-stub-tx <-> qcom,msm-dai-q6-int-fm-tx.203 mapping ok
01-28 23:32:29.288     0     0 I msm8994-asoc-snd fe034000.sound: msm-stub-rx <-> qcom,msm-dai-q6-be-afe-pcm-rx.2 mapping ok
01-28 23:32:29.288     0     0 I msm8994-asoc-snd fe034000.sound: msm-stub-tx <-> qcom,msm-dai-q6-be-afe-pcm-tx.2 mapping ok
01-28 23:32:29.288     0     0 I msm8994-asoc-snd fe034000.sound: msm-stub-rx <-> qcom,msm-pri-auxpcm.55 mapping ok
01-28 23:32:29.288     0     0 I msm8994-asoc-snd fe034000.sound: msm-stub-tx <-> qcom,msm-pri-auxpcm.55 mapping ok
01-28 23:32:29.289     0     0 I msm8994-asoc-snd fe034000.sound: msm-stub-rx <-> qcom,msm-sec-auxpcm.56 mapping ok
01-28 23:32:29.289     0     0 I msm8994-asoc-snd fe034000.sound: msm-stub-tx <-> qcom,msm-sec-auxpcm.56 mapping ok
01-28 23:32:29.289     0     0 I msm_audrx_init: dev_nameqcom,msm-dai-q6-sb-0-rx.189
01-28 23:32:29.288   410   410 D SensorHAL: lsm6db0_quat_wk: Sampling frequency available [ 5 15 50 100 ].
01-28 23:32:29.290     0     0 E qpnp_pin_of_gpio_xlate: no such PMIC gpio 1 in device topology
01-28 23:32:29.288   429   429 I mediametrics: ServiceManager: 0x79d9832680
01-28 23:32:29.289   410   410 D SensorHAL: lsm6db0_quat_wk: Batch mode available [ disabled wake-up ].
01-28 23:32:29.289   429   429 D MediaAnalyticsService: MediaAnalyticsService created
01-28 23:32:29.289   410   410 E SensorHAL: sizeof(sampl_freq_avl) = 8, 4
01-28 23:32:29.289   429   429 D MediaAnalyticsService: MediaAnalyticsService::newSummarizerSet
01-28 23:32:29.294   410   410 D SensorHAL: lsm6db0_game_quat_wk: Sampling frequency available [ 5 15 50 100 ].
01-28 23:32:29.295   410   410 D SensorHAL: lsm6db0_game_quat_wk: Batch mode available [ disabled wake-up ].
01-28 23:32:29.295   410   410 E SensorHAL: sizeof(sampl_freq_avl) = 8, 4
01-28 23:32:29.300   410   410 D SensorHAL: lsm6db0_step_d_wk: Batch mode available [ disabled wake-up ].
01-28 23:32:29.305   410   410 D SensorHAL: lsm6db0_euler_wk: Sampling frequency available [ 5 15 50 100 ].
01-28 23:32:29.305   410   410 D SensorHAL: lsm6db0_euler_wk: Batch mode available [ disabled wake-up ].
01-28 23:32:29.305   410   410 E SensorHAL: sizeof(sampl_freq_avl) = 8, 4
01-28 23:32:29.307   417   417 I Adreno  : QUALCOMM build                   : 7142022, Ib5823dd10c
01-28 23:32:29.307   417   417 I Adreno  : Build Date                       : 06/23/17
01-28 23:32:29.307   417   417 I Adreno  : OpenGL ES Shader Compiler Version: EV031.18.00.00
01-28 23:32:29.307   417   417 I Adreno  : Local Branch                     : O11A
01-28 23:32:29.307   417   417 I Adreno  : Remote Branch                    : 
01-28 23:32:29.307   417   417 I Adreno  : Remote Branch                    : 
01-28 23:32:29.307   417   417 I Adreno  : Reconstruct Branch               : 
01-28 23:32:29.307   417   417 I vndksupport: sphal namespace is not configured for this process. Loading /vendor/lib64/hw/gralloc.msm8992.so from the current namespace instead.
01-28 23:32:29.310   410   410 D SensorHAL: lsm6db0_linear_wk: Sampling frequency available [ 5 15 50 100 ].
01-28 23:32:29.310   410   410 D SensorHAL: lsm6db0_linear_wk: Batch mode available [ disabled wake-up ].
01-28 23:32:29.310   410   410 E SensorHAL: sizeof(sampl_freq_avl) = 8, 4
01-28 23:32:29.319   410   410 D SensorHAL: lsm6db0_gravity_wk: Sampling frequency available [ 5 15 50 100 ].
01-28 23:32:29.319   410   410 D SensorHAL: lsm6db0_gravity_wk: Batch mode available [ disabled wake-up ].
01-28 23:32:29.319   410   410 E SensorHAL: sizeof(sampl_freq_avl) = 8, 4
01-28 23:32:29.324   410   410 D SensorHAL: lsm6db0_step_c_wk: Batch mode available [ disabled wake-up ].
01-28 23:32:29.324   410   410 E SensorHAL: sizeof(sampl_freq_avl) = 8, 4
01-28 23:32:29.328   410   410 D SensorHAL: lsm6db0_geo_quat_wk: Sampling frequency available [ 5 15 50 100 ].
01-28 23:32:29.328   410   410 D SensorHAL: lsm6db0_geo_quat_wk: Batch mode available [ disabled wake-up ].
01-28 23:32:29.329   410   410 E SensorHAL: sizeof(sampl_freq_avl) = 8, 4
01-28 23:32:29.341     0     0 I msm_thermal: freq_mitigation_notify Mitigating CPU5 frequency to 768000
01-28 23:32:29.345   410   410 D SensorHAL: als: Sampling frequency available [ 170 ].
01-28 23:32:29.345   410   410 D SensorHAL: als: No scale file available, will be used default fullscale.
01-28 23:32:29.345   410   410 E SensorHAL: sizeof(sampl_freq_avl) = 8, 4
01-28 23:32:29.362   405   405 D QSEECOMAPI: : Loaded image: APP id = 3
01-28 23:32:29.363   437   437 D QSEECOMAPI: : App is already loaded QSEE and app id = 3
01-28 23:32:29.365     0     0 W QSEECOM : qseecom_load_app: App with id 3 (kmota) now loaded
01-28 23:32:29.365   410   410 D SensorHAL: distance: Sampling frequency available [ 100 ].
01-28 23:32:29.370     0     0 E devfreq qcom,kgsl-busmon.18: Couldn't update frequency transition information.
01-28 23:32:29.366   410   410 D SensorHAL: distance: No scale file available, will be used default fullscale.
01-28 23:32:29.366   410   410 E SensorHAL: sizeof(sampl_freq_avl) = 8, 4
01-28 23:32:29.378   410   500 D SensorHAL: lsm6db0_game_quat: Thread started.
01-28 23:32:29.378   410   499 D SensorHAL: lsm6db0_quat: Thread started.
01-28 23:32:29.379   410   518 D SensorHAL: lsm6db0_linear_wk: Thread started.
01-28 23:32:29.379   410   519 D SensorHAL: lsm6db0_gravity_wk: Thread started.
01-28 23:32:29.379   410   520 D SensorHAL: lsm6db0_step_c_wk: Thread started.
01-28 23:32:29.379   410   521 D SensorHAL: lsm6db0_geo_quat_wk: Thread started.
01-28 23:32:29.379   410   522 D SensorHAL: als: Thread started.
01-28 23:32:29.384   410   516 D SensorHAL: lsm6db0_step_d_wk: Thread started.
01-28 23:32:29.384   410   515 D SensorHAL: lsm6db0_game_quat_wk: Thread started.
01-28 23:32:29.384   410   510 D SensorHAL: lsm6db0_magn_wk: Thread started.
01-28 23:32:29.384   410   513 D SensorHAL: lsm6db0_gyro_u_wk: Thread started.
01-28 23:32:29.384   410   523 D SensorHAL: distance: Thread started.
01-28 23:32:29.384   410   514 D SensorHAL: lsm6db0_quat_wk: Thread started.
01-28 23:32:29.384   410   511 D SensorHAL: lsm6db0_magn_u_wk: Thread started.
01-28 23:32:29.384   410   512 D SensorHAL: lsm6db0_gyro_wk: Thread started.
01-28 23:32:29.384   410   517 D SensorHAL: lsm6db0_euler_wk: Thread started.
01-28 23:32:29.385   437   437 I gatekeeperd: cold boot: clearing state
01-28 23:32:29.385   410   506 D SensorHAL: lsm6db0_geo_quat: Thread started.
01-28 23:32:29.386   410   498 D SensorHAL: lsm6db0_sign_motion: Thread started.
01-28 23:32:29.386   410   508 D SensorHAL: lsm6db0_tilt: Thread started.
01-28 23:32:29.387   410   507 D SensorHAL: lsm6db0_activity: Thread started.
01-28 23:32:29.387   410   502 D SensorHAL: lsm6db0_euler: Thread started.
01-28 23:32:29.387   410   496 D SensorHAL: lsm6db0_gyro: Thread started.
01-28 23:32:29.387   410   495 D SensorHAL: lsm6db0_magn_u: Thread started.
01-28 23:32:29.387   410   505 D SensorHAL: lsm6db0_step_c: Thread started.
01-28 23:32:29.387   410   503 D SensorHAL: lsm6db0_linear: Thread started.
01-28 23:32:29.387   410   497 D SensorHAL: lsm6db0_gyro_u: Thread started.
01-28 23:32:29.387   410   509 D SensorHAL: lsm6db0_accel_wk: Thread started.
01-28 23:32:29.387   410   494 D SensorHAL: lsm6db0_magn: Thread started.
01-28 23:32:29.387   410   504 D SensorHAL: lsm6db0_gravity: Thread started.
01-28 23:32:29.394   410   493 D SensorHAL: lsm6db0_accel: Thread started.
01-28 23:32:29.396   410   501 D SensorHAL: lsm6db0_step_d: Thread started.
01-28 23:32:29.402   417   417 I Adreno  : PFP: 0x00000000, ME: 0x00000000
01-28 23:32:29.402   407   407 E qdutils : setIdleTimeout:Unable to open /sys/devices/virtual/graphics/fb0/idle_time node Permission denied
01-28 23:32:29.403   407   407 E qdhwcomposer: FATAL ERROR: copybit hw module not found
01-28 23:32:29.404   407   407 I qdhwcomposer: Successfully Loaded perf hint API's
01-28 23:32:29.405   407   407 I qdhwcomposer: PerfHintWindow = 50
01-28 23:32:29.407   405   405 I ServiceManagement: Removing namespace from process name android.hardware.gatekeeper@1.0-service to gatekeeper@1.0-.
01-28 23:32:29.409   405   405 I android.hardware.gatekeeper@1.0-service: Registration complete for android.hardware.gatekeeper@1.0::IGatekeeper/default.
01-28 23:32:29.411   338   338 E SELinux : avc:  denied  { add } for service=display.qservice pid=407 uid=1000 scontext=u:r:hal_graphics_composer_default:s0 tcontext=u:object_r:default_android_vndservice:s0 tclass=service_manager
01-28 23:32:29.411   338   338 I auditd  : avc:  denied  { add } for service=display.qservice pid=407 uid=1000 scontext=u:r:hal_graphics_composer_default:s0 tcontext=u:object_r:default_android_vndservice:s0 tclass=service_manager
01-28 23:32:29.418   338   338 E SELinux : avc:  denied  { find } for service=display.qservice pid=407 uid=1000 scontext=u:r:hal_graphics_composer_default:s0 tcontext=u:object_r:default_android_vndservice:s0 tclass=service_manager
01-28 23:32:29.419   338   338 I auditd  : avc:  denied  { find } for service=display.qservice pid=407 uid=1000 scontext=u:r:hal_graphics_composer_default:s0 tcontext=u:object_r:default_android_vndservice:s0 tclass=service_manager
01-28 23:32:29.419   417   417 I SurfaceFlinger: EGL information:
01-28 23:32:29.419   407   407 W qdhwcomposer: Unable to load libmm-qdcm
01-28 23:32:29.420   417   417 I SurfaceFlinger: vendor    : Android
01-28 23:32:29.420   407   407 I qdhwcomposer: Initializing Qualcomm Hardware Composer
01-28 23:32:29.420   417   417 I SurfaceFlinger: version   : 1.4 Android META-EGL
01-28 23:32:29.420   407   407 I qdhwcomposer: MDP version: 500
01-28 23:32:29.420   417   417 I SurfaceFlinger: extensions: EGL_KHR_get_all_proc_addresses EGL_ANDROID_presentation_time EGL_KHR_swap_buffers_with_damage EGL_ANDROID_get_native_client_buffer EGL_ANDROID_front_buffer_auto_refresh EGL_ANDROID_get_frame_timestamps EGL_KHR_image EGL_KHR_image_base EGL_KHR_lock_surface EGL_KHR_gl_colorspace EGL_KHR_gl_texture_2D_image EGL_KHR_gl_texture_3D_image EGL_KHR_gl_texture_cubemap_image EGL_KHR_gl_renderbuffer_image EGL_KHR_reusable_sync EGL_KHR_fence_sync EGL_KHR_create_context EGL_KHR_surfaceless_context EGL_EXT_create_context_robustness EGL_ANDROID_image_native_buffer EGL_KHR_wait_sync EGL_ANDROID_recordable EGL_KHR_partial_update EGL_EXT_pixel_format_float EGL_KHR_create_context_no_error EGL_KHR_mutable_render_buffer EGL_EXT_yuv_surface EGL_IMG_context_priority EGL_KHR_no_config_context 
01-28 23:32:29.420   407   407 I HwcPassthrough: Found HWC implementation v1.5
01-28 23:32:29.420   417   417 I SurfaceFlinger: Client API: OpenGL_ES
01-28 23:32:29.420   417   417 I SurfaceFlinger: EGLSurface: 8-8-8-8, config=0x72a958c6c0
01-28 23:32:29.420   407   407 I HWC2On1Adapter: Found support for HWC virtual displays
01-28 23:32:29.420   407   407 D qdhwcomposer: hwc_getDisplayAttributes disp = 0, width = 1080
01-28 23:32:29.420   407   407 D qdhwcomposer: hwc_getDisplayAttributes disp = 0, height = 1920
01-28 23:32:29.420   407   407 E HWC2On1Adapter: Setting active config to 0 for HWC1 config 0
01-28 23:32:29.420   407   407 I qdhwcomposer: hwc_registerProcs
01-28 23:32:29.420   407   407 I qdhwcomposer: Initializing UEVENT Thread
01-28 23:32:29.420   407   407 I qdhwcomposer: Initializing VSYNC Thread
01-28 23:32:29.423   407   407 I ServiceManagement: Removing namespace from process name android.hardware.graphics.composer@2.1-service to composer@2.1-se.
01-28 23:32:29.427   417   417 I /system/bin/surfaceflinger: android::hardware::configstore::V1_0::ISurfaceFlingerConfigs::hasWideColorDisplay retrieved: 0
01-28 23:32:29.427   417   417 I SurfaceFlinger: OpenGL ES informations:
01-28 23:32:29.427   417   417 I SurfaceFlinger: vendor    : Qualcomm
01-28 23:32:29.427   417   417 I SurfaceFlinger: renderer  : Adreno (TM) 418
01-28 23:32:29.427   417   417 I SurfaceFlinger: version   : OpenGL ES 3.2 V@225.0 (GIT@7142022, Ib5823dd10c) (Date:06/23/17)
01-28 23:32:29.427   417   417 I SurfaceFlinger: extensions: GL_OES_EGL_image GL_OES_EGL_image_external GL_OES_EGL_sync GL_OES_vertex_half_float GL_OES_framebuffer_object GL_OES_rgb8_rgba8 GL_OES_compressed_ETC1_RGB8_texture GL_AMD_compressed_ATC_texture GL_KHR_texture_compression_astc_ldr GL_OES_texture_npot GL_EXT_texture_filter_anisotropic GL_EXT_texture_format_BGRA8888 GL_OES_texture_3D GL_EXT_color_buffer_float GL_EXT_color_buffer_half_float GL_QCOM_alpha_test GL_OES_depth24 GL_OES_packed_depth_stencil GL_OES_depth_texture GL_OES_depth_texture_cube_map GL_EXT_sRGB GL_OES_texture_float GL_OES_texture_float_linear GL_OES_texture_half_float GL_OES_texture_half_float_linear GL_EXT_texture_type_2_10_10_10_REV GL_EXT_texture_sRGB_decode GL_OES_element_index_uint GL_EXT_copy_image GL_EXT_geometry_shader GL_EXT_tessellation_shader GL_OES_texture_stencil8 GL_EXT_shader_io_blocks GL_OES_shader_image_atomic GL_OES_sample_variables GL_EXT_texture_border_clamp GL_EXT_multisampled_render_to_texture GL_EXT_multisampled_render_to_texture2 GL_OES_shader_multisample_in
01-28 23:32:29.427   417   417 I SurfaceFlinger: GL_MAX_TEXTURE_SIZE = 16384
01-28 23:32:29.427   417   417 I SurfaceFlinger: GL_MAX_VIEWPORT_DIMS = 16384
01-28 23:32:29.429   407   531 I qdhwcomposer: vsync_loop: Reading event 0 for dpy 0 from /sys/class/graphics/fb0/vsync_event
01-28 23:32:29.429   407   531 I qdhwcomposer: vsync_loop: Reading event 1 for dpy 0 from /sys/class/graphics/fb0/show_blank_event
01-28 23:32:29.429   407   531 I qdhwcomposer: vsync_loop: Reading event 2 for dpy 0 from /sys/class/graphics/fb0/msm_fb_thermal_level
01-28 23:32:29.429   407   531 I qdhwcomposer: vsync_loop: Reading event 0 for dpy 1 from /sys/class/graphics/fb-1/vsync_event
01-28 23:32:29.429   407   531 I qdhwcomposer: vsync_loop: Reading event 1 for dpy 1 from /sys/class/graphics/fb-1/show_blank_event
01-28 23:32:29.429   407   531 I qdhwcomposer: vsync_loop: Reading event 2 for dpy 1 from /sys/class/graphics/fb-1/msm_fb_thermal_level
01-28 23:32:29.431   407   407 I android.hardware.graphics.composer@2.1-service: Registration complete for android.hardware.graphics.composer@2.1::IComposer/default.
01-28 23:32:29.432   337   337 W /system/bin/hwservicemanager: getTransportFromManifest: Cannot find entry android.hardware.graphics.composer@2.1::IComposer in either framework or device manifest, using default transport.
01-28 23:32:29.435   337   337 W /system/bin/hwservicemanager: getTransportFromManifest: Cannot find entry android.hardware.graphics.mapper@2.0::IMapper in either framework or device manifest, using default transport.
01-28 23:32:29.439   407   407 I vndksupport: sphal namespace is not configured for this process. Loading /vendor/lib64/hw/gralloc.msm8992.so from the current namespace instead.
01-28 23:32:29.356   432   432 I storaged_emmc_info: [emmc 5.0,1,1,0]
01-28 23:32:29.445   337   337 W /system/bin/hwservicemanager: getTransportFromManifest: Cannot find entry android.hardware.graphics.mapper@2.0::IMapper in either framework or device manifest, using default transport.
01-28 23:32:29.448   417   417 I vndksupport: sphal namespace is not configured for this process. Loading /vendor/lib64/hw/gralloc.msm8992.so from the current namespace instead.
01-28 23:32:29.453   406   406 I qdutils : PartialUpdate status: Disabled
01-28 23:32:29.454   406   406 I qdutils : Left Align: 0
01-28 23:32:29.454   406   406 I qdutils : Width Align: 0
01-28 23:32:29.454   406   406 I qdutils : Top Align: 0
01-28 23:32:29.454   406   406 I qdutils : Height Align: 0
01-28 23:32:29.454   406   406 I qdutils : Min ROI Width: 0
01-28 23:32:29.454   406   406 I qdutils : Min ROI Height: 0
01-28 23:32:29.454   406   406 I qdutils : Needs ROI Merge: 0
01-28 23:32:29.454   406   406 I qdutils : Dynamic Fps: Enabled
01-28 23:32:29.454   406   406 I qdutils : Min Panel fps: 55
01-28 23:32:29.454   406   406 I qdutils : Max Panel fps: 60
01-28 23:32:29.469   417   417 D SurfaceFlinger: Set active color mode: HAL_COLOR_MODE_NATIVE (0), type=0
01-28 23:32:29.470   407   534 E HWC2On1Adapter: [1] Mode 0 not found in mColorModes
01-28 23:32:29.470   417   417 E HWComposer: setActiveConfig: Failed to set color mode 0 on display 0: Unsupported (8)
01-28 23:32:29.473   432   537 I /system/bin/storaged: storaged: Start
01-28 23:32:29.501   410   410 I ServiceManagement: Removing namespace from process name android.hardware.sensors@1.0-service to sensors@1.0-ser.
01-28 23:32:29.502   410   410 I android.hardware.sensors@1.0-service: Registration complete for android.hardware.sensors@1.0::ISensors/default.
01-28 23:32:29.504   435   435 I /vendor/bin/hw/android.hardware.media.omx@1.0-service: mediacodecservice starting
01-28 23:32:29.507   435   435 W /vendor/bin/hw/android.hardware.media.omx@1.0-service: Could not read additional policy file '/vendor/etc/seccomp_policy/mediacodec.policy'
01-28 23:32:29.507   435   435 W /vendor/bin/hw/android.hardware.media.omx@1.0-service: libminijail[435]: allowing syscall: clock_gettime
01-28 23:32:29.507   435   435 W /vendor/bin/hw/android.hardware.media.omx@1.0-service: libminijail[435]: allowing syscall: connect
01-28 23:32:29.507   435   435 W /vendor/bin/hw/android.hardware.media.omx@1.0-service: libminijail[435]: allowing syscall: fcntl64
01-28 23:32:29.507   435   435 W /vendor/bin/hw/android.hardware.media.omx@1.0-service: libminijail[435]: allowing syscall: socket
01-28 23:32:29.507   435   435 W /vendor/bin/hw/android.hardware.media.omx@1.0-service: libminijail[435]: allowing syscall: writev
01-28 23:32:29.508   435   435 W /vendor/bin/hw/android.hardware.media.omx@1.0-service: libminijail[435]: logging seccomp filter failures
01-28 23:32:29.511   435   435 I /vendor/bin/hw/android.hardware.media.omx@1.0-service: Non-Treble OMX service created.
01-28 23:32:29.523     0     0 I msm_thermal: freq_mitigation_notify Removing frequency mitigation for CPU5
01-28 23:32:29.532   428   428 V MediaUtils: physMem: 2903801856
01-28 23:32:29.532   428   428 V MediaUtils: requested limit: 580760360
01-28 23:32:29.532   428   428 V MediaUtils: actual limit: 580760360
01-28 23:32:29.532   428   428 V MediaUtils: original limits: -1/-1
01-28 23:32:29.532   428   428 V MediaUtils: new limits: 580760360/-1
01-28 23:32:29.532   428   428 I vndksupport: sphal namespace is not configured for this process. Loading libutils.so from the current namespace instead.
01-28 23:32:29.535   436   436 I libmdmdetect: ESOC framework not supported
01-28 23:32:29.536   436   436 I libmdmdetect: Found internal modem: modem
01-28 23:32:29.539   428   428 W /system/bin/mediaextractor: Could not read additional policy file '/vendor/etc/seccomp_policy/mediaextractor.policy'
01-28 23:32:29.539   428   428 W /system/bin/mediaextractor: libminijail[428]: allowing syscall: connect
01-28 23:32:29.539   428   428 W /system/bin/mediaextractor: libminijail[428]: allowing syscall: fcntl
01-28 23:32:29.539   428   428 W /system/bin/mediaextractor: libminijail[428]: allowing syscall: sendto
01-28 23:32:29.539   428   428 W /system/bin/mediaextractor: libminijail[428]: allowing syscall: socket
