01-28 23:32:28.356     0     0 I ueventd : firmware: loading 'adsp.b10' for '/devices/soc.0/fe200000.qcom,lpass/firmware/adsp.b10'
01-28 23:32:28.359   375   375 I auditd  : type=1400 audit(0.0:22): avc: granted { getattr } for comm="iptables" path="/vendor" dev="rootfs" ino=10148 scontext=u:r:netd:s0 tcontext=u:object_r:rootfs:s0 tclass=lnk_file
01-28 23:32:28.359   375   375 W iptables: type=1400 audit(0.0:22): avc: granted { getattr } for path="/vendor" dev="rootfs" ino=10148 scontext=u:r:netd:s0 tcontext=u:object_r:rootfs:s0 tclass=lnk_file
01-28 23:32:28.359     0     0 I ueventd : loading /devices/soc.0/fe200000.qcom,lpass/firmware/adsp.b10 took 0.00297984 seconds
01-28 23:32:28.360     0     0 I ueventd : firmware: loading 'adsp.b11' for '/devices/soc.0/fe200000.qcom,lpass/firmware/adsp.b11'
01-28 23:32:28.369     0     0 I ueventd : loading /devices/soc.0/fe200000.qcom,lpass/firmware/adsp.b11 took 0.00916099 seconds
01-28 23:32:28.370     0     0 I ueventd : firmware: loading 'adsp.b12' for '/devices/soc.0/fe200000.qcom,lpass/firmware/adsp.b12'
01-28 23:32:28.371     0     0 I ueventd : loading /devices/soc.0/fe200000.qcom,lpass/firmware/adsp.b12 took 0.00110104 seconds
01-28 23:32:28.373     0     0 I ueventd : firmware: loading 'adsp.b13' for '/devices/soc.0/fe200000.qcom,lpass/firmware/adsp.b13'
01-28 23:32:28.375   380   380 I auditd  : type=1400 audit(0.0:23): avc: granted { getattr } for comm="ip6tables" path="/vendor" dev="rootfs" ino=10148 scontext=u:r:netd:s0 tcontext=u:object_r:rootfs:s0 tclass=lnk_file
01-28 23:32:28.375   380   380 W ip6tables: type=1400 audit(0.0:23): avc: granted { getattr } for path="/vendor" dev="rootfs" ino=10148 scontext=u:r:netd:s0 tcontext=u:object_r:rootfs:s0 tclass=lnk_file
01-28 23:32:28.376     0     0 I ueventd : loading /devices/soc.0/fe200000.qcom,lpass/firmware/adsp.b13 took 0.00357323 seconds
01-28 23:32:28.378     0     0 I ueventd : firmware: loading 'adsp.b14' for '/devices/soc.0/fe200000.qcom,lpass/firmware/adsp.b14'
01-28 23:32:28.379     0     0 I ueventd : loading /devices/soc.0/fe200000.qcom,lpass/firmware/adsp.b14 took 0.00192526 seconds
01-28 23:32:28.380     0     0 I ueventd : firmware: loading 'adsp.b15' for '/devices/soc.0/fe200000.qcom,lpass/firmware/adsp.b15'
01-28 23:32:28.383     0     0 I ueventd : loading /devices/soc.0/fe200000.qcom,lpass/firmware/adsp.b15 took 0.00224693 seconds
01-28 23:32:28.387   381   381 I auditd  : type=1400 audit(0.0:24): avc: granted { getattr } for comm="iptables" path="/vendor" dev="rootfs" ino=10148 scontext=u:r:netd:s0 tcontext=u:object_r:rootfs:s0 tclass=lnk_file
01-28 23:32:28.387   381   381 W iptables: type=1400 audit(0.0:24): avc: granted { getattr } for path="/vendor" dev="rootfs" ino=10148 scontext=u:r:netd:s0 tcontext=u:object_r:rootfs:s0 tclass=lnk_file
01-28 23:32:28.403   382   382 I auditd  : type=1400 audit(0.0:25): avc: granted { getattr } for comm="ip6tables" path="/vendor" dev="rootfs" ino=10148 scontext=u:r:netd:s0 tcontext=u:object_r:rootfs:s0 tclass=lnk_file
01-28 23:32:28.403   382   382 W ip6tables: type=1400 audit(0.0:25): avc: granted { getattr } for path="/vendor" dev="rootfs" ino=10148 scontext=u:r:netd:s0 tcontext=u:object_r:rootfs:s0 tclass=lnk_file
01-28 23:32:28.419   383   383 I auditd  : type=1400 audit(0.0:26): avc: granted { getattr } for comm="iptables" path="/vendor" dev="rootfs" ino=10148 scontext=u:r:netd:s0 tcontext=u:object_r:rootfs:s0 tclass=lnk_file
01-28 23:32:28.419   383   383 W iptables: type=1400 audit(0.0:26): avc: granted { getattr } for path="/vendor" dev="rootfs" ino=10148 scontext=u:r:netd:s0 tcontext=u:object_r:rootfs:s0 tclass=lnk_file
01-28 23:32:28.435   384   384 I auditd  : type=1400 audit(0.0:27): avc: granted { getattr } for comm="ip6tables" path="/vendor" dev="rootfs" ino=10148 scontext=u:r:netd:s0 tcontext=u:object_r:rootfs:s0 tclass=lnk_file
01-28 23:32:28.435   384   384 W ip6tables: type=1400 audit(0.0:27): avc: granted { getattr } for path="/vendor" dev="rootfs" ino=10148 scontext=u:r:netd:s0 tcontext=u:object_r:rootfs:s0 tclass=lnk_file
01-28 23:32:28.447   385   385 I auditd  : type=1400 audit(0.0:28): avc: granted { getattr } for comm="iptables" path="/vendor" dev="rootfs" ino=10148 scontext=u:r:netd:s0 tcontext=u:object_r:rootfs:s0 tclass=lnk_file
01-28 23:32:28.447   385   385 W iptables: type=1400 audit(0.0:28): avc: granted { getattr } for path="/vendor" dev="rootfs" ino=10148 scontext=u:r:netd:s0 tcontext=u:object_r:rootfs:s0 tclass=lnk_file
01-28 23:32:28.463   386   386 I auditd  : type=1400 audit(0.0:29): avc: granted { getattr } for comm="ip6tables" path="/vendor" dev="rootfs" ino=10148 scontext=u:r:netd:s0 tcontext=u:object_r:rootfs:s0 tclass=lnk_file
01-28 23:32:28.463   386   386 W ip6tables: type=1400 audit(0.0:29): avc: granted { getattr } for path="/vendor" dev="rootfs" ino=10148 scontext=u:r:netd:s0 tcontext=u:object_r:rootfs:s0 tclass=lnk_file
01-28 23:32:28.480   354   354 I Netd    : Creating child chains: 223.9ms
01-28 23:32:28.480   354   354 I Netd    : Setting up OEM hooks: 0.2ms
01-28 23:32:28.485   354   354 I Netd    : Setting up FirewallController hooks: 5.2ms
01-28 23:32:28.486     0     0 I subsys-pil-tz fe200000.qcom,lpass: adsp: Brought out of reset
01-28 23:32:28.488   354   354 I Netd    : Setting up NatController hooks: 2.9ms
01-28 23:32:28.490   354   354 I Netd    : Setting up BandwidthController hooks: 2.5ms
01-28 23:32:28.490   354   354 I Netd    : Setting up IdletimerController hooks: 0.1ms
01-28 23:32:28.496   354   354 I Netd    : Disabling bandwidth control: 5.7ms
01-28 23:32:28.499   354   354 I Netd    : Initializing RouteController: 2.6ms
01-28 23:32:28.500   354   354 D MDnsDS  : MDnsSdListener::Hander starting up
01-28 23:32:28.500   354   392 D MDnsDS  : MDnsSdListener starting to monitor
01-28 23:32:28.500   354   392 D MDnsDS  : Going to poll with pollCount 1
01-28 23:32:28.503   354   354 I Netd    : Registering NetdNativeService: 1.9ms
01-28 23:32:28.503   354   354 I Netd    : Starting CommandListener: 0.5ms
01-28 23:32:28.503   354   354 I Netd    : Netd started in 249ms
01-28 23:32:28.527     0     0 I subsys-pil-tz fe200000.qcom,lpass: adsp: Power/Clock ready interrupt received
01-28 23:32:28.527     0     0 I subsys-pil-tz fe200000.qcom,lpass: Subsystem error monitoring/handling services are up
01-28 23:32:28.527     0     0 I init    : Command 'write /sys/kernel/boot_adsp/boot 1' action=early-boot (/init.qcom.rc:47) returned 0 took 311.096ms.
01-28 23:32:28.527     0     0 E L-Notify: Generel: 7
01-28 23:32:28.527     0     0 I init    : Service 'logd-reinit' (pid 357) exited with status 0
01-28 23:32:28.531     0     0 I msm8994-asoc-snd fe034000.sound: msm8994_asoc_machine_probe: No hdmi audio support
01-28 23:32:28.531     0     0 E msm8994-asoc-snd fe034000.sound: ASoC: CODEC tomtom_codec not registered
01-28 23:32:28.531     0     0 I platform fe034000.sound: Driver msm8994-asoc-snd requests probe deferral
01-28 23:32:28.533     0     0 I msm8994-asoc-snd fe034000.sound: msm8994_asoc_machine_probe: No hdmi audio support
01-28 23:32:28.533     0     0 E msm8994-asoc-snd fe034000.sound: ASoC: CODEC tomtom_codec not registered
01-28 23:32:28.534     0     0 I platform fe034000.sound: Driver msm8994-asoc-snd requests probe deferral
01-28 23:32:28.534     0     0 I init    : processing action (boot)
01-28 23:32:28.538     0     0 I init    : computing context for service 'hidl_memory'
01-28 23:32:28.538     0     0 I init    : starting service 'hidl_memory'...
01-28 23:32:28.539     0     0 I init    : computing context for service 'audio-hal-2-0'
01-28 23:32:28.539     0     0 I init    : starting service 'audio-hal-2-0'...
01-28 23:32:28.540     0     0 I init    : computing context for service 'configstore-hal-1-0'
01-28 23:32:28.540     0     0 I init    : starting service 'configstore-hal-1-0'...
01-28 23:32:28.541     0     0 I init    : computing context for service 'drm-hal-1-0'
01-28 23:32:28.541     0     0 I init    : starting service 'drm-hal-1-0'...
01-28 23:32:28.542     0     0 I init    : computing context for service 'gatekeeper-1-0'
01-28 23:32:28.542     0     0 I init    : starting service 'gatekeeper-1-0'...
01-28 23:32:28.543     0     0 I init    : computing context for service 'gralloc-2-0'
01-28 23:32:28.543     0     0 I init    : starting service 'gralloc-2-0'...
01-28 23:32:28.544     0     0 I init    : computing context for service 'hwcomposer-2-1'
01-28 23:32:28.544     0     0 I init    : starting service 'hwcomposer-2-1'...
01-28 23:32:28.545     0     0 I init    : computing context for service 'health-hal-1-0'
01-28 23:32:28.545     0     0 I init    : starting service 'health-hal-1-0'...
01-28 23:32:28.546     0     0 I init    : computing context for service 'ir-hal-1-0'
01-28 23:32:28.546     0     0 E init    : service ir-hal-1-0 does not have a SELinux domain defined
01-28 23:32:28.546     0     0 I init    : computing context for service 'light-hal-2-0'
01-28 23:32:28.546     0     0 E init    : service light-hal-2-0 does not have a SELinux domain defined
01-28 23:32:28.547     0     0 I init    : computing context for service 'memtrack-hal-1-0'
01-28 23:32:28.547     0     0 I init    : starting service 'memtrack-hal-1-0'...
01-28 23:32:28.550     0     0 I init    : computing context for service 'sensors-hal-1-0'
01-28 23:32:28.551     0     0 I init    : starting service 'sensors-hal-1-0'...
01-28 23:32:28.552     0     0 I init    : computing context for service 'thermal-hal-1-0'
01-28 23:32:28.552     0     0 I init    : starting service 'thermal-hal-1-0'...
01-28 23:32:28.553     0     0 I init    : computing context for service 'usb-hal-1-0'
01-28 23:32:28.553     0     0 I init    : starting service 'usb-hal-1-0'...
01-28 23:32:28.553     0     0 I apr_tal : Q6 Is Up
01-28 23:32:28.554     0     0 I init    : computing context for service 'vibrator-1-0'
01-28 23:32:28.554     0     0 I init    : starting service 'vibrator-1-0'...
01-28 23:32:28.556     0     0 I init    : computing context for service 'wifi_hal_legacy'
01-28 23:32:28.556     0     0 I msm8994-asoc-snd fe034000.sound: msm8994_asoc_machine_probe: No hdmi audio support
01-28 23:32:28.556     0     0 I init    : starting service 'wifi_hal_legacy'...
01-28 23:32:28.556     0     0 E msm8994-asoc-snd fe034000.sound: ASoC: CODEC tomtom_codec not registered
01-28 23:32:28.556     0     0 I platform fe034000.sound: Driver msm8994-asoc-snd requests probe deferral
01-28 23:32:28.557     0     0 I init    : computing context for service 'healthd'
01-28 23:32:28.557     0     0 I init    : starting service 'healthd'...
01-28 23:32:28.559     0     0 I init    : computing context for service 'rmt_storage'
01-28 23:32:28.559     0     0 E init    : service rmt_storage does not have a SELinux domain defined
01-28 23:32:28.559     0     0 I init    : computing context for service 'rfs_access'
01-28 23:32:28.560     0     0 E init    : service rfs_access does not have a SELinux domain defined
01-28 23:32:28.560     0     0 I init    : computing context for service 'tftp_server'
01-28 23:32:28.560     0     0 E init    : service tftp_server does not have a SELinux domain defined
01-28 23:32:28.560     0     0 I init    : computing context for service 'config_bt_addr'
01-28 23:32:28.560     0     0 E init    : service config_bt_addr does not have a SELinux domain defined
01-28 23:32:28.560     0     0 I init    : computing context for service 'qcom-usb-sh'
01-28 23:32:28.560     0     0 E init    : service qcom-usb-sh does not have a SELinux domain defined
01-28 23:32:28.560     0     0 I init    : computing context for service 'qseecomd'
01-28 23:32:28.560     0     0 E init    : service qseecomd does not have a SELinux domain defined
01-28 23:32:28.560     0     0 I init    : computing context for service 'per_mgr'
01-28 23:32:28.561     0     0 E init    : service per_mgr does not have a SELinux domain defined
01-28 23:32:28.561     0     0 I init    : computing context for service 'readmac'
01-28 23:32:28.561     0     0 E init    : service readmac does not have a SELinux domain defined
01-28 23:32:28.561     0     0 I init    : computing context for service 'lmkd'
01-28 23:32:28.561     0     0 I init    : starting service 'lmkd'...
01-28 23:32:28.564     0     0 I init    : computing context for service 'surfaceflinger'
01-28 23:32:28.564     0     0 I init    : starting service 'surfaceflinger'...
01-28 23:32:28.568     0     0 E init    : write_file: Unable to open '/proc/sys/net/ipv6/conf/rmnet0/accept_ra': No such file or directory
01-28 23:32:28.568     0     0 E init    : write_file: Unable to open '/proc/sys/net/ipv6/conf/rmnet1/accept_ra': No such file or directory
01-28 23:32:28.569     0     0 E init    : write_file: Unable to open '/proc/sys/net/ipv6/conf/rmnet2/accept_ra': No such file or directory
01-28 23:32:28.569     0     0 E init    : write_file: Unable to open '/proc/sys/net/ipv6/conf/rmnet3/accept_ra': No such file or directory
01-28 23:32:28.569     0     0 E init    : write_file: Unable to open '/proc/sys/net/ipv6/conf/rmnet4/accept_ra': No such file or directory
01-28 23:32:28.569     0     0 E init    : write_file: Unable to open '/proc/sys/net/ipv6/conf/rmnet5/accept_ra': No such file or directory
01-28 23:32:28.569     0     0 E init    : write_file: Unable to open '/proc/sys/net/ipv6/conf/rmnet6/accept_ra': No such file or directory
01-28 23:32:28.569     0     0 E init    : write_file: Unable to open '/proc/sys/net/ipv6/conf/rmnet7/accept_ra': No such file or directory
01-28 23:32:28.569     0     0 E init    : write_file: Unable to open '/proc/sys/net/ipv6/conf/rmnet_sdio0/accept_ra': No such file or directory
01-28 23:32:28.569     0     0 E init    : write_file: Unable to open '/proc/sys/net/ipv6/conf/rmnet_sdio1/accept_ra': No such file or directory
01-28 23:32:28.569     0     0 E init    : write_file: Unable to open '/proc/sys/net/ipv6/conf/rmnet_sdio2/accept_ra': No such file or directory
01-28 23:32:28.569     0     0 E init    : write_file: Unable to open '/proc/sys/net/ipv6/conf/rmnet_sdio3/accept_ra': No such file or directory
01-28 23:32:28.569     0     0 E init    : write_file: Unable to open '/proc/sys/net/ipv6/conf/rmnet_sdio4/accept_ra': No such file or directory
01-28 23:32:28.569     0     0 E init    : write_file: Unable to open '/proc/sys/net/ipv6/conf/rmnet_sdio5/accept_ra': No such file or directory
01-28 23:32:28.569     0     0 E init    : write_file: Unable to open '/proc/sys/net/ipv6/conf/rmnet_sdio6/accept_ra': No such file or directory
01-28 23:32:28.569     0     0 E init    : write_file: Unable to open '/proc/sys/net/ipv6/conf/rmnet_sdio7/accept_ra': No such file or directory
01-28 23:32:28.569     0     0 E init    : write_file: Unable to open '/proc/sys/net/ipv6/conf/rmnet_usb0/accept_ra': No such file or directory
01-28 23:32:28.569     0     0 E init    : write_file: Unable to open '/proc/sys/net/ipv6/conf/rmnet_usb1/accept_ra': No such file or directory
01-28 23:32:28.569     0     0 E init    : write_file: Unable to open '/proc/sys/net/ipv6/conf/rmnet_usb2/accept_ra': No such file or directory
01-28 23:32:28.569     0     0 E init    : write_file: Unable to open '/proc/sys/net/ipv6/conf/rmnet_usb3/accept_ra': No such file or directory
01-28 23:32:28.579     0     0 I init    : Created socket '/dev/socket/lmkd', mode 660, user 1000, group 1000
01-28 23:32:28.588   401   401 I ServiceManagement: Removing namespace from process name android.hidl.allocator@1.0-service to allocator@1.0-s.
01-28 23:32:28.594     0     0 E init    : Failed to bind socket 'pdx/system/vr/display/client': No such file or directory
01-28 23:32:28.594     0     0 E init    : Failed to bind socket 'pdx/system/vr/display/manager': No such file or directory
01-28 23:32:28.594     0     0 E init    : Failed to bind socket 'pdx/system/vr/display/vsync': No such file or directory
01-28 23:32:28.595     0     0 I init    : computing context for service 'rmt_storage'
01-28 23:32:28.595     0     0 E init    : service rmt_storage does not have a SELinux domain defined
01-28 23:32:28.595     0     0 I init    : computing context for service 'rfs_access'
01-28 23:32:28.595     0     0 E init    : service rfs_access does not have a SELinux domain defined
01-28 23:32:28.595     0     0 E init    : write_file: Unable to write to '/dev/cpuset/foreground/cpus': Device or resource busy
01-28 23:32:28.596     0     0 I init    : processing action (persist.sys.usb.config=* && boot)
01-28 23:32:28.597     0     0 I init    : processing action (enable_property_trigger)
01-28 23:32:28.597     0     0 I init    : processing action (security.perf_harden=1)
01-28 23:32:28.597     0     0 I init    : processing action (ro.debuggable=1)
01-28 23:32:28.597     0     0 E init    : service 'console' couldn't open console '/dev/ttyHSL0': No such file or directory
01-28 23:32:28.597     0     0 I init    : processing action (sys.usb.config=adb && sys.usb.configfs=0)
01-28 23:32:28.597     0     0 E enable_store: android_usb: already disabled
01-28 23:32:28.598     0     0 I init    : starting service 'adbd'...
01-28 23:32:28.599     0     0 I init    : processing action (ro.data.large_tcp_window_size=true)
01-28 23:32:28.599     0     0 I init    : processing action (nonencrypted)
01-28 23:32:28.599     0     0 I init    : computing context for service 'cnd'
01-28 23:32:28.599     0     0 E init    : service cnd does not have a SELinux domain defined
01-28 23:32:28.599     0     0 I init    : computing context for service 'irsc_util'
01-28 23:32:28.599     0     0 E init    : service irsc_util does not have a SELinux domain defined
01-28 23:32:28.600     0     0 I init    : computing context for service 'qmuxd'
01-28 23:32:28.600     0     0 E init    : service qmuxd does not have a SELinux domain defined
01-28 23:32:28.600     0     0 I init    : computing context for service 'netmgrd'
01-28 23:32:28.600     0     0 E init    : service netmgrd does not have a SELinux domain defined
01-28 23:32:28.600     0     0 I init    : computing context for service 'ipacm-diag'
01-28 23:32:28.600     0     0 E init    : service ipacm-diag does not have a SELinux domain defined
01-28 23:32:28.600     0     0 E init    : cannot find '/system/bin/ipacm', disabling 'ipacm': No such file or directory
01-28 23:32:28.600     0     0 I init    : computing context for service 'qti'
01-28 23:32:28.600     0     0 E init    : service qti does not have a SELinux domain defined
01-28 23:32:28.600     0     0 I init    : computing context for service 'cnss_diag'
01-28 23:32:28.600     0     0 E init    : service cnss_diag does not have a SELinux domain defined
01-28 23:32:28.600     0     0 I init    : computing context for service 'ril-daemon2'
01-28 23:32:28.600     0     0 I init    : starting service 'ril-daemon2'...
01-28 23:32:28.607     0     0 I init    : Created socket '/dev/socket/adbd', mode 660, user 1000, group 1000
01-28 23:32:28.609   416   416 I lowmemorykiller: Using in-kernel low memory killer interface
01-28 23:32:28.625   403   403 I ServiceManagement: Removing namespace from process name android.hardware.configstore@1.0-service to configstore@1.0.
01-28 23:32:28.629     0     0 I init    : computing context for service 'mmbn-daemon'
01-28 23:32:28.629     0     0 E init    : service mmbn-daemon does not have a SELinux domain defined
01-28 23:32:28.630     0     0 I         : read descriptors
01-28 23:32:28.630     0     0 I         : read descriptors
01-28 23:32:28.630     0     0 I         : read strings
01-28 23:32:28.630     0     0 I init    : computing context for service 'logcat_debug'
01-28 23:32:28.630     0     0 I init    : starting service 'logcat_debug'...
01-28 23:32:28.631     0     0 I init    : computing context for service 'thermal-engine'
01-28 23:32:28.631     0     0 E init    : service thermal-engine does not have a SELinux domain defined
01-28 23:32:28.631     0     0 I init    : computing context for service 'adsprpcd'
01-28 23:32:28.631     0     0 E init    : service adsprpcd does not have a SELinux domain defined
01-28 23:32:28.631     0     0 I init    : computing context for service 'imsqmidaemon'
01-28 23:32:28.631     0     0 E init    : service imsqmidaemon does not have a SELinux domain defined
01-28 23:32:28.631     0     0 I init    : computing context for service 'imscmservice'
01-28 23:32:28.632     0     0 E init    : service imscmservice does not have a SELinux domain defined
01-28 23:32:28.632     0     0 I init    : computing context for service 'energy-awareness'
01-28 23:32:28.632     0     0 E init    : service energy-awareness does not have a SELinux domain defined
01-28 23:32:28.632     0     0 I init    : computing context for service 'audioserver'
01-28 23:32:28.632     0     0 I init    : starting service 'audioserver'...
01-28 23:32:28.633     0     0 I init    : computing context for service 'cameraserver'
01-28 23:32:28.633     0     0 I init    : starting service 'cameraserver'...
01-28 23:32:28.639   337   337 W /system/bin/hwservicemanager: getTransportFromManifest: Cannot find entry android.hardware.gatekeeper@1.0::IGatekeeper in either framework or device manifest, using default transport.
01-28 23:32:28.645     0     0 I init    : computing context for service 'drm'
01-28 23:32:28.645     0     0 I init    : starting service 'drm'...
01-28 23:32:28.646     0     0 I init    : computing context for service 'installd'
01-28 23:32:28.646     0     0 I init    : starting service 'installd'...
01-28 23:32:28.647     0     0 I init    : computing context for service 'keystore'
01-28 23:32:28.648     0     0 I init    : starting service 'keystore'...
01-28 23:32:28.649     0     0 I init    : computing context for service 'mediadrm'
01-28 23:32:28.649     0     0 I init    : starting service 'mediadrm'...
01-28 23:32:28.649     0     0 I msm_thermal: freq_mitigation_notify Mitigating CPU5 frequency to 768000
01-28 23:32:28.655     0     0 I init    : computing context for service 'mediaextractor'
01-28 23:32:28.655     0     0 I init    : starting service 'mediaextractor'...
01-28 23:32:28.656   405   405 I vndksupport: sphal namespace is not configured for this process. Loading /vendor/lib64/hw/gatekeeper.msm8992.so from the current namespace instead.
01-28 23:32:28.656   406   406 I vndksupport: sphal namespace is not configured for this process. Loading /vendor/lib64/hw/gralloc.msm8992.so from the current namespace instead.
01-28 23:32:28.656     0     0 I init    : computing context for service 'mediametrics'
01-28 23:32:28.657     0     0 I init    : starting service 'mediametrics'...
01-28 23:32:28.661     0     0 I init    : computing context for service 'media'
01-28 23:32:28.661     0     0 I init    : starting service 'media'...
01-28 23:32:28.662     0     0 E init    : couldn't write 423 to /dev/cpuset/camera-daemon/tasks: No such file or directory
01-28 23:32:28.662   405   405 D gatekeeper_device: HwKmOpen called
01-28 23:32:28.663   405   405 I auditd  : type=1400 audit(0.0:30): avc: denied { read write } for comm="android.hardwar" name="qseecom" dev="tmpfs" ino=12201 scontext=u:r:hal_gatekeeper_default:s0 tcontext=u:object_r:device:s0 tclass=chr_file permissive=1
01-28 23:32:28.663   405   405 I android.hardwar: type=1400 audit(0.0:30): avc: denied { read write } for name="qseecom" dev="tmpfs" ino=12201 scontext=u:r:hal_gatekeeper_default:s0 tcontext=u:object_r:device:s0 tclass=chr_file permissive=1
01-28 23:32:28.663   405   405 I auditd  : type=1400 audit(0.0:31): avc: denied { open } for comm="android.hardwar" path="/dev/qseecom" dev="tmpfs" ino=12201 scontext=u:r:hal_gatekeeper_default:s0 tcontext=u:object_r:device:s0 tclass=chr_file permissive=1
01-28 23:32:28.663   405   405 I android.hardwar: type=1400 audit(0.0:31): avc: denied { open } for path="/dev/qseecom" dev="tmpfs" ino=12201 scontext=u:r:hal_gatekeeper_default:s0 tcontext=u:object_r:device:s0 tclass=chr_file permissive=1
01-28 23:32:28.663   405   405 I auditd  : type=1400 audit(0.0:32): avc: denied { ioctl } for comm="android.hardwar" path="/dev/qseecom" dev="tmpfs" ino=12201 ioctlcmd=970a scontext=u:r:hal_gatekeeper_default:s0 tcontext=u:object_r:device:s0 tclass=chr_file permissive=1
01-28 23:32:28.663   405   405 I android.hardwar: type=1400 audit(0.0:32): avc: denied { ioctl } for path="/dev/qseecom" dev="tmpfs" ino=12201 ioctlcmd=970a scontext=u:r:hal_gatekeeper_default:s0 tcontext=u:object_r:device:s0 tclass=chr_file permissive=1
01-28 23:32:28.663   405   405 I auditd  : type=1400 audit(0.0:33): avc: denied { read } for comm="android.hardwar" name="kmota.mdt" dev="mmcblk0p36" ino=17 scontext=u:r:hal_gatekeeper_default:s0 tcontext=u:object_r:vfat:s0 tclass=file permissive=1
01-28 23:32:28.663   405   405 I android.hardwar: type=1400 audit(0.0:33): avc: denied { read } for name="kmota.mdt" dev="mmcblk0p36" ino=17 scontext=u:r:hal_gatekeeper_default:s0 tcontext=u:object_r:vfat:s0 tclass=file permissive=1
01-28 23:32:28.663   405   405 I auditd  : type=1400 audit(0.0:34): avc: denied { open } for comm="android.hardwar" path="/firmware/image/kmota.mdt" dev="mmcblk0p36" ino=17 scontext=u:r:hal_gatekeeper_default:s0 tcontext=u:object_r:vfat:s0 tclass=file permissive=1
01-28 23:32:28.663   405   405 I android.hardwar: type=1400 audit(0.0:34): avc: denied { open } for path="/firmware/image/kmota.mdt" dev="mmcblk0p36" ino=17 scontext=u:r:hal_gatekeeper_default:s0 tcontext=u:object_r:vfat:s0 tclass=file permissive=1
01-28 23:32:28.663   405   405 I auditd  : type=1400 audit(0.0:35): avc: denied { getattr } for comm="android.hardwar" path="/firmware/image/kmota.mdt" dev="mmcblk0p36" ino=17 scontext=u:r:hal_gatekeeper_default:s0 tcontext=u:object_r:vfat:s0 tclass=file permissive=1
01-28 23:32:28.663   405   405 I android.hardwar: type=1400 audit(0.0:35): avc: denied { getattr } for path="/firmware/image/kmota.mdt" dev="mmcblk0p36" ino=17 scontext=u:r:hal_gatekeeper_default:s0 tcontext=u:object_r:vfat:s0 tclass=file permissive=1
01-28 23:32:28.664     0     0 I init    : computing context for service 'storaged'
01-28 23:32:28.664     0     0 I init    : starting service 'storaged'...
01-28 23:32:28.665     0     0 I init    : computing context for service 'wificond'
01-28 23:32:28.665     0     0 I init    : starting service 'wificond'...
01-28 23:32:28.666   405   405 D QSEECOMAPI: : QSEECom_get_handle sb_length = 0xa000
01-28 23:32:28.667   426   426 I auditd  : type=1400 audit(0.0:36): avc: granted { getattr } for comm="keystore" path="/vendor" dev="rootfs" ino=10148 scontext=u:r:keystore:s0 tcontext=u:object_r:rootfs:s0 tclass=lnk_file
01-28 23:32:28.667   426   426 W keystore: type=1400 audit(0.0:36): avc: granted { getattr } for path="/vendor" dev="rootfs" ino=10148 scontext=u:r:keystore:s0 tcontext=u:object_r:rootfs:s0 tclass=lnk_file
01-28 23:32:28.667   405   405 D QSEECOMAPI: : App is not loaded in QSEE
01-28 23:32:28.669   337   337 W /system/bin/hwservicemanager: getTransportFromManifest: Cannot find entry android.hardware.health@1.0::IHealth in either framework or device manifest, using default transport.
01-28 23:32:28.677   337   337 W /system/bin/hwservicemanager: getTransportFromManifest: Cannot find entry android.hardware.vibrator@1.0::IVibrator in either framework or device manifest, using default transport.
01-28 23:32:28.685   337   337 W /system/bin/hwservicemanager: getTransportFromManifest: Cannot find entry android.hardware.memtrack@1.0::IMemtrack in either framework or device manifest, using default transport.
01-28 23:32:28.686     0     0 I init    : computing context for service 'mediacodec'
01-28 23:32:28.687     0     0 I init    : starting service 'mediacodec'...
01-28 23:32:28.687   337   337 W /system/bin/hwservicemanager: getTransportFromManifest: Cannot find entry android.hardware.thermal@1.0::IThermal in either framework or device manifest, using default transport.
01-28 23:32:28.689     0     0 I init    : computing context for service 'ril-daemon'
01-28 23:32:28.690     0     0 I init    : starting service 'ril-daemon'...
01-28 23:32:28.691   405   405 I auditd  : type=1400 audit(0.0:37): avc: denied { read } for comm="android.hardwar" name="kmota.mdt" dev="mmcblk0p36" ino=17 scontext=u:r:hal_gatekeeper_default:s0 tcontext=u:object_r:vfat:s0 tclass=file permissive=1
01-28 23:32:28.691   405   405 I android.hardwar: type=1400 audit(0.0:37): avc: denied { read } for name="kmota.mdt" dev="mmcblk0p36" ino=17 scontext=u:r:hal_gatekeeper_default:s0 tcontext=u:object_r:vfat:s0 tclass=file permissive=1
01-28 23:32:28.691   405   405 I auditd  : type=1400 audit(0.0:38): avc: denied { open } for comm="android.hardwar" path="/firmware/image/kmota.mdt" dev="mmcblk0p36" ino=17 scontext=u:r:hal_gatekeeper_default:s0 tcontext=u:object_r:vfat:s0 tclass=file permissive=1
01-28 23:32:28.691   405   405 I android.hardwar: type=1400 audit(0.0:38): avc: denied { open } for path="/firmware/image/kmota.mdt" dev="mmcblk0p36" ino=17 scontext=u:r:hal_gatekeeper_default:s0 tcontext=u:object_r:vfat:s0 tclass=file permissive=1
01-28 23:32:28.691   405   405 I auditd  : type=1400 audit(0.0:39): avc: denied { getattr } for comm="android.hardwar" path="/firmware/image/kmota.mdt" dev="mmcblk0p36" ino=17 scontext=u:r:hal_gatekeeper_default:s0 tcontext=u:object_r:vfat:s0 tclass=file permissive=1
01-28 23:32:28.691   405   405 I android.hardwar: type=1400 audit(0.0:39): avc: denied { getattr } for path="/firmware/image/kmota.mdt" dev="mmcblk0p36" ino=17 scontext=u:r:hal_gatekeeper_default:s0 tcontext=u:object_r:vfat:s0 tclass=file permissive=1
01-28 23:32:28.691     0     0 I init    : Command 'class_start main' action=nonencrypted (/init.rc:623) returned 0 took 92.3443ms.
01-28 23:32:28.692     0     0 I init    : Opened file '/d/mmc0/mmc0:0001/ext_csd', flags 0
01-28 23:32:28.693     0     0 E init    : cannot find '/system/bin/dpmd', disabling 'dpmd': No such file or directory
01-28 23:32:28.693     0     0 I init    : computing context for service 'cnss-daemon'
01-28 23:32:28.696   412   412 I ServiceManagement: Removing namespace from process name android.hardware.usb@1.0-service to usb@1.0-service.
01-28 23:32:28.703   337   337 W /system/bin/hwservicemanager: getTransportFromManifest: Cannot find entry android.hardware.sensors@1.0::ISensors in either framework or device manifest, using default transport.
01-28 23:32:28.704   412   412 I android.hardware.usb@1.0-service: USB HAL Ready.
01-28 23:32:28.718   337   337 W /system/bin/hwservicemanager: getTransportFromManifest: Cannot find entry android.hardware.health@1.0::IHealth in either framework or device manifest, using default transport.
01-28 23:32:28.719   413   413 I vndksupport: sphal namespace is not configured for this process. Loading /vendor/lib64/hw/vibrator.default.so from the current namespace instead.
01-28 23:32:28.720   408   408 I ServiceManagement: Removing namespace from process name android.hardware.health@1.0-service to health@1.0-serv.
01-28 23:32:28.721   409   409 I vndksupport: sphal namespace is not configured for this process. Loading /vendor/lib64/hw/memtrack.msm8992.so from the current namespace instead.
01-28 23:32:28.721   413   413 D         : Vibrator using timed_output
01-28 23:32:28.722   411   411 E android.hardware.thermal@1.0-impl: Couldn't load thermal module (No such file or directory)
01-28 23:32:28.722   408   408 I android.hardware.health@1.0-service: Registration complete for android.hardware.health@1.0::IHealth/default.
01-28 23:32:28.723   411   411 I ServiceManagement: Removing namespace from process name android.hardware.thermal@1.0-service to thermal@1.0-ser.
01-28 23:32:28.723   409   409 D         : memtrack_open: enter; name=memtrack
01-28 23:32:28.723   409   409 D         : memtrack_open: exit 0
01-28 23:32:28.725   409   409 I ServiceManagement: Removing namespace from process name android.hardware.memtrack@1.0-service to memtrack@1.0-se.
01-28 23:32:28.726   411   411 I android.hardware.thermal@1.0-service: Registration complete for android.hardware.thermal@1.0::IThermal/default.
01-28 23:32:28.727   409   409 I android.hardware.memtrack@1.0-service: Registration complete for android.hardware.memtrack@1.0::IMemtrack/default.
01-28 23:32:28.728   413   413 I ServiceManagement: Removing namespace from process name android.hardware.vibrator@1.0-service to vibrator@1.0-se.
01-28 23:32:28.737   413   413 I android.hardware.vibrator@1.0-service: Registration complete for android.hardware.vibrator@1.0::IVibrator/default.
01-28 23:32:28.770   410   410 I MultiHal: Loaded library from libsensors.lsm6db0.so
01-28 23:32:28.771   410   410 D SensorHAL: open_sensors
01-28 23:32:28.781   404   404 D android.hardware.drm@1.0-service: android.hardware.drm@1.0-service starting...
01-28 23:32:28.783   406   406 I ServiceManagement: Removing namespace from process name android.hardware.graphics.allocator@2.0-service to allocator@2.0-s.
01-28 23:32:28.797   442   442 I /system/bin/tombstoned: tombstoned successfully initialized
01-28 23:32:28.836   425   425 I installd: installd firing up
01-28 23:32:28.693     0     0 E init    : service cnss-daemon does not have a SELinux domain defined
01-28 23:32:28.693     0     0 I init    : computing context for service 'loc_launcher'
01-28 23:32:28.693     0     0 E init    : service loc_launcher does not have a SELinux domain defined
01-28 23:32:28.693     0     0 I init    : computing context for service 'qcom-sh'
01-28 23:32:28.693     0     0 E init    : service qcom-sh does not have a SELinux domain defined
01-28 23:32:28.693     0     0 I init    : computing context for service 'gatekeeperd'
01-28 23:32:28.694     0     0 I init    : starting service 'gatekeeperd'...
01-28 23:32:28.695     0     0 I init    : computing context for service 'qcamerasvr'
01-28 23:32:28.695     0     0 E init    : service qcamerasvr does not have a SELinux domain defined
01-28 23:32:28.695     0     0 I init    : computing context for service 'time_daemon'
01-28 23:32:28.695     0     0 E init    : service time_daemon does not have a SELinux domain defined
01-28 23:32:28.695     0     0 I init    : computing context for service 'fidodaemon'
01-28 23:32:28.695     0     0 E init    : service fidodaemon does not have a SELinux domain defined
01-28 23:32:28.701     0     0 I sps     : BAM 0x00000000fe104000 (va:0xffffff80025c0000) enabled: ver:0x17, number of pipes:31
01-28 23:32:28.735     0     0 E init    : cannot find '/system/xbin/perfprofd', disabling 'perfprofd': No such file or directory
01-28 23:32:28.735     0     0 I init    : computing context for service 'tombstoned'
01-28 23:32:28.736     0     0 I init    : starting service 'tombstoned'...
01-28 23:32:28.744     0     0 I msm_thermal: freq_mitigation_notify Removing frequency mitigation for CPU5
01-28 23:32:28.752     0     0 I init    : Created socket '/dev/socket/tombstoned_crash', mode 666, user 1000, group 1000
01-28 23:32:28.752     0     0 I init    : Created socket '/dev/socket/tombstoned_intercept', mode 666, user 1000, group 1000
01-28 23:32:28.764     0     0 W healthd : Unknown power supply type 'BMS'
01-28 23:32:28.764     0     0 I chatty  : uid=0(root) logd identical 1 line
01-28 23:32:28.764     0     0 W healthd : Unknown power supply type 'BMS'
01-28 23:32:28.764     0     0 W healthd : BatteryFullChargePath not found
01-28 23:32:28.764     0     0 W healthd : BatteryCycleCountPath not found
01-28 23:32:28.778     0     0 W audit   : audit_lost=1 audit_rate_limit=20 audit_backlog_limit=64
01-28 23:32:28.778     0     0 E audit   : rate limit exceeded
01-28 23:32:28.783     0     0 I ueventd : firmware: loading 'cmnlib.mdt' for '/devices/virtual/qseecom/qseecom/cmnlib.mdt'
01-28 23:32:28.799     0     0 W healthd : battery l=68 v=3632 t=37.7 h=2 st=2 c=1328 chg=u
01-28 23:32:28.801     0     0 I ueventd : loading /devices/virtual/qseecom/qseecom/cmnlib.mdt took 0.018802 seconds
01-28 23:32:28.805     0     0 I msm_thermal: freq_mitigation_notify Mitigating CPU5 frequency to 768000
01-28 23:32:28.814     0     0 I ueventd : firmware: loading 'cmnlib.b00' for '/devices/virtual/qseecom/qseecom/cmnlib.b00'
01-28 23:32:28.818     0     0 I ueventd : loading /devices/virtual/qseecom/qseecom/cmnlib.b00 took 0.00406667 seconds
01-28 23:32:28.826     0     0 I ueventd : firmware: loading 'cmnlib.b01' for '/devices/virtual/qseecom/qseecom/cmnlib.b01'
01-28 23:32:28.830     0     0 I ueventd : loading /devices/virtual/qseecom/qseecom/cmnlib.b01 took 0.00432214 seconds
01-28 23:32:28.751   421   421 I auditd  : type=1400 audit(0.0:40): avc: denied { read } for comm="logcat" name="/" dev="mmcblk0p44" ino=3 scontext=u:r:logpersist:s0 tcontext=u:object_r:system_data_file:s0 tclass=dir permissive=1
01-28 23:32:28.751   421   421 I logcat  : type=1400 audit(0.0:40): avc: denied { read } for name="/" dev="mmcblk0p44" ino=3 scontext=u:r:logpersist:s0 tcontext=u:object_r:system_data_file:s0 tclass=dir permissive=1
01-28 23:32:28.755   421   421 I auditd  : type=1400 audit(0.0:41): avc: denied { open } for comm="logcat" path="/data" dev="mmcblk0p44" ino=3 scontext=u:r:logpersist:s0 tcontext=u:object_r:system_data_file:s0 tclass=dir permissive=1
01-28 23:32:28.755   421   421 I logcat  : type=1400 audit(0.0:41): avc: denied { open } for path="/data" dev="mmcblk0p44" ino=3 scontext=u:r:logpersist:s0 tcontext=u:object_r:system_data_file:s0 tclass=dir permissive=1
01-28 23:32:28.759   405   405 I auditd  : type=1400 audit(0.0:42): avc: denied { ioctl } for comm="android.hardwar" path="/dev/qseecom" dev="tmpfs" ino=12201 ioctlcmd=9707 scontext=u:r:hal_gatekeeper_default:s0 tcontext=u:object_r:device:s0 tclass=chr_file permissive=1
01-28 23:32:28.759   405   405 I android.hardwar: type=1400 audit(0.0:42): avc: denied { ioctl } for path="/dev/qseecom" dev="tmpfs" ino=12201 ioctlcmd=9707 scontext=u:r:hal_gatekeeper_default:s0 tcontext=u:object_r:device:s0 tclass=chr_file permissive=1
01-28 23:32:28.763   421   421 I auditd  : type=1400 audit(0.0:43): avc: denied { write } for comm="logcat" name="/" dev="mmcblk0p44" ino=3 scontext=u:r:logpersist:s0 tcontext=u:object_r:system_data_file:s0 tclass=dir permissive=1
01-28 23:32:28.763   421   421 I logcat  : type=1400 audit(0.0:43): avc: denied { write } for name="/" dev="mmcblk0p44" ino=3 scontext=u:r:logpersist:s0 tcontext=u:object_r:system_data_file:s0 tclass=dir permissive=1
01-28 23:32:28.767   410   410 I auditd  : type=1400 audit(0.0:44): avc: denied { read } for comm="android.hardwar" name="devices" dev="sysfs" ino=9945 scontext=u:r:hal_sensors_default:s0 tcontext=u:object_r:sysfs:s0 tclass=dir permissive=1
01-28 23:32:28.767   410   410 I android.hardwar: type=1400 audit(0.0:44): avc: denied { read } for name="devices" dev="sysfs" ino=9945 scontext=u:r:hal_sensors_default:s0 tcontext=u:object_r:sysfs:s0 tclass=dir permissive=1
01-28 23:32:28.767   410   410 I auditd  : type=1400 audit(0.0:45): avc: denied { open } for comm="android.hardwar" path="/sys/bus/iio/devices" dev="sysfs" ino=9945 scontext=u:r:hal_sensors_default:s0 tcontext=u:object_r:sysfs:s0 tclass=dir permissive=1
01-28 23:32:28.767   410   410 I android.hardwar: type=1400 audit(0.0:45): avc: denied { open } for path="/sys/bus/iio/devices" dev="sysfs" ino=9945 scontext=u:r:hal_sensors_default:s0 tcontext=u:object_r:sysfs:s0 tclass=dir permissive=1
01-28 23:32:28.767   410   410 I auditd  : type=1400 audit(0.0:46): avc: denied { read } for comm="android.hardwar" name="name" dev="sysfs" ino=24445 scontext=u:r:hal_sensors_default:s0 tcontext=u:object_r:sysfs:s0 tclass=file permissive=1
01-28 23:32:28.767   410   410 I android.hardwar: type=1400 audit(0.0:46): avc: denied { read } for name="name" dev="sysfs" ino=24445 scontext=u:r:hal_sensors_default:s0 tcontext=u:object_r:sysfs:s0 tclass=file permissive=1
01-28 23:32:28.767   410   410 I auditd  : type=1400 audit(0.0:47): avc: denied { open } for comm="android.hardwar" path="/sys/devices/soc.0/f9927000.i2c/i2c-13/13-0008/lsm6db0_step_c.0/iio:device10/name" dev="sysfs" ino=24445 scontext=u:r:hal_sensors_default:s0 tcontext=u:object_r:sysfs:s0 tclass=file permissive=1
01-28 23:32:28.767   410   410 I android.hardwar: type=1400 audit(0.0:47): avc: denied { open } for path="/sys/devices/soc.0/f9927000.i2c/i2c-13/13-0008/lsm6db0_step_c.0/iio:device10/name" dev="sysfs" ino=24445 scontext=u:r:hal_sensors_default:s0 tcontext=u:object_r:sysfs:s0 tclass=file permissive=1
01-28 23:32:28.767   410   410 I auditd  : type=1400 audit(0.0:48): avc: denied { getattr } for comm="android.hardwar" path="/sys/devices/soc.0/f9927000.i2c/i2c-13/13-0008/lsm6db0_step_c.0/iio:device10/name" dev="sysfs" ino=24445 scontext=u:r:hal_sensors_default:s0 tcontext=u:object_r:sysfs:s0 tclass=file permissive=1
01-28 23:32:28.767   410   410 I android.hardwar: type=1400 audit(0.0:48): avc: denied { getattr } for path="/sys/devices/soc.0/f9927000.i2c/i2c-13/13-0008/lsm6db0_step_c.0/iio:device10/name" dev="sysfs" ino=24445 scontext=u:r:hal_sensors_default:s0 tcontext=u:object_r:sysfs:s0 tclass=file permissive=1
01-28 23:32:28.859   433   433 I wificond: wificond is starting up...
01-28 23:32:28.874   410   410 D SensorHAL: lsm6db0_accel: Sampling frequency available [ 5 15 50 100 ].
01-28 23:32:28.875   410   410 D SensorHAL: lsm6db0_accel: Batch mode available [ disabled continuos ].
01-28 23:32:28.875   410   410 E SensorHAL: sizeof(sampl_freq_avl) = 8, 4
01-28 23:32:28.875   410   410 E SensorHAL: Acc sensors_mask_enabled=0
01-28 23:32:28.850     0     0 I tomtom-slim-pgd: Platform data from device tree
01-28 23:32:28.850     0     0 I tomtom-slim-pgd: cdc-vdd-buck: vol=[2150000 2150000]uV, curr=[650000]uA, ond 0
01-28 23:32:28.850     0     0 I tomtom-slim-pgd: cdc-vdd-tx-h: vol=[1800000 1800000]uV, curr=[25000]uA, ond 0
01-28 23:32:28.850     0     0 I tomtom-slim-pgd: cdc-vdd-rx-h: vol=[1800000 1800000]uV, curr=[25000]uA, ond 0
01-28 23:32:28.850     0     0 I tomtom-slim-pgd: cdc-vddpx-1: vol=[1800000 1800000]uV, curr=[10000]uA, ond 0
01-28 23:32:28.850     0     0 I tomtom-slim-pgd: cdc-vdd-a-1p2v: vol=[1200000 1200000]uV, curr=[2000]uA, ond 0
01-28 23:32:28.850     0     0 I tomtom-slim-pgd: cdc-vddcx-1: vol=[1200000 1200000]uV, curr=[33000]uA, ond 0
01-28 23:32:28.850     0     0 I tomtom-slim-pgd: cdc-vddcx-2: vol=[1200000 1200000]uV, curr=[33000]uA, ond 0
01-28 23:32:28.850     0     0 I tomtom-slim-pgd: cdc-vdd-spkdrv: vol=[5000000 5000000]uV, curr=[600000]uA, ond 1
01-28 23:32:28.850     0     0 I tomtom-slim-pgd: cdc-vdd-spkdrv-2: vol=[5000000 5000000]uV, curr=[600000]uA, ond 1
01-28 23:32:28.851     0     0 I tomtom-slim-pgd: wcd9xxx_validate_spkdrv_ocp_curr_limit: Invalid spkdrv_ocp_curr_limit = 4294967295
01-28 23:32:28.851     0     0 E extcodec_get_pinctrl: Unable to get pinctrl handle
--------- beginning of radio
01-28 23:32:28.883   419   419 D RILD    : **RIL Daemon Started**
01-28 23:32:28.883   419   419 D RILD    : **RILd param count=3**
01-28 23:32:28.886     0     0 I ueventd : firmware: loading 'cmnlib.b02' for '/devices/virtual/qseecom/qseecom/cmnlib.b02'
01-28 23:32:28.701     0     0 I sps     : BAM 0x00000000fe104000 is registered.
01-28 23:32:28.902     0     0 I slimbus : 1 laddr:0xcd, EAPC:0x1:0x30slimbus:1 laddr:0xcc, EAPC:0x0:0x30
01-28 23:32:28.908     0     0 I tomtom-slim-pgd: wcd9xxx_check_codec_type: detected tomtom_codec, major 0x105, minor 0x1, ver 0x2
01-28 23:32:28.908     0     0 I wcd9xxx_core_res_init: num_irqs = 32, num_irq_regs = 4
01-28 23:32:28.909     0     0 I tomtom-slim-pgd: wcd9xxx_slim_device_up: slim device up
01-28 23:32:28.911     0     0 I msm_thermal: freq_mitigation_notify Removing frequency mitigation for CPU5
01-28 23:32:28.920   436   436 D RILD    : **RIL Daemon Started**
01-28 23:32:28.921   436   436 D RILD    : **RILd param count=1**
01-28 23:32:28.927   410   410 D SensorHAL: lsm6db0_magn: Sampling frequency available [ 5 15 50 100 ].
01-28 23:32:28.927   410   410 D SensorHAL: lsm6db0_magn: Batch mode available [ disabled continuos ].
01-28 23:32:28.928   410   410 E SensorHAL: sizeof(sampl_freq_avl) = 8, 4
01-28 23:32:28.931     0     0 I msm8994-asoc-snd fe034000.sound: msm8994_asoc_machine_probe: No hdmi audio support
01-28 23:32:28.932   406   406 I android.hardware.graphics.allocator@2.0-service: Registration complete for android.hardware.graphics.allocator@2.0::IAllocator/default.
01-28 23:32:28.932   337   337 E hw-IPCThreadState: binder thread pool (1 threads) starved for 148 ms
01-28 23:32:28.934   337   337 W /system/bin/hwservicemanager: getTransportFromManifest: Cannot find entry android.hardware.audio@2.0::IDevicesFactory in either framework or device manifest, using default transport.
01-28 23:32:28.939   355   355 D AndroidRuntime: >>>>>> START com.android.internal.os.ZygoteInit uid 0 <<<<<<
01-28 23:32:28.940   337   337 W /system/bin/hwservicemanager: getTransportFromManifest: Cannot find entry android.hardware.drm@1.0::IDrmFactory in either framework or device manifest, using default transport.
01-28 23:32:28.939   355   355 I boot_progress_start: 23717
01-28 23:32:28.945   337   337 W /system/bin/hwservicemanager: getTransportFromManifest: Cannot find entry android.hardware.keymaster@3.0::IKeymasterDevice in either framework or device manifest, using default transport.
01-28 23:32:28.949   410   410 D SensorHAL: lsm6db0_magn_u: Sampling frequency available [ 5 15 50 100 ].
01-28 23:32:28.949   410   410 D SensorHAL: lsm6db0_magn_u: Batch mode available [ disabled continuos ].
01-28 23:32:28.950   410   410 E SensorHAL: sizeof(sampl_freq_avl) = 8, 4
01-28 23:32:28.952   437   437 I gatekeeperd: Starting gatekeeperd...
01-28 23:32:28.954   337   337 W /system/bin/hwservicemanager: getTransportFromManifest: Cannot find entry android.hardware.graphics.composer@2.1::IComposer in either framework or device manifest, using default transport.
01-28 23:32:28.955   414   414 I android.hardware.wifi@1.0-service: Wifi Hal is starting up...
01-28 23:32:28.956   414   414 I ServiceManagement: Removing namespace from process name android.hardware.wifi@1.0-service to wifi@1.0-servic.
01-28 23:32:28.963   407   407 I vndksupport: sphal namespace is not configured for this process. Loading /vendor/lib64/hw/hwcomposer.msm8992.so from the current namespace instead.
01-28 23:32:28.932     0     0 I         : tomtom_codec tomtom_codec: tomtom_codec_probe()
01-28 23:32:28.945     0     0 I ueventd : loading /devices/virtual/qseecom/qseecom/cmnlib.b02 took 0.0588648 seconds
01-28 23:32:28.957     0     0 I ueventd : firmware: loading 'cmnlib.b03' for '/devices/virtual/qseecom/qseecom/cmnlib.b03'
01-28 23:32:28.959     0     0 I ueventd : loading /devices/virtual/qseecom/qseecom/cmnlib.b03 took 0.00193859 seconds
01-28 23:32:28.968     0     0 I ueventd : firmware: loading 'cpe.mdt' for '/devices/soc.0/fe12f000.slim/tomtom-slim-pgd/tomtom_codec/firmware/cpe.mdt'
01-28 23:32:28.976     0     0 I msm_thermal: freq_mitigation_notify Mitigating CPU5 frequency to 768000
01-28 23:32:28.980     0     0 I android_work: android_work: sent uevent USB_STATE=CONNECTED
01-28 23:32:28.964   402   402 I ServiceManagement: Removing namespace from process name android.hardware.audio@2.0-service to audio@2.0-servi.
01-28 23:32:28.974   337   337 W /system/bin/hwservicemanager: getTransportFromManifest: Cannot find entry android.hardware.gatekeeper@1.0::IGatekeeper in either framework or device manifest, using default transport.
01-28 23:32:28.975   402   402 I audiohalservice: Registration complete for android.hardware.audio@2.0::IDevicesFactory/default.
01-28 23:32:28.977   437   437 I vndksupport: sphal namespace is not configured for this process. Loading /vendor/lib64/hw/gatekeeper.msm8992.so from the current namespace instead.
01-28 23:32:28.978   437   437 D gatekeeper_device: HwKmOpen called
01-28 23:32:28.979   437   437 D QSEECOMAPI: : QSEECom_get_handle sb_length = 0xa000
01-28 23:32:28.980   337   337 W /system/bin/hwservicemanager: getTransportFromManifest: Cannot find entry android.hardware.audio.effect@2.0::IEffectsFactory in either framework or device manifest, using default transport.
01-28 23:32:28.984     0     0 I android_work: android_work: sent uevent USB_STATE=DISCONNECTED
01-28 23:32:28.993     0     0 W msm-pcm-routing qcom,msm-pcm-routing.41: ASoC: no dapm match for VOICE2_STUB_DL --> Voice2 Stub --> INTERNAL_BT_SCO_RX_Voice Mixer
01-28 23:32:28.993     0     0 E msm-pcm-routing qcom,msm-pcm-routing.41: ASoC: Failed to add route VOICE2_STUB_DL -> Voice2 Stub -> INTERNAL_BT_SCO_RX_Voice Mixer
01-28 23:32:28.995   427   427 I mediaserver: ServiceManager: 0xeac174a0
01-28 23:32:28.999     0     0 I ueventd : loading /devices/soc.0/fe12f000.slim/tomtom-slim-pgd/tomtom_codec/firmware/cpe.mdt took 0.0314106 seconds
01-28 23:32:29.004   355   355 I zygote64: option[0]=-Xzygote
01-28 23:32:29.005   355   355 I zygote64: option[1]=-Xstacktracefile:/data/anr/traces.txt
01-28 23:32:29.005   355   355 I zygote64: option[2]=exit
01-28 23:32:29.005   355   355 I zygote64: option[3]=vfprintf
01-28 23:32:29.005   355   355 I zygote64: option[4]=sensitiveThread
01-28 23:32:29.005   355   355 I zygote64: option[5]=-verbose:gc
01-28 23:32:29.005   355   355 I zygote64: option[6]=-Xms4m
01-28 23:32:29.005   355   355 I zygote64: option[7]=-Xmx16m
01-28 23:32:29.005   355   355 I zygote64: option[8]=-Xusejit:true
01-28 23:32:29.005   355   355 I zygote64: option[9]=-Xjitsaveprofilinginfo
01-28 23:32:29.005   355   355 I zygote64: option[10]=-agentlib:jdwp=transport=dt_android_adb,suspend=n,server=y
01-28 23:32:29.005   355   355 I zygote64: option[11]=-Ximage-compiler-option
01-28 23:32:29.005   355   355 I zygote64: option[12]=--runtime-arg
01-28 23:32:29.005   355   355 I zygote64: option[13]=-Ximage-compiler-option
01-28 23:32:29.006   355   355 I zygote64: option[14]=-Xms64m
