01-28 23:32:15.822     0     0 I ueventd : fixup /sys/devices/soc.0/f9927000.i2c/i2c-13/13-0008/lsm6db0_gyro_u_wk.0/iio:device28/buffer/enable 1000 1000 660
01-28 23:32:15.822     0     0 I ueventd : fixup /sys/devices/soc.0/f9927000.i2c/i2c-13/13-0008/lsm6db0_gyro_u_wk.0/iio:device28/buffer/length 1000 1000 660
01-28 23:32:15.822     0     0 I ueventd : fixup /sys/devices/soc.0/f9927000.i2c/i2c-13/13-0008/lsm6db0_gyro_u_wk.0/iio:device28/sampling_frequency 1000 1000 660
01-28 23:32:15.822     0     0 I ueventd : fixup /sys/devices/soc.0/f9927000.i2c/i2c-13/13-0008/lsm6db0_gyro_u_wk.0/iio:device28/batch_mode 1000 1000 660
01-28 23:32:15.822     0     0 I ueventd : fixup /sys/devices/soc.0/f9927000.i2c/i2c-13/13-0008/lsm6db0_gyro_u_wk.0/iio:device28/batch_mode_timeout 1000 1000 660
01-28 23:32:15.823     0     0 I ueventd : fixup /sys/devices/soc.0/f9927000.i2c/i2c-13/13-0008/lsm6db0_gyro_u_wk.0/iio:device28/scan_elements/in_anglvel_x_en 1000 1000 660
01-28 23:32:15.823     0     0 I ueventd : fixup /sys/devices/soc.0/f9927000.i2c/i2c-13/13-0008/lsm6db0_gyro_u_wk.0/iio:device28/scan_elements/in_anglvel_y_en 1000 1000 660
01-28 23:32:15.823     0     0 I ueventd : fixup /sys/devices/soc.0/f9927000.i2c/i2c-13/13-0008/lsm6db0_gyro_u_wk.0/iio:device28/scan_elements/in_anglvel_z_en 1000 1000 660
01-28 23:32:15.823     0     0 I ueventd : fixup /sys/devices/soc.0/f9927000.i2c/i2c-13/13-0008/lsm6db0_gyro_u_wk.0/iio:device28/scan_elements/in_timestamp_en 1000 1000 660
01-28 23:32:15.823     0     0 I ueventd : fixup /sys/devices/soc.0/f9927000.i2c/i2c-13/13-0008/lsm6db0_gyro_u_wk.0/iio:device28/in_anglvel_x_scale 1000 1000 660
01-28 23:32:15.823     0     0 I ueventd : fixup /sys/devices/soc.0/f9927000.i2c/i2c-13/13-0008/lsm6db0_gyro_u_wk.0/iio:device28/in_anglvel_y_scale 1000 1000 660
01-28 23:32:15.823     0     0 I ueventd : fixup /sys/devices/soc.0/f9927000.i2c/i2c-13/13-0008/lsm6db0_gyro_u_wk.0/iio:device28/in_anglvel_z_scale 1000 1000 660
01-28 23:32:15.859     0     0 I msm8994-asoc-snd fe034000.sound: msm8994_asoc_machine_probe: No hdmi audio support
01-28 23:32:15.860     0     0 E msm8994-asoc-snd fe034000.sound: ASoC: CODEC tomtom_codec not registered
01-28 23:32:15.860     0     0 I platform fe034000.sound: Driver msm8994-asoc-snd requests probe deferral
01-28 23:32:15.863     0     0 I ueventd : fixup /sys/devices/soc.0/f9927000.i2c/i2c-13/13-0008/lsm6db0_linear_wk.0/iio:device29/buffer/enable 1000 1000 660
01-28 23:32:15.864     0     0 I ueventd : fixup /sys/devices/soc.0/f9927000.i2c/i2c-13/13-0008/lsm6db0_linear_wk.0/iio:device29/buffer/length 1000 1000 660
01-28 23:32:15.864     0     0 I ueventd : fixup /sys/devices/soc.0/f9927000.i2c/i2c-13/13-0008/lsm6db0_linear_wk.0/iio:device29/sampling_frequency 1000 1000 660
01-28 23:32:15.864     0     0 I ueventd : fixup /sys/devices/soc.0/f9927000.i2c/i2c-13/13-0008/lsm6db0_linear_wk.0/iio:device29/batch_mode 1000 1000 660
01-28 23:32:15.864     0     0 I ueventd : fixup /sys/devices/soc.0/f9927000.i2c/i2c-13/13-0008/lsm6db0_linear_wk.0/iio:device29/batch_mode_timeout 1000 1000 660
01-28 23:32:15.864     0     0 I ueventd : fixup /sys/devices/soc.0/f9927000.i2c/i2c-13/13-0008/lsm6db0_linear_wk.0/iio:device29/scan_elements/in_linear_accel_x_en 1000 1000 660
01-28 23:32:15.864     0     0 I ueventd : fixup /sys/devices/soc.0/f9927000.i2c/i2c-13/13-0008/lsm6db0_linear_wk.0/iio:device29/scan_elements/in_linear_accel_y_en 1000 1000 660
01-28 23:32:15.864     0     0 I ueventd : fixup /sys/devices/soc.0/f9927000.i2c/i2c-13/13-0008/lsm6db0_linear_wk.0/iio:device29/scan_elements/in_linear_accel_z_en 1000 1000 660
01-28 23:32:15.864     0     0 I ueventd : fixup /sys/devices/soc.0/f9927000.i2c/i2c-13/13-0008/lsm6db0_linear_wk.0/iio:device29/scan_elements/in_timestamp_en 1000 1000 660
01-28 23:32:15.865     0     0 I ueventd : fixup /sys/devices/soc.0/f9927000.i2c/i2c-13/13-0008/lsm6db0_linear_wk.0/iio:device29/in_linear_accel_x_scale 1000 1000 660
01-28 23:32:15.865     0     0 I ueventd : fixup /sys/devices/soc.0/f9927000.i2c/i2c-13/13-0008/lsm6db0_linear_wk.0/iio:device29/in_linear_accel_y_scale 1000 1000 660
01-28 23:32:15.865     0     0 I ueventd : fixup /sys/devices/soc.0/f9927000.i2c/i2c-13/13-0008/lsm6db0_linear_wk.0/iio:device29/in_linear_accel_z_scale 1000 1000 660
01-28 23:32:15.900     0     0 I msm8994-asoc-snd fe034000.sound: msm8994_asoc_machine_probe: No hdmi audio support
01-28 23:32:15.900     0     0 E msm8994-asoc-snd fe034000.sound: ASoC: CODEC tomtom_codec not registered
01-28 23:32:15.900     0     0 I platform fe034000.sound: Driver msm8994-asoc-snd requests probe deferral
01-28 23:32:15.903     0     0 I ueventd : fixup /sys/devices/soc.0/f9927000.i2c/i2c-13/13-0008/lsm6db0_gravity_wk.0/iio:device30/buffer/enable 1000 1000 660
01-28 23:32:15.903     0     0 I ueventd : fixup /sys/devices/soc.0/f9927000.i2c/i2c-13/13-0008/lsm6db0_gravity_wk.0/iio:device30/buffer/length 1000 1000 660
01-28 23:32:15.903     0     0 I ueventd : fixup /sys/devices/soc.0/f9927000.i2c/i2c-13/13-0008/lsm6db0_gravity_wk.0/iio:device30/sampling_frequency 1000 1000 660
01-28 23:32:15.903     0     0 I ueventd : fixup /sys/devices/soc.0/f9927000.i2c/i2c-13/13-0008/lsm6db0_gravity_wk.0/iio:device30/batch_mode 1000 1000 660
01-28 23:32:15.903     0     0 I ueventd : fixup /sys/devices/soc.0/f9927000.i2c/i2c-13/13-0008/lsm6db0_gravity_wk.0/iio:device30/batch_mode_timeout 1000 1000 660
01-28 23:32:15.903     0     0 I ueventd : fixup /sys/devices/soc.0/f9927000.i2c/i2c-13/13-0008/lsm6db0_gravity_wk.0/iio:device30/scan_elements/in_gravity_x_en 1000 1000 660
01-28 23:32:15.903     0     0 I ueventd : fixup /sys/devices/soc.0/f9927000.i2c/i2c-13/13-0008/lsm6db0_gravity_wk.0/iio:device30/scan_elements/in_gravity_y_en 1000 1000 660
01-28 23:32:15.903     0     0 I ueventd : fixup /sys/devices/soc.0/f9927000.i2c/i2c-13/13-0008/lsm6db0_gravity_wk.0/iio:device30/scan_elements/in_gravity_z_en 1000 1000 660
01-28 23:32:15.903     0     0 I ueventd : fixup /sys/devices/soc.0/f9927000.i2c/i2c-13/13-0008/lsm6db0_gravity_wk.0/iio:device30/scan_elements/in_timestamp_en 1000 1000 660
01-28 23:32:15.903     0     0 I ueventd : fixup /sys/devices/soc.0/f9927000.i2c/i2c-13/13-0008/lsm6db0_gravity_wk.0/iio:device30/in_gravity_x_scale 1000 1000 660
01-28 23:32:15.904     0     0 I ueventd : fixup /sys/devices/soc.0/f9927000.i2c/i2c-13/13-0008/lsm6db0_gravity_wk.0/iio:device30/in_gravity_y_scale 1000 1000 660
01-28 23:32:15.904     0     0 I ueventd : fixup /sys/devices/soc.0/f9927000.i2c/i2c-13/13-0008/lsm6db0_gravity_wk.0/iio:device30/in_gravity_z_scale 1000 1000 660
01-28 23:32:15.940     0     0 I msm8994-asoc-snd fe034000.sound: msm8994_asoc_machine_probe: No hdmi audio support
01-28 23:32:15.940     0     0 E msm8994-asoc-snd fe034000.sound: ASoC: CODEC tomtom_codec not registered
01-28 23:32:15.940     0     0 I platform fe034000.sound: Driver msm8994-asoc-snd requests probe deferral
01-28 23:32:15.943     0     0 I ueventd : fixup /sys/devices/soc.0/f9927000.i2c/i2c-13/13-0008/lsm6db0_geo_quat_wk.0/iio:device31/buffer/enable 1000 1000 660
01-28 23:32:15.943     0     0 I ueventd : fixup /sys/devices/soc.0/f9927000.i2c/i2c-13/13-0008/lsm6db0_geo_quat_wk.0/iio:device31/buffer/length 1000 1000 660
01-28 23:32:15.943     0     0 I ueventd : fixup /sys/devices/soc.0/f9927000.i2c/i2c-13/13-0008/lsm6db0_geo_quat_wk.0/iio:device31/sampling_frequency 1000 1000 660
01-28 23:32:15.943     0     0 I ueventd : fixup /sys/devices/soc.0/f9927000.i2c/i2c-13/13-0008/lsm6db0_geo_quat_wk.0/iio:device31/batch_mode 1000 1000 660
01-28 23:32:15.943     0     0 I ueventd : fixup /sys/devices/soc.0/f9927000.i2c/i2c-13/13-0008/lsm6db0_geo_quat_wk.0/iio:device31/batch_mode_timeout 1000 1000 660
01-28 23:32:15.943     0     0 I ueventd : fixup /sys/devices/soc.0/f9927000.i2c/i2c-13/13-0008/lsm6db0_geo_quat_wk.0/iio:device31/scan_elements/in_quaternion_x_en 1000 1000 660
01-28 23:32:15.943     0     0 I ueventd : fixup /sys/devices/soc.0/f9927000.i2c/i2c-13/13-0008/lsm6db0_geo_quat_wk.0/iio:device31/scan_elements/in_quaternion_y_en 1000 1000 660
01-28 23:32:15.943     0     0 I ueventd : fixup /sys/devices/soc.0/f9927000.i2c/i2c-13/13-0008/lsm6db0_geo_quat_wk.0/iio:device31/scan_elements/in_quaternion_z_en 1000 1000 660
01-28 23:32:15.943     0     0 I ueventd : fixup /sys/devices/soc.0/f9927000.i2c/i2c-13/13-0008/lsm6db0_geo_quat_wk.0/iio:device31/scan_elements/in_quaternion_module_en 1000 1000 660
01-28 23:32:15.943     0     0 I ueventd : fixup /sys/devices/soc.0/f9927000.i2c/i2c-13/13-0008/lsm6db0_geo_quat_wk.0/iio:device31/scan_elements/in_quaternion_accuracy_en 1000 1000 660
01-28 23:32:15.943     0     0 I ueventd : fixup /sys/devices/soc.0/f9927000.i2c/i2c-13/13-0008/lsm6db0_geo_quat_wk.0/iio:device31/scan_elements/in_timestamp_en 1000 1000 660
01-28 23:32:15.943     0     0 I ueventd : fixup /sys/devices/soc.0/f9927000.i2c/i2c-13/13-0008/lsm6db0_geo_quat_wk.0/iio:device31/in_quaternion_x_scale 1000 1000 660
01-28 23:32:15.943     0     0 I ueventd : fixup /sys/devices/soc.0/f9927000.i2c/i2c-13/13-0008/lsm6db0_geo_quat_wk.0/iio:device31/in_quaternion_y_scale 1000 1000 660
01-28 23:32:15.943     0     0 I ueventd : fixup /sys/devices/soc.0/f9927000.i2c/i2c-13/13-0008/lsm6db0_geo_quat_wk.0/iio:device31/in_quaternion_z_scale 1000 1000 660
01-28 23:32:15.944     0     0 I ueventd : fixup /sys/devices/soc.0/f9927000.i2c/i2c-13/13-0008/lsm6db0_geo_quat_wk.0/iio:device31/in_quaternion_module_scale 1000 1000 660
01-28 23:32:17.333     0     0 I synaptics_dsx_i2c 2-0070: fwu_read_f34_guest_serialization_partition: Lockdown info: 0x31 0x33 0x32 0x34 0x30 0x30 0x30 0x30
01-28 23:32:17.333     0     0 I fwu_start_reflash: End of reflash process
01-28 23:32:18.375     0     0 I FG      : fg_batt_profile_init: Battery SOC: 68
01-28 23:32:22.620     0     0 I fsck.f2fs: Info: Fix the reported corruption.
01-28 23:32:22.620     0     0 I fsck.f2fs: Info: sector size = 512
01-28 23:32:22.620     0     0 I fsck.f2fs: Info: total sectors = 54648799 (in 512 bytes)
01-28 23:32:22.620     0     0 I fsck.f2fs: Info: MKFS version
01-28 23:32:22.620     0     0 I fsck.f2fs: "Linux version 3.10.84-perf-gd9a4f08 (jenkins@5f51a4c0d870) (gcc version 4.9 20150123 (prerelease) (GCC) ) #1 SMP PREEMPT Sun Jun 11 20:48:13 UTC 2017"
01-28 23:32:22.620     0     0 I fsck.f2fs: Info: FSCK version
01-28 23:32:22.620     0     0 I fsck.f2fs: from "Linux version 3.10.107-perf-g01dc0a49e89 (markcolson@linux-xca6) (gcc version 4.9.x 20150123 (prerelease) (GCC) ) #1 SMP PREEMPT Mon Oct 2 17:41:07 CST 2017"
01-28 23:32:22.620     0     0 I fsck.f2fs: to "Linux version 3.10.107-perf-gf361af53c4c (markcolson@linux-xca6) (gcc version 4.9.x 20150123 (prerelease) (GCC) ) #1 SMP PREEMPT Fri Oct 13 18:52:47 CST 2017"
01-28 23:32:22.620     0     0 I fsck.f2fs:  
01-28 23:32:22.620     0     0 I fsck.f2fs: [FSCK] Unreachable nat entries                        [Ok..] [0x0]
01-28 23:32:22.620     0     0 I fsck.f2fs: [FSCK] SIT valid block bitmap checking                [Ok..]
01-28 23:32:22.620     0     0 I fsck.f2fs: [FSCK] Hard link checking for regular file            [Ok..] [0x0]
01-28 23:32:22.620     0     0 I fsck.f2fs: [FSCK] valid_block_count matching with CP             [Ok..] [0x2df733]
01-28 23:32:22.620     0     0 I fsck.f2fs: [FSCK] valid_node_count matcing with CP (de lookup)   [Ok..] [0x5655]
01-28 23:32:22.620     0     0 I fsck.f2fs: [FSCK] valid_node_count matcing with CP (nat lookup)  [Ok..] [0x5655]
01-28 23:32:22.620     0     0 I fsck.f2fs: [FSCK] valid_inode_count matched with CP              [Ok..] [0x4b6e]
01-28 23:32:22.620     0     0 I fsck.f2fs: [FSCK] free segment_count matched with CP             [Ok..] [0x1b17]
01-28 23:32:22.620     0     0 I fsck.f2fs: [FSCK] next block offset is free                      [Ok..]
01-28 23:32:22.620     0     0 I fsck.f2fs: [FSCK] fixing SIT types
01-28 23:32:22.620     0     0 I fsck.f2fs: [FIX] (check_sit_types:1056)  --> Wrong segment type [0x204] 0 -> 1
01-28 23:32:22.620     0     0 I fsck.f2fs: [FIX] (check_sit_types:1056)  --> Wrong segment type [0x208] 0 -> 1
01-28 23:32:22.620     0     0 I fsck.f2fs: [FIX] (check_sit_types:1056)  --> Wrong segment type [0x20d] 0 -> 1
01-28 23:32:22.620     0     0 I fsck.f2fs: [FIX] (check_sit_types:1056)  --> Wrong segment type [0x20e] 0 -> 1
01-28 23:32:22.620     0     0 I fsck.f2fs: [FIX] (check_sit_types:1056)  --> Wrong segment type [0x210] 0 -> 1
01-28 23:32:22.620     0     0 I fsck.f2fs: [FIX] (check_sit_types:1056)  --> Wrong segment type [0x216] 0 -> 1
01-28 23:32:22.620     0     0 I fsck.f2fs: [FIX] (check_sit_types:1056)  --> Wrong segment type [0x227] 0 -> 1
01-28 23:32:22.620     0     0 I fsck.f2fs: [FIX] (check_sit_types:1056)  --> Wrong segment type [0x245] 0 -> 1
01-28 23:32:22.620     0     0 I fsck.f2fs: [FIX] (check_sit_types:1056)  --> Wrong segment type [0x249] 0 -> 1
01-28 23:32:22.620     0     0 I fsck.f2fs: [FIX] (check_sit_types:1056)  --> Wrong segment type [0x25c] 0 -> 1
01-28 23:32:22.620     0     0 I fsck.f2fs: [FIX] (check_sit_types:1056)  --> Wrong segment type [0x261] 0 -> 1
01-28 23:32:22.620     0     0 I fsck.f2fs: [FIX] (check_sit_types:1056)  --> Wrong segment type [0x270] 0 -> 1
01-28 23:32:22.620     0     0 I fsck.f2fs: [FIX] (check_sit_types:1056)  --> Wrong segment type [0x27c] 0 -> 1
01-28 23:32:22.620     0     0 I fsck.f2fs: [FIX] (check_sit_types:1056)  --> Wrong segment type [0x2a5] 0 -> 1
01-28 23:32:22.620     0     0 I fsck.f2fs: [FIX] (check_sit_types:1056)  --> Wrong segment type [0x2a8] 0 -> 1
01-28 23:32:22.620     0     0 I fsck.f2fs: [FIX] (check_sit_types:1056)  --> Wrong segment type [0x2c1] 0 -> 1
01-28 23:32:22.620     0     0 I fsck.f2fs: [FIX] (check_sit_types:1056)  --> Wrong segment type [0x2c2] 0 -> 1
01-28 23:32:22.620     0     0 I fsck.f2fs: [FIX] (check_sit_types:1056)  --> Wrong segment type [0x2cd] 0 -> 1
01-28 23:32:22.620     0     0 I fsck.f2fs: [FIX] (check_sit_types:1056)  --> Wrong segment type [0x2d6] 0 -> 1
01-28 23:32:22.620     0     0 I fsck.f2fs: [FIX] (check_sit_types:1056)  --> Wrong segment type [0x2da] 0 -> 1
01-28 23:32:22.620     0     0 I fsck.f2fs: [FIX] (check_sit_types:1056)  --> Wrong segment type [0x2dc] 0 -> 1
01-28 23:32:22.620     0     0 I fsck.f2fs: [FIX] (check_sit_types:1056)  --> Wrong segment type [0x2df] 0 -> 1
01-28 23:32:22.620     0     0 I fsck.f2fs: [FIX] (check_sit_types:1056)  --> Wrong segment type [0x2e0] 0 -> 1
01-28 23:32:22.620     0     0 I fsck.f2fs: [FIX] (check_sit_types:1056)  --> Wrong segment type [0x2e1] 0 -> 1
01-28 23:32:22.620     0     0 I fsck.f2fs: [FIX] (check_sit_types:1056)  --> Wrong segment type [0x2e4] 0 -> 1
01-28 23:32:22.620     0     0 I fsck.f2fs: [FIX] (check_sit_types:1056)  --> Wrong segment type [0x2e5] 0 -> 1
01-28 23:32:22.620     0     0 I fsck.f2fs: [FIX] (check_sit_types:1056)  --> Wrong segment type [0x2f1] 0 -> 1
01-28 23:32:22.620     0     0 I fsck.f2fs: [FIX] (check_sit_types:1056)  --> Wrong segment type [0x2f4] 0 -> 1
01-28 23:32:22.620     0     0 I fsck.f2fs: [FIX] (check_sit_types:1056)  --> Wrong segment type [0x2fa] 0 -> 1
01-28 23:32:22.620     0     0 I fsck.f2fs: [FIX] (check_sit_types:1056)  --> Wrong segment type [0x2fd] 0 -> 1
01-28 23:32:22.620     0     0 I fsck.f2fs: [FIX] (check_sit_types:1056)  --> Wrong segment type [0x300] 0 -> 1
01-28 23:32:22.620     0     0 I fsck.f2fs: [FIX] (check_sit_types:1056)  --> Wrong segment type [0x303] 0 -> 1
01-28 23:32:22.620     0     0 I fsck.f2fs: [FIX] (check_sit_types:1056)  --> Wrong segment type [0x305] 0 -> 1
01-28 23:32:22.620     0     0 I fsck.f2fs: [FIX] (check_sit_types:1056)  --> Wrong segment type [0x30a] 0 -> 1
01-28 23:32:22.620     0     0 I fsck.f2fs: [FIX] (check_sit_types:1056)  --> Wrong segment type [0x30d] 0 -> 1
01-28 23:32:22.620     0     0 I fsck.f2fs: [FIX] (check_sit_types:1056)  --> Wrong segment type [0x30e] 0 -> 1
01-28 23:32:22.620     0     0 I fsck.f2fs: [FIX] (check_sit_types:1056)  --> Wrong segment type [0x310] 0 -> 1
01-28 23:32:22.620     0     0 I fsck.f2fs: [FIX] (check_sit_types:1056)  --> Wrong segment type [0x312] 0 -> 1
01-28 23:32:22.620     0     0 I fsck.f2fs: [FIX] (check_sit_types:1056)  --> Wrong segment type [0x31a] 0 -> 1
01-28 23:32:22.620     0     0 I fsck.f2fs: [FIX] (check_sit_types:1056)  --> Wrong segment type [0x31b] 0 -> 1
01-28 23:32:22.620     0     0 I fsck.f2fs: [FIX] (check_sit_types:1056)  --> Wrong segment type [0x31d] 0 -> 1
01-28 23:32:22.620     0     0 I fsck.f2fs: [FIX] (check_sit_types:1056)  --> Wrong segment type [0x31e] 0 -> 1
01-28 23:32:22.620     0     0 I fsck.f2fs: [FIX] (check_sit_types:1056)  --> Wrong segment type [0x31f] 0 -> 1
01-28 23:32:22.620     0     0 I fsck.f2fs: [FIX] (check_sit_types:1056)  --> Wrong segment type [0x320] 0 -> 1
01-28 23:32:22.620     0     0 I fsck.f2fs: [FIX] (check_sit_types:1056)  --> Wrong segment type [0x324] 0 -> 1
01-28 23:32:22.620     0     0 I fsck.f2fs: [FIX] (check_sit_types:1056)  --> Wrong segment type [0x32b] 0 -> 1
01-28 23:32:22.620     0     0 I fsck.f2fs: [FIX] (check_sit_types:1056)  --> Wrong segment type [0x32e] 0 -> 1
01-28 23:32:22.620     0     0 I fsck.f2fs: [FIX] (check_sit_types:1056)  --> Wrong segment type [0x339] 0 -> 1
01-28 23:32:22.620     0     0 I fsck.f2fs: [FIX] (check_sit_types:1056)  --> Wrong segment type [0x33e] 0 -> 1
01-28 23:32:22.620     0     0 I fsck.f2fs: [FIX] (check_sit_types:1056)  --> Wrong segment type [0x34a] 0 -> 1
01-28 23:32:22.620     0     0 I fsck.f2fs: [FIX] (check_sit_types:1056)  --> Wrong segment type [0x34c] 0 -> 1
01-28 23:32:22.620     0     0 I fsck.f2fs: [FIX] (check_sit_types:1056)  --> Wrong segment type [0x350] 0 -> 1
01-28 23:32:22.620     0     0 I fsck.f2fs: [FIX] (check_sit_types:1056)  --> Wrong segment type [0x351] 0 -> 1
01-28 23:32:22.620     0     0 I fsck.f2fs: [FIX] (check_sit_types:1056)  --> Wrong segment type [0x364] 0 -> 1
01-28 23:32:22.620     0     0 I fsck.f2fs: [FIX] (check_sit_types:1056)  --> Wrong segment type [0x366] 0 -> 1
01-28 23:32:22.620     0     0 I fsck.f2fs: [FIX] (check_sit_types:1056)  --> Wrong segment type [0x369] 0 -> 1
01-28 23:32:22.620     0     0 I fsck.f2fs: [FIX] (check_sit_types:1056)  --> Wrong segment type [0x36c] 0 -> 1
01-28 23:32:22.620     0     0 I fsck.f2fs: [FIX] (check_sit_types:1056)  --> Wrong segment type [0x36e] 0 -> 1
01-28 23:32:22.620     0     0 I fsck.f2fs: [FIX] (check_sit_types:1056)  --> Wrong segment type [0x370] 0 -> 1
01-28 23:32:22.620     0     0 I fsck.f2fs: [FIX] (check_sit_types:1056)  --> Wrong segment type [0x372] 0 -> 1
01-28 23:32:22.620     0     0 I fsck.f2fs: [FIX] (check_sit_types:1056)  --> Wrong segment type [0x374] 0 -> 1
01-28 23:32:22.620     0     0 I fsck.f2fs: [FIX] (check_sit_types:1056)  --> Wrong segment type [0x376] 0 -> 1
01-28 23:32:22.621     0     0 I fsck.f2fs: [FIX] (check_sit_types:1056)  --> Wrong segment type [0x379] 0 -> 1
01-28 23:32:22.621     0     0 I fsck.f2fs: [FIX] (check_sit_types:1056)  --> Wrong segment type [0x37a] 0 -> 1
01-28 23:32:22.621     0     0 I fsck.f2fs: [FIX] (check_sit_types:1056)  --> Wrong segment type [0x37c] 0 -> 1
01-28 23:32:22.621     0     0 I fsck.f2fs: [FIX] (check_sit_types:1056)  --> Wrong segment type [0x37f] 0 -> 1
01-28 23:32:22.621     0     0 I fsck.f2fs: [FIX] (check_sit_types:1056)  --> Wrong segment type [0x382] 0 -> 1
01-28 23:32:22.621     0     0 I fsck.f2fs: [FIX] (check_sit_types:1056)  --> Wrong segment type [0x39a] 0 -> 1
01-28 23:32:22.621     0     0 I fsck.f2fs: [FIX] (check_sit_types:1056)  --> Wrong segment type [0x39f] 0 -> 1
01-28 23:32:22.621     0     0 I fsck.f2fs: [FIX] (check_sit_types:1056)  --> Wrong segment type [0x3a0] 0 -> 1
01-28 23:32:22.621     0     0 I fsck.f2fs: [FIX] (check_sit_types:1056)  --> Wrong segment type [0x3a5] 0 -> 1
01-28 23:32:22.621     0     0 I fsck.f2fs: [FIX] (check_sit_types:1056)  --> Wrong segment type [0x3a7] 0 -> 1
01-28 23:32:22.621     0     0 I fsck.f2fs: [FIX] (check_sit_types:1056)  --> Wrong segment type [0x3a8] 0 -> 1
01-28 23:32:22.621     0     0 I fsck.f2fs: [FIX] (check_sit_types:1056)  --> Wrong segment type [0x3aa] 0 -> 1
01-28 23:32:22.621     0     0 I fsck.f2fs: [FIX] (check_sit_types:1056)  --> Wrong segment type [0x3ac] 0 -> 1
01-28 23:32:22.621     0     0 I fsck.f2fs: [FIX] (check_sit_types:1056)  --> Wrong segment type [0x3ad] 0 -> 1
01-28 23:32:22.621     0     0 I fsck.f2fs: [FIX] (check_sit_types:1056)  --> Wrong segment type [0x3af] 0 -> 1
01-28 23:32:22.621     0     0 I fsck.f2fs: [FIX] (check_sit_types:1056)  --> Wrong segment type [0x3b1] 0 -> 1
01-28 23:32:22.621     0     0 I fsck.f2fs: [FIX] (check_sit_types:1056)  --> Wrong segment type [0x3b3] 0 -> 1
01-28 23:32:22.621     0     0 I fsck.f2fs: [FIX] (check_sit_types:1056)  --> Wrong segment type [0x3b5] 0 -> 1
01-28 23:32:22.621     0     0 I fsck.f2fs: [FIX] (check_sit_types:1056)  --> Wrong segment type [0x3b8] 0 -> 1
01-28 23:32:22.621     0     0 I fsck.f2fs: [FIX] (check_sit_types:1056)  --> Wrong segment type [0x3ba] 0 -> 1
01-28 23:32:22.621     0     0 I fsck.f2fs: [FIX] (check_sit_types:1056)  --> Wrong segment type [0x3bb] 0 -> 1
01-28 23:32:22.621     0     0 I fsck.f2fs: [FIX] (check_sit_types:1056)  --> Wrong segment type [0x3bd] 0 -> 1
01-28 23:32:22.621     0     0 I fsck.f2fs: [FIX] (check_sit_types:1056)  --> Wrong segment type [0x3bf] 0 -> 1
01-28 23:32:22.621     0     0 I fsck.f2fs: [FIX] (check_sit_types:1056)  --> Wrong segment type [0x3c0] 0 -> 1
01-28 23:32:22.621     0     0 I fsck.f2fs: [FIX] (check_sit_types:1056)  --> Wrong segment type [0x3c3] 0 -> 1
01-28 23:32:22.621     0     0 I fsck.f2fs: [FIX] (check_sit_types:1056)  --> Wrong segment type [0x3c4] 0 -> 1
01-28 23:32:22.621     0     0 I fsck.f2fs: [FIX] (check_sit_types:1056)  --> Wrong segment type [0x3c8] 0 -> 1
01-28 23:32:22.621     0     0 I fsck.f2fs: [FIX] (check_sit_types:1056)  --> Wrong segment type [0x3c9] 0 -> 1
01-28 23:32:22.621     0     0 I fsck.f2fs: [FIX] (check_sit_types:1056)  --> Wrong segment type [0x3cb] 0 -> 1
01-28 23:32:22.621     0     0 I fsck.f2fs: [FIX] (check_sit_types:1056)  --> Wrong segment type [0x58b] 0 -> 1
01-28 23:32:22.621     0     0 I fsck.f2fs: [FIX] (check_sit_types:1056)  --> Wrong segment type [0x5e6] 0 -> 1
01-28 23:32:22.621     0     0 I fsck.f2fs: [FIX] (check_sit_types:1056)  --> Wrong segment type [0x5f5] 0 -> 1
01-28 23:32:22.621     0     0 I fsck.f2fs: [FIX] (check_sit_types:1056)  --> Wrong segment type [0x6e6] 0 -> 1
01-28 23:32:22.621     0     0 I fsck.f2fs: [FSCK] other corrupted bugs                           [Ok..]
01-28 23:32:22.621     0     0 I fsck.f2fs:  
01-28 23:32:22.621     0     0 I fsck.f2fs: Done.
01-28 23:32:22.671   329   329 I auditd  : type=1400 audit(0.0:9): avc: granted { getattr } for comm="fsck.f2fs" path="/vendor" dev="rootfs" ino=10148 scontext=u:r:fsck:s0 tcontext=u:object_r:rootfs:s0 tclass=lnk_file
01-28 23:32:22.671   329   329 W fsck.f2fs: type=1400 audit(0.0:9): avc: granted { getattr } for path="/vendor" dev="rootfs" ino=10148 scontext=u:r:fsck:s0 tcontext=u:object_r:rootfs:s0 tclass=lnk_file
01-28 23:32:22.674     0     0 I F2FS-fs (mmcblk0p44): Mounted with checkpoint version = 16782
01-28 23:32:22.675     0     0 D SELinux : initialized (dev mmcblk0p44, type f2fs), uses xattr
01-28 23:32:22.675     0     0 I init    : [libfs_mgr]__mount(source=/dev/block/bootdevice/by-name/userdata,target=/data,type=f2fs)=0
01-28 23:32:22.675     0     0 E init    : [libfs_mgr]mount_with_alternatives(): skipping fstab dup mountpoint=/data rec[2].fs_type=ext4 already mounted as f2fs
01-28 23:32:22.676     0     0 I init    : [libfs_mgr]Running /system/bin/fsck.f2fs -a /dev/block/bootdevice/by-name/cache
01-28 23:32:22.776     0     0 I fsck.f2fs: Info: Fix the reported corruption.
01-28 23:32:22.776     0     0 I fsck.f2fs: Info: sector size = 512
01-28 23:32:22.776     0     0 I fsck.f2fs: Info: total sectors = 786432 (in 512 bytes)
01-28 23:32:22.776     0     0 I fsck.f2fs: Info: MKFS version
01-28 23:32:22.776     0     0 I fsck.f2fs: "Linux version 3.10.84-perf-gd9a4f08 (jenkins@5f51a4c0d870) (gcc version 4.9 20150123 (prerelease) (GCC) ) #1 SMP PREEMPT Sun Jun 11 20:48:13 UTC 2017"
01-28 23:32:22.776     0     0 I fsck.f2fs: Info: FSCK version
01-28 23:32:22.776     0     0 I fsck.f2fs: from "Linux version 3.10.84-perf-gd9a4f08 (jenkins@5f51a4c0d870) (gcc version 4.9 20150123 (prerelease) (GCC) ) #1 SMP PREEMPT Sun Jun 11 20:48:13 UTC 2017"
01-28 23:32:22.776     0     0 I fsck.f2fs: to "Linux version 3.10.107-perf-gf361af53c4c (markcolson@linux-xca6) (gcc version 4.9.x 20150123 (prerelease) (GCC) ) #1 SMP PREEMPT Fri Oct 13 18:52:47 CST 2017"
01-28 23:32:22.776     0     0 I fsck.f2fs:  
01-28 23:32:22.776     0     0 I fsck.f2fs: [FSCK] Unreachable nat entries                        [Ok..] [0x0]
01-28 23:32:22.776     0     0 I fsck.f2fs: [FSCK] SIT valid block bitmap checking                [Ok..]
01-28 23:32:22.776     0     0 I fsck.f2fs: [FSCK] Hard link checking for regular file            [Ok..] [0x0]
01-28 23:32:22.776     0     0 I fsck.f2fs: [FSCK] valid_block_count matching with CP             [Ok..] [0x835]
01-28 23:32:22.776     0     0 I fsck.f2fs: [FSCK] valid_node_count matcing with CP (de lookup)   [Ok..] [0xa]
01-28 23:32:22.776     0     0 I fsck.f2fs: [FSCK] valid_node_count matcing with CP (nat lookup)  [Ok..] [0xa]
01-28 23:32:22.776     0     0 I fsck.f2fs: [FSCK] valid_inode_count matched with CP              [Ok..] [0x8]
01-28 23:32:22.776     0     0 I fsck.f2fs: [FSCK] free segment_count matched with CP             [Ok..] [0xad]
01-28 23:32:22.776     0     0 I fsck.f2fs: [FSCK] next block offset is free                      [Ok..]
01-28 23:32:22.776     0     0 I fsck.f2fs: [FSCK] fixing SIT types
01-28 23:32:22.776     0     0 I fsck.f2fs: [FIX] (check_sit_types:1056)  --> Wrong segment type [0xb4] 0 -> 1
01-28 23:32:22.776     0     0 I fsck.f2fs: [FSCK] other corrupted bugs                           [Ok..]
01-28 23:32:22.776     0     0 I fsck.f2fs:  
01-28 23:32:22.776     0     0 I fsck.f2fs: Done.
01-28 23:32:22.791     0     0 I F2FS-fs (mmcblk0p42): Mounted with checkpoint version = 7
01-28 23:32:22.791     0     0 D SELinux : initialized (dev mmcblk0p42, type f2fs), uses xattr
01-28 23:32:22.791     0     0 I init    : [libfs_mgr]__mount(source=/dev/block/bootdevice/by-name/cache,target=/cache,type=f2fs)=0
01-28 23:32:22.791     0     0 E init    : [libfs_mgr]mount_with_alternatives(): skipping fstab dup mountpoint=/cache rec[4].fs_type=ext4 already mounted as f2fs
01-28 23:32:22.796     0     0 D SELinux : initialized (dev mmcblk0p36, type vfat), uses genfs_contexts
01-28 23:32:22.797     0     0 I init    : [libfs_mgr]__mount(source=/dev/block/bootdevice/by-name/modem,target=/firmware,type=vfat)=0
01-28 23:32:22.802     0     0 D SELinux : initialized (dev mmcblk0p14, type vfat), uses genfs_contexts
01-28 23:32:22.802     0     0 I init    : [libfs_mgr]__mount(source=/dev/block/bootdevice/by-name/bluetooth,target=/bt_firmware,type=vfat)=0
01-28 23:32:22.803     0     0 I init    : Parsing directory /system/etc/init...
01-28 23:32:22.804     0     0 I init    : Parsing file /system/etc/init/android.hidl.allocator@1.0-service.rc...
01-28 23:32:22.804     0     0 I init    : Parsing file /system/etc/init/atrace.rc...
01-28 23:32:22.805     0     0 I init    : Parsing file /system/etc/init/atrace_userdebug.rc...
01-28 23:32:22.806     0     0 I init    : Parsing file /system/etc/init/audioserver.rc...
01-28 23:32:22.806     0     0 I init    : Parsing file /system/etc/init/bootanim.rc...
01-28 23:32:22.806     0     0 I init    : Parsing file /system/etc/init/bootstat.rc...
01-28 23:32:22.807     0     0 I init    : Parsing file /system/etc/init/cameraserver.rc...
01-28 23:32:22.807     0     0 I init    : Parsing file /system/etc/init/drmserver.rc...
01-28 23:32:22.807     0     0 I init    : Parsing file /system/etc/init/dumpstate.rc...
01-28 23:32:22.807     0     0 I init    : Parsing file /system/etc/init/gatekeeperd.rc...
01-28 23:32:22.808     0     0 E init    : ignored duplicate definition of service 'gatekeeperd'
01-28 23:32:22.808     0     0 I init    : Parsing file /system/etc/init/hwservicemanager.rc...
01-28 23:32:22.808     0     0 I init    : Parsing file /system/etc/init/init-debug.rc...
01-28 23:32:22.808     0     0 I init    : Parsing file /system/etc/init/installd.rc...
01-28 23:32:22.809     0     0 I init    : Parsing file /system/etc/init/keystore.rc...
01-28 23:32:22.809     0     0 I init    : Parsing file /system/etc/init/lmkd.rc...
01-28 23:32:22.810     0     0 I init    : Parsing file /system/etc/init/logcatd.rc...
01-28 23:32:22.810     0     0 I init    : Parsing file /system/etc/init/logd.rc...
01-28 23:32:22.810     0     0 I init    : Parsing file /system/etc/init/logtagd.rc...
01-28 23:32:22.811     0     0 I init    : Parsing file /system/etc/init/mdnsd.rc...
01-28 23:32:22.811     0     0 I init    : Parsing file /system/etc/init/mediadrmserver.rc...
01-28 23:32:22.811     0     0 I init    : Parsing file /system/etc/init/mediaextractor.rc...
01-28 23:32:22.812     0     0 I init    : Parsing file /system/etc/init/mediametrics.rc...
01-28 23:32:22.812     0     0 I init    : Parsing file /system/etc/init/mediaserver.rc...
01-28 23:32:22.812     0     0 I init    : Parsing file /system/etc/init/mtpd.rc...
01-28 23:32:22.812     0     0 I init    : Parsing file /system/etc/init/netd.rc...
01-28 23:32:22.813     0     0 I init    : Parsing file /system/etc/init/perfprofd.rc...
01-28 23:32:22.813     0     0 I init    : Parsing file /system/etc/init/racoon.rc...
01-28 23:32:22.813     0     0 I init    : Parsing file /system/etc/init/servicemanager.rc...
01-28 23:32:22.814     0     0 I init    : Parsing file /system/etc/init/storaged.rc...
01-28 23:32:22.814     0     0 I init    : Parsing file /system/etc/init/surfaceflinger.rc...
01-28 23:32:22.814     0     0 I init    : Parsing file /system/etc/init/tombstoned.rc...
01-28 23:32:22.815     0     0 I init    : Parsing file /system/etc/init/uncrypt.rc...
01-28 23:32:22.815     0     0 I init    : Parsing file /system/etc/init/vdc.rc...
01-28 23:32:22.815     0     0 I init    : Parsing file /system/etc/init/vold.rc...
01-28 23:32:22.815     0     0 I init    : Parsing file /system/etc/init/webview_zygote32.rc...
01-28 23:32:22.816     0     0 I init    : Parsing file /system/etc/init/webview_zygote64.rc...
01-28 23:32:22.816     0     0 I init    : Parsing file /system/etc/init/wifi-events.rc...
01-28 23:32:22.817     0     0 I init    : Parsing file /system/etc/init/wificond.rc...
01-28 23:32:22.817     0     0 I init    : Parsing directory /vendor/etc/init...
01-28 23:32:22.818     0     0 I init    : Parsing file /vendor/etc/init/android.hardware.audio@2.0-service.rc...
01-28 23:32:22.818     0     0 I init    : Parsing file /vendor/etc/init/android.hardware.configstore@1.0-service.rc...
01-28 23:32:22.818     0     0 I init    : Parsing file /vendor/etc/init/android.hardware.drm@1.0-service.rc...
01-28 23:32:22.819     0     0 I init    : Parsing file /vendor/etc/init/android.hardware.gatekeeper@1.0-service.rc...
01-28 23:32:22.819     0     0 I init    : Parsing file /vendor/etc/init/android.hardware.graphics.allocator@2.0-service.rc...
01-28 23:32:22.819     0     0 I init    : Parsing file /vendor/etc/init/android.hardware.graphics.composer@2.1-service.rc...
01-28 23:32:22.819     0     0 I init    : Parsing file /vendor/etc/init/android.hardware.health@1.0-service.rc...
01-28 23:32:22.820     0     0 I init    : Parsing file /vendor/etc/init/android.hardware.ir@1.0-service.libra.rc...
01-28 23:32:22.820     0     0 I init    : Parsing file /vendor/etc/init/android.hardware.keymaster@3.0-service.rc...
01-28 23:32:22.820     0     0 I init    : Parsing file /vendor/etc/init/android.hardware.light@2.0-service.libra.rc...
01-28 23:32:22.820     0     0 I init    : Parsing file /vendor/etc/init/android.hardware.light@2.0-service.rc...
01-28 23:32:22.821     0     0 E init    : ignored duplicate definition of service 'light-hal-2-0'
01-28 23:32:22.821     0     0 I init    : Parsing file /vendor/etc/init/android.hardware.media.omx@1.0-service.rc...
01-28 23:32:22.821     0     0 I init    : Parsing file /vendor/etc/init/android.hardware.memtrack@1.0-service.rc...
01-28 23:32:22.821     0     0 I init    : Parsing file /vendor/etc/init/android.hardware.sensors@1.0-service.rc...
01-28 23:32:22.821     0     0 I init    : Parsing file /vendor/etc/init/android.hardware.thermal@1.0-service.rc...
01-28 23:32:22.822     0     0 I init    : Parsing file /vendor/etc/init/android.hardware.usb@1.0-service.rc...
01-28 23:32:22.822     0     0 I init    : Parsing file /vendor/etc/init/android.hardware.vibrator@1.0-service.rc...
01-28 23:32:22.822     0     0 I init    : Parsing file /vendor/etc/init/android.hardware.wifi@1.0-service.rc...
01-28 23:32:22.823     0     0 I init    : Parsing file /vendor/etc/init/hostapd.android.rc...
01-28 23:32:22.823     0     0 I init    : Parsing file /vendor/etc/init/rild.rc...
01-28 23:32:22.823     0     0 I init    : Parsing file /vendor/etc/init/vndservicemanager.rc...
01-28 23:32:22.823     0     0 I init    : Parsing file /odm/etc/init...
01-28 23:32:22.823     0     0 I init    : Command 'mount_all fstab.qcom' action=fs (init.target.rc:39) returned 1 took 11596.4ms.
01-28 23:32:22.826     0     0 I EXT4-fs (mmcblk0p39): mounted filesystem with ordered data mode. Opts: barrier=1
01-28 23:32:22.826     0     0 D SELinux : initialized (dev mmcblk0p39, type ext4), uses xattr
01-28 23:32:22.826     0     0 I SELinux : Context u:object_r:persist_file:s0 is not valid (left unmapped).
01-28 23:32:22.827     0     0 I SELinux : Context u:object_r:sensors_persist_file:s0 is not valid (left unmapped).
01-28 23:32:22.827     0     0 I SELinux : Context u:object_r:persist_drm_file:s0 is not valid (left unmapped).
01-28 23:32:22.827     0     0 I SELinux : Context u:object_r:persist_display_file:s0 is not valid (left unmapped).
01-28 23:32:22.827     0     0 I SELinux : Context u:object_r:persist_bluetooth_file:s0 is not valid (left unmapped).
01-28 23:32:22.827     0     0 I SELinux : Context u:object_r:rfs_file:s0 is not valid (left unmapped).
01-28 23:32:22.827     0     0 I SELinux : Context u:object_r:rfs_shared_hlos_file:s0 is not valid (left unmapped).
01-28 23:32:22.827     0     0 I SELinux : Context u:object_r:persist_property_file:s0 is not valid (left unmapped).
01-28 23:32:22.835     0     0 I init    : processing action (post-fs)
01-28 23:32:22.836     0     0 E init    : property_set("ro.bluetooth.sap", "true") failed: property already set
01-28 23:32:22.836     0     0 E init    : property_set("ro.bluetooth.dun", "true") failed: property already set
01-28 23:32:22.836     0     0 E init    : property_set("ro.bluetooth.hfp.ver", "1.6") failed: property already set
01-28 23:32:22.837     0     0 W init    : Couldn't load properties from /odm/build.prop: No such file or directory
01-28 23:32:22.837     0     0 W init    : Couldn't load properties from /vendor/build.prop: No such file or directory
01-28 23:32:22.837     0     0 W init    : Couldn't load properties from /factory/factory.prop: No such file or directory
01-28 23:32:22.837     0     0 I init    : [libfs_mgr]fs_mgr_read_fstab_dt(): failed to read fstab from dt
01-28 23:32:22.838     0     0 I init    : computing context for service 'logd'
01-28 23:32:22.839     0     0 I init    : starting service 'logd'...
01-28 23:32:22.840     0     0 I init    : Created socket '/dev/socket/logd', mode 666, user 1036, group 1036
01-28 23:32:22.840     0     0 I init    : computing context for service 'servicemanager'
01-28 23:32:22.840     0     0 I init    : starting service 'servicemanager'...
01-28 23:32:22.840     0     0 I init    : Created socket '/dev/socket/logdr', mode 666, user 1036, group 1036
01-28 23:32:22.841     0     0 I init    : Created socket '/dev/socket/logdw', mode 222, user 1036, group 1036
01-28 23:32:22.841     0     0 I init    : computing context for service 'hwservicemanager'
01-28 23:32:22.841     0     0 I init    : Opened file '/proc/kmsg', flags 0
01-28 23:32:22.841     0     0 I init    : Opened file '/dev/kmsg', flags 1
01-28 23:32:22.841     0     0 I init    : starting service 'hwservicemanager'...
01-28 23:32:22.843     0     0 I init    : computing context for service 'vndservicemanager'
01-28 23:32:22.843     0     0 I init    : starting service 'vndservicemanager'...
01-28 23:32:22.868     0     0 I logd.auditd: start
01-28 23:32:22.893     0     0 E init    : write_file: Unable to open '/sys/kernel/tracing/tracing_on': No such file or directory
01-28 23:32:22.893     0     0 I init    : processing action (late-fs)
01-28 23:32:22.894     0     0 I init    : computing context for service 'keymaster-3-0'
01-28 23:32:22.895     0     0 I init    : starting service 'keymaster-3-0'...
01-28 23:32:22.895     0     0 I init    : processing action (post-fs-data)
01-28 23:32:22.896     0     0 I init    : computing context for service 'vold'
01-28 23:32:22.896     0     0 I init    : starting service 'vold'...
01-28 23:32:22.897     0     0 I init    : Created socket '/dev/socket/vold', mode 660, user 0, group 1009
01-28 23:32:22.898     0     0 I init    : Created socket '/dev/socket/cryptd', mode 660, user 0, group 1009
01-28 23:32:22.902     0     0 I binder  : 337:337 ioctl 620a 0 returned -22
01-28 23:32:22.920   337   337 W /system/bin/hwservicemanager: getTransportFromManifest: Cannot find entry android.hardware.keymaster@3.0::IKeymasterDevice in either framework or device manifest, using default transport.
01-28 23:32:22.929   344   344 I android.hardware.keymaster@3.0-impl: Fetching keymaster device name default
01-28 23:32:22.929   344   344 I vndksupport: sphal namespace is not configured for this process. Loading /vendor/lib64/hw/keystore.msm8992.so from the current namespace instead.
01-28 23:32:22.930   344   344 E HAL     : load: module=/vendor/lib64/hw/keystore.msm8992.so
01-28 23:32:22.930   344   344 E HAL     : dlopen failed: library "libkmcrypto.so" not found
01-28 23:32:22.930   344   344 I android.hardware.keymaster@3.0-impl: Could not find any keystore module, using software-only implementation.
01-28 23:32:22.931   344   344 I ServiceManagement: Removing namespace from process name android.hardware.keymaster@3.0-service to keymaster@3.0-s.
01-28 23:32:22.932   344   344 I android.hardware.keymaster@3.0-service: Registration complete for android.hardware.keymaster@3.0::IKeymasterDevice/default.
--------- beginning of system
01-28 23:32:22.946   345   345 I vold    : Vold 3.0 (the awakening) firing up
01-28 23:32:22.947   345   345 V vold    : Detected support for: ext4 f2fs vfat
01-28 23:32:22.949   345   345 I vold    : [libfs_mgr]fs_mgr_read_fstab_dt(): failed to read fstab from dt
01-28 23:32:22.951   345   352 D vold    : e4crypt_init_user0
01-28 23:32:22.951   345   352 D vold    : e4crypt_prepare_user_storage for volume null, user 0, serial 0, flags 1
01-28 23:32:22.951   345   352 D vold    : Preparing: /data/system/users/0
01-28 23:32:22.951   345   352 D vold    : Preparing: /data/misc/profiles/cur/0
01-28 23:32:22.951   345   352 D vold    : Preparing: /data/system_de/0
01-28 23:32:22.951   345   352 D vold    : Preparing: /data/misc_de/0
01-28 23:32:22.952   345   352 D vold    : Preparing: /data/user_de/0
01-28 23:32:22.952   345   352 D vold    : e4crypt_unlock_user_key 0 serial=0 token_present=0
01-28 23:32:22.952   345   352 E vold    : Failed to chmod /data/system_ce/0: No such file or directory
01-28 23:32:22.952   345   352 E vold    : Failed to chmod /data/misc_ce/0: No such file or directory
01-28 23:32:22.957     0     0 I vdc     : 200 346 Command succeeded
01-28 23:32:22.957     0     0 I init    : init_user0 result: 0
01-28 23:32:28.189     0     0 I init    : Command 'restorecon --recursive --skip-ce /data' action=post-fs-data (/init.rc:492) returned 0 took 5231.58ms.
01-28 23:32:28.189     0     0 I init    : computing context for service 'exec 1 (/system/bin/tzdatacheck)'
01-28 23:32:28.189     0     0 I init    : starting service 'exec 1 (/system/bin/tzdatacheck)'...
01-28 23:32:28.190     0     0 I init    : SVC_EXEC pid 353 (uid 1000 gid 1000+0 context default) started; waiting...
01-28 23:32:28.199   353   353 I /system/bin/tzdatacheck: timezone distro dir /data/misc/zoneinfo/current does not exist. No action required.
01-28 23:32:28.203     0     0 I init    : Service 'exec 1 (/system/bin/tzdatacheck)' (pid 353) exited with status 0 waiting took 0.013361 seconds
01-28 23:32:28.211   354   354 I auditd  : type=1400 audit(0.0:10): avc: granted { getattr } for comm="netd" path="/vendor" dev="rootfs" ino=10148 scontext=u:r:netd:s0 tcontext=u:object_r:rootfs:s0 tclass=lnk_file
01-28 23:32:28.211   354   354 W netd    : type=1400 audit(0.0:10): avc: granted { getattr } for path="/vendor" dev="rootfs" ino=10148 scontext=u:r:netd:s0 tcontext=u:object_r:rootfs:s0 tclass=lnk_file
01-28 23:32:28.212     0     0 I init    : processing action (ro.crypto.state=unencrypted && zygote-start)
01-28 23:32:28.212     0     0 E init    : ExecStart(update_verifier_nonencrypted): Service not found
01-28 23:32:28.212     0     0 I init    : computing context for service 'netd'
01-28 23:32:28.212     0     0 I init    : starting service 'netd'...
01-28 23:32:28.213     0     0 I init    : computing context for service 'zygote'
01-28 23:32:28.213     0     0 I init    : starting service 'zygote'...
01-28 23:32:28.214     0     0 I init    : Created socket '/dev/socket/netd', mode 660, user 0, group 1000
01-28 23:32:28.214     0     0 I init    : computing context for service 'zygote_secondary'
01-28 23:32:28.214     0     0 I init    : Created socket '/dev/socket/dnsproxyd', mode 660, user 0, group 3003
01-28 23:32:28.214     0     0 I init    : starting service 'zygote_secondary'...
01-28 23:32:28.214     0     0 I init    : Created socket '/dev/socket/zygote', mode 660, user 0, group 1000
01-28 23:32:28.214     0     0 I init    : Created socket '/dev/socket/mdns', mode 660, user 0, group 1000
01-28 23:32:28.215   358   358 I auditd  : type=1400 audit(0.0:11): avc: denied { read } for comm="ueventd" name="adsp.mdt" dev="mmcblk0p36" ino=4 scontext=u:r:ueventd:s0 tcontext=u:object_r:vfat:s0 tclass=file permissive=1
01-28 23:32:28.215   358   358 I ueventd : type=1400 audit(0.0:11): avc: denied { read } for name="adsp.mdt" dev="mmcblk0p36" ino=4 scontext=u:r:ueventd:s0 tcontext=u:object_r:vfat:s0 tclass=file permissive=1
01-28 23:32:28.215   358   358 I auditd  : type=1400 audit(0.0:12): avc: denied { open } for comm="ueventd" path="/firmware/image/adsp.mdt" dev="mmcblk0p36" ino=4 scontext=u:r:ueventd:s0 tcontext=u:object_r:vfat:s0 tclass=file permissive=1
01-28 23:32:28.215   358   358 I ueventd : type=1400 audit(0.0:12): avc: denied { open } for path="/firmware/image/adsp.mdt" dev="mmcblk0p36" ino=4 scontext=u:r:ueventd:s0 tcontext=u:object_r:vfat:s0 tclass=file permissive=1
01-28 23:32:28.215   358   358 I auditd  : type=1400 audit(0.0:13): avc: denied { getattr } for comm="ueventd" path="/firmware/image/adsp.mdt" dev="mmcblk0p36" ino=4 scontext=u:r:ueventd:s0 tcontext=u:object_r:vfat:s0 tclass=file permissive=1
01-28 23:32:28.215   358   358 I ueventd : type=1400 audit(0.0:13): avc: denied { getattr } for path="/firmware/image/adsp.mdt" dev="mmcblk0p36" ino=4 scontext=u:r:ueventd:s0 tcontext=u:object_r:vfat:s0 tclass=file permissive=1
01-28 23:32:28.215     0     0 I init    : processing action (load_persist_props_action)
01-28 23:32:28.215     0     0 W init    : Couldn't load properties from /data/local.prop: No such file or directory
01-28 23:32:28.215     0     0 I init    : Created socket '/dev/socket/fwmarkd', mode 660, user 0, group 3003
01-28 23:32:28.215     0     0 I init    : computing context for service 'logd-reinit'
01-28 23:32:28.215     0     0 I init    : Created socket '/dev/socket/zygote_secondary', mode 660, user 0, group 1000
01-28 23:32:28.215     0     0 I init    : starting service 'logd-reinit'...
01-28 23:32:28.216     0     0 I init    : processing action (firmware_mounts_complete)
01-28 23:32:28.216     0     0 I init    : processing action (early-boot)
01-28 23:32:28.217     0     0 I ueventd : firmware: loading 'adsp.mdt' for '/devices/soc.0/fe200000.qcom,lpass/firmware/adsp.mdt'
01-28 23:32:28.225     0     0 I subsys-pil-tz fe200000.qcom,lpass: adsp: loading from 0x0000000007400000 to 0x0000000008800000
01-28 23:32:28.225     0     0 I ueventd : loading /devices/soc.0/fe200000.qcom,lpass/firmware/adsp.mdt took 0.00789432 seconds
01-28 23:32:28.234     0     0 I logd.daemon: reinit
01-28 23:32:28.254   354   354 I Netd    : Netd 1.0 starting
01-28 23:32:28.254   354   354 D TetherController: Setting IP forward enable = 0
01-28 23:32:28.255   359   359 I auditd  : type=1400 audit(0.0:14): avc: granted { getattr } for comm="iptables-restor" path="/vendor" dev="rootfs" ino=10148 scontext=u:r:netd:s0 tcontext=u:object_r:rootfs:s0 tclass=lnk_file
01-28 23:32:28.255   359   359 W iptables-restor: type=1400 audit(0.0:14): avc: granted { getattr } for path="/vendor" dev="rootfs" ino=10148 scontext=u:r:netd:s0 tcontext=u:object_r:rootfs:s0 tclass=lnk_file
01-28 23:32:28.275   360   360 I auditd  : type=1400 audit(0.0:15): avc: granted { getattr } for comm="ip6tables-resto" path="/vendor" dev="rootfs" ino=10148 scontext=u:r:netd:s0 tcontext=u:object_r:rootfs:s0 tclass=lnk_file
01-28 23:32:28.275   360   360 W ip6tables-resto: type=1400 audit(0.0:15): avc: granted { getattr } for path="/vendor" dev="rootfs" ino=10148 scontext=u:r:netd:s0 tcontext=u:object_r:rootfs:s0 tclass=lnk_file
01-28 23:32:28.284     0     0 I ueventd : firmware: loading 'adsp.b02' for '/devices/soc.0/fe200000.qcom,lpass/firmware/adsp.b02'
01-28 23:32:28.287   363   363 I auditd  : type=1400 audit(0.0:16): avc: granted { getattr } for comm="iptables" path="/vendor" dev="rootfs" ino=10148 scontext=u:r:netd:s0 tcontext=u:object_r:rootfs:s0 tclass=lnk_file
01-28 23:32:28.287   363   363 W iptables: type=1400 audit(0.0:16): avc: granted { getattr } for path="/vendor" dev="rootfs" ino=10148 scontext=u:r:netd:s0 tcontext=u:object_r:rootfs:s0 tclass=lnk_file
01-28 23:32:28.288     0     0 I ueventd : loading /devices/soc.0/fe200000.qcom,lpass/firmware/adsp.b02 took 0.00442922 seconds
01-28 23:32:28.289     0     0 I ueventd : firmware: loading 'adsp.b03' for '/devices/soc.0/fe200000.qcom,lpass/firmware/adsp.b03'
01-28 23:32:28.293     0     0 I ueventd : loading /devices/soc.0/fe200000.qcom,lpass/firmware/adsp.b03 took 0.0046051 seconds
01-28 23:32:28.294     0     0 I ueventd : firmware: loading 'adsp.b04' for '/devices/soc.0/fe200000.qcom,lpass/firmware/adsp.b04'
01-28 23:32:28.295   365   365 I auditd  : type=1400 audit(0.0:17): avc: granted { getattr } for comm="ip6tables" path="/vendor" dev="rootfs" ino=10148 scontext=u:r:netd:s0 tcontext=u:object_r:rootfs:s0 tclass=lnk_file
01-28 23:32:28.295   365   365 W ip6tables: type=1400 audit(0.0:17): avc: granted { getattr } for path="/vendor" dev="rootfs" ino=10148 scontext=u:r:netd:s0 tcontext=u:object_r:rootfs:s0 tclass=lnk_file
01-28 23:32:28.307   366   366 I auditd  : type=1400 audit(0.0:18): avc: granted { getattr } for comm="iptables" path="/vendor" dev="rootfs" ino=10148 scontext=u:r:netd:s0 tcontext=u:object_r:rootfs:s0 tclass=lnk_file
01-28 23:32:28.307   366   366 W iptables: type=1400 audit(0.0:18): avc: granted { getattr } for path="/vendor" dev="rootfs" ino=10148 scontext=u:r:netd:s0 tcontext=u:object_r:rootfs:s0 tclass=lnk_file
01-28 23:32:28.323   368   368 I auditd  : type=1400 audit(0.0:19): avc: granted { getattr } for comm="ip6tables" path="/vendor" dev="rootfs" ino=10148 scontext=u:r:netd:s0 tcontext=u:object_r:rootfs:s0 tclass=lnk_file
01-28 23:32:28.323   368   368 W ip6tables: type=1400 audit(0.0:19): avc: granted { getattr } for path="/vendor" dev="rootfs" ino=10148 scontext=u:r:netd:s0 tcontext=u:object_r:rootfs:s0 tclass=lnk_file
01-28 23:32:28.326     0     0 I ueventd : loading /devices/soc.0/fe200000.qcom,lpass/firmware/adsp.b04 took 0.031691 seconds
01-28 23:32:28.326     0     0 I ueventd : firmware: loading 'adsp.b06' for '/devices/soc.0/fe200000.qcom,lpass/firmware/adsp.b06'
01-28 23:32:28.335   369   369 I auditd  : type=1400 audit(0.0:20): avc: granted { getattr } for comm="iptables" path="/vendor" dev="rootfs" ino=10148 scontext=u:r:netd:s0 tcontext=u:object_r:rootfs:s0 tclass=lnk_file
01-28 23:32:28.335   369   369 W iptables: type=1400 audit(0.0:20): avc: granted { getattr } for path="/vendor" dev="rootfs" ino=10148 scontext=u:r:netd:s0 tcontext=u:object_r:rootfs:s0 tclass=lnk_file
01-28 23:32:28.339     0     0 I ueventd : loading /devices/soc.0/fe200000.qcom,lpass/firmware/adsp.b06 took 0.0126055 seconds
01-28 23:32:28.346     0     0 I ueventd : firmware: loading 'adsp.b08' for '/devices/soc.0/fe200000.qcom,lpass/firmware/adsp.b08'
01-28 23:32:28.347   372   372 I auditd  : type=1400 audit(0.0:21): avc: granted { getattr } for comm="ip6tables" path="/vendor" dev="rootfs" ino=10148 scontext=u:r:netd:s0 tcontext=u:object_r:rootfs:s0 tclass=lnk_file
01-28 23:32:28.347   372   372 W ip6tables: type=1400 audit(0.0:21): avc: granted { getattr } for path="/vendor" dev="rootfs" ino=10148 scontext=u:r:netd:s0 tcontext=u:object_r:rootfs:s0 tclass=lnk_file
01-28 23:32:28.347     0     0 I ueventd : loading /devices/soc.0/fe200000.qcom,lpass/firmware/adsp.b08 took 0.000805573 seconds
01-28 23:32:28.348     0     0 I ueventd : firmware: loading 'adsp.b09' for '/devices/soc.0/fe200000.qcom,lpass/firmware/adsp.b09'
01-28 23:32:28.355     0     0 I ueventd : loading /devices/soc.0/fe200000.qcom,lpass/firmware/adsp.b09 took 0.00726172 seconds
