01-28 23:32:32.005   605   605 W system_server: failed to remove /acct/uid_1003: Permission denied
01-28 23:32:32.005   605   605 W system_server: failed to remove /acct/uid_1058/pid_442: Device or resource busy
01-28 23:32:32.005   605   605 W system_server: failed to remove /acct/uid_1058: Permission denied
01-28 23:32:32.005   605   605 W system_server: failed to remove /acct/uid_1046/pid_435: Device or resource busy
01-28 23:32:32.005   605   605 W system_server: failed to remove /acct/uid_1046: Permission denied
01-28 23:32:32.005   605   605 W system_server: failed to remove /acct/uid_1040/pid_428: Device or resource busy
01-28 23:32:32.005   605   605 W system_server: failed to remove /acct/uid_1040: Permission denied
01-28 23:32:32.005   605   605 W system_server: failed to remove /acct/uid_1017/pid_426: Device or resource busy
01-28 23:32:32.005   605   605 W system_server: failed to remove /acct/uid_1017: Permission denied
01-28 23:32:32.005   605   605 W system_server: failed to remove /acct/uid_1019/pid_424: Device or resource busy
01-28 23:32:32.005   605   605 W system_server: failed to remove /acct/uid_1019: Permission denied
01-28 23:32:32.005   605   605 W system_server: failed to remove /acct/uid_1047/pid_423: Device or resource busy
01-28 23:32:32.006   605   605 W system_server: failed to remove /acct/uid_1047: Permission denied
01-28 23:32:32.006   605   605 W system_server: failed to remove /acct/uid_1001/pid_436: Device or resource busy
01-28 23:32:32.006   605   605 W system_server: failed to remove /acct/uid_1001/pid_419: Device or resource busy
01-28 23:32:32.006   605   605 W system_server: failed to remove /acct/uid_1001: Permission denied
01-28 23:32:32.006   605   605 W system_server: failed to remove /acct/uid_1010/pid_433: Device or resource busy
01-28 23:32:32.006   605   605 W system_server: failed to remove /acct/uid_1010/pid_414: Device or resource busy
01-28 23:32:32.006   605   605 W system_server: failed to remove /acct/uid_1010: Permission denied
01-28 23:32:32.006   605   605 W system_server: failed to remove /acct/uid_1013/pid_431: Device or resource busy
01-28 23:32:32.006   605   605 W system_server: failed to remove /acct/uid_1013/pid_429: Device or resource busy
01-28 23:32:32.006   605   605 W system_server: failed to remove /acct/uid_1013/pid_427: Device or resource busy
01-28 23:32:32.006   605   605 W system_server: failed to remove /acct/uid_1013/pid_404: Device or resource busy
01-28 23:32:32.006   605   605 W system_server: failed to remove /acct/uid_1013: Permission denied
01-28 23:32:32.006   605   605 W system_server: failed to remove /acct/uid_1041/pid_422: Device or resource busy
01-28 23:32:32.006   605   605 W system_server: failed to remove /acct/uid_1041/pid_402: Device or resource busy
01-28 23:32:32.006   605   605 W system_server: failed to remove /acct/uid_1041: Permission denied
01-28 23:32:32.006   605   605 W system_server: failed to remove /acct/uid_0/pid_432: Device or resource busy
01-28 23:32:32.006   605   605 W system_server: failed to remove /acct/uid_0/pid_425: Device or resource busy
01-28 23:32:32.006   605   605 W system_server: failed to remove /acct/uid_0/pid_421: Device or resource busy
01-28 23:32:32.006   605   605 W system_server: failed to remove /acct/uid_0/pid_418: Device or resource busy
01-28 23:32:32.006   605   605 W system_server: failed to remove /acct/uid_0/pid_416: Device or resource busy
01-28 23:32:32.006   605   605 W system_server: failed to remove /acct/uid_0/pid_415: Device or resource busy
01-28 23:32:32.007   605   605 W system_server: failed to remove /acct/uid_0/pid_356: Device or resource busy
01-28 23:32:32.007   605   605 W system_server: failed to remove /acct/uid_0/pid_355: Device or resource busy
01-28 23:32:32.007   605   605 W system_server: failed to remove /acct/uid_0/pid_354: Device or resource busy
01-28 23:32:32.007   605   605 W system_server: failed to remove /acct/uid_0/pid_345: Device or resource busy
01-28 23:32:32.007   605   605 W system_server: failed to remove /acct/uid_0: Permission denied
01-28 23:32:32.007   605   605 W system_server: failed to remove /acct/uid_1000/pid_437: Device or resource busy
01-28 23:32:32.007   605   605 W system_server: failed to remove /acct/uid_1000/pid_417: Device or resource busy
01-28 23:32:32.007   605   605 W system_server: failed to remove /acct/uid_1000/pid_413: Device or resource busy
01-28 23:32:32.007   605   605 W system_server: failed to remove /acct/uid_1000/pid_412: Device or resource busy
01-28 23:32:32.007   605   605 W system_server: failed to remove /acct/uid_1000/pid_411: Device or resource busy
01-28 23:32:32.007   605   605 W system_server: failed to remove /acct/uid_1000/pid_410: Device or resource busy
01-28 23:32:32.007   605   605 W system_server: failed to remove /acct/uid_1000/pid_409: Device or resource busy
01-28 23:32:32.007   605   605 W system_server: failed to remove /acct/uid_1000/pid_408: Device or resource busy
01-28 23:32:32.007   605   605 W system_server: failed to remove /acct/uid_1000/pid_407: Device or resource busy
01-28 23:32:32.007   605   605 W system_server: failed to remove /acct/uid_1000/pid_406: Device or resource busy
01-28 23:32:32.007   605   605 W system_server: failed to remove /acct/uid_1000/pid_405: Device or resource busy
01-28 23:32:32.007   605   605 W system_server: failed to remove /acct/uid_1000/pid_403: Device or resource busy
01-28 23:32:32.007   605   605 W system_server: failed to remove /acct/uid_1000/pid_401: Device or resource busy
01-28 23:32:32.007   605   605 W system_server: failed to remove /acct/uid_1000/pid_344: Device or resource busy
01-28 23:32:32.007   605   605 W system_server: failed to remove /acct/uid_1000/pid_338: Device or resource busy
01-28 23:32:32.007   605   605 W system_server: failed to remove /acct/uid_1000/pid_337: Device or resource busy
01-28 23:32:32.007   605   605 W system_server: failed to remove /acct/uid_1000/pid_336: Device or resource busy
01-28 23:32:32.008   605   605 W system_server: failed to remove /acct/uid_1000: Permission denied
01-28 23:32:32.008   605   605 W system_server: failed to remove /acct/uid_1036/pid_335: Device or resource busy
01-28 23:32:32.008   605   605 W system_server: failed to remove /acct/uid_1036: Permission denied
01-28 23:32:32.012   605   605 D AppOps  : AppOpsService published
01-28 23:32:32.013   605   605 D SystemServerTiming: StartActivityManager took to complete: 125ms
01-28 23:32:32.013   605   605 I SystemServer: StartPowerManager
01-28 23:32:32.013   605   605 I SystemServiceManager: Starting com.android.server.power.PowerManagerService
01-28 23:32:32.017   605   629 I ServiceThread: Enabled StrictMode logging for PowerManagerService looper.
01-28 23:32:32.019   337   337 W /system/bin/hwservicemanager: getTransportFromManifest: Cannot find entry android.hardware.power@1.0::IPower in either framework or device manifest, using default transport.
01-28 23:32:32.025   605   605 E HAL     : load: couldn't find symbol HMI
01-28 23:32:32.025   605   605 E android.hardware.power@1.0-impl: hw_get_module power failed: -22
01-28 23:32:32.026   605   605 I PowerManagerService-JNI: Couldn't load power HAL service
01-28 23:32:32.026   605   605 I libsuspend: Selected wakeup count
01-28 23:32:32.030   605   605 D SystemServerTiming: StartPowerManager took to complete: 17ms
01-28 23:32:32.030   605   605 I SystemServer: InitPowerManagement
01-28 23:32:32.031   605   605 D SystemServerTiming: InitPowerManagement took to complete: 1ms
01-28 23:32:32.031   605   605 I SystemServer: StartRecoverySystemService
01-28 23:32:32.031   605   605 I SystemServiceManager: Starting com.android.server.RecoverySystemService
01-28 23:32:32.032   605   605 D SystemServerTiming: StartRecoverySystemService took to complete: 1ms
01-28 23:32:32.033   605   605 V RescueParty: Disabled because of active USB connection
01-28 23:32:32.033   605   605 I SystemServer: StartLightsService
01-28 23:32:32.033   605   605 I SystemServiceManager: Starting com.android.server.lights.LightsService
01-28 23:32:32.035   605   605 D SystemServerTiming: StartLightsService took to complete: 2ms
01-28 23:32:32.035   605   605 I SystemServer: StartDisplayManager
01-28 23:32:32.035   605   605 I SystemServiceManager: Starting com.android.server.display.DisplayManagerService
01-28 23:32:32.039   605   605 D SystemServerTiming: StartDisplayManager took to complete: 4ms
01-28 23:32:32.039   605   605 I SystemServer: WaitForDisplay
01-28 23:32:32.039   605   605 I SystemServiceManager: Starting phase 100
01-28 23:32:32.040   605   627 E LocalDisplayAdapter: Default and active color mode is no longer available! Reverting to first available mode.
01-28 23:32:32.047   605   627 I DisplayManagerService: Display device added: DisplayDeviceInfo{"Built-in Screen": uniqueId="local:0", 1080 x 1920, modeId 1, defaultModeId 1, supportedModes [{id=1, width=1080, height=1920, fps=60.0}], colorMode -22, supportedColorModes [-22], HdrCapabilities android.view.Display$HdrCapabilities@1d6308, density 440, 449.704 x 447.412 dpi, appVsyncOff 2000000, presDeadline 11666667, touch INTERNAL, rotation 0, type BUILT_IN, state UNKNOWN, FLAG_DEFAULT_DISPLAY, FLAG_ROTATES_WITH_CONTENT, FLAG_SECURE, FLAG_SUPPORTS_PROTECTED_BUFFERS}
01-28 23:32:32.048   417   417 D SurfaceFlinger: Set power mode=2, type=0 flinger=0x72a945e000
01-28 23:32:32.568   436   436 I ServiceManager: Waiting for service vendor.qcom.PeripheralManager...
01-28 23:32:32.816   419   419 I ServiceManager: Waiting for service vendor.qcom.PeripheralManager...
01-28 23:32:33.050   605   627 W system_server: Waited one second for android.hardware.light@2.0::ILight/default. Waiting another...
01-28 23:32:33.569   436   436 E PerMgrLib: modem get service fail
01-28 23:32:33.569   436   436 E PerMgrLib: QCRIL failed to register for modem
01-28 23:32:33.567   436   436 I auditd  : type=1400 audit(0.0:133): avc: denied { write } for comm="rild" name="qmux_radio" dev="tmpfs" ino=15455 scontext=u:r:rild:s0 tcontext=u:object_r:socket_device:s0 tclass=dir permissive=1
01-28 23:32:33.567   436   436 I rild    : type=1400 audit(0.0:133): avc: denied { write } for name="qmux_radio" dev="tmpfs" ino=15455 scontext=u:r:rild:s0 tcontext=u:object_r:socket_device:s0 tclass=dir permissive=1
01-28 23:32:33.567   436   436 I auditd  : type=1400 audit(0.0:134): avc: denied { add_name } for comm="rild" name="rild_sync_0" scontext=u:r:rild:s0 tcontext=u:object_r:socket_device:s0 tclass=dir permissive=1
01-28 23:32:33.567   436   436 I rild    : type=1400 audit(0.0:134): avc: denied { add_name } for name="rild_sync_0" scontext=u:r:rild:s0 tcontext=u:object_r:socket_device:s0 tclass=dir permissive=1
01-28 23:32:33.567   436   436 I auditd  : type=1400 audit(0.0:135): avc: denied { create } for comm="rild" name="rild_sync_0" scontext=u:r:rild:s0 tcontext=u:object_r:socket_device:s0 tclass=sock_file permissive=1
01-28 23:32:33.567   436   436 I rild    : type=1400 audit(0.0:135): avc: denied { create } for name="rild_sync_0" scontext=u:r:rild:s0 tcontext=u:object_r:socket_device:s0 tclass=sock_file permissive=1
01-28 23:32:33.567   436   436 I auditd  : type=1400 audit(0.0:136): avc: denied { write } for comm="rild" name="radio" dev="mmcblk0p44" ino=53930 scontext=u:r:rild:s0 tcontext=u:object_r:system_data_file:s0 tclass=dir permissive=1
01-28 23:32:33.567   436   436 I rild    : type=1400 audit(0.0:136): avc: denied { write } for name="radio" dev="mmcblk0p44" ino=53930 scontext=u:r:rild:s0 tcontext=u:object_r:system_data_file:s0 tclass=dir permissive=1
01-28 23:32:33.567   436   436 I auditd  : type=1400 audit(0.0:137): avc: denied { add_name } for comm="rild" name="qcril.db" scontext=u:r:rild:s0 tcontext=u:object_r:system_data_file:s0 tclass=dir permissive=1
01-28 23:32:33.567   436   436 I rild    : type=1400 audit(0.0:137): avc: denied { add_name } for name="qcril.db" scontext=u:r:rild:s0 tcontext=u:object_r:system_data_file:s0 tclass=dir permissive=1
01-28 23:32:33.567   436   436 I auditd  : type=1400 audit(0.0:138): avc: denied { create } for comm="rild" name="qcril.db" scontext=u:r:rild:s0 tcontext=u:object_r:system_data_file:s0 tclass=file permissive=1
01-28 23:32:33.567   436   436 I rild    : type=1400 audit(0.0:138): avc: denied { create } for name="qcril.db" scontext=u:r:rild:s0 tcontext=u:object_r:system_data_file:s0 tclass=file permissive=1
01-28 23:32:33.567   436   436 I auditd  : type=1400 audit(0.0:139): avc: denied { write } for comm="rild" path="/data/misc/radio/qcril.db" dev="mmcblk0p44" ino=54198 scontext=u:r:rild:s0 tcontext=u:object_r:system_data_file:s0 tclass=file permissive=1
01-28 23:32:33.567   436   436 I rild    : type=1400 audit(0.0:139): avc: denied { write } for path="/data/misc/radio/qcril.db" dev="mmcblk0p44" ino=54198 scontext=u:r:rild:s0 tcontext=u:object_r:system_data_file:s0 tclass=file permissive=1
01-28 23:32:33.575   436   436 I auditd  : type=1400 audit(0.0:140): avc: denied { remove_name } for comm="rild" name="qcril.db-journal" dev="mmcblk0p44" ino=54199 scontext=u:r:rild:s0 tcontext=u:object_r:system_data_file:s0 tclass=dir permissive=1
01-28 23:32:33.575   436   436 I rild    : type=1400 audit(0.0:140): avc: denied { remove_name } for name="qcril.db-journal" dev="mmcblk0p44" ino=54199 scontext=u:r:rild:s0 tcontext=u:object_r:system_data_file:s0 tclass=dir permissive=1
01-28 23:32:33.575   436   436 I auditd  : type=1400 audit(0.0:141): avc: denied { unlink } for comm="rild" name="qcril.db-journal" dev="mmcblk0p44" ino=54199 scontext=u:r:rild:s0 tcontext=u:object_r:system_data_file:s0 tclass=file permissive=1
01-28 23:32:33.575   436   436 I rild    : type=1400 audit(0.0:141): avc: denied { unlink } for name="qcril.db-journal" dev="mmcblk0p44" ino=54199 scontext=u:r:rild:s0 tcontext=u:object_r:system_data_file:s0 tclass=file permissive=1
01-28 23:32:33.693   436   642 V use-Rlog/RLOG-RILQ: [282]> void main_loop_thread(): Starting main Loop thread for settings client
01-28 23:32:33.693   436   642 V libsettings: [282]> QcSettingsD::ProtoSource::ProtoSource(const std::string &, bool): tag: /dev/socket/settingsd
01-28 23:32:33.693   436   642 D libsettings: [282]Main Loop created
01-28 23:32:33.693   436   642 D libsettings: [282]current main loop set: true
01-28 23:32:33.693   436   642 D help_/dev/socket/settingsd: Command help_/dev/socket/settingsd
01-28 23:32:33.693   436   642 V libsettings: [282]> static void QcSettingsD::CommandRegistry::registerCommand(const std::string &, const std::shared_ptr<Command> &): help_/dev/socket/settingsd
01-28 23:32:33.694   436   642 V libsettings: [282]> static std::shared_ptr<CommandRegistry> QcSettingsD::CommandRegistry::getRegistry(const std::string &): default
01-28 23:32:33.694   436   642 V libsettings: [282]< static std::shared_ptr<CommandRegistry> QcSettingsD::CommandRegistry::getRegistry(const std::string &): 
01-28 23:32:33.694   436   642 V libsettings: [282]> void QcSettingsD::CommandRegistry::doRegisterCommand(const std::string &, const std::shared_ptr<Command> &): (default) help_/dev/socket/settingsd
01-28 23:32:33.694   436   642 V libsettings: [282]< void QcSettingsD::CommandRegistry::doRegisterCommand(const std::string &, const std::shared_ptr<Command> &): 
01-28 23:32:33.694   436   642 V libsettings: [282]< static void QcSettingsD::CommandRegistry::registerCommand(const std::string &, const std::shared_ptr<Command> &): 
01-28 23:32:33.694   436   642 V libsettings: [282]> static std::shared_ptr<CommandRegistry> QcSettingsD::CommandRegistry::getRegistry(const std::string &): default
01-28 23:32:33.694   436   642 V libsettings: [282]< static std::shared_ptr<CommandRegistry> QcSettingsD::CommandRegistry::getRegistry(const std::string &): 
01-28 23:32:33.694   436   642 V libsettings: [282]> bool QcSettingsD::Command::enqueue(const QcSettingsD::CommandParameters &, QcSettingsD::CommandResults &, const callback_t &): 
01-28 23:32:33.694   436   642 D libsettings: [282]enqueueing command
01-28 23:32:33.694   436   642 D CommandEvent: 
01-28 23:32:33.694   436   642 V libsettings: [282]> void QcSettingsD::MainLoop::localQueueEvent(std::shared_ptr<Event> &): 
01-28 23:32:33.694   436   642 V libsettings: [282]< void QcSettingsD::MainLoop::localQueueEvent(std::shared_ptr<Event> &): 
01-28 23:32:33.694   436   642 V libsettings: [282]< bool QcSettingsD::Command::enqueue(const QcSettingsD::CommandParameters &, QcSettingsD::CommandResults &, const callback_t &): ret: 1
01-28 23:32:33.694   436   642 V libsettings: [282]< QcSettingsD::ProtoSource::ProtoSource(const std::string &, bool): 
01-28 23:32:33.694   436   642 D /dev/socket/settingsd: QcSettingsD::ClientSocket<QcSettingsD::ProtoSource>::ClientSocket(const std::string &, const std::string &, int, int, int) [T = QcSettingsD::ProtoSource] ( /dev/socket/settingsd, /dev/socket/settingsd, 1, 1, 0)
01-28 23:32:33.694   436   642 D /dev/socket/settingsd: int QcSettingsD::ClientSocket<QcSettingsD::ProtoSource>::connect() [T = QcSettingsD::ProtoSource]: ret: -1. fd: 30. errno: 2
01-28 23:32:33.694   436   642 E /dev/socket/settingsd: int QcSettingsD::ClientSocket<QcSettingsD::ProtoSource>::connect() [T = QcSettingsD::ProtoSource]: connect: No such file or directory(2)
01-28 23:32:33.694   436   642 E use-Rlog/RLOG-RILQ: [282]Unable to start settings client
01-28 23:32:33.694   436   642 V use-Rlog/RLOG-RILQ: [282]< void main_loop_thread(): 
01-28 23:32:33.694   436   642 D /dev/socket/settingsd: Closing fd 30
01-28 23:32:33.694   436   642 V libsettings: [282]> virtual QcSettingsD::ProtoSource::~ProtoSource(): tag: /dev/socket/settingsd
01-28 23:32:33.694   436   642 D libsettings: [282]De-registering command help_/dev/socket/settingsd
01-28 23:32:33.694   436   642 V libsettings: [282]> static void QcSettingsD::CommandRegistry::deRegisterCommand(const std::string &): help_/dev/socket/settingsd
01-28 23:32:33.694   436   642 V libsettings: [282]> static std::shared_ptr<CommandRegistry> QcSettingsD::CommandRegistry::getRegistry(const std::string &): default
01-28 23:32:33.694   436   642 V libsettings: [282]< static std::shared_ptr<CommandRegistry> QcSettingsD::CommandRegistry::getRegistry(const std::string &): 
01-28 23:32:33.695   436   642 V libsettings: [282]> void QcSettingsD::CommandRegistry::doDeRegisterCommand(const std::string &): default(help_/dev/socket/settingsd)
01-28 23:32:33.695   436   642 V libsettings: [282]< void QcSettingsD::CommandRegistry::doDeRegisterCommand(const std::string &): 
01-28 23:32:33.695   436   642 V libsettings: [282]< static void QcSettingsD::CommandRegistry::deRegisterCommand(const std::string &): 
01-28 23:32:33.695   436   642 V libsettings: [282]< virtual QcSettingsD::ProtoSource::~ProtoSource(): 
01-28 23:32:33.696   436   436 D RILD    : RIL_Init rilInit completed
01-28 23:32:33.696   436   436 I RILC    : SIM_COUNT: 1
01-28 23:32:33.696   436   436 E RILC    : RIL_register: RIL version 13
01-28 23:32:33.696   436   436 I RILC    : s_registerCalled flag set, 1
01-28 23:32:33.696   436   436 D RILC    : registerService: starting IRadio slot1
01-28 23:32:33.699   436   436 I RILC    : RILHIDL called registerService
01-28 23:32:33.699   436   546 E RILC    : radioStateChangedInd: radioService[0]->mRadioIndication == NULL
01-28 23:32:33.699   436   436 D RILD    : RIL_Init RIL_register completed
01-28 23:32:33.699   436   436 D RILD    : RIL_register_socket started
01-28 23:32:33.699   436   436 D RIL_UIM_SOCKET: Adding socket with id: 0
01-28 23:32:33.699   436   436 I RILC    : RIL_register_socket: calling registerService
01-28 23:32:33.699   436   436 D RIL_SAP : registerService: starting ISap slot1 for slotId 0
01-28 23:32:33.700   436   436 D RIL_SAP : registerService: started ISap slot1 status 0
01-28 23:32:33.700   436   436 D RILD    : RIL_register_socket completed
01-28 23:32:33.699   546   546 I auditd  : type=1400 audit(0.0:142): avc: denied { ioctl } for comm="rild" path="socket:[18585]" dev="sockfs" ino=18585 ioctlcmd=c302 scontext=u:r:rild:s0 tcontext=u:r:rild:s0 tclass=socket permissive=1
01-28 23:32:33.699   546   546 I rild    : type=1400 audit(0.0:142): avc: denied { ioctl } for path="socket:[18585]" dev="sockfs" ino=18585 ioctlcmd=c302 scontext=u:r:rild:s0 tcontext=u:r:rild:s0 tclass=socket permissive=1
01-28 23:32:33.704   436   546 I libmdmdetect: ESOC framework not supported
01-28 23:32:33.704   436   546 I libmdmdetect: Found internal modem: modem
01-28 23:32:33.704   436   546 E Diag_Lib:  Diag_LSM_Init: Failed to open handle to diag driver, error = 13
01-28 23:32:33.704   436   546 E QC-QMI  : qmi_client [436]: unable to connect to server, errno=[2:No such file or directory], attempt=1
01-28 23:32:33.817   419   419 E PerMgrLib: modem get service fail
01-28 23:32:33.817   419   419 E PerMgrLib: QCRIL failed to register for modem
01-28 23:32:33.881   419   655 V use-Rlog/RLOG-RILQ: [28f]> void main_loop_thread(): Starting main Loop thread for settings client
01-28 23:32:33.881   419   655 V libsettings: [28f]> QcSettingsD::ProtoSource::ProtoSource(const std::string &, bool): tag: /dev/socket/settingsd
01-28 23:32:33.881   419   655 D libsettings: [28f]Main Loop created
01-28 23:32:33.881   419   655 D libsettings: [28f]current main loop set: true
01-28 23:32:33.881   419   655 D help_/dev/socket/settingsd: Command help_/dev/socket/settingsd
01-28 23:32:33.881   419   655 V libsettings: [28f]> static void QcSettingsD::CommandRegistry::registerCommand(const std::string &, const std::shared_ptr<Command> &): help_/dev/socket/settingsd
01-28 23:32:33.881   419   655 V libsettings: [28f]> static std::shared_ptr<CommandRegistry> QcSettingsD::CommandRegistry::getRegistry(const std::string &): default
01-28 23:32:33.881   419   655 V libsettings: [28f]< static std::shared_ptr<CommandRegistry> QcSettingsD::CommandRegistry::getRegistry(const std::string &): 
01-28 23:32:33.881   419   655 V libsettings: [28f]> void QcSettingsD::CommandRegistry::doRegisterCommand(const std::string &, const std::shared_ptr<Command> &): (default) help_/dev/socket/settingsd
01-28 23:32:33.881   419   555 W RILC    : RIL_onUnsolicitedResponse called before RIL_register
01-28 23:32:33.881   419   655 V libsettings: [28f]< void QcSettingsD::CommandRegistry::doRegisterCommand(const std::string &, const std::shared_ptr<Command> &): 
01-28 23:32:33.881   419   655 V libsettings: [28f]< static void QcSettingsD::CommandRegistry::registerCommand(const std::string &, const std::shared_ptr<Command> &): 
01-28 23:32:33.881   419   655 V libsettings: [28f]> static std::shared_ptr<CommandRegistry> QcSettingsD::CommandRegistry::getRegistry(const std::string &): default
01-28 23:32:33.882   419   655 V libsettings: [28f]< static std::shared_ptr<CommandRegistry> QcSettingsD::CommandRegistry::getRegistry(const std::string &): 
01-28 23:32:33.882   419   655 V libsettings: [28f]> bool QcSettingsD::Command::enqueue(const QcSettingsD::CommandParameters &, QcSettingsD::CommandResults &, const callback_t &): 
01-28 23:32:33.882   419   655 D libsettings: [28f]enqueueing command
01-28 23:32:33.882   419   655 D CommandEvent: 
01-28 23:32:33.882   419   655 V libsettings: [28f]> void QcSettingsD::MainLoop::localQueueEvent(std::shared_ptr<Event> &): 
01-28 23:32:33.882   419   655 V libsettings: [28f]< void QcSettingsD::MainLoop::localQueueEvent(std::shared_ptr<Event> &): 
01-28 23:32:33.882   419   655 V libsettings: [28f]< bool QcSettingsD::Command::enqueue(const QcSettingsD::CommandParameters &, QcSettingsD::CommandResults &, const callback_t &): ret: 1
01-28 23:32:33.882   419   655 V libsettings: [28f]< QcSettingsD::ProtoSource::ProtoSource(const std::string &, bool): 
01-28 23:32:33.882   419   555 I libmdmdetect: ESOC framework not supported
01-28 23:32:33.882   419   655 D /dev/socket/settingsd: QcSettingsD::ClientSocket<QcSettingsD::ProtoSource>::ClientSocket(const std::string &, const std::string &, int, int, int) [T = QcSettingsD::ProtoSource] ( /dev/socket/settingsd, /dev/socket/settingsd, 1, 1, 0)
01-28 23:32:33.882   419   655 D /dev/socket/settingsd: int QcSettingsD::ClientSocket<QcSettingsD::ProtoSource>::connect() [T = QcSettingsD::ProtoSource]: ret: -1. fd: 31. errno: 2
01-28 23:32:33.882   419   655 E /dev/socket/settingsd: int QcSettingsD::ClientSocket<QcSettingsD::ProtoSource>::connect() [T = QcSettingsD::ProtoSource]: connect: No such file or directory(2)
01-28 23:32:33.882   419   655 E use-Rlog/RLOG-RILQ: [28f]Unable to start settings client
01-28 23:32:33.882   419   555 I libmdmdetect: Found internal modem: modem
01-28 23:32:33.882   419   655 V use-Rlog/RLOG-RILQ: [28f]< void main_loop_thread(): 
01-28 23:32:33.882   419   419 D RILD    : RIL_Init rilInit completed
01-28 23:32:33.882   419   655 D /dev/socket/settingsd: Closing fd 31
01-28 23:32:33.882   419   419 I RILC    : SIM_COUNT: 1
01-28 23:32:33.882   419   419 E RILC    : RIL_register: RIL version 13
01-28 23:32:33.882   419   655 V libsettings: [28f]> virtual QcSettingsD::ProtoSource::~ProtoSource(): tag: /dev/socket/settingsd
01-28 23:32:33.882   419   419 I RILC    : s_registerCalled flag set, 1
01-28 23:32:33.882   419   655 D libsettings: [28f]De-registering command help_/dev/socket/settingsd
01-28 23:32:33.882   419   655 V libsettings: [28f]> static void QcSettingsD::CommandRegistry::deRegisterCommand(const std::string &): help_/dev/socket/settingsd
01-28 23:32:33.882   419   655 V libsettings: [28f]> static std::shared_ptr<CommandRegistry> QcSettingsD::CommandRegistry::getRegistry(const std::string &): default
01-28 23:32:33.882   419   655 V libsettings: [28f]< static std::shared_ptr<CommandRegistry> QcSettingsD::CommandRegistry::getRegistry(const std::string &): 
01-28 23:32:33.882   419   655 V libsettings: [28f]> void QcSettingsD::CommandRegistry::doDeRegisterCommand(const std::string &): default(help_/dev/socket/settingsd)
01-28 23:32:33.882   419   419 D RILC    : registerService: starting IRadio slot2
01-28 23:32:33.883   419   555 E Diag_Lib:  Diag_LSM_Init: Failed to open handle to diag driver, error = 13
01-28 23:32:33.883   419   655 V libsettings: [28f]< void QcSettingsD::CommandRegistry::doDeRegisterCommand(const std::string &): 
01-28 23:32:33.883   419   655 V libsettings: [28f]< static void QcSettingsD::CommandRegistry::deRegisterCommand(const std::string &): 
01-28 23:32:33.883   419   655 V libsettings: [28f]< virtual QcSettingsD::ProtoSource::~ProtoSource(): 
01-28 23:32:33.883   419   555 E QC-QMI  : qmi_client [419]: unable to connect to server, errno=[2:No such file or directory], attempt=1
01-28 23:32:33.885   419   419 I RILC    : RILHIDL called registerService
01-28 23:32:33.885   419   419 D RILD    : RIL_Init RIL_register completed
01-28 23:32:33.885   419   419 D RILD    : RIL_register_socket started
01-28 23:32:33.885   419   419 D RIL_UIM_SOCKET: Adding socket with id: 0
01-28 23:32:33.885   419   419 I RILC    : RIL_register_socket: calling registerService
01-28 23:32:33.885   419   419 D RIL_SAP : registerService: starting ISap slot2 for slotId 0
01-28 23:32:33.886   419   419 D RIL_SAP : registerService: started ISap slot2 status 0
01-28 23:32:33.886   419   419 D RILD    : RIL_register_socket completed
01-28 23:32:34.050   605   627 W system_server: Waited one second for android.hardware.light@2.0::ILight/default. Waiting another...
01-28 23:32:34.705   436   546 E QC-QMI  : qmi_client [436]: unable to connect to server, errno=[2:No such file or directory], attempt=2
01-28 23:32:34.883   419   555 E QC-QMI  : qmi_client [419]: unable to connect to server, errno=[2:No such file or directory], attempt=2
01-28 23:32:35.050   605   627 W system_server: Waited one second for android.hardware.light@2.0::ILight/default. Waiting another...
01-28 23:32:35.376     0     0 I dwc3 f9200000.dwc3: Avail curr from USB = 0
01-28 23:32:35.376     0     0 E ffs_epfile_io(): Error: returning -19 value
01-28 23:32:35.376     0     0 I android_work: android_work: sent uevent USB_STATE=DISCONNECTED
01-28 23:32:35.377     0     0 I synaptics_dsx_i2c 2-0070: Changed charger state to 0x0
01-28 23:32:35.380     0     0 W healthd : battery l=68 v=3632 t=37.5 h=2 st=2 c=1328 chg=
01-28 23:32:35.381     0     0 W healthd : battery l=68 v=3632 t=37.5 h=2 st=2 c=1328 chg=
01-28 23:32:35.444     0     0 I android_work: android_work: sent uevent USB_STATE=CONNECTED
01-28 23:32:35.448     0     0 I android_work: android_work: sent uevent USB_STATE=DISCONNECTED
01-28 23:32:35.540     0     0 I android_work: android_work: sent uevent USB_STATE=CONNECTED
01-28 23:32:35.541     0     0 I android_usb gadget: high-speed config #1: fe80f0c8.android_usb
01-28 23:32:35.541     0     0 I dwc3 f9200000.dwc3: Avail curr from USB = 500
01-28 23:32:35.542     0     0 I synaptics_dsx_i2c 2-0070: Changed charger state to 0x1
01-28 23:32:35.543     0     0 W healthd : battery l=68 v=3632 t=37.5 h=2 st=2 c=1328 chg=u
01-28 23:32:35.544     0     0 W healthd : battery l=68 v=3632 t=37.5 h=2 st=2 c=1328 chg=u
01-28 23:32:35.597     0     0 I android_work: android_work: sent uevent USB_STATE=CONFIGURED
01-28 23:32:35.705   436   546 E QC-QMI  : qmi_client [436]: unable to connect to server, errno=[2:No such file or directory], attempt=3
01-28 23:32:35.883   419   555 E QC-QMI  : qmi_client [419]: unable to connect to server, errno=[2:No such file or directory], attempt=3
01-28 23:32:36.051   605   627 W system_server: Waited one second for android.hardware.light@2.0::ILight/default. Waiting another...
01-28 23:32:36.705   436   546 E QC-QMI  : qmi_client [436]: unable to connect to server, errno=[2:No such file or directory], attempt=4
01-28 23:32:36.883   419   555 E QC-QMI  : qmi_client [419]: unable to connect to server, errno=[2:No such file or directory], attempt=4
01-28 23:32:37.051   605   627 W system_server: Waited one second for android.hardware.light@2.0::ILight/default. Waiting another...
01-28 23:32:37.705   436   546 E QC-QMI  : qmi_client [436]: unable to connect to server, errno=[2:No such file or directory], attempt=5
01-28 23:32:37.884   419   555 E QC-QMI  : qmi_client [419]: unable to connect to server, errno=[2:No such file or directory], attempt=5
01-28 23:32:38.051   605   627 W system_server: Waited one second for android.hardware.light@2.0::ILight/default. Waiting another...
01-28 23:32:38.706   436   546 E QC-QMI  : qmi_client [436]: unable to connect to server, errno=[2:No such file or directory], attempt=6
01-28 23:32:38.884   419   555 E QC-QMI  : qmi_client [419]: unable to connect to server, errno=[2:No such file or directory], attempt=6
01-28 23:32:39.051   605   627 W system_server: Waited one second for android.hardware.light@2.0::ILight/default. Waiting another...
01-28 23:32:39.706   436   546 E QC-QMI  : qmi_client [436]: unable to connect to server, errno=[2:No such file or directory], attempt=7
01-28 23:32:39.884   419   555 E QC-QMI  : qmi_client [419]: unable to connect to server, errno=[2:No such file or directory], attempt=7
01-28 23:32:40.051   605   627 W system_server: Waited one second for android.hardware.light@2.0::ILight/default. Waiting another...
01-28 23:32:40.427   423   423 I auditd  : type=1400 audit(0.0:143): avc: denied { read write } for comm="cameraserver" name="media0" dev="tmpfs" ino=12087 scontext=u:r:cameraserver:s0 tcontext=u:object_r:device:s0 tclass=chr_file permissive=1
01-28 23:32:40.427   423   423 I cameraserver: type=1400 audit(0.0:143): avc: denied { read write } for name="media0" dev="tmpfs" ino=12087 scontext=u:r:cameraserver:s0 tcontext=u:object_r:device:s0 tclass=chr_file permissive=1
01-28 23:32:40.430   423   423 E QCamera2Factory: qcamera::QCamera2Factory::QCamera2Factory(): 0 camera devices detected!
01-28 23:32:40.430   423   423 I CamProvider@2.4-impl: Loaded "MSM8992 Camera Wrapper" camera module
01-28 23:32:40.427   423   423 I auditd  : type=1400 audit(0.0:144): avc: denied { open } for comm="cameraserver" path="/dev/media0" dev="tmpfs" ino=12087 scontext=u:r:cameraserver:s0 tcontext=u:object_r:device:s0 tclass=chr_file permissive=1
01-28 23:32:40.427   423   423 I cameraserver: type=1400 audit(0.0:144): avc: denied { open } for path="/dev/media0" dev="tmpfs" ino=12087 scontext=u:r:cameraserver:s0 tcontext=u:object_r:device:s0 tclass=chr_file permissive=1
01-28 23:32:40.431   423   423 I CamProvider@2.4-impl: setUpVendorTags: No vendor tags defined for this device.
01-28 23:32:40.433     0     0 E MSM-SENSOR-INIT msm_sensor_wait_for_probe_done: 53 msm_sensor_wait_for_probe_done:53 wait timeout
01-28 23:32:40.706   436   546 E QC-QMI  : qmi_client [436]: unable to connect to server, errno=[2:No such file or directory], attempt=8
01-28 23:32:40.884   419   555 E QC-QMI  : qmi_client [419]: unable to connect to server, errno=[2:No such file or directory], attempt=8
01-28 23:32:41.052   605   627 W system_server: Waited one second for android.hardware.light@2.0::ILight/default. Waiting another...
01-28 23:32:41.706   436   546 E QC-QMI  : qmi_client [436]: unable to connect to server, errno=[2:No such file or directory], attempt=9
01-28 23:32:41.885   419   555 E QC-QMI  : qmi_client [419]: unable to connect to server, errno=[2:No such file or directory], attempt=9
01-28 23:32:42.052   605   627 W system_server: Waited one second for android.hardware.light@2.0::ILight/default. Waiting another...
01-28 23:32:42.707   436   546 E QC-QMI  : qmi_client [436]: unable to connect to server, errno=[2:No such file or directory], attempt=10
01-28 23:32:42.885   419   555 E QC-QMI  : qmi_client [419]: unable to connect to server, errno=[2:No such file or directory], attempt=10
01-28 23:32:43.052   605   627 W system_server: Waited one second for android.hardware.light@2.0::ILight/default. Waiting another...
01-28 23:32:43.707   436   546 E QC-QMI  : qmi_client [436]: unable to connect to server, errno=[2:No such file or directory], attempt=11
01-28 23:32:43.885   419   555 E QC-QMI  : qmi_client [419]: unable to connect to server, errno=[2:No such file or directory], attempt=11
01-28 23:32:44.052   605   627 W system_server: Waited one second for android.hardware.light@2.0::ILight/default. Waiting another...
01-28 23:32:44.707   436   546 E QC-QMI  : qmi_client [436]: unable to connect to server, errno=[2:No such file or directory], attempt=12
01-28 23:32:44.885   419   555 E QC-QMI  : qmi_client [419]: unable to connect to server, errno=[2:No such file or directory], attempt=12
01-28 23:32:45.052   605   627 W system_server: Waited one second for android.hardware.light@2.0::ILight/default. Waiting another...
01-28 23:32:45.707   436   546 E QC-QMI  : qmi_client [436]: unable to connect to server, errno=[2:No such file or directory], attempt=13
01-28 23:32:45.885   419   555 E QC-QMI  : qmi_client [419]: unable to connect to server, errno=[2:No such file or directory], attempt=13
01-28 23:32:46.053   605   627 W system_server: Waited one second for android.hardware.light@2.0::ILight/default. Waiting another...
01-28 23:32:46.707   436   546 E QC-QMI  : qmi_client [436]: unable to connect to server, errno=[2:No such file or directory], attempt=14
01-28 23:32:46.886   419   555 E QC-QMI  : qmi_client [419]: unable to connect to server, errno=[2:No such file or directory], attempt=14
01-28 23:32:47.053   605   627 W system_server: Waited one second for android.hardware.light@2.0::ILight/default. Waiting another...
01-28 23:32:47.708   436   546 E QC-QMI  : qmi_client [436]: unable to connect to server, errno=[2:No such file or directory], attempt=15
01-28 23:32:47.886   419   555 E QC-QMI  : qmi_client [419]: unable to connect to server, errno=[2:No such file or directory], attempt=15
01-28 23:32:48.053   605   627 W system_server: Waited one second for android.hardware.light@2.0::ILight/default. Waiting another...
01-28 23:32:48.708   436   546 E QC-QMI  : qmi_client [436]: unable to connect to server, errno=[2:No such file or directory], attempt=16
01-28 23:32:48.886   419   555 E QC-QMI  : qmi_client [419]: unable to connect to server, errno=[2:No such file or directory], attempt=16
01-28 23:32:49.053   605   627 W system_server: Waited one second for android.hardware.light@2.0::ILight/default. Waiting another...
01-28 23:32:49.708   436   546 E QC-QMI  : qmi_client [436]: unable to connect to server, errno=[2:No such file or directory], attempt=17
01-28 23:32:49.886   419   555 E QC-QMI  : qmi_client [419]: unable to connect to server, errno=[2:No such file or directory], attempt=17
01-28 23:32:50.053   605   627 W system_server: Waited one second for android.hardware.light@2.0::ILight/default. Waiting another...
01-28 23:32:50.708   436   546 E QC-QMI  : qmi_client [436]: unable to connect to server, errno=[2:No such file or directory], attempt=18
01-28 23:32:50.886   419   555 E QC-QMI  : qmi_client [419]: unable to connect to server, errno=[2:No such file or directory], attempt=18
01-28 23:32:51.054   605   627 W system_server: Waited one second for android.hardware.light@2.0::ILight/default. Waiting another...
01-28 23:32:51.709   436   546 E QC-QMI  : qmi_client [436]: unable to connect to server, errno=[2:No such file or directory], attempt=19
01-28 23:32:51.887   419   555 E QC-QMI  : qmi_client [419]: unable to connect to server, errno=[2:No such file or directory], attempt=19
01-28 23:32:52.054   605   627 W system_server: Waited one second for android.hardware.light@2.0::ILight/default. Waiting another...
01-28 23:32:52.709   436   546 E QC-QMI  : qmi_client [436]: unable to connect to server, errno=[2:No such file or directory], attempt=20
01-28 23:32:52.887   419   555 E QC-QMI  : qmi_client [419]: unable to connect to server, errno=[2:No such file or directory], attempt=20
01-28 23:32:53.054   605   627 W system_server: Waited one second for android.hardware.light@2.0::ILight/default. Waiting another...
01-28 23:32:53.709   436   546 E QC-QMI  : qmi_client [436]: unable to connect to server, errno=[2:No such file or directory], attempt=21
01-28 23:32:53.887   419   555 E QC-QMI  : qmi_client [419]: unable to connect to server, errno=[2:No such file or directory], attempt=21
01-28 23:32:54.054   605   627 W system_server: Waited one second for android.hardware.light@2.0::ILight/default. Waiting another...
01-28 23:32:54.709   436   546 E QC-QMI  : qmi_client [436]: unable to connect to server, errno=[2:No such file or directory], attempt=22
01-28 23:32:54.887   419   555 E QC-QMI  : qmi_client [419]: unable to connect to server, errno=[2:No such file or directory], attempt=22
01-28 23:32:55.054   605   627 W system_server: Waited one second for android.hardware.light@2.0::ILight/default. Waiting another...
01-28 23:32:55.710   436   546 E QC-QMI  : qmi_client [436]: unable to connect to server, errno=[2:No such file or directory], attempt=23
01-28 23:32:55.887   419   555 E QC-QMI  : qmi_client [419]: unable to connect to server, errno=[2:No such file or directory], attempt=23
01-28 23:32:56.055   605   627 W system_server: Waited one second for android.hardware.light@2.0::ILight/default. Waiting another...
01-28 23:32:56.710   436   546 E QC-QMI  : qmi_client [436]: unable to connect to server, errno=[2:No such file or directory], attempt=24
01-28 23:32:56.888   419   555 E QC-QMI  : qmi_client [419]: unable to connect to server, errno=[2:No such file or directory], attempt=24
01-28 23:32:57.055   605   627 W system_server: Waited one second for android.hardware.light@2.0::ILight/default. Waiting another...
01-28 23:32:57.710   436   546 E QC-QMI  : qmi_client [436]: unable to connect to server, errno=[2:No such file or directory], attempt=25
01-28 23:32:57.888   419   555 E QC-QMI  : qmi_client [419]: unable to connect to server, errno=[2:No such file or directory], attempt=25
01-28 23:32:58.055   605   627 W system_server: Waited one second for android.hardware.light@2.0::ILight/default. Waiting another...
01-28 23:32:58.710   436   546 E QC-QMI  : qmi_client [436]: unable to connect to server, errno=[2:No such file or directory], attempt=26
01-28 23:32:58.888   419   555 E QC-QMI  : qmi_client [419]: unable to connect to server, errno=[2:No such file or directory], attempt=26
01-28 23:32:59.055   605   627 W system_server: Waited one second for android.hardware.light@2.0::ILight/default. Waiting another...
01-28 23:32:59.711   436   546 E QC-QMI  : qmi_client [436]: unable to connect to server, errno=[2:No such file or directory], attempt=27
01-28 23:32:59.888   419   555 E QC-QMI  : qmi_client [419]: unable to connect to server, errno=[2:No such file or directory], attempt=27
01-28 23:33:00.055   605   627 W system_server: Waited one second for android.hardware.light@2.0::ILight/default. Waiting another...
01-28 23:33:00.711   436   546 E QC-QMI  : qmi_client [436]: unable to connect to server, errno=[2:No such file or directory], attempt=28
01-28 23:33:00.889   419   555 E QC-QMI  : qmi_client [419]: unable to connect to server, errno=[2:No such file or directory], attempt=28
01-28 23:33:01.056   605   627 W system_server: Waited one second for android.hardware.light@2.0::ILight/default. Waiting another...
01-28 23:33:01.711   436   546 E QC-QMI  : qmi_client [436]: unable to connect to server, errno=[2:No such file or directory], attempt=29
01-28 23:33:01.889   419   555 E QC-QMI  : qmi_client [419]: unable to connect to server, errno=[2:No such file or directory], attempt=29
01-28 23:33:02.056   605   627 W system_server: Waited one second for android.hardware.light@2.0::ILight/default. Waiting another...
01-28 23:33:02.711   436   546 E QC-QMI  : qmi_client [436]: unable to connect to server, errno=[2:No such file or directory], attempt=30
01-28 23:33:02.889   419   555 E QC-QMI  : qmi_client [419]: unable to connect to server, errno=[2:No such file or directory], attempt=30
01-28 23:33:03.056   605   627 W system_server: Waited one second for android.hardware.light@2.0::ILight/default. Waiting another...
01-28 23:33:03.711   436   546 E QC-QMI  : qmi_client [436]: unable to connect to server, errno=[2:No such file or directory], attempt=31
01-28 23:33:03.889   419   555 E QC-QMI  : qmi_client [419]: unable to connect to server, errno=[2:No such file or directory], attempt=31
01-28 23:33:04.056   605   627 W system_server: Waited one second for android.hardware.light@2.0::ILight/default. Waiting another...
01-28 23:33:04.712   436   546 E QC-QMI  : qmi_client [436]: unable to connect to server, errno=[2:No such file or directory], attempt=32
01-28 23:33:04.889   419   555 E QC-QMI  : qmi_client [419]: unable to connect to server, errno=[2:No such file or directory], attempt=32
01-28 23:33:05.057   605   627 W system_server: Waited one second for android.hardware.light@2.0::ILight/default. Waiting another...
01-28 23:33:05.712   436   546 E QC-QMI  : qmi_client [436]: unable to connect to server, errno=[2:No such file or directory], attempt=33
01-28 23:33:05.890   419   555 E QC-QMI  : qmi_client [419]: unable to connect to server, errno=[2:No such file or directory], attempt=33
01-28 23:33:06.057   605   627 W system_server: Waited one second for android.hardware.light@2.0::ILight/default. Waiting another...
01-28 23:33:06.712   436   546 E QC-QMI  : qmi_client [436]: unable to connect to server, errno=[2:No such file or directory], attempt=34
01-28 23:33:06.890   419   555 E QC-QMI  : qmi_client [419]: unable to connect to server, errno=[2:No such file or directory], attempt=34
01-28 23:33:07.057   605   627 W system_server: Waited one second for android.hardware.light@2.0::ILight/default. Waiting another...
01-28 23:33:07.712   436   546 E QC-QMI  : qmi_client [436]: unable to connect to server, errno=[2:No such file or directory], attempt=35
01-28 23:33:07.890   419   555 E QC-QMI  : qmi_client [419]: unable to connect to server, errno=[2:No such file or directory], attempt=35
01-28 23:33:08.057   605   627 W system_server: Waited one second for android.hardware.light@2.0::ILight/default. Waiting another...
01-28 23:33:08.713   436   546 E QC-QMI  : qmi_client [436]: unable to connect to server, errno=[2:No such file or directory], attempt=36
01-28 23:33:08.890   419   555 E QC-QMI  : qmi_client [419]: unable to connect to server, errno=[2:No such file or directory], attempt=36
01-28 23:33:09.057   605   627 W system_server: Waited one second for android.hardware.light@2.0::ILight/default. Waiting another...
01-28 23:33:09.713   436   546 E QC-QMI  : qmi_client [436]: unable to connect to server, errno=[2:No such file or directory], attempt=37
01-28 23:33:09.891   419   555 E QC-QMI  : qmi_client [419]: unable to connect to server, errno=[2:No such file or directory], attempt=37
01-28 23:33:10.058   605   627 W system_server: Waited one second for android.hardware.light@2.0::ILight/default. Waiting another...
01-28 23:33:10.713   436   546 E QC-QMI  : qmi_client [436]: unable to connect to server, errno=[2:No such file or directory], attempt=38
01-28 23:33:10.891   419   555 E QC-QMI  : qmi_client [419]: unable to connect to server, errno=[2:No such file or directory], attempt=38
01-28 23:33:11.058   605   627 W system_server: Waited one second for android.hardware.light@2.0::ILight/default. Waiting another...
01-28 23:33:11.713   436   546 E QC-QMI  : qmi_client [436]: unable to connect to server, errno=[2:No such file or directory], attempt=39
01-28 23:33:11.891   419   555 E QC-QMI  : qmi_client [419]: unable to connect to server, errno=[2:No such file or directory], attempt=39
01-28 23:33:12.058   605   627 W system_server: Waited one second for android.hardware.light@2.0::ILight/default. Waiting another...
01-28 23:33:12.713   436   546 E QC-QMI  : qmi_client [436]: unable to connect to server, errno=[2:No such file or directory], attempt=40
01-28 23:33:12.891   419   555 E QC-QMI  : qmi_client [419]: unable to connect to server, errno=[2:No such file or directory], attempt=40
01-28 23:33:13.058   605   627 W system_server: Waited one second for android.hardware.light@2.0::ILight/default. Waiting another...
01-28 23:33:13.714   436   546 E QC-QMI  : qmi_client [436]: unable to connect to server, errno=[2:No such file or directory], attempt=41
01-28 23:33:13.891   419   555 E QC-QMI  : qmi_client [419]: unable to connect to server, errno=[2:No such file or directory], attempt=41
01-28 23:33:14.058   605   627 W system_server: Waited one second for android.hardware.light@2.0::ILight/default. Waiting another...
01-28 23:33:14.714   436   546 E QC-QMI  : qmi_client [436]: unable to connect to server, errno=[2:No such file or directory], attempt=42
01-28 23:33:14.892   419   555 E QC-QMI  : qmi_client [419]: unable to connect to server, errno=[2:No such file or directory], attempt=42
01-28 23:33:15.059   605   627 W system_server: Waited one second for android.hardware.light@2.0::ILight/default. Waiting another...
01-28 23:33:15.714   436   546 E QC-QMI  : qmi_client [436]: unable to connect to server, errno=[2:No such file or directory], attempt=43
01-28 23:33:15.892   419   555 E QC-QMI  : qmi_client [419]: unable to connect to server, errno=[2:No such file or directory], attempt=43
01-28 23:33:16.059   605   627 W system_server: Waited one second for android.hardware.light@2.0::ILight/default. Waiting another...
01-28 23:33:16.714   436   546 E QC-QMI  : qmi_client [436]: unable to connect to server, errno=[2:No such file or directory], attempt=44
01-28 23:33:16.892   419   555 E QC-QMI  : qmi_client [419]: unable to connect to server, errno=[2:No such file or directory], attempt=44
01-28 23:33:17.059   605   627 W system_server: Waited one second for android.hardware.light@2.0::ILight/default. Waiting another...
01-28 23:33:17.715   436   546 E QC-QMI  : qmi_client [436]: unable to connect to server, errno=[2:No such file or directory], attempt=45
01-28 23:33:17.892   419   555 E QC-QMI  : qmi_client [419]: unable to connect to server, errno=[2:No such file or directory], attempt=45
01-28 23:33:18.059   605   627 W system_server: Waited one second for android.hardware.light@2.0::ILight/default. Waiting another...
01-28 23:33:18.715   436   546 E QC-QMI  : qmi_client [436]: unable to connect to server, errno=[2:No such file or directory], attempt=46
01-28 23:33:18.893   419   555 E QC-QMI  : qmi_client [419]: unable to connect to server, errno=[2:No such file or directory], attempt=46
01-28 23:33:19.059   605   627 W system_server: Waited one second for android.hardware.light@2.0::ILight/default. Waiting another...
01-28 23:33:19.715   436   546 E QC-QMI  : qmi_client [436]: unable to connect to server, errno=[2:No such file or directory], attempt=47
01-28 23:33:19.893   419   555 E QC-QMI  : qmi_client [419]: unable to connect to server, errno=[2:No such file or directory], attempt=47
01-28 23:33:20.060   605   627 W system_server: Waited one second for android.hardware.light@2.0::ILight/default. Waiting another...
01-28 23:33:20.715   436   546 E QC-QMI  : qmi_client [436]: unable to connect to server, errno=[2:No such file or directory], attempt=48
01-28 23:33:20.893   419   555 E QC-QMI  : qmi_client [419]: unable to connect to server, errno=[2:No such file or directory], attempt=48
01-28 23:33:21.060   605   627 W system_server: Waited one second for android.hardware.light@2.0::ILight/default. Waiting another...
01-28 23:33:21.715   436   546 E QC-QMI  : qmi_client [436]: unable to connect to server, errno=[2:No such file or directory], attempt=49
01-28 23:33:21.893   419   555 E QC-QMI  : qmi_client [419]: unable to connect to server, errno=[2:No such file or directory], attempt=49
01-28 23:33:22.060   605   627 W system_server: Waited one second for android.hardware.light@2.0::ILight/default. Waiting another...
01-28 23:33:22.716   436   546 E QC-QMI  : qmi_client [436]: unable to connect to server, errno=[2:No such file or directory], attempt=50
