01-28 23:54:19.534     0     0 I ueventd : fixup /sys/devices/soc.0/f9927000.i2c/i2c-13/13-0008/lsm6db0_linear.0/iio:device14/scan_elements/in_linear_accel_y_en 1000 1000 660
01-28 23:54:19.535     0     0 I ueventd : fixup /sys/devices/soc.0/f9927000.i2c/i2c-13/13-0008/lsm6db0_linear.0/iio:device14/scan_elements/in_linear_accel_z_en 1000 1000 660
01-28 23:54:19.535     0     0 I ueventd : fixup /sys/devices/soc.0/f9927000.i2c/i2c-13/13-0008/lsm6db0_linear.0/iio:device14/scan_elements/in_timestamp_en 1000 1000 660
01-28 23:54:19.535     0     0 I ueventd : fixup /sys/devices/soc.0/f9927000.i2c/i2c-13/13-0008/lsm6db0_linear.0/iio:device14/in_linear_accel_x_scale 1000 1000 660
01-28 23:54:19.535     0     0 I ueventd : fixup /sys/devices/soc.0/f9927000.i2c/i2c-13/13-0008/lsm6db0_linear.0/iio:device14/in_linear_accel_y_scale 1000 1000 660
01-28 23:54:19.535     0     0 I ueventd : fixup /sys/devices/soc.0/f9927000.i2c/i2c-13/13-0008/lsm6db0_linear.0/iio:device14/in_linear_accel_z_scale 1000 1000 660
01-28 23:54:19.535   353   353 D libEGL  : loaded /vendor/lib64/egl/libEGL_adreno.so
01-28 23:54:19.543   811   821 I vndksupport: sphal namespace is not configured for this process. Loading /vendor/lib64/egl/libGLESv2_adreno.so from the current namespace instead.
01-28 23:54:19.544   353   353 I vndksupport: sphal namespace is not configured for this process. Loading /vendor/lib64/egl/libGLESv1_CM_adreno.so from the current namespace instead.
01-28 23:54:19.544   811   821 D libEGL  : loaded /vendor/lib64/egl/libGLESv2_adreno.so
01-28 23:54:19.544   353   353 D libEGL  : loaded /vendor/lib64/egl/libGLESv1_CM_adreno.so
01-28 23:54:19.558   811   821 I Adreno  : QUALCOMM build                   : 7142022, Ib5823dd10c
01-28 23:54:19.558   811   821 I Adreno  : Build Date                       : 06/23/17
01-28 23:54:19.558   811   821 I Adreno  : OpenGL ES Shader Compiler Version: EV031.18.00.00
01-28 23:54:19.558   811   821 I Adreno  : Local Branch                     : O11A
01-28 23:54:19.558   811   821 I Adreno  : Remote Branch                    : 
01-28 23:54:19.558   811   821 I Adreno  : Remote Branch                    : 
01-28 23:54:19.558   811   821 I Adreno  : Reconstruct Branch               : 
01-28 23:54:19.558   811   821 I vndksupport: sphal namespace is not configured for this process. Loading /vendor/lib64/hw/gralloc.msm8992.so from the current namespace instead.
01-28 23:54:19.559   353   353 I vndksupport: sphal namespace is not configured for this process. Loading /vendor/lib64/egl/libGLESv2_adreno.so from the current namespace instead.
01-28 23:54:19.560   353   353 D libEGL  : loaded /vendor/lib64/egl/libGLESv2_adreno.so
01-28 23:54:19.561   811   821 I Adreno  : PFP: 0x00000000, ME: 0x00000000
01-28 23:54:19.575     0     0 I ueventd : fixup /sys/devices/soc.0/f9927000.i2c/i2c-13/13-0008/lsm6db0_gravity.0/iio:device15/buffer/enable 1000 1000 660
01-28 23:54:19.575     0     0 I ueventd : fixup /sys/devices/soc.0/f9927000.i2c/i2c-13/13-0008/lsm6db0_gravity.0/iio:device15/buffer/length 1000 1000 660
01-28 23:54:19.575     0     0 I ueventd : fixup /sys/devices/soc.0/f9927000.i2c/i2c-13/13-0008/lsm6db0_gravity.0/iio:device15/sampling_frequency 1000 1000 660
01-28 23:54:19.575     0     0 I ueventd : fixup /sys/devices/soc.0/f9927000.i2c/i2c-13/13-0008/lsm6db0_gravity.0/iio:device15/batch_mode 1000 1000 660
01-28 23:54:19.575     0     0 I ueventd : fixup /sys/devices/soc.0/f9927000.i2c/i2c-13/13-0008/lsm6db0_gravity.0/iio:device15/batch_mode_timeout 1000 1000 660
01-28 23:54:19.575     0     0 I ueventd : fixup /sys/devices/soc.0/f9927000.i2c/i2c-13/13-0008/lsm6db0_gravity.0/iio:device15/scan_elements/in_gravity_x_en 1000 1000 660
01-28 23:54:19.575     0     0 I ueventd : fixup /sys/devices/soc.0/f9927000.i2c/i2c-13/13-0008/lsm6db0_gravity.0/iio:device15/scan_elements/in_gravity_y_en 1000 1000 660
01-28 23:54:19.575     0     0 I ueventd : fixup /sys/devices/soc.0/f9927000.i2c/i2c-13/13-0008/lsm6db0_gravity.0/iio:device15/scan_elements/in_gravity_z_en 1000 1000 660
01-28 23:54:19.575     0     0 I ueventd : fixup /sys/devices/soc.0/f9927000.i2c/i2c-13/13-0008/lsm6db0_gravity.0/iio:device15/scan_elements/in_timestamp_en 1000 1000 660
01-28 23:54:19.575     0     0 I ueventd : fixup /sys/devices/soc.0/f9927000.i2c/i2c-13/13-0008/lsm6db0_gravity.0/iio:device15/in_gravity_x_scale 1000 1000 660
01-28 23:54:19.576     0     0 I ueventd : fixup /sys/devices/soc.0/f9927000.i2c/i2c-13/13-0008/lsm6db0_gravity.0/iio:device15/in_gravity_y_scale 1000 1000 660
01-28 23:54:19.576     0     0 I ueventd : fixup /sys/devices/soc.0/f9927000.i2c/i2c-13/13-0008/lsm6db0_gravity.0/iio:device15/in_gravity_z_scale 1000 1000 660
01-28 23:54:19.576   353   353 I Zygote  : Preloading shared libraries...
01-28 23:54:19.593   353   353 I Zygote  : Uninstalled ICU cache reference pinning...
01-28 23:54:19.597   353   353 I Zygote  : Installed AndroidKeyStoreProvider in 4ms.
01-28 23:54:19.603   353   353 I Zygote  : Warmed up JCA providers in 6ms.
01-28 23:54:19.603   353   353 D Zygote  : end preload
01-28 23:54:19.603   353   353 I boot_progress_preload_end: 9437
01-28 23:54:19.603   353   353 D Zygote64Timing: ZygotePreload took to complete: 1806ms
01-28 23:54:19.614     0     0 I         : st_hub_accel_probe +
01-28 23:54:19.616     0     0 I ueventd : fixup /sys/devices/soc.0/f9927000.i2c/i2c-13/13-0008/lsm6db0_geo_quat.0/iio:device16/buffer/enable 1000 1000 660
01-28 23:54:19.616     0     0 I ueventd : fixup /sys/devices/soc.0/f9927000.i2c/i2c-13/13-0008/lsm6db0_geo_quat.0/iio:device16/buffer/length 1000 1000 660
01-28 23:54:19.616     0     0 I ueventd : fixup /sys/devices/soc.0/f9927000.i2c/i2c-13/13-0008/lsm6db0_geo_quat.0/iio:device16/sampling_frequency 1000 1000 660
01-28 23:54:19.616     0     0 I ueventd : fixup /sys/devices/soc.0/f9927000.i2c/i2c-13/13-0008/lsm6db0_geo_quat.0/iio:device16/batch_mode 1000 1000 660
01-28 23:54:19.616     0     0 I ueventd : fixup /sys/devices/soc.0/f9927000.i2c/i2c-13/13-0008/lsm6db0_geo_quat.0/iio:device16/batch_mode_timeout 1000 1000 660
01-28 23:54:19.616     0     0 I ueventd : fixup /sys/devices/soc.0/f9927000.i2c/i2c-13/13-0008/lsm6db0_geo_quat.0/iio:device16/scan_elements/in_quaternion_x_en 1000 1000 660
01-28 23:54:19.616     0     0 I ueventd : fixup /sys/devices/soc.0/f9927000.i2c/i2c-13/13-0008/lsm6db0_geo_quat.0/iio:device16/scan_elements/in_quaternion_y_en 1000 1000 660
01-28 23:54:19.616     0     0 I ueventd : fixup /sys/devices/soc.0/f9927000.i2c/i2c-13/13-0008/lsm6db0_geo_quat.0/iio:device16/scan_elements/in_quaternion_z_en 1000 1000 660
01-28 23:54:19.617     0     0 I ueventd : fixup /sys/devices/soc.0/f9927000.i2c/i2c-13/13-0008/lsm6db0_geo_quat.0/iio:device16/scan_elements/in_quaternion_module_en 1000 1000 660
01-28 23:54:19.617     0     0 I ueventd : fixup /sys/devices/soc.0/f9927000.i2c/i2c-13/13-0008/lsm6db0_geo_quat.0/iio:device16/scan_elements/in_quaternion_accuracy_en 1000 1000 660
01-28 23:54:19.617     0     0 I ueventd : fixup /sys/devices/soc.0/f9927000.i2c/i2c-13/13-0008/lsm6db0_geo_quat.0/iio:device16/scan_elements/in_timestamp_en 1000 1000 660
01-28 23:54:19.617     0     0 I ueventd : fixup /sys/devices/soc.0/f9927000.i2c/i2c-13/13-0008/lsm6db0_geo_quat.0/iio:device16/in_quaternion_x_scale 1000 1000 660
01-28 23:54:19.617     0     0 I ueventd : fixup /sys/devices/soc.0/f9927000.i2c/i2c-13/13-0008/lsm6db0_geo_quat.0/iio:device16/in_quaternion_y_scale 1000 1000 660
01-28 23:54:19.617     0     0 I ueventd : fixup /sys/devices/soc.0/f9927000.i2c/i2c-13/13-0008/lsm6db0_geo_quat.0/iio:device16/in_quaternion_z_scale 1000 1000 660
01-28 23:54:19.617     0     0 I ueventd : fixup /sys/devices/soc.0/f9927000.i2c/i2c-13/13-0008/lsm6db0_geo_quat.0/iio:device16/in_quaternion_module_scale 1000 1000 660
01-28 23:54:19.617   353   353 I zygote64: Explicit concurrent copying GC freed 31921(1750KB) AllocSpace objects, 4(104KB) LOS objects, 75% free, 1060KB/4MB, paused 305us total 13.400ms
01-28 23:54:19.624     0     0 I ueventd : fixup /sys/devices/soc.0/f9927000.i2c/i2c-13/13-0008/lsm6db0_tilt.0/iio:device17/buffer/enable 1000 1000 660
01-28 23:54:19.624     0     0 I ueventd : fixup /sys/devices/soc.0/f9927000.i2c/i2c-13/13-0008/lsm6db0_tilt.0/iio:device17/buffer/length 1000 1000 660
01-28 23:54:19.624     0     0 I ueventd : fixup /sys/devices/soc.0/f9927000.i2c/i2c-13/13-0008/lsm6db0_tilt.0/iio:device17/config_parameters 1000 1000 660
01-28 23:54:19.624     0     0 I ueventd : fixup /sys/devices/soc.0/f9927000.i2c/i2c-13/13-0008/lsm6db0_tilt.0/iio:device17/scan_elements/in_tilt_en 1000 1000 660
01-28 23:54:19.624     0     0 I ueventd : fixup /sys/devices/soc.0/f9927000.i2c/i2c-13/13-0008/lsm6db0_tilt.0/iio:device17/scan_elements/in_timestamp_en 1000 1000 660
01-28 23:54:19.628   353   353 I zygote64: Explicit concurrent copying GC freed 6059(221KB) AllocSpace objects, 0(0B) LOS objects, 75% free, 871KB/3MB, paused 100us total 7.824ms
01-28 23:54:19.628   353   353 D Zygote64Timing: PostZygoteInitGC took to complete: 25ms
01-28 23:54:19.628   353   353 D Zygote64Timing: ZygoteInit took to complete: 1833ms
01-28 23:54:19.629   353   353 I         : seccomp disabled by setenforce 0
01-28 23:54:19.632     0     0 I ueventd : fixup /sys/devices/soc.0/f9927000.i2c/i2c-13/13-0008/lsm6db0_activity.0/iio:device18/buffer/enable 1000 1000 660
01-28 23:54:19.632     0     0 I ueventd : fixup /sys/devices/soc.0/f9927000.i2c/i2c-13/13-0008/lsm6db0_activity.0/iio:device18/buffer/length 1000 1000 660
01-28 23:54:19.632     0     0 I ueventd : fixup /sys/devices/soc.0/f9927000.i2c/i2c-13/13-0008/lsm6db0_activity.0/iio:device18/batch_mode 1000 1000 660
01-28 23:54:19.632     0     0 I ueventd : fixup /sys/devices/soc.0/f9927000.i2c/i2c-13/13-0008/lsm6db0_activity.0/iio:device18/batch_mode_timeout 1000 1000 660
01-28 23:54:19.632     0     0 I ueventd : fixup /sys/devices/soc.0/f9927000.i2c/i2c-13/13-0008/lsm6db0_activity.0/iio:device18/scan_elements/in_activity_en 1000 1000 660
01-28 23:54:19.632     0     0 I ueventd : fixup /sys/devices/soc.0/f9927000.i2c/i2c-13/13-0008/lsm6db0_activity.0/iio:device18/scan_elements/in_timestamp_en 1000 1000 660
01-28 23:54:19.631   811   821 D BootAnimation: BootAnimationShownTiming start time: 9465ms
01-28 23:54:19.632     0     0 I ueventd : fixup /sys/devices/soc.0/f9927000.i2c/i2c-13/13-0008/lsm6db0_activity.0/iio:device18/buffer/enable 1000 1000 660
01-28 23:54:19.632     0     0 I ueventd : fixup /sys/devices/soc.0/f9927000.i2c/i2c-13/13-0008/lsm6db0_activity.0/iio:device18/buffer/length 1000 1000 660
01-28 23:54:19.632     0     0 I ueventd : fixup /sys/devices/soc.0/f9927000.i2c/i2c-13/13-0008/lsm6db0_activity.0/iio:device18/batch_mode 1000 1000 660
01-28 23:54:19.632     0     0 I ueventd : fixup /sys/devices/soc.0/f9927000.i2c/i2c-13/13-0008/lsm6db0_activity.0/iio:device18/batch_mode_timeout 1000 1000 660
01-28 23:54:19.632     0     0 I ueventd : fixup /sys/devices/soc.0/f9927000.i2c/i2c-13/13-0008/lsm6db0_activity.0/iio:device18/scan_elements/in_activity_en 1000 1000 660
01-28 23:54:19.632     0     0 I ueventd : fixup /sys/devices/soc.0/f9927000.i2c/i2c-13/13-0008/lsm6db0_activity.0/iio:device18/scan_elements/in_timestamp_en 1000 1000 660
01-28 23:54:19.653   353   353 I Zygote  : System server process 822 has been created
01-28 23:54:19.655     0     0 I         : st_hub_accel_probe -
01-28 23:54:19.659     0     0 I ueventd : fixup /sys/devices/soc.0/f9927000.i2c/i2c-13/13-0008/lsm6db0_accel_wk.0/iio:device19/buffer/enable 1000 1000 660
01-28 23:54:19.659     0     0 I ueventd : fixup /sys/devices/soc.0/f9927000.i2c/i2c-13/13-0008/lsm6db0_accel_wk.0/iio:device19/buffer/length 1000 1000 660
01-28 23:54:19.659     0     0 I ueventd : fixup /sys/devices/soc.0/f9927000.i2c/i2c-13/13-0008/lsm6db0_accel_wk.0/iio:device19/sampling_frequency 1000 1000 660
01-28 23:54:19.659     0     0 I ueventd : fixup /sys/devices/soc.0/f9927000.i2c/i2c-13/13-0008/lsm6db0_accel_wk.0/iio:device19/batch_mode 1000 1000 660
01-28 23:54:19.659     0     0 I ueventd : fixup /sys/devices/soc.0/f9927000.i2c/i2c-13/13-0008/lsm6db0_accel_wk.0/iio:device19/batch_mode_timeout 1000 1000 660
01-28 23:54:19.659     0     0 I ueventd : fixup /sys/devices/soc.0/f9927000.i2c/i2c-13/13-0008/lsm6db0_accel_wk.0/iio:device19/scan_elements/in_accel_x_en 1000 1000 660
01-28 23:54:19.659     0     0 I ueventd : fixup /sys/devices/soc.0/f9927000.i2c/i2c-13/13-0008/lsm6db0_accel_wk.0/iio:device19/scan_elements/in_accel_y_en 1000 1000 660
01-28 23:54:19.660     0     0 I ueventd : fixup /sys/devices/soc.0/f9927000.i2c/i2c-13/13-0008/lsm6db0_accel_wk.0/iio:device19/scan_elements/in_accel_z_en 1000 1000 660
01-28 23:54:19.660     0     0 I ueventd : fixup /sys/devices/soc.0/f9927000.i2c/i2c-13/13-0008/lsm6db0_accel_wk.0/iio:device19/scan_elements/in_timestamp_en 1000 1000 660
01-28 23:54:19.660     0     0 I ueventd : fixup /sys/devices/soc.0/f9927000.i2c/i2c-13/13-0008/lsm6db0_accel_wk.0/iio:device19/in_accel_x_scale 1000 1000 660
01-28 23:54:19.660     0     0 I ueventd : fixup /sys/devices/soc.0/f9927000.i2c/i2c-13/13-0008/lsm6db0_accel_wk.0/iio:device19/in_accel_y_scale 1000 1000 660
01-28 23:54:19.660     0     0 I ueventd : fixup /sys/devices/soc.0/f9927000.i2c/i2c-13/13-0008/lsm6db0_accel_wk.0/iio:device19/in_accel_z_scale 1000 1000 660
01-28 23:54:19.661   353   353 I Zygote  : Accepting command socket connections
01-28 23:54:19.662   811   821 I vndksupport: sphal namespace is not configured for this process. Loading /vendor/lib64/hw/gralloc.msm8992.so from the current namespace instead.
01-28 23:54:19.685   822   822 I Zygote  : Process: zygote socket zygote_secondary opened, supported ABIS: armeabi-v7a,armeabi
01-28 23:54:19.700     0     0 I ueventd : fixup /sys/devices/soc.0/f9927000.i2c/i2c-13/13-0008/lsm6db0_magn_wk.0/iio:device20/buffer/enable 1000 1000 660
01-28 23:54:19.700     0     0 I ueventd : fixup /sys/devices/soc.0/f9927000.i2c/i2c-13/13-0008/lsm6db0_magn_wk.0/iio:device20/buffer/length 1000 1000 660
01-28 23:54:19.700     0     0 I ueventd : fixup /sys/devices/soc.0/f9927000.i2c/i2c-13/13-0008/lsm6db0_magn_wk.0/iio:device20/sampling_frequency 1000 1000 660
01-28 23:54:19.700     0     0 I ueventd : fixup /sys/devices/soc.0/f9927000.i2c/i2c-13/13-0008/lsm6db0_magn_wk.0/iio:device20/batch_mode 1000 1000 660
01-28 23:54:19.700     0     0 I ueventd : fixup /sys/devices/soc.0/f9927000.i2c/i2c-13/13-0008/lsm6db0_magn_wk.0/iio:device20/batch_mode_timeout 1000 1000 660
01-28 23:54:19.700     0     0 I ueventd : fixup /sys/devices/soc.0/f9927000.i2c/i2c-13/13-0008/lsm6db0_magn_wk.0/iio:device20/scan_elements/in_magn_x_en 1000 1000 660
01-28 23:54:19.700     0     0 I ueventd : fixup /sys/devices/soc.0/f9927000.i2c/i2c-13/13-0008/lsm6db0_magn_wk.0/iio:device20/scan_elements/in_magn_y_en 1000 1000 660
01-28 23:54:19.700     0     0 I ueventd : fixup /sys/devices/soc.0/f9927000.i2c/i2c-13/13-0008/lsm6db0_magn_wk.0/iio:device20/scan_elements/in_magn_z_en 1000 1000 660
01-28 23:54:19.700     0     0 I ueventd : fixup /sys/devices/soc.0/f9927000.i2c/i2c-13/13-0008/lsm6db0_magn_wk.0/iio:device20/scan_elements/in_magn_accuracy_en 1000 1000 660
01-28 23:54:19.700     0     0 I ueventd : fixup /sys/devices/soc.0/f9927000.i2c/i2c-13/13-0008/lsm6db0_magn_wk.0/iio:device20/scan_elements/in_timestamp_en 1000 1000 660
01-28 23:54:19.701     0     0 I ueventd : fixup /sys/devices/soc.0/f9927000.i2c/i2c-13/13-0008/lsm6db0_magn_wk.0/iio:device20/in_magn_x_scale 1000 1000 660
01-28 23:54:19.701     0     0 I ueventd : fixup /sys/devices/soc.0/f9927000.i2c/i2c-13/13-0008/lsm6db0_magn_wk.0/iio:device20/in_magn_y_scale 1000 1000 660
01-28 23:54:19.701     0     0 I ueventd : fixup /sys/devices/soc.0/f9927000.i2c/i2c-13/13-0008/lsm6db0_magn_wk.0/iio:device20/in_magn_z_scale 1000 1000 660
01-28 23:54:19.701     0     0 I ueventd : fixup /sys/devices/soc.0/f9927000.i2c/i2c-13/13-0008/lsm6db0_magn_wk.0/iio:device20/force_magn_calibration 1000 1000 660
01-28 23:54:19.699   426   426 I auditd  : type=1400 audit(0.0:353): avc: denied { ioctl } for comm="surfaceflinger" path="/dev/kgsl-3d0" dev="tmpfs" ino=12638 ioctlcmd=915 scontext=u:r:surfaceflinger:s0 tcontext=u:object_r:device:s0 tclass=chr_file permissive=1
01-28 23:54:19.699   426   426 I surfaceflinger: type=1400 audit(0.0:353): avc: denied { ioctl } for path="/dev/kgsl-3d0" dev="tmpfs" ino=12638 ioctlcmd=915 scontext=u:r:surfaceflinger:s0 tcontext=u:object_r:device:s0 tclass=chr_file permissive=1
01-28 23:54:19.700     0     0 I ueventd : fixup /sys/devices/soc.0/f9927000.i2c/i2c-13/13-0008/lsm6db0_magn_wk.0/iio:device20/buffer/enable 1000 1000 660
01-28 23:54:19.700     0     0 I ueventd : fixup /sys/devices/soc.0/f9927000.i2c/i2c-13/13-0008/lsm6db0_magn_wk.0/iio:device20/buffer/length 1000 1000 660
01-28 23:54:19.700     0     0 I ueventd : fixup /sys/devices/soc.0/f9927000.i2c/i2c-13/13-0008/lsm6db0_magn_wk.0/iio:device20/sampling_frequency 1000 1000 660
01-28 23:54:19.700     0     0 I ueventd : fixup /sys/devices/soc.0/f9927000.i2c/i2c-13/13-0008/lsm6db0_magn_wk.0/iio:device20/batch_mode 1000 1000 660
01-28 23:54:19.700     0     0 I ueventd : fixup /sys/devices/soc.0/f9927000.i2c/i2c-13/13-0008/lsm6db0_magn_wk.0/iio:device20/batch_mode_timeout 1000 1000 660
01-28 23:54:19.700     0     0 I ueventd : fixup /sys/devices/soc.0/f9927000.i2c/i2c-13/13-0008/lsm6db0_magn_wk.0/iio:device20/scan_elements/in_magn_x_en 1000 1000 660
01-28 23:54:19.700     0     0 I ueventd : fixup /sys/devices/soc.0/f9927000.i2c/i2c-13/13-0008/lsm6db0_magn_wk.0/iio:device20/scan_elements/in_magn_y_en 1000 1000 660
01-28 23:54:19.700     0     0 I ueventd : fixup /sys/devices/soc.0/f9927000.i2c/i2c-13/13-0008/lsm6db0_magn_wk.0/iio:device20/scan_elements/in_magn_z_en 1000 1000 660
01-28 23:54:19.700     0     0 I ueventd : fixup /sys/devices/soc.0/f9927000.i2c/i2c-13/13-0008/lsm6db0_magn_wk.0/iio:device20/scan_elements/in_magn_accuracy_en 1000 1000 660
01-28 23:54:19.700     0     0 I ueventd : fixup /sys/devices/soc.0/f9927000.i2c/i2c-13/13-0008/lsm6db0_magn_wk.0/iio:device20/scan_elements/in_timestamp_en 1000 1000 660
01-28 23:54:19.701     0     0 I ueventd : fixup /sys/devices/soc.0/f9927000.i2c/i2c-13/13-0008/lsm6db0_magn_wk.0/iio:device20/in_magn_x_scale 1000 1000 660
01-28 23:54:19.701     0     0 I ueventd : fixup /sys/devices/soc.0/f9927000.i2c/i2c-13/13-0008/lsm6db0_magn_wk.0/iio:device20/in_magn_y_scale 1000 1000 660
01-28 23:54:19.701     0     0 I ueventd : fixup /sys/devices/soc.0/f9927000.i2c/i2c-13/13-0008/lsm6db0_magn_wk.0/iio:device20/in_magn_z_scale 1000 1000 660
01-28 23:54:19.701     0     0 I ueventd : fixup /sys/devices/soc.0/f9927000.i2c/i2c-13/13-0008/lsm6db0_magn_wk.0/iio:device20/force_magn_calibration 1000 1000 660
01-28 23:54:19.704   406   728 D MDP_SCALE: Debug enabled = 0, Max mixer width= 4096
01-28 23:54:19.743     0     0 I ueventd : fixup /sys/devices/soc.0/f9927000.i2c/i2c-13/13-0008/lsm6db0_gyro_wk.0/iio:device21/buffer/enable 1000 1000 660
01-28 23:54:19.743     0     0 I ueventd : fixup /sys/devices/soc.0/f9927000.i2c/i2c-13/13-0008/lsm6db0_gyro_wk.0/iio:device21/buffer/length 1000 1000 660
01-28 23:54:19.743     0     0 I ueventd : fixup /sys/devices/soc.0/f9927000.i2c/i2c-13/13-0008/lsm6db0_gyro_wk.0/iio:device21/sampling_frequency 1000 1000 660
01-28 23:54:19.743     0     0 I ueventd : fixup /sys/devices/soc.0/f9927000.i2c/i2c-13/13-0008/lsm6db0_gyro_wk.0/iio:device21/batch_mode 1000 1000 660
01-28 23:54:19.743     0     0 I ueventd : fixup /sys/devices/soc.0/f9927000.i2c/i2c-13/13-0008/lsm6db0_gyro_wk.0/iio:device21/batch_mode_timeout 1000 1000 660
01-28 23:54:19.743     0     0 I ueventd : fixup /sys/devices/soc.0/f9927000.i2c/i2c-13/13-0008/lsm6db0_gyro_wk.0/iio:device21/scan_elements/in_anglvel_x_en 1000 1000 660
01-28 23:54:19.743     0     0 I ueventd : fixup /sys/devices/soc.0/f9927000.i2c/i2c-13/13-0008/lsm6db0_gyro_wk.0/iio:device21/scan_elements/in_anglvel_y_en 1000 1000 660
01-28 23:54:19.743     0     0 I ueventd : fixup /sys/devices/soc.0/f9927000.i2c/i2c-13/13-0008/lsm6db0_gyro_wk.0/iio:device21/scan_elements/in_anglvel_z_en 1000 1000 660
01-28 23:54:19.743     0     0 I ueventd : fixup /sys/devices/soc.0/f9927000.i2c/i2c-13/13-0008/lsm6db0_gyro_wk.0/iio:device21/scan_elements/in_timestamp_en 1000 1000 660
01-28 23:54:19.743     0     0 I ueventd : fixup /sys/devices/soc.0/f9927000.i2c/i2c-13/13-0008/lsm6db0_gyro_wk.0/iio:device21/in_anglvel_x_scale 1000 1000 660
01-28 23:54:19.743     0     0 I ueventd : fixup /sys/devices/soc.0/f9927000.i2c/i2c-13/13-0008/lsm6db0_gyro_wk.0/iio:device21/in_anglvel_y_scale 1000 1000 660
01-28 23:54:19.743     0     0 I ueventd : fixup /sys/devices/soc.0/f9927000.i2c/i2c-13/13-0008/lsm6db0_gyro_wk.0/iio:device21/in_anglvel_z_scale 1000 1000 660
01-28 23:54:19.758   822   822 I SystemServer: InitBeforeStartServices
01-28 23:54:19.759   822   822 I SystemServer: Entered the Android system server!
01-28 23:54:19.759   822   822 I boot_progress_system_run: 9593
01-28 23:54:19.760   822   822 I sysui_histogram: [boot_system_server_init,9593]
01-28 23:54:19.761   822   822 I sysui_multi_action: [757,804,799,boot_system_server_init,801,9593,802,1]
01-28 23:54:19.785     0     0 I ueventd : fixup /sys/devices/soc.0/f9927000.i2c/i2c-13/13-0008/lsm6db0_quat_wk.0/iio:device22/buffer/enable 1000 1000 660
01-28 23:54:19.786     0     0 I ueventd : fixup /sys/devices/soc.0/f9927000.i2c/i2c-13/13-0008/lsm6db0_quat_wk.0/iio:device22/buffer/length 1000 1000 660
01-28 23:54:19.786     0     0 I ueventd : fixup /sys/devices/soc.0/f9927000.i2c/i2c-13/13-0008/lsm6db0_quat_wk.0/iio:device22/sampling_frequency 1000 1000 660
01-28 23:54:19.786     0     0 I ueventd : fixup /sys/devices/soc.0/f9927000.i2c/i2c-13/13-0008/lsm6db0_quat_wk.0/iio:device22/batch_mode 1000 1000 660
01-28 23:54:19.786     0     0 I ueventd : fixup /sys/devices/soc.0/f9927000.i2c/i2c-13/13-0008/lsm6db0_quat_wk.0/iio:device22/batch_mode_timeout 1000 1000 660
01-28 23:54:19.786     0     0 I ueventd : fixup /sys/devices/soc.0/f9927000.i2c/i2c-13/13-0008/lsm6db0_quat_wk.0/iio:device22/scan_elements/in_quaternion_x_en 1000 1000 660
01-28 23:54:19.786     0     0 I ueventd : fixup /sys/devices/soc.0/f9927000.i2c/i2c-13/13-0008/lsm6db0_quat_wk.0/iio:device22/scan_elements/in_quaternion_y_en 1000 1000 660
01-28 23:54:19.786     0     0 I ueventd : fixup /sys/devices/soc.0/f9927000.i2c/i2c-13/13-0008/lsm6db0_quat_wk.0/iio:device22/scan_elements/in_quaternion_z_en 1000 1000 660
01-28 23:54:19.786     0     0 I ueventd : fixup /sys/devices/soc.0/f9927000.i2c/i2c-13/13-0008/lsm6db0_quat_wk.0/iio:device22/scan_elements/in_quaternion_module_en 1000 1000 660
01-28 23:54:19.786     0     0 I ueventd : fixup /sys/devices/soc.0/f9927000.i2c/i2c-13/13-0008/lsm6db0_quat_wk.0/iio:device22/scan_elements/in_quaternion_accuracy_en 1000 1000 660
01-28 23:54:19.786     0     0 I ueventd : fixup /sys/devices/soc.0/f9927000.i2c/i2c-13/13-0008/lsm6db0_quat_wk.0/iio:device22/scan_elements/in_timestamp_en 1000 1000 660
01-28 23:54:19.786     0     0 I ueventd : fixup /sys/devices/soc.0/f9927000.i2c/i2c-13/13-0008/lsm6db0_quat_wk.0/iio:device22/in_quaternion_x_scale 1000 1000 660
01-28 23:54:19.786     0     0 I ueventd : fixup /sys/devices/soc.0/f9927000.i2c/i2c-13/13-0008/lsm6db0_quat_wk.0/iio:device22/in_quaternion_y_scale 1000 1000 660
01-28 23:54:19.786     0     0 I ueventd : fixup /sys/devices/soc.0/f9927000.i2c/i2c-13/13-0008/lsm6db0_quat_wk.0/iio:device22/in_quaternion_z_scale 1000 1000 660
01-28 23:54:19.787     0     0 I ueventd : fixup /sys/devices/soc.0/f9927000.i2c/i2c-13/13-0008/lsm6db0_quat_wk.0/iio:device22/in_quaternion_module_scale 1000 1000 660
01-28 23:54:19.794     0     0 I ueventd : fixup /sys/devices/soc.0/f9927000.i2c/i2c-13/13-0008/lsm6db0_step_d_wk.0/iio:device23/buffer/enable 1000 1000 660
01-28 23:54:19.794     0     0 I ueventd : fixup /sys/devices/soc.0/f9927000.i2c/i2c-13/13-0008/lsm6db0_step_d_wk.0/iio:device23/buffer/length 1000 1000 660
01-28 23:54:19.794     0     0 I ueventd : fixup /sys/devices/soc.0/f9927000.i2c/i2c-13/13-0008/lsm6db0_step_d_wk.0/iio:device23/batch_mode 1000 1000 660
01-28 23:54:19.794     0     0 I ueventd : fixup /sys/devices/soc.0/f9927000.i2c/i2c-13/13-0008/lsm6db0_step_d_wk.0/iio:device23/batch_mode_timeout 1000 1000 660
01-28 23:54:19.794     0     0 I ueventd : fixup /sys/devices/soc.0/f9927000.i2c/i2c-13/13-0008/lsm6db0_step_d_wk.0/iio:device23/scan_elements/in_step_detector_en 1000 1000 660
01-28 23:54:19.794     0     0 I ueventd : fixup /sys/devices/soc.0/f9927000.i2c/i2c-13/13-0008/lsm6db0_step_d_wk.0/iio:device23/scan_elements/in_timestamp_en 1000 1000 660
01-28 23:54:19.824     0     0 I ueventd : fixup /sys/devices/soc.0/f9927000.i2c/i2c-13/13-0008/lsm6db0_euler_wk.0/iio:device24/buffer/enable 1000 1000 660
01-28 23:54:19.824     0     0 I ueventd : fixup /sys/devices/soc.0/f9927000.i2c/i2c-13/13-0008/lsm6db0_euler_wk.0/iio:device24/buffer/length 1000 1000 660
01-28 23:54:19.824     0     0 I ueventd : fixup /sys/devices/soc.0/f9927000.i2c/i2c-13/13-0008/lsm6db0_euler_wk.0/iio:device24/sampling_frequency 1000 1000 660
01-28 23:54:19.824     0     0 I ueventd : fixup /sys/devices/soc.0/f9927000.i2c/i2c-13/13-0008/lsm6db0_euler_wk.0/iio:device24/batch_mode 1000 1000 660
01-28 23:54:19.824     0     0 I ueventd : fixup /sys/devices/soc.0/f9927000.i2c/i2c-13/13-0008/lsm6db0_euler_wk.0/iio:device24/batch_mode_timeout 1000 1000 660
01-28 23:54:19.824     0     0 I ueventd : fixup /sys/devices/soc.0/f9927000.i2c/i2c-13/13-0008/lsm6db0_euler_wk.0/iio:device24/scan_elements/in_euler_x_en 1000 1000 660
01-28 23:54:19.824     0     0 I ueventd : fixup /sys/devices/soc.0/f9927000.i2c/i2c-13/13-0008/lsm6db0_euler_wk.0/iio:device24/scan_elements/in_euler_y_en 1000 1000 660
01-28 23:54:19.824     0     0 I ueventd : fixup /sys/devices/soc.0/f9927000.i2c/i2c-13/13-0008/lsm6db0_euler_wk.0/iio:device24/scan_elements/in_euler_z_en 1000 1000 660
01-28 23:54:19.824     0     0 I ueventd : fixup /sys/devices/soc.0/f9927000.i2c/i2c-13/13-0008/lsm6db0_euler_wk.0/iio:device24/scan_elements/in_euler_accuracy_en 1000 1000 660
01-28 23:54:19.824     0     0 I ueventd : fixup /sys/devices/soc.0/f9927000.i2c/i2c-13/13-0008/lsm6db0_euler_wk.0/iio:device24/scan_elements/in_timestamp_en 1000 1000 660
01-28 23:54:19.824     0     0 I ueventd : fixup /sys/devices/soc.0/f9927000.i2c/i2c-13/13-0008/lsm6db0_euler_wk.0/iio:device24/in_euler_x_scale 1000 1000 660
01-28 23:54:19.824     0     0 I ueventd : fixup /sys/devices/soc.0/f9927000.i2c/i2c-13/13-0008/lsm6db0_euler_wk.0/iio:device24/in_euler_y_scale 1000 1000 660
01-28 23:54:19.825     0     0 I ueventd : fixup /sys/devices/soc.0/f9927000.i2c/i2c-13/13-0008/lsm6db0_euler_wk.0/iio:device24/in_euler_z_scale 1000 1000 660
01-28 23:54:19.830     0     0 I ueventd : fixup /sys/devices/soc.0/f9927000.i2c/i2c-13/13-0008/lsm6db0_step_c_wk.0/iio:device25/buffer/enable 1000 1000 660
01-28 23:54:19.831     0     0 I ueventd : fixup /sys/devices/soc.0/f9927000.i2c/i2c-13/13-0008/lsm6db0_step_c_wk.0/iio:device25/buffer/length 1000 1000 660
01-28 23:54:19.831     0     0 I ueventd : fixup /sys/devices/soc.0/f9927000.i2c/i2c-13/13-0008/lsm6db0_step_c_wk.0/iio:device25/sampling_frequency 1000 1000 660
01-28 23:54:19.831     0     0 I ueventd : fixup /sys/devices/soc.0/f9927000.i2c/i2c-13/13-0008/lsm6db0_step_c_wk.0/iio:device25/batch_mode 1000 1000 660
01-28 23:54:19.831     0     0 I ueventd : fixup /sys/devices/soc.0/f9927000.i2c/i2c-13/13-0008/lsm6db0_step_c_wk.0/iio:device25/batch_mode_timeout 1000 1000 660
01-28 23:54:19.831     0     0 I ueventd : fixup /sys/devices/soc.0/f9927000.i2c/i2c-13/13-0008/lsm6db0_step_c_wk.0/iio:device25/scan_elements/in_step_counter_en 1000 1000 660
01-28 23:54:19.831     0     0 I ueventd : fixup /sys/devices/soc.0/f9927000.i2c/i2c-13/13-0008/lsm6db0_step_c_wk.0/iio:device25/scan_elements/in_step_counter_module_en 1000 1000 660
01-28 23:54:19.831     0     0 I ueventd : fixup /sys/devices/soc.0/f9927000.i2c/i2c-13/13-0008/lsm6db0_step_c_wk.0/iio:device25/scan_elements/in_timestamp_en 1000 1000 660
01-28 23:54:19.831     0     0 I ueventd : fixup /sys/devices/soc.0/f9927000.i2c/i2c-13/13-0008/lsm6db0_step_c_wk.0/iio:device25/max_delivery_rate 1000 1000 660
01-28 23:54:19.863     0     0 I ueventd : fixup /sys/devices/soc.0/f9927000.i2c/i2c-13/13-0008/lsm6db0_game_quat_wk.0/iio:device26/buffer/enable 1000 1000 660
01-28 23:54:19.863     0     0 I ueventd : fixup /sys/devices/soc.0/f9927000.i2c/i2c-13/13-0008/lsm6db0_game_quat_wk.0/iio:device26/buffer/length 1000 1000 660
01-28 23:54:19.863     0     0 I ueventd : fixup /sys/devices/soc.0/f9927000.i2c/i2c-13/13-0008/lsm6db0_game_quat_wk.0/iio:device26/sampling_frequency 1000 1000 660
01-28 23:54:19.863     0     0 I ueventd : fixup /sys/devices/soc.0/f9927000.i2c/i2c-13/13-0008/lsm6db0_game_quat_wk.0/iio:device26/batch_mode 1000 1000 660
01-28 23:54:19.863     0     0 I ueventd : fixup /sys/devices/soc.0/f9927000.i2c/i2c-13/13-0008/lsm6db0_game_quat_wk.0/iio:device26/batch_mode_timeout 1000 1000 660
01-28 23:54:19.863     0     0 I ueventd : fixup /sys/devices/soc.0/f9927000.i2c/i2c-13/13-0008/lsm6db0_game_quat_wk.0/iio:device26/scan_elements/in_quaternion_x_en 1000 1000 660
01-28 23:54:19.863     0     0 I ueventd : fixup /sys/devices/soc.0/f9927000.i2c/i2c-13/13-0008/lsm6db0_game_quat_wk.0/iio:device26/scan_elements/in_quaternion_y_en 1000 1000 660
01-28 23:54:19.863     0     0 I ueventd : fixup /sys/devices/soc.0/f9927000.i2c/i2c-13/13-0008/lsm6db0_game_quat_wk.0/iio:device26/scan_elements/in_quaternion_z_en 1000 1000 660
01-28 23:54:19.863     0     0 I ueventd : fixup /sys/devices/soc.0/f9927000.i2c/i2c-13/13-0008/lsm6db0_game_quat_wk.0/iio:device26/scan_elements/in_quaternion_module_en 1000 1000 660
01-28 23:54:19.863     0     0 I ueventd : fixup /sys/devices/soc.0/f9927000.i2c/i2c-13/13-0008/lsm6db0_game_quat_wk.0/iio:device26/scan_elements/in_quaternion_accuracy_en 1000 1000 660
01-28 23:54:19.864     0     0 I ueventd : fixup /sys/devices/soc.0/f9927000.i2c/i2c-13/13-0008/lsm6db0_game_quat_wk.0/iio:device26/scan_elements/in_timestamp_en 1000 1000 660
01-28 23:54:19.864     0     0 I ueventd : fixup /sys/devices/soc.0/f9927000.i2c/i2c-13/13-0008/lsm6db0_game_quat_wk.0/iio:device26/in_quaternion_x_scale 1000 1000 660
01-28 23:54:19.864     0     0 I ueventd : fixup /sys/devices/soc.0/f9927000.i2c/i2c-13/13-0008/lsm6db0_game_quat_wk.0/iio:device26/in_quaternion_y_scale 1000 1000 660
01-28 23:54:19.864     0     0 I ueventd : fixup /sys/devices/soc.0/f9927000.i2c/i2c-13/13-0008/lsm6db0_game_quat_wk.0/iio:device26/in_quaternion_z_scale 1000 1000 660
01-28 23:54:19.864     0     0 I ueventd : fixup /sys/devices/soc.0/f9927000.i2c/i2c-13/13-0008/lsm6db0_game_quat_wk.0/iio:device26/in_quaternion_module_scale 1000 1000 660
01-28 23:54:19.904     0     0 I ueventd : fixup /sys/devices/soc.0/f9927000.i2c/i2c-13/13-0008/lsm6db0_magn_u_wk.0/iio:device27/buffer/enable 1000 1000 660
01-28 23:54:19.904     0     0 I ueventd : fixup /sys/devices/soc.0/f9927000.i2c/i2c-13/13-0008/lsm6db0_magn_u_wk.0/iio:device27/buffer/length 1000 1000 660
01-28 23:54:19.904     0     0 I ueventd : fixup /sys/devices/soc.0/f9927000.i2c/i2c-13/13-0008/lsm6db0_magn_u_wk.0/iio:device27/sampling_frequency 1000 1000 660
01-28 23:54:19.904     0     0 I ueventd : fixup /sys/devices/soc.0/f9927000.i2c/i2c-13/13-0008/lsm6db0_magn_u_wk.0/iio:device27/batch_mode 1000 1000 660
01-28 23:54:19.905     0     0 I ueventd : fixup /sys/devices/soc.0/f9927000.i2c/i2c-13/13-0008/lsm6db0_magn_u_wk.0/iio:device27/batch_mode_timeout 1000 1000 660
01-28 23:54:19.905     0     0 I ueventd : fixup /sys/devices/soc.0/f9927000.i2c/i2c-13/13-0008/lsm6db0_magn_u_wk.0/iio:device27/scan_elements/in_magn_x_en 1000 1000 660
01-28 23:54:19.905     0     0 I ueventd : fixup /sys/devices/soc.0/f9927000.i2c/i2c-13/13-0008/lsm6db0_magn_u_wk.0/iio:device27/scan_elements/in_magn_y_en 1000 1000 660
01-28 23:54:19.905     0     0 I ueventd : fixup /sys/devices/soc.0/f9927000.i2c/i2c-13/13-0008/lsm6db0_magn_u_wk.0/iio:device27/scan_elements/in_magn_z_en 1000 1000 660
01-28 23:54:19.905     0     0 I ueventd : fixup /sys/devices/soc.0/f9927000.i2c/i2c-13/13-0008/lsm6db0_magn_u_wk.0/iio:device27/scan_elements/in_timestamp_en 1000 1000 660
01-28 23:54:19.905     0     0 I ueventd : fixup /sys/devices/soc.0/f9927000.i2c/i2c-13/13-0008/lsm6db0_magn_u_wk.0/iio:device27/in_magn_x_scale 1000 1000 660
01-28 23:54:19.905     0     0 I ueventd : fixup /sys/devices/soc.0/f9927000.i2c/i2c-13/13-0008/lsm6db0_magn_u_wk.0/iio:device27/in_magn_y_scale 1000 1000 660
01-28 23:54:19.905     0     0 I ueventd : fixup /sys/devices/soc.0/f9927000.i2c/i2c-13/13-0008/lsm6db0_magn_u_wk.0/iio:device27/in_magn_z_scale 1000 1000 660
01-28 23:54:19.934   822   822 D SystemServerTiming: InitBeforeStartServices took to complete: 176ms
01-28 23:54:19.934   822   822 I SystemServer: StartServices
01-28 23:54:19.934   822   822 I SystemServer: Reading configuration...
01-28 23:54:19.934   822   822 I SystemServer: ReadingSystemConfig
01-28 23:54:19.935   822   822 D SystemServerTiming: ReadingSystemConfig took to complete: 1ms
01-28 23:54:19.935   822   822 I SystemServer: StartInstaller
01-28 23:54:19.935   822   837 D SystemServerInitThreadPool: Started executing ReadingSystemConfig
01-28 23:54:19.938   822   822 I SystemServiceManager: Starting com.android.server.pm.Installer
01-28 23:54:19.943     0     0 I ueventd : fixup /sys/devices/soc.0/f9927000.i2c/i2c-13/13-0008/lsm6db0_gyro_u_wk.0/iio:device28/buffer/enable 1000 1000 660
01-28 23:54:19.943     0     0 I ueventd : fixup /sys/devices/soc.0/f9927000.i2c/i2c-13/13-0008/lsm6db0_gyro_u_wk.0/iio:device28/buffer/length 1000 1000 660
01-28 23:54:19.943     0     0 I ueventd : fixup /sys/devices/soc.0/f9927000.i2c/i2c-13/13-0008/lsm6db0_gyro_u_wk.0/iio:device28/sampling_frequency 1000 1000 660
01-28 23:54:19.943     0     0 I ueventd : fixup /sys/devices/soc.0/f9927000.i2c/i2c-13/13-0008/lsm6db0_gyro_u_wk.0/iio:device28/batch_mode 1000 1000 660
01-28 23:54:19.943     0     0 I ueventd : fixup /sys/devices/soc.0/f9927000.i2c/i2c-13/13-0008/lsm6db0_gyro_u_wk.0/iio:device28/batch_mode_timeout 1000 1000 660
01-28 23:54:19.943     0     0 I ueventd : fixup /sys/devices/soc.0/f9927000.i2c/i2c-13/13-0008/lsm6db0_gyro_u_wk.0/iio:device28/scan_elements/in_anglvel_x_en 1000 1000 660
01-28 23:54:19.943     0     0 I ueventd : fixup /sys/devices/soc.0/f9927000.i2c/i2c-13/13-0008/lsm6db0_gyro_u_wk.0/iio:device28/scan_elements/in_anglvel_y_en 1000 1000 660
01-28 23:54:19.943     0     0 I ueventd : fixup /sys/devices/soc.0/f9927000.i2c/i2c-13/13-0008/lsm6db0_gyro_u_wk.0/iio:device28/scan_elements/in_anglvel_z_en 1000 1000 660
01-28 23:54:19.943     0     0 I ueventd : fixup /sys/devices/soc.0/f9927000.i2c/i2c-13/13-0008/lsm6db0_gyro_u_wk.0/iio:device28/scan_elements/in_timestamp_en 1000 1000 660
01-28 23:54:19.943     0     0 I ueventd : fixup /sys/devices/soc.0/f9927000.i2c/i2c-13/13-0008/lsm6db0_gyro_u_wk.0/iio:device28/in_anglvel_x_scale 1000 1000 660
01-28 23:54:19.943     0     0 I ueventd : fixup /sys/devices/soc.0/f9927000.i2c/i2c-13/13-0008/lsm6db0_gyro_u_wk.0/iio:device28/in_anglvel_y_scale 1000 1000 660
01-28 23:54:19.943     0     0 I ueventd : fixup /sys/devices/soc.0/f9927000.i2c/i2c-13/13-0008/lsm6db0_gyro_u_wk.0/iio:device28/in_anglvel_z_scale 1000 1000 660
01-28 23:54:19.945   822   822 D SystemServerTiming: StartInstaller took to complete: 10ms
01-28 23:54:19.945   822   822 I SystemServer: DeviceIdentifiersPolicyService
01-28 23:54:19.946   822   822 I SystemServiceManager: Starting com.android.server.os.DeviceIdentifiersPolicyService
01-28 23:54:19.947   822   822 D SystemServerTiming: DeviceIdentifiersPolicyService took to complete: 2ms
01-28 23:54:19.947   822   822 I SystemServer: StartActivityManager
01-28 23:54:19.950   822   822 I SystemServiceManager: Starting com.android.server.am.ActivityManagerService$Lifecycle
01-28 23:54:19.984     0     0 I ueventd : fixup /sys/devices/soc.0/f9927000.i2c/i2c-13/13-0008/lsm6db0_linear_wk.0/iio:device29/buffer/enable 1000 1000 660
01-28 23:54:19.984     0     0 I ueventd : fixup /sys/devices/soc.0/f9927000.i2c/i2c-13/13-0008/lsm6db0_linear_wk.0/iio:device29/buffer/length 1000 1000 660
01-28 23:54:19.984     0     0 I ueventd : fixup /sys/devices/soc.0/f9927000.i2c/i2c-13/13-0008/lsm6db0_linear_wk.0/iio:device29/sampling_frequency 1000 1000 660
01-28 23:54:19.984     0     0 I ueventd : fixup /sys/devices/soc.0/f9927000.i2c/i2c-13/13-0008/lsm6db0_linear_wk.0/iio:device29/batch_mode 1000 1000 660
01-28 23:54:19.984     0     0 I ueventd : fixup /sys/devices/soc.0/f9927000.i2c/i2c-13/13-0008/lsm6db0_linear_wk.0/iio:device29/batch_mode_timeout 1000 1000 660
01-28 23:54:19.984     0     0 I ueventd : fixup /sys/devices/soc.0/f9927000.i2c/i2c-13/13-0008/lsm6db0_linear_wk.0/iio:device29/scan_elements/in_linear_accel_x_en 1000 1000 660
01-28 23:54:19.984     0     0 I ueventd : fixup /sys/devices/soc.0/f9927000.i2c/i2c-13/13-0008/lsm6db0_linear_wk.0/iio:device29/scan_elements/in_linear_accel_y_en 1000 1000 660
01-28 23:54:19.984     0     0 I ueventd : fixup /sys/devices/soc.0/f9927000.i2c/i2c-13/13-0008/lsm6db0_linear_wk.0/iio:device29/scan_elements/in_linear_accel_z_en 1000 1000 660
01-28 23:54:19.985     0     0 I ueventd : fixup /sys/devices/soc.0/f9927000.i2c/i2c-13/13-0008/lsm6db0_linear_wk.0/iio:device29/scan_elements/in_timestamp_en 1000 1000 660
01-28 23:54:19.985     0     0 I ueventd : fixup /sys/devices/soc.0/f9927000.i2c/i2c-13/13-0008/lsm6db0_linear_wk.0/iio:device29/in_linear_accel_x_scale 1000 1000 660
01-28 23:54:19.985     0     0 I ueventd : fixup /sys/devices/soc.0/f9927000.i2c/i2c-13/13-0008/lsm6db0_linear_wk.0/iio:device29/in_linear_accel_y_scale 1000 1000 660
01-28 23:54:19.985     0     0 I ueventd : fixup /sys/devices/soc.0/f9927000.i2c/i2c-13/13-0008/lsm6db0_linear_wk.0/iio:device29/in_linear_accel_z_scale 1000 1000 660
01-28 23:54:19.983   438   438 E QC-QMI  : qmi_client [438]: unable to connect to server, errno=[2:No such file or directory], attempt=3
01-28 23:54:19.984     0     0 I ueventd : fixup /sys/devices/soc.0/f9927000.i2c/i2c-13/13-0008/lsm6db0_linear_wk.0/iio:device29/buffer/enable 1000 1000 660
01-28 23:54:19.984     0     0 I ueventd : fixup /sys/devices/soc.0/f9927000.i2c/i2c-13/13-0008/lsm6db0_linear_wk.0/iio:device29/buffer/length 1000 1000 660
01-28 23:54:19.984     0     0 I ueventd : fixup /sys/devices/soc.0/f9927000.i2c/i2c-13/13-0008/lsm6db0_linear_wk.0/iio:device29/sampling_frequency 1000 1000 660
01-28 23:54:19.984     0     0 I ueventd : fixup /sys/devices/soc.0/f9927000.i2c/i2c-13/13-0008/lsm6db0_linear_wk.0/iio:device29/batch_mode 1000 1000 660
01-28 23:54:19.984     0     0 I ueventd : fixup /sys/devices/soc.0/f9927000.i2c/i2c-13/13-0008/lsm6db0_linear_wk.0/iio:device29/batch_mode_timeout 1000 1000 660
01-28 23:54:19.984     0     0 I ueventd : fixup /sys/devices/soc.0/f9927000.i2c/i2c-13/13-0008/lsm6db0_linear_wk.0/iio:device29/scan_elements/in_linear_accel_x_en 1000 1000 660
01-28 23:54:19.984     0     0 I ueventd : fixup /sys/devices/soc.0/f9927000.i2c/i2c-13/13-0008/lsm6db0_linear_wk.0/iio:device29/scan_elements/in_linear_accel_y_en 1000 1000 660
01-28 23:54:19.984     0     0 I ueventd : fixup /sys/devices/soc.0/f9927000.i2c/i2c-13/13-0008/lsm6db0_linear_wk.0/iio:device29/scan_elements/in_linear_accel_z_en 1000 1000 660
01-28 23:54:19.985     0     0 I ueventd : fixup /sys/devices/soc.0/f9927000.i2c/i2c-13/13-0008/lsm6db0_linear_wk.0/iio:device29/scan_elements/in_timestamp_en 1000 1000 660
01-28 23:54:19.985     0     0 I ueventd : fixup /sys/devices/soc.0/f9927000.i2c/i2c-13/13-0008/lsm6db0_linear_wk.0/iio:device29/in_linear_accel_x_scale 1000 1000 660
01-28 23:54:19.985     0     0 I ueventd : fixup /sys/devices/soc.0/f9927000.i2c/i2c-13/13-0008/lsm6db0_linear_wk.0/iio:device29/in_linear_accel_y_scale 1000 1000 660
01-28 23:54:19.985     0     0 I ueventd : fixup /sys/devices/soc.0/f9927000.i2c/i2c-13/13-0008/lsm6db0_linear_wk.0/iio:device29/in_linear_accel_z_scale 1000 1000 660
01-28 23:54:19.992   822   822 I ActivityManager: Memory class: 16
01-28 23:54:19.992   424   424 E QC-QMI  : qmi_client [424]: unable to connect to server, errno=[2:No such file or directory], attempt=3
01-28 23:54:19.993   822   840 I ServiceThread: Enabled StrictMode logging for ActivityManager looper.
01-28 23:54:19.994   822   841 I ServiceThread: Enabled StrictMode logging for android.ui looper.
01-28 23:54:20.003   579   579 I auditd  : type=1400 audit(0.0:358): avc: denied { ioctl } for comm="time_daemon" path="socket:[17580]" dev="sockfs" ino=17580 ioctlcmd=c302 scontext=u:r:init:s0 tcontext=u:r:init:s0 tclass=socket permissive=1
01-28 23:54:20.010   466   579 E QC-QMI  : qmi_client [466]: unable to bind to client socket, rc = -1 errno[13:Permission denied]
01-28 23:54:20.003   579   579 I time_daemon: type=1400 audit(0.0:358): avc: denied { ioctl } for path="socket:[17580]" dev="sockfs" ino=17580 ioctlcmd=c302 scontext=u:r:init:s0 tcontext=u:r:init:s0 tclass=socket permissive=1
01-28 23:54:20.010   466   579 E QC-QMI  : qmi_qmux_if_pwr_up_init_ex:  Initialization failed, rc = -1
01-28 23:54:20.010   466   579 E QMI_FW  : QMUXD: WARNING qmi_qmux_if_pwr_up_init failed! rc=-1
01-28 23:54:20.010   466   579 E QC-time-services: Daemon:genoff_modem_qmi_service_request: qmi_client_get_service_list returned -2num_services 0
01-28 23:54:20.021   442   590 E QC-QMI  : qmi_client [442]: unable to connect to server, errno=[2:No such file or directory], attempt=3
01-28 23:54:20.023     0     0 I ueventd : fixup /sys/devices/soc.0/f9927000.i2c/i2c-13/13-0008/lsm6db0_gravity_wk.0/iio:device30/buffer/enable 1000 1000 660
01-28 23:54:20.023     0     0 I ueventd : fixup /sys/devices/soc.0/f9927000.i2c/i2c-13/13-0008/lsm6db0_gravity_wk.0/iio:device30/buffer/length 1000 1000 660
01-28 23:54:20.024     0     0 I ueventd : fixup /sys/devices/soc.0/f9927000.i2c/i2c-13/13-0008/lsm6db0_gravity_wk.0/iio:device30/sampling_frequency 1000 1000 660
01-28 23:54:20.024     0     0 I ueventd : fixup /sys/devices/soc.0/f9927000.i2c/i2c-13/13-0008/lsm6db0_gravity_wk.0/iio:device30/batch_mode 1000 1000 660
01-28 23:54:20.024     0     0 I ueventd : fixup /sys/devices/soc.0/f9927000.i2c/i2c-13/13-0008/lsm6db0_gravity_wk.0/iio:device30/batch_mode_timeout 1000 1000 660
01-28 23:54:20.024     0     0 I ueventd : fixup /sys/devices/soc.0/f9927000.i2c/i2c-13/13-0008/lsm6db0_gravity_wk.0/iio:device30/scan_elements/in_gravity_x_en 1000 1000 660
01-28 23:54:20.024     0     0 I ueventd : fixup /sys/devices/soc.0/f9927000.i2c/i2c-13/13-0008/lsm6db0_gravity_wk.0/iio:device30/scan_elements/in_gravity_y_en 1000 1000 660
01-28 23:54:20.024     0     0 I ueventd : fixup /sys/devices/soc.0/f9927000.i2c/i2c-13/13-0008/lsm6db0_gravity_wk.0/iio:device30/scan_elements/in_gravity_z_en 1000 1000 660
01-28 23:54:20.024     0     0 I ueventd : fixup /sys/devices/soc.0/f9927000.i2c/i2c-13/13-0008/lsm6db0_gravity_wk.0/iio:device30/scan_elements/in_timestamp_en 1000 1000 660
01-28 23:54:20.024     0     0 I ueventd : fixup /sys/devices/soc.0/f9927000.i2c/i2c-13/13-0008/lsm6db0_gravity_wk.0/iio:device30/in_gravity_x_scale 1000 1000 660
01-28 23:54:20.024     0     0 I ueventd : fixup /sys/devices/soc.0/f9927000.i2c/i2c-13/13-0008/lsm6db0_gravity_wk.0/iio:device30/in_gravity_y_scale 1000 1000 660
01-28 23:54:20.024     0     0 I ueventd : fixup /sys/devices/soc.0/f9927000.i2c/i2c-13/13-0008/lsm6db0_gravity_wk.0/iio:device30/in_gravity_z_scale 1000 1000 660
01-28 23:54:20.031   822   837 D SystemServerInitThreadPool: Finished executing ReadingSystemConfig
01-28 23:54:20.057     0     0 I pil-q6v5-mss fc880000.qcom,mss: modem: Brought out of reset
01-28 23:54:20.061   822   822 D BatteryStatsImpl: Reading daily items from /data/system/batterystats-daily.xml
01-28 23:54:20.064     0     0 I ueventd : fixup /sys/devices/soc.0/f9927000.i2c/i2c-13/13-0008/lsm6db0_geo_quat_wk.0/iio:device31/buffer/enable 1000 1000 660
01-28 23:54:20.064     0     0 I ueventd : fixup /sys/devices/soc.0/f9927000.i2c/i2c-13/13-0008/lsm6db0_geo_quat_wk.0/iio:device31/buffer/length 1000 1000 660
01-28 23:54:20.064     0     0 I ueventd : fixup /sys/devices/soc.0/f9927000.i2c/i2c-13/13-0008/lsm6db0_geo_quat_wk.0/iio:device31/sampling_frequency 1000 1000 660
01-28 23:54:20.064     0     0 I ueventd : fixup /sys/devices/soc.0/f9927000.i2c/i2c-13/13-0008/lsm6db0_geo_quat_wk.0/iio:device31/batch_mode 1000 1000 660
01-28 23:54:20.064     0     0 I ueventd : fixup /sys/devices/soc.0/f9927000.i2c/i2c-13/13-0008/lsm6db0_geo_quat_wk.0/iio:device31/batch_mode_timeout 1000 1000 660
01-28 23:54:20.064     0     0 I ueventd : fixup /sys/devices/soc.0/f9927000.i2c/i2c-13/13-0008/lsm6db0_geo_quat_wk.0/iio:device31/scan_elements/in_quaternion_x_en 1000 1000 660
01-28 23:54:20.064     0     0 I ueventd : fixup /sys/devices/soc.0/f9927000.i2c/i2c-13/13-0008/lsm6db0_geo_quat_wk.0/iio:device31/scan_elements/in_quaternion_y_en 1000 1000 660
01-28 23:54:20.064     0     0 I ueventd : fixup /sys/devices/soc.0/f9927000.i2c/i2c-13/13-0008/lsm6db0_geo_quat_wk.0/iio:device31/scan_elements/in_quaternion_z_en 1000 1000 660
01-28 23:54:20.064     0     0 I ueventd : fixup /sys/devices/soc.0/f9927000.i2c/i2c-13/13-0008/lsm6db0_geo_quat_wk.0/iio:device31/scan_elements/in_quaternion_module_en 1000 1000 660
01-28 23:54:20.065     0     0 I ueventd : fixup /sys/devices/soc.0/f9927000.i2c/i2c-13/13-0008/lsm6db0_geo_quat_wk.0/iio:device31/scan_elements/in_quaternion_accuracy_en 1000 1000 660
01-28 23:54:20.065     0     0 I ueventd : fixup /sys/devices/soc.0/f9927000.i2c/i2c-13/13-0008/lsm6db0_geo_quat_wk.0/iio:device31/scan_elements/in_timestamp_en 1000 1000 660
01-28 23:54:20.065     0     0 I ueventd : fixup /sys/devices/soc.0/f9927000.i2c/i2c-13/13-0008/lsm6db0_geo_quat_wk.0/iio:device31/in_quaternion_x_scale 1000 1000 660
01-28 23:54:20.065     0     0 I ueventd : fixup /sys/devices/soc.0/f9927000.i2c/i2c-13/13-0008/lsm6db0_geo_quat_wk.0/iio:device31/in_quaternion_y_scale 1000 1000 660
01-28 23:54:20.065     0     0 I ueventd : fixup /sys/devices/soc.0/f9927000.i2c/i2c-13/13-0008/lsm6db0_geo_quat_wk.0/iio:device31/in_quaternion_z_scale 1000 1000 660
01-28 23:54:20.065     0     0 I ueventd : fixup /sys/devices/soc.0/f9927000.i2c/i2c-13/13-0008/lsm6db0_geo_quat_wk.0/iio:device31/in_quaternion_module_scale 1000 1000 660
01-28 23:54:20.112   822   822 I AppOps  : No existing app ops /data/system/appops.xml; starting empty
01-28 23:54:20.122   822   822 I IntentFirewall: Read new rules (A:0 B:0 S:0)
01-28 23:54:20.125   822   849 I ServiceThread: Enabled StrictMode logging for android.display looper.
01-28 23:54:20.126   822   822 W system_server: failed to remove /acct/uid_1003/pid_811: Device or resource busy
01-28 23:54:20.126   822   822 W system_server: failed to remove /acct/uid_1003: Permission denied
01-28 23:54:20.126   822   822 W system_server: failed to remove /acct/uid_1058/pid_475: Device or resource busy
01-28 23:54:20.126   822   822 W system_server: failed to remove /acct/uid_1058: Permission denied
01-28 23:54:20.126   822   822 W system_server: failed to remove /acct/uid_1046/pid_459: Device or resource busy
01-28 23:54:20.126   822   822 W system_server: failed to remove /acct/uid_1046: Permission denied
01-28 23:54:20.126   822   822 W system_server: failed to remove /acct/uid_1040/pid_454: Device or resource busy
01-28 23:54:20.126   822   822 W system_server: failed to remove /acct/uid_1040: Permission denied
01-28 23:54:20.126   822   822 W system_server: failed to remove /acct/uid_1017/pid_452: Device or resource busy
01-28 23:54:20.126   822   822 W system_server: failed to remove /acct/uid_1017: Permission denied
01-28 23:54:20.126   822   822 W system_server: failed to remove /acct/uid_1019/pid_450: Device or resource busy
01-28 23:54:20.127   822   822 W system_server: failed to remove /acct/uid_1019: Permission denied
01-28 23:54:20.127   822   822 W system_server: failed to remove /acct/uid_1047/pid_449: Device or resource busy
01-28 23:54:20.127   822   822 W system_server: failed to remove /acct/uid_1047: Permission denied
01-28 23:54:20.127   822   822 W system_server: failed to remove /acct/uid_1001/pid_460: Device or resource busy
01-28 23:54:20.127   822   822 W system_server: failed to remove /acct/uid_1001/pid_437: Device or resource busy
01-28 23:54:20.127   822   822 W system_server: failed to remove /acct/uid_1001/pid_435: Device or resource busy
01-28 23:54:20.127   822   822 W system_server: failed to remove /acct/uid_1001: Permission denied
01-28 23:54:20.127   822   822 W system_server: failed to remove /acct/uid_1002: Permission denied
01-28 23:54:20.127   822   822 W system_server: failed to remove /acct/uid_1010/pid_458: Device or resource busy
01-28 23:54:20.127   822   822 W system_server: failed to remove /acct/uid_1010/pid_415: Device or resource busy
01-28 23:54:20.127   822   822 W system_server: failed to remove /acct/uid_1010: Permission denied
01-28 23:54:20.127   822   822 W system_server: failed to remove /acct/uid_1013/pid_456: Device or resource busy
01-28 23:54:20.127   822   822 W system_server: failed to remove /acct/uid_1013/pid_455: Device or resource busy
01-28 23:54:20.127   822   822 W system_server: failed to remove /acct/uid_1013/pid_453: Device or resource busy
01-28 23:54:20.127   822   822 W system_server: failed to remove /acct/uid_1013/pid_443: Device or resource busy
01-28 23:54:20.127   822   822 W system_server: failed to remove /acct/uid_1013/pid_403: Device or resource busy
01-28 23:54:20.127   822   822 W system_server: failed to remove /acct/uid_1013: Permission denied
01-28 23:54:20.127   822   822 W system_server: failed to remove /acct/uid_1041/pid_448: Device or resource busy
01-28 23:54:20.127   822   822 W system_server: failed to remove /acct/uid_1041/pid_401: Device or resource busy
