01-28 23:54:15.447     0     0 I fsck.f2fs: Info: MKFS version
01-28 23:54:15.447     0     0 I fsck.f2fs: "Linux version 3.10.84-perf-gd9a4f08 (jenkins@5f51a4c0d870) (gcc version 4.9 20150123 (prerelease) (GCC) ) #1 SMP PREEMPT Sun Jun 11 20:48:13 UTC 2017"
01-28 23:54:15.447     0     0 I fsck.f2fs: Info: FSCK version
01-28 23:54:15.447     0     0 I fsck.f2fs: from "Linux version 3.10.107-perf-gf361af53c4c (markcolson@linux-xca6) (gcc version 4.9.x 20150123 (prerelease) (GCC) ) #1 SMP PREEMPT Sat Oct 14 08:39:55 CST 2017"
01-28 23:54:15.447     0     0 I fsck.f2fs: to "Linux version 3.10.107-perf-gf361af53c4c (markcolson@linux-xca6) (gcc version 4.9.x 20150123 (prerelease) (GCC) ) #1 SMP PREEMPT Sat Oct 14 08:39:55 CST 2017"
01-28 23:54:15.447     0     0 I fsck.f2fs:  
01-28 23:54:15.447     0     0 I fsck.f2fs: Done.
01-28 23:54:15.494     0     0 I F2FS-fs (mmcblk0p42): Mounted with checkpoint version = 8
01-28 23:54:15.494     0     0 D SELinux : initialized (dev mmcblk0p42, type f2fs), uses xattr
01-28 23:54:15.494     0     0 I init    : [libfs_mgr]__mount(source=/dev/block/bootdevice/by-name/cache,target=/cache,type=f2fs)=0
01-28 23:54:15.494     0     0 E init    : [libfs_mgr]mount_with_alternatives(): skipping fstab dup mountpoint=/cache rec[4].fs_type=ext4 already mounted as f2fs
01-28 23:54:15.500     0     0 D SELinux : initialized (dev mmcblk0p36, type vfat), uses genfs_contexts
01-28 23:54:15.500     0     0 I init    : [libfs_mgr]__mount(source=/dev/block/bootdevice/by-name/modem,target=/firmware,type=vfat)=0
01-28 23:54:15.506     0     0 D SELinux : initialized (dev mmcblk0p14, type vfat), uses genfs_contexts
01-28 23:54:15.506     0     0 I init    : [libfs_mgr]__mount(source=/dev/block/bootdevice/by-name/bluetooth,target=/bt_firmware,type=vfat)=0
01-28 23:54:15.506     0     0 I init    : Parsing directory /system/etc/init...
01-28 23:54:15.507     0     0 I init    : Parsing file /system/etc/init/android.hidl.allocator@1.0-service.rc...
01-28 23:54:15.507     0     0 I init    : Parsing file /system/etc/init/atrace.rc...
01-28 23:54:15.508     0     0 I init    : Parsing file /system/etc/init/atrace_userdebug.rc...
01-28 23:54:15.509     0     0 I init    : Parsing file /system/etc/init/audioserver.rc...
01-28 23:54:15.509     0     0 I init    : Parsing file /system/etc/init/bootanim.rc...
01-28 23:54:15.510     0     0 I init    : Parsing file /system/etc/init/bootstat.rc...
01-28 23:54:15.510     0     0 I init    : Parsing file /system/etc/init/cameraserver.rc...
01-28 23:54:15.510     0     0 I init    : Parsing file /system/etc/init/drmserver.rc...
01-28 23:54:15.510     0     0 I init    : Parsing file /system/etc/init/dumpstate.rc...
01-28 23:54:15.511     0     0 I init    : Parsing file /system/etc/init/gatekeeperd.rc...
01-28 23:54:15.511     0     0 E init    : ignored duplicate definition of service 'gatekeeperd'
01-28 23:54:15.511     0     0 I init    : Parsing file /system/etc/init/hwservicemanager.rc...
01-28 23:54:15.511     0     0 I init    : Parsing file /system/etc/init/init-debug.rc...
01-28 23:54:15.512     0     0 I init    : Parsing file /system/etc/init/installd.rc...
01-28 23:54:15.512     0     0 I init    : Parsing file /system/etc/init/keystore.rc...
01-28 23:54:15.513     0     0 I init    : Parsing file /system/etc/init/lmkd.rc...
01-28 23:54:15.513     0     0 I init    : Parsing file /system/etc/init/logcatd.rc...
01-28 23:54:15.513     0     0 I init    : Parsing file /system/etc/init/logd.rc...
01-28 23:54:15.514     0     0 I init    : Parsing file /system/etc/init/logtagd.rc...
01-28 23:54:15.514     0     0 I init    : Parsing file /system/etc/init/mdnsd.rc...
01-28 23:54:15.514     0     0 I init    : Parsing file /system/etc/init/mediadrmserver.rc...
01-28 23:54:15.515     0     0 I init    : Parsing file /system/etc/init/mediaextractor.rc...
01-28 23:54:15.515     0     0 I init    : Parsing file /system/etc/init/mediametrics.rc...
01-28 23:54:15.515     0     0 I init    : Parsing file /system/etc/init/mediaserver.rc...
01-28 23:54:15.515     0     0 I init    : Parsing file /system/etc/init/mtpd.rc...
01-28 23:54:15.516     0     0 I init    : Parsing file /system/etc/init/netd.rc...
01-28 23:54:15.516     0     0 I init    : Parsing file /system/etc/init/perfprofd.rc...
01-28 23:54:15.516     0     0 I init    : Parsing file /system/etc/init/racoon.rc...
01-28 23:54:15.516     0     0 I init    : Parsing file /system/etc/init/servicemanager.rc...
01-28 23:54:15.517     0     0 I init    : Parsing file /system/etc/init/storaged.rc...
01-28 23:54:15.517     0     0 I init    : Parsing file /system/etc/init/surfaceflinger.rc...
01-28 23:54:15.517     0     0 I init    : Parsing file /system/etc/init/tombstoned.rc...
01-28 23:54:15.518     0     0 I init    : Parsing file /system/etc/init/uncrypt.rc...
01-28 23:54:15.518     0     0 I init    : Parsing file /system/etc/init/vdc.rc...
01-28 23:54:15.518     0     0 I init    : Parsing file /system/etc/init/vold.rc...
01-28 23:54:15.518     0     0 I init    : Parsing file /system/etc/init/webview_zygote32.rc...
01-28 23:54:15.519     0     0 I init    : Parsing file /system/etc/init/webview_zygote64.rc...
01-28 23:54:15.519     0     0 I init    : Parsing file /system/etc/init/wifi-events.rc...
01-28 23:54:15.520     0     0 I init    : Parsing file /system/etc/init/wificond.rc...
01-28 23:54:15.520     0     0 I init    : Parsing directory /vendor/etc/init...
01-28 23:54:15.521     0     0 I init    : Parsing file /vendor/etc/init/android.hardware.audio@2.0-service.rc...
01-28 23:54:15.521     0     0 I init    : Parsing file /vendor/etc/init/android.hardware.configstore@1.0-service.rc...
01-28 23:54:15.521     0     0 I init    : Parsing file /vendor/etc/init/android.hardware.drm@1.0-service.rc...
01-28 23:54:15.522     0     0 I init    : Parsing file /vendor/etc/init/android.hardware.gatekeeper@1.0-service.rc...
01-28 23:54:15.522     0     0 I init    : Parsing file /vendor/etc/init/android.hardware.graphics.allocator@2.0-service.rc...
01-28 23:54:15.522     0     0 I init    : Parsing file /vendor/etc/init/android.hardware.graphics.composer@2.1-service.rc...
01-28 23:54:15.522     0     0 I init    : Parsing file /vendor/etc/init/android.hardware.health@1.0-service.rc...
01-28 23:54:15.523     0     0 I init    : Parsing file /vendor/etc/init/android.hardware.ir@1.0-service.libra.rc...
01-28 23:54:15.523     0     0 I init    : Parsing file /vendor/etc/init/android.hardware.keymaster@3.0-service.rc...
01-28 23:54:15.523     0     0 I init    : Parsing file /vendor/etc/init/android.hardware.light@2.0-service.libra.rc...
01-28 23:54:15.524     0     0 I init    : Parsing file /vendor/etc/init/android.hardware.light@2.0-service.rc...
01-28 23:54:15.524     0     0 E init    : ignored duplicate definition of service 'light-hal-2-0'
01-28 23:54:15.524     0     0 I init    : Parsing file /vendor/etc/init/android.hardware.media.omx@1.0-service.rc...
01-28 23:54:15.524     0     0 I init    : Parsing file /vendor/etc/init/android.hardware.memtrack@1.0-service.rc...
01-28 23:54:15.524     0     0 I init    : Parsing file /vendor/etc/init/android.hardware.sensors@1.0-service.rc...
01-28 23:54:15.525     0     0 I init    : Parsing file /vendor/etc/init/android.hardware.thermal@1.0-service.rc...
01-28 23:54:15.525     0     0 I init    : Parsing file /vendor/etc/init/android.hardware.usb@1.0-service.rc...
01-28 23:54:15.525     0     0 I init    : Parsing file /vendor/etc/init/android.hardware.vibrator@1.0-service.rc...
01-28 23:54:15.525     0     0 I init    : Parsing file /vendor/etc/init/android.hardware.wifi@1.0-service.rc...
01-28 23:54:15.526     0     0 I init    : Parsing file /vendor/etc/init/hostapd.android.rc...
01-28 23:54:15.526     0     0 I init    : Parsing file /vendor/etc/init/rild.rc...
01-28 23:54:15.526     0     0 I init    : Parsing file /vendor/etc/init/vndservicemanager.rc...
01-28 23:54:15.526     0     0 I init    : Parsing file /odm/etc/init...
01-28 23:54:15.527     0     0 I init    : Command 'mount_all fstab.qcom' action=fs (init.target.rc:39) returned 1 took 338.228ms.
01-28 23:54:15.532     0     0 I EXT4-fs (mmcblk0p39): recovery complete
01-28 23:54:15.532     0     0 I EXT4-fs (mmcblk0p39): mounted filesystem with ordered data mode. Opts: barrier=1
01-28 23:54:15.532     0     0 D SELinux : initialized (dev mmcblk0p39, type ext4), uses xattr
01-28 23:54:15.532     0     0 I SELinux : Context u:object_r:persist_file:s0 is not valid (left unmapped).
01-28 23:54:15.532     0     0 I selinux : SELinux: Skipping restorecon_recursive(/persist)
01-28 23:54:15.533     0     0 I SELinux : Context u:object_r:persist_drm_file:s0 is not valid (left unmapped).
01-28 23:54:15.533     0     0 I init    : processing action (post-fs)
01-28 23:54:15.534     0     0 E init    : property_set("ro.bluetooth.sap", "true") failed: property already set
01-28 23:54:15.534     0     0 E init    : property_set("ro.bluetooth.dun", "true") failed: property already set
01-28 23:54:15.534     0     0 E init    : property_set("ro.bluetooth.hfp.ver", "1.6") failed: property already set
01-28 23:54:15.535     0     0 E init    : property_set("ro.adb.secure", "0") failed: property already set
01-28 23:54:15.535     0     0 W init    : Couldn't load properties from /odm/build.prop: No such file or directory
01-28 23:54:15.535     0     0 W init    : Couldn't load properties from /vendor/build.prop: No such file or directory
01-28 23:54:15.535     0     0 W init    : Couldn't load properties from /factory/factory.prop: No such file or directory
01-28 23:54:15.535     0     0 I init    : [libfs_mgr]fs_mgr_read_fstab_dt(): failed to read fstab from dt
01-28 23:54:15.536     0     0 I init    : computing context for service 'logd'
01-28 23:54:15.537     0     0 I init    : starting service 'logd'...
01-28 23:54:15.538     0     0 I init    : computing context for service 'servicemanager'
01-28 23:54:15.538     0     0 I init    : Created socket '/dev/socket/logd', mode 666, user 1036, group 1036
01-28 23:54:15.539     0     0 I init    : starting service 'servicemanager'...
01-28 23:54:15.539     0     0 I init    : Created socket '/dev/socket/logdr', mode 666, user 1036, group 1036
01-28 23:54:15.539     0     0 I init    : computing context for service 'hwservicemanager'
01-28 23:54:15.540     0     0 I init    : Created socket '/dev/socket/logdw', mode 222, user 1036, group 1036
01-28 23:54:15.540     0     0 I init    : starting service 'hwservicemanager'...
01-28 23:54:15.540     0     0 I init    : Opened file '/proc/kmsg', flags 0
01-28 23:54:15.540     0     0 I init    : Opened file '/dev/kmsg', flags 1
01-28 23:54:15.541     0     0 I init    : computing context for service 'vndservicemanager'
01-28 23:54:15.541     0     0 I init    : starting service 'vndservicemanager'...
01-28 23:54:15.575     0   335 I SELinux : SELinux: Loaded service_contexts from:
01-28 23:54:15.575     0   335 I auditd  : SELinux: Loaded service_contexts from:
01-28 23:54:15.577     0   335 I SELinux :     /vndservice_contexts
01-28 23:54:15.577     0   335 I auditd  :     /vndservice_contexts
01-28 23:54:15.583     0     0 I selinux : SELinux: Skipping restorecon_recursive(/cache)
01-28 23:54:15.588     0   333 I SELinux : SELinux: Loaded service_contexts from:
01-28 23:54:15.588     0   333 I auditd  : SELinux: Loaded service_contexts from:
01-28 23:54:15.590     0   333 I SELinux :     /plat_service_contexts
01-28 23:54:15.590     0   333 I auditd  :     /plat_service_contexts
01-28 23:54:15.590     0   333 I SELinux :     /nonplat_service_contexts
01-28 23:54:15.590     0   333 I auditd  :     /nonplat_service_contexts
01-28 23:54:15.618     0     0 E init    : write_file: Unable to open '/sys/kernel/tracing/tracing_on': No such file or directory
01-28 23:54:15.619     0     0 I init    : processing action (late-fs)
01-28 23:54:15.620     0     0 I init    : computing context for service 'keymaster-3-0'
01-28 23:54:15.620     0     0 I init    : starting service 'keymaster-3-0'...
01-28 23:54:15.621     0     0 I init    : processing action (post-fs-data)
01-28 23:54:15.622     0   334 E hwservicemanager: BINDER_SET_INHERIT_FIFO_PRIO failed with error -1
01-28 23:54:15.626     0     0 I binder  : 334:334 ioctl 620a 0 returned -22
01-28 23:54:15.636     0     0 I init    : computing context for service 'vold'
01-28 23:54:15.636     0     0 I init    : starting service 'vold'...
01-28 23:54:15.637     0     0 I init    : Created socket '/dev/socket/vold', mode 660, user 0, group 1009
01-28 23:54:15.638     0     0 I logd.auditd: start
01-28 23:54:15.638     0     0 I init    : Created socket '/dev/socket/cryptd', mode 660, user 0, group 1009
01-28 23:54:15.652     0     0 I of_batterydata_get_best_profile: x11_atl found
01-28 23:54:15.686   336   336 I android.hardware.keymaster@3.0-impl: Fetching keymaster device name default
01-28 23:54:15.687   336   336 I vndksupport: sphal namespace is not configured for this process. Loading /vendor/lib64/hw/keystore.msm8992.so from the current namespace instead.
01-28 23:54:15.688   336   336 E HAL     : load: module=/vendor/lib64/hw/keystore.msm8992.so
01-28 23:54:15.688   336   336 E HAL     : dlopen failed: library "libkmcrypto.so" not found
01-28 23:54:15.688   336   336 I android.hardware.keymaster@3.0-impl: Could not find any keystore module, using software-only implementation.
01-28 23:54:15.690   336   336 I ServiceManagement: Removing namespace from process name android.hardware.keymaster@3.0-service to keymaster@3.0-s.
01-28 23:54:15.691   336   336 I android.hardware.keymaster@3.0-service: Registration complete for android.hardware.keymaster@3.0::IKeymasterDevice/default.
--------- beginning of system
01-28 23:54:15.701   338   338 I vold    : Vold 3.0 (the awakening) firing up
01-28 23:54:15.701   338   338 V vold    : Detected support for: exfat ext4 f2fs ntfs vfat
01-28 23:54:15.703   338   338 I vold    : [libfs_mgr]fs_mgr_read_fstab_dt(): failed to read fstab from dt
01-28 23:54:15.713   338   350 D vold    : e4crypt_init_user0
01-28 23:54:15.714   338   350 D vold    : e4crypt_prepare_user_storage for volume null, user 0, serial 0, flags 1
01-28 23:54:15.714   338   350 D vold    : Preparing: /data/system/users/0
01-28 23:54:15.714   338   350 D vold    : Preparing: /data/misc/profiles/cur/0
01-28 23:54:15.715   338   350 D vold    : Preparing: /data/system_de/0
01-28 23:54:15.716   338   350 D vold    : Preparing: /data/misc_de/0
01-28 23:54:15.716   338   350 D vold    : Preparing: /data/user_de/0
01-28 23:54:15.716   338   350 D vold    : e4crypt_unlock_user_key 0 serial=0 token_present=0
01-28 23:54:15.716   338   350 E vold    : Failed to chmod /data/system_ce/0: No such file or directory
01-28 23:54:15.717   338   350 E vold    : Failed to chmod /data/misc_ce/0: No such file or directory
01-28 23:54:15.722     0     0 I vdc     : 200 347 Command succeeded
01-28 23:54:15.722     0     0 I init    : init_user0 result: 0
01-28 23:54:15.723     0     0 I selinux : SELinux: Skipping restorecon_recursive(/data)
01-28 23:54:15.723     0     0 I init    : computing context for service 'exec 1 (/system/bin/tzdatacheck)'
01-28 23:54:15.723     0     0 I init    : starting service 'exec 1 (/system/bin/tzdatacheck)'...
01-28 23:54:15.724     0     0 I init    : SVC_EXEC pid 351 (uid 1000 gid 1000+0 context default) started; waiting...
01-28 23:54:15.735   351   351 I /system/bin/tzdatacheck: timezone distro dir /data/misc/zoneinfo/current does not exist. No action required.
01-28 23:54:15.740     0     0 I init    : Service 'exec 1 (/system/bin/tzdatacheck)' (pid 351) exited with status 0 waiting took 0.017579 seconds
01-28 23:54:15.748     0     0 I SELinux : Context u:object_r:persist_display_file:s0 is not valid (left unmapped).
01-28 23:54:15.762     0     0 I init    : processing action (ro.crypto.state=unencrypted && zygote-start)
01-28 23:54:15.762     0     0 E init    : ExecStart(update_verifier_nonencrypted): Service not found
01-28 23:54:15.763     0     0 I init    : computing context for service 'netd'
01-28 23:54:15.763     0     0 I init    : starting service 'netd'...
01-28 23:54:15.763     0     0 I init    : computing context for service 'zygote'
01-28 23:54:15.764     0     0 I init    : starting service 'zygote'...
01-28 23:54:15.764     0     0 I init    : Created socket '/dev/socket/netd', mode 660, user 0, group 1000
01-28 23:54:15.764     0     0 I init    : computing context for service 'zygote_secondary'
01-28 23:54:15.764     0     0 I init    : Created socket '/dev/socket/dnsproxyd', mode 660, user 0, group 3003
01-28 23:54:15.765     0     0 I init    : starting service 'zygote_secondary'...
01-28 23:54:15.765     0     0 I init    : Created socket '/dev/socket/mdns', mode 660, user 0, group 1000
01-28 23:54:15.765     0     0 I init    : Created socket '/dev/socket/zygote', mode 660, user 0, group 1000
01-28 23:54:15.765     0     0 I init    : Created socket '/dev/socket/fwmarkd', mode 660, user 0, group 3003
01-28 23:54:15.765     0     0 I init    : processing action (load_persist_props_action)
01-28 23:54:15.765     0     0 W init    : Couldn't load properties from /data/local.prop: No such file or directory
01-28 23:54:15.766     0     0 I init    : Created socket '/dev/socket/zygote_secondary', mode 660, user 0, group 1000
01-28 23:54:15.781     0     0 I init    : computing context for service 'logd-reinit'
01-28 23:54:15.781     0     0 I init    : starting service 'logd-reinit'...
01-28 23:54:15.782     0     0 I init    : processing action (firmware_mounts_complete)
01-28 23:54:15.782     0     0 I init    : processing action (early-boot)
01-28 23:54:15.783   352   352 I auditd  : type=1400 audit(0.0:10): avc: granted { getattr } for comm="netd" path="/vendor" dev="rootfs" ino=11169 scontext=u:r:netd:s0 tcontext=u:object_r:rootfs:s0 tclass=lnk_file
01-28 23:54:15.783   352   352 W netd    : type=1400 audit(0.0:10): avc: granted { getattr } for path="/vendor" dev="rootfs" ino=11169 scontext=u:r:netd:s0 tcontext=u:object_r:rootfs:s0 tclass=lnk_file
01-28 23:54:15.791   356   356 I auditd  : type=1400 audit(0.0:11): avc: denied { read } for comm="ueventd" name="adsp.mdt" dev="mmcblk0p36" ino=4 scontext=u:r:ueventd:s0 tcontext=u:object_r:vfat:s0 tclass=file permissive=1
01-28 23:54:15.791   356   356 I ueventd : type=1400 audit(0.0:11): avc: denied { read } for name="adsp.mdt" dev="mmcblk0p36" ino=4 scontext=u:r:ueventd:s0 tcontext=u:object_r:vfat:s0 tclass=file permissive=1
01-28 23:54:15.791   356   356 I auditd  : type=1400 audit(0.0:12): avc: denied { open } for comm="ueventd" path="/firmware/image/adsp.mdt" dev="mmcblk0p36" ino=4 scontext=u:r:ueventd:s0 tcontext=u:object_r:vfat:s0 tclass=file permissive=1
01-28 23:54:15.791   356   356 I ueventd : type=1400 audit(0.0:12): avc: denied { open } for path="/firmware/image/adsp.mdt" dev="mmcblk0p36" ino=4 scontext=u:r:ueventd:s0 tcontext=u:object_r:vfat:s0 tclass=file permissive=1
01-28 23:54:15.791   356   356 I auditd  : type=1400 audit(0.0:13): avc: denied { getattr } for comm="ueventd" path="/firmware/image/adsp.mdt" dev="mmcblk0p36" ino=4 scontext=u:r:ueventd:s0 tcontext=u:object_r:vfat:s0 tclass=file permissive=1
01-28 23:54:15.791   356   356 I ueventd : type=1400 audit(0.0:13): avc: denied { getattr } for path="/firmware/image/adsp.mdt" dev="mmcblk0p36" ino=4 scontext=u:r:ueventd:s0 tcontext=u:object_r:vfat:s0 tclass=file permissive=1
01-28 23:54:15.797     0     0 I logd.daemon: reinit
01-28 23:54:15.799     0     0 I ueventd : firmware: loading 'adsp.mdt' for '/devices/soc.0/fe200000.qcom,lpass/firmware/adsp.mdt'
01-28 23:54:16.004     0     0 I subsys-pil-tz fe200000.qcom,lpass: adsp: loading from 0x0000000007400000 to 0x0000000008800000
01-28 23:54:16.004     0     0 I ueventd : loading /devices/soc.0/fe200000.qcom,lpass/firmware/adsp.mdt took 0.205128 seconds
01-28 23:54:16.034   352   352 I Netd    : Netd 1.0 starting
01-28 23:54:16.035   352   352 D TetherController: Setting IP forward enable = 0
01-28 23:54:16.062     0     0 I ueventd : firmware: loading 'adsp.b02' for '/devices/soc.0/fe200000.qcom,lpass/firmware/adsp.b02'
01-28 23:54:16.083   357   357 I auditd  : type=1400 audit(0.0:14): avc: granted { getattr } for comm="iptables-restor" path="/vendor" dev="rootfs" ino=11169 scontext=u:r:netd:s0 tcontext=u:object_r:rootfs:s0 tclass=lnk_file
01-28 23:54:16.083   357   357 W iptables-restor: type=1400 audit(0.0:14): avc: granted { getattr } for path="/vendor" dev="rootfs" ino=11169 scontext=u:r:netd:s0 tcontext=u:object_r:rootfs:s0 tclass=lnk_file
01-28 23:54:16.095   359   359 I auditd  : type=1400 audit(0.0:15): avc: granted { getattr } for comm="ip6tables-resto" path="/vendor" dev="rootfs" ino=11169 scontext=u:r:netd:s0 tcontext=u:object_r:rootfs:s0 tclass=lnk_file
01-28 23:54:16.095   359   359 W ip6tables-resto: type=1400 audit(0.0:15): avc: granted { getattr } for path="/vendor" dev="rootfs" ino=11169 scontext=u:r:netd:s0 tcontext=u:object_r:rootfs:s0 tclass=lnk_file
01-28 23:54:16.100     0     0 I ueventd : loading /devices/soc.0/fe200000.qcom,lpass/firmware/adsp.b02 took 0.038448 seconds
01-28 23:54:16.101     0     0 I ueventd : firmware: loading 'adsp.b03' for '/devices/soc.0/fe200000.qcom,lpass/firmware/adsp.b03'
01-28 23:54:16.107   362   362 I auditd  : type=1400 audit(0.0:16): avc: granted { getattr } for comm="iptables" path="/vendor" dev="rootfs" ino=11169 scontext=u:r:netd:s0 tcontext=u:object_r:rootfs:s0 tclass=lnk_file
01-28 23:54:16.107   362   362 W iptables: type=1400 audit(0.0:16): avc: granted { getattr } for path="/vendor" dev="rootfs" ino=11169 scontext=u:r:netd:s0 tcontext=u:object_r:rootfs:s0 tclass=lnk_file
01-28 23:54:16.113     0     0 I ueventd : loading /devices/soc.0/fe200000.qcom,lpass/firmware/adsp.b03 took 0.0122179 seconds
01-28 23:54:16.115   364   364 I auditd  : type=1400 audit(0.0:17): avc: granted { getattr } for comm="ip6tables" path="/vendor" dev="rootfs" ino=11169 scontext=u:r:netd:s0 tcontext=u:object_r:rootfs:s0 tclass=lnk_file
01-28 23:54:16.115   364   364 W ip6tables: type=1400 audit(0.0:17): avc: granted { getattr } for path="/vendor" dev="rootfs" ino=11169 scontext=u:r:netd:s0 tcontext=u:object_r:rootfs:s0 tclass=lnk_file
01-28 23:54:16.115     0     0 I ueventd : firmware: loading 'adsp.b04' for '/devices/soc.0/fe200000.qcom,lpass/firmware/adsp.b04'
01-28 23:54:16.131   365   365 I auditd  : type=1400 audit(0.0:18): avc: granted { getattr } for comm="iptables" path="/vendor" dev="rootfs" ino=11169 scontext=u:r:netd:s0 tcontext=u:object_r:rootfs:s0 tclass=lnk_file
01-28 23:54:16.131   365   365 W iptables: type=1400 audit(0.0:18): avc: granted { getattr } for path="/vendor" dev="rootfs" ino=11169 scontext=u:r:netd:s0 tcontext=u:object_r:rootfs:s0 tclass=lnk_file
01-28 23:54:16.143   366   366 I auditd  : type=1400 audit(0.0:19): avc: granted { getattr } for comm="ip6tables" path="/vendor" dev="rootfs" ino=11169 scontext=u:r:netd:s0 tcontext=u:object_r:rootfs:s0 tclass=lnk_file
01-28 23:54:16.143   366   366 W ip6tables: type=1400 audit(0.0:19): avc: granted { getattr } for path="/vendor" dev="rootfs" ino=11169 scontext=u:r:netd:s0 tcontext=u:object_r:rootfs:s0 tclass=lnk_file
01-28 23:54:16.155   368   368 I auditd  : type=1400 audit(0.0:20): avc: granted { getattr } for comm="iptables" path="/vendor" dev="rootfs" ino=11169 scontext=u:r:netd:s0 tcontext=u:object_r:rootfs:s0 tclass=lnk_file
01-28 23:54:16.155   368   368 W iptables: type=1400 audit(0.0:20): avc: granted { getattr } for path="/vendor" dev="rootfs" ino=11169 scontext=u:r:netd:s0 tcontext=u:object_r:rootfs:s0 tclass=lnk_file
01-28 23:54:16.161     0     0 I ueventd : loading /devices/soc.0/fe200000.qcom,lpass/firmware/adsp.b04 took 0.0460949 seconds
01-28 23:54:16.163     0     0 I ueventd : firmware: loading 'adsp.b06' for '/devices/soc.0/fe200000.qcom,lpass/firmware/adsp.b06'
01-28 23:54:16.167   369   369 I auditd  : type=1400 audit(0.0:21): avc: granted { getattr } for comm="ip6tables" path="/vendor" dev="rootfs" ino=11169 scontext=u:r:netd:s0 tcontext=u:object_r:rootfs:s0 tclass=lnk_file
01-28 23:54:16.167   369   369 W ip6tables: type=1400 audit(0.0:21): avc: granted { getattr } for path="/vendor" dev="rootfs" ino=11169 scontext=u:r:netd:s0 tcontext=u:object_r:rootfs:s0 tclass=lnk_file
01-28 23:54:16.179   370   370 I auditd  : type=1400 audit(0.0:22): avc: granted { getattr } for comm="iptables" path="/vendor" dev="rootfs" ino=11169 scontext=u:r:netd:s0 tcontext=u:object_r:rootfs:s0 tclass=lnk_file
01-28 23:54:16.179   370   370 W iptables: type=1400 audit(0.0:22): avc: granted { getattr } for path="/vendor" dev="rootfs" ino=11169 scontext=u:r:netd:s0 tcontext=u:object_r:rootfs:s0 tclass=lnk_file
01-28 23:54:16.186     0     0 I ueventd : loading /devices/soc.0/fe200000.qcom,lpass/firmware/adsp.b06 took 0.0232671 seconds
01-28 23:54:16.187   373   373 I auditd  : type=1400 audit(0.0:23): avc: granted { getattr } for comm="ip6tables" path="/vendor" dev="rootfs" ino=11169 scontext=u:r:netd:s0 tcontext=u:object_r:rootfs:s0 tclass=lnk_file
01-28 23:54:16.187   373   373 W ip6tables: type=1400 audit(0.0:23): avc: granted { getattr } for path="/vendor" dev="rootfs" ino=11169 scontext=u:r:netd:s0 tcontext=u:object_r:rootfs:s0 tclass=lnk_file
01-28 23:54:16.194     0     0 I ueventd : firmware: loading 'adsp.b08' for '/devices/soc.0/fe200000.qcom,lpass/firmware/adsp.b08'
01-28 23:54:16.195     0     0 I ueventd : loading /devices/soc.0/fe200000.qcom,lpass/firmware/adsp.b08 took 0.00153557 seconds
01-28 23:54:16.197     0     0 I ueventd : firmware: loading 'adsp.b09' for '/devices/soc.0/fe200000.qcom,lpass/firmware/adsp.b09'
01-28 23:54:16.203   376   376 I auditd  : type=1400 audit(0.0:24): avc: granted { getattr } for comm="iptables" path="/vendor" dev="rootfs" ino=11169 scontext=u:r:netd:s0 tcontext=u:object_r:rootfs:s0 tclass=lnk_file
01-28 23:54:16.203   376   376 W iptables: type=1400 audit(0.0:24): avc: granted { getattr } for path="/vendor" dev="rootfs" ino=11169 scontext=u:r:netd:s0 tcontext=u:object_r:rootfs:s0 tclass=lnk_file
01-28 23:54:16.204     0     0 I ueventd : loading /devices/soc.0/fe200000.qcom,lpass/firmware/adsp.b09 took 0.00717542 seconds
01-28 23:54:16.205     0     0 I ueventd : firmware: loading 'adsp.b10' for '/devices/soc.0/fe200000.qcom,lpass/firmware/adsp.b10'
01-28 23:54:16.207     0     0 I ueventd : loading /devices/soc.0/fe200000.qcom,lpass/firmware/adsp.b10 took 0.00205995 seconds
01-28 23:54:16.208     0     0 I ueventd : firmware: loading 'adsp.b11' for '/devices/soc.0/fe200000.qcom,lpass/firmware/adsp.b11'
01-28 23:54:16.214     0     0 I ueventd : loading /devices/soc.0/fe200000.qcom,lpass/firmware/adsp.b11 took 0.00634234 seconds
01-28 23:54:16.215   378   378 I auditd  : type=1400 audit(0.0:25): avc: granted { getattr } for comm="ip6tables" path="/vendor" dev="rootfs" ino=11169 scontext=u:r:netd:s0 tcontext=u:object_r:rootfs:s0 tclass=lnk_file
01-28 23:54:16.215   378   378 W ip6tables: type=1400 audit(0.0:25): avc: granted { getattr } for path="/vendor" dev="rootfs" ino=11169 scontext=u:r:netd:s0 tcontext=u:object_r:rootfs:s0 tclass=lnk_file
01-28 23:54:16.216     0     0 I ueventd : firmware: loading 'adsp.b12' for '/devices/soc.0/fe200000.qcom,lpass/firmware/adsp.b12'
01-28 23:54:16.224     0     0 I ueventd : loading /devices/soc.0/fe200000.qcom,lpass/firmware/adsp.b12 took 0.00836307 seconds
01-28 23:54:16.226     0     0 I ueventd : firmware: loading 'adsp.b13' for '/devices/soc.0/fe200000.qcom,lpass/firmware/adsp.b13'
01-28 23:54:16.227   382   382 I auditd  : type=1400 audit(0.0:26): avc: granted { getattr } for comm="iptables" path="/vendor" dev="rootfs" ino=11169 scontext=u:r:netd:s0 tcontext=u:object_r:rootfs:s0 tclass=lnk_file
01-28 23:54:16.227   382   382 W iptables: type=1400 audit(0.0:26): avc: granted { getattr } for path="/vendor" dev="rootfs" ino=11169 scontext=u:r:netd:s0 tcontext=u:object_r:rootfs:s0 tclass=lnk_file
01-28 23:54:16.228     0     0 I ueventd : loading /devices/soc.0/fe200000.qcom,lpass/firmware/adsp.b13 took 0.00228823 seconds
01-28 23:54:16.230     0     0 I ueventd : firmware: loading 'adsp.b14' for '/devices/soc.0/fe200000.qcom,lpass/firmware/adsp.b14'
01-28 23:54:16.231     0     0 I ueventd : loading /devices/soc.0/fe200000.qcom,lpass/firmware/adsp.b14 took 0.00180198 seconds
01-28 23:54:16.233     0     0 I ueventd : firmware: loading 'adsp.b15' for '/devices/soc.0/fe200000.qcom,lpass/firmware/adsp.b15'
01-28 23:54:16.234     0     0 I ueventd : loading /devices/soc.0/fe200000.qcom,lpass/firmware/adsp.b15 took 0.0012375 seconds
01-28 23:54:16.239   383   383 I auditd  : type=1400 audit(0.0:27): avc: granted { getattr } for comm="ip6tables" path="/vendor" dev="rootfs" ino=11169 scontext=u:r:netd:s0 tcontext=u:object_r:rootfs:s0 tclass=lnk_file
01-28 23:54:16.239   383   383 W ip6tables: type=1400 audit(0.0:27): avc: granted { getattr } for path="/vendor" dev="rootfs" ino=11169 scontext=u:r:netd:s0 tcontext=u:object_r:rootfs:s0 tclass=lnk_file
01-28 23:54:16.251   384   384 I auditd  : type=1400 audit(0.0:28): avc: granted { getattr } for comm="iptables" path="/vendor" dev="rootfs" ino=11169 scontext=u:r:netd:s0 tcontext=u:object_r:rootfs:s0 tclass=lnk_file
01-28 23:54:16.251   384   384 W iptables: type=1400 audit(0.0:28): avc: granted { getattr } for path="/vendor" dev="rootfs" ino=11169 scontext=u:r:netd:s0 tcontext=u:object_r:rootfs:s0 tclass=lnk_file
01-28 23:54:16.259   385   385 I auditd  : type=1400 audit(0.0:29): avc: granted { getattr } for comm="ip6tables" path="/vendor" dev="rootfs" ino=11169 scontext=u:r:netd:s0 tcontext=u:object_r:rootfs:s0 tclass=lnk_file
01-28 23:54:16.259   385   385 W ip6tables: type=1400 audit(0.0:29): avc: granted { getattr } for path="/vendor" dev="rootfs" ino=11169 scontext=u:r:netd:s0 tcontext=u:object_r:rootfs:s0 tclass=lnk_file
01-28 23:54:16.276   352   352 I Netd    : Creating child chains: 238.8ms
01-28 23:54:16.276   352   352 I Netd    : Setting up OEM hooks: 0.2ms
01-28 23:54:16.280   352   352 I Netd    : Setting up FirewallController hooks: 4.8ms
01-28 23:54:16.283   352   352 I Netd    : Setting up NatController hooks: 2.7ms
01-28 23:54:16.285   352   352 I Netd    : Setting up BandwidthController hooks: 2.3ms
01-28 23:54:16.286   352   352 I Netd    : Setting up IdletimerController hooks: 0.1ms
01-28 23:54:16.290   352   352 I Netd    : Disabling bandwidth control: 4.6ms
01-28 23:54:16.293   352   352 I Netd    : Initializing RouteController: 2.6ms
01-28 23:54:16.294   352   352 D MDnsDS  : MDnsSdListener::Hander starting up
01-28 23:54:16.294   352   391 D MDnsDS  : MDnsSdListener starting to monitor
01-28 23:54:16.294   352   391 D MDnsDS  : Going to poll with pollCount 1
01-28 23:54:16.296   352   352 I Netd    : Registering NetdNativeService: 1.9ms
01-28 23:54:16.296   352   352 I Netd    : Starting CommandListener: 0.4ms
01-28 23:54:16.297   352   352 I Netd    : Netd started in 263ms
01-28 23:54:16.310     0     0 I msm_thermal: freq_mitigation_notify Mitigating CPU5 frequency to 768000
01-28 23:54:16.343     0     0 I subsys-pil-tz fe200000.qcom,lpass: adsp: Brought out of reset
01-28 23:54:16.343   353   353 D AndroidRuntime: >>>>>> START com.android.internal.os.ZygoteInit uid 0 <<<<<<
01-28 23:54:16.343   353   353 I boot_progress_start: 6236
01-28 23:54:16.354     0     0 I msm_thermal: freq_mitigation_notify Removing frequency mitigation for CPU5
01-28 23:54:16.371   353   353 I zygote64: option[0]=-Xzygote
01-28 23:54:16.371   353   353 I zygote64: option[1]=-Xstacktracefile:/data/anr/traces.txt
01-28 23:54:16.371   353   353 I zygote64: option[2]=exit
01-28 23:54:16.371   353   353 I zygote64: option[3]=vfprintf
01-28 23:54:16.371   353   353 I zygote64: option[4]=sensitiveThread
01-28 23:54:16.371   353   353 I zygote64: option[5]=-verbose:gc
01-28 23:54:16.371   353   353 I zygote64: option[6]=-Xms4m
01-28 23:54:16.371   353   353 I zygote64: option[7]=-Xmx16m
01-28 23:54:16.371   353   353 I zygote64: option[8]=-Xusejit:true
01-28 23:54:16.371   353   353 I zygote64: option[9]=-Xjitsaveprofilinginfo
01-28 23:54:16.371   353   353 I zygote64: option[10]=-agentlib:jdwp=transport=dt_android_adb,suspend=n,server=y
01-28 23:54:16.371   353   353 I zygote64: option[11]=-Ximage-compiler-option
01-28 23:54:16.371   353   353 I zygote64: option[12]=--runtime-arg
01-28 23:54:16.371   353   353 I zygote64: option[13]=-Ximage-compiler-option
01-28 23:54:16.371   353   353 I zygote64: option[14]=-Xms64m
01-28 23:54:16.371   353   353 I zygote64: option[15]=-Ximage-compiler-option
01-28 23:54:16.371   353   353 I zygote64: option[16]=--runtime-arg
01-28 23:54:16.371   353   353 I zygote64: option[17]=-Ximage-compiler-option
01-28 23:54:16.371   353   353 I zygote64: option[18]=-Xmx64m
01-28 23:54:16.371   353   353 I zygote64: option[19]=-Ximage-compiler-option
01-28 23:54:16.372   353   353 I zygote64: option[20]=--image-classes=/system/etc/preloaded-classes
01-28 23:54:16.372   353   353 I zygote64: option[21]=-Ximage-compiler-option
01-28 23:54:16.372   353   353 I zygote64: option[22]=--compiled-classes=/system/etc/compiled-classes
01-28 23:54:16.372   353   353 I zygote64: option[23]=-Xcompiler-option
01-28 23:54:16.372   353   353 I zygote64: option[24]=--runtime-arg
01-28 23:54:16.372   353   353 I zygote64: option[25]=-Xcompiler-option
01-28 23:54:16.372   353   353 I zygote64: option[26]=-Xms64m
01-28 23:54:16.372   353   353 I zygote64: option[27]=-Xcompiler-option
01-28 23:54:16.372   353   353 I zygote64: option[28]=--runtime-arg
01-28 23:54:16.372   353   353 I zygote64: option[29]=-Xcompiler-option
01-28 23:54:16.372   353   353 I zygote64: option[30]=-Xmx512m
01-28 23:54:16.372   353   353 I zygote64: option[31]=-Xcompiler-option
01-28 23:54:16.372   353   353 I zygote64: option[32]=-j2
01-28 23:54:16.372   353   353 I zygote64: option[33]=-Ximage-compiler-option
01-28 23:54:16.372   353   353 I zygote64: option[34]=-j4
01-28 23:54:16.372   353   353 I zygote64: option[35]=-Ximage-compiler-option
01-28 23:54:16.372   353   353 I zygote64: option[36]=--instruction-set-variant=cortex-a53
01-28 23:54:16.372   353   353 I zygote64: option[37]=-Xcompiler-option
01-28 23:54:16.372   353   353 I zygote64: option[38]=--instruction-set-variant=cortex-a53
01-28 23:54:16.372   353   353 I zygote64: option[39]=-Ximage-compiler-option
01-28 23:54:16.372   353   353 I zygote64: option[40]=--instruction-set-features=default
01-28 23:54:16.372   353   353 I zygote64: option[41]=-Xcompiler-option
01-28 23:54:16.372   353   353 I zygote64: option[42]=--instruction-set-features=default
01-28 23:54:16.372   353   353 I zygote64: option[43]=-Duser.locale=en-US
01-28 23:54:16.372   353   353 I zygote64: option[44]=--cpu-abilist=arm64-v8a
01-28 23:54:16.372   353   353 I zygote64: option[45]=-Xfingerprint:Xiaomi/libra/libra:7.0/NRD90M/V8.2.3.0.NXKCNEC:user/release-keys
01-28 23:54:16.384     0     0 I subsys-pil-tz fe200000.qcom,lpass: adsp: Power/Clock ready interrupt received
01-28 23:54:16.384     0     0 I subsys-pil-tz fe200000.qcom,lpass: Subsystem error monitoring/handling services are up
01-28 23:54:16.384     0     0 I init    : Command 'write /sys/kernel/boot_adsp/boot 1' action=early-boot (/init.qcom.rc:47) returned 0 took 601.501ms.
01-28 23:54:16.384     0     0 E L-Notify: Generel: 7
01-28 23:54:16.384     0     0 I init    : Service 'logd-reinit' (pid 355) exited with status 0
01-28 23:54:16.388     0     0 I msm8994-asoc-snd fe034000.sound: msm8994_asoc_machine_probe: No hdmi audio support
01-28 23:54:16.389     0     0 E msm8994-asoc-snd fe034000.sound: ASoC: CODEC tomtom_codec not registered
01-28 23:54:16.389     0     0 I platform fe034000.sound: Driver msm8994-asoc-snd requests probe deferral
01-28 23:54:16.391   408   408 I auditd  : type=1400 audit(0.0:30): avc: denied { execute_no_trans } for comm="init" path="/system/vendor/bin/hw/android.hardware.ir@1.0-service.libra" dev="mmcblk0p41" ino=2643 scontext=u:r:init:s0 tcontext=u:object_r:vendor_file:s0 tclass=file permissive=1
01-28 23:54:16.391   408   408 I init    : type=1400 audit(0.0:30): avc: denied { execute_no_trans } for path="/system/vendor/bin/hw/android.hardware.ir@1.0-service.libra" dev="mmcblk0p41" ino=2643 scontext=u:r:init:s0 tcontext=u:object_r:vendor_file:s0 tclass=file permissive=1
01-28 23:54:16.391     0     0 I init    : processing action (boot)
01-28 23:54:16.392     0     0 I msm8994-asoc-snd fe034000.sound: msm8994_asoc_machine_probe: No hdmi audio support
01-28 23:54:16.392     0     0 E msm8994-asoc-snd fe034000.sound: ASoC: CODEC tomtom_codec not registered
01-28 23:54:16.392     0     0 I platform fe034000.sound: Driver msm8994-asoc-snd requests probe deferral
01-28 23:54:16.394     0     0 I init    : computing context for service 'hidl_memory'
01-28 23:54:16.394     0     0 I init    : starting service 'hidl_memory'...
01-28 23:54:16.395     0     0 I init    : computing context for service 'audio-hal-2-0'
01-28 23:54:16.395     0     0 I init    : starting service 'audio-hal-2-0'...
01-28 23:54:16.396     0     0 I init    : computing context for service 'configstore-hal-1-0'
01-28 23:54:16.396     0     0 I init    : starting service 'configstore-hal-1-0'...
01-28 23:54:16.397     0     0 I init    : computing context for service 'drm-hal-1-0'
01-28 23:54:16.397     0     0 I init    : starting service 'drm-hal-1-0'...
01-28 23:54:16.398     0     0 I init    : computing context for service 'gatekeeper-1-0'
01-28 23:54:16.398     0     0 I init    : starting service 'gatekeeper-1-0'...
01-28 23:54:16.399   417   417 I auditd  : type=1400 audit(0.0:31): avc: denied { execute_no_trans } for comm="init" path="/system/bin/rmt_storage" dev="mmcblk0p41" ino=512 scontext=u:r:init:s0 tcontext=u:object_r:system_file:s0 tclass=file permissive=1
01-28 23:54:16.399   417   417 I init    : type=1400 audit(0.0:31): avc: denied { execute_no_trans } for path="/system/bin/rmt_storage" dev="mmcblk0p41" ino=512 scontext=u:r:init:s0 tcontext=u:object_r:system_file:s0 tclass=file permissive=1
01-28 23:54:16.399     0     0 I init    : computing context for service 'gralloc-2-0'
01-28 23:54:16.399     0     0 I init    : starting service 'gralloc-2-0'...
01-28 23:54:16.400     0     0 I init    : computing context for service 'hwcomposer-2-1'
01-28 23:54:16.400     0     0 I init    : starting service 'hwcomposer-2-1'...
01-28 23:54:16.400     0     0 I init    : computing context for service 'health-hal-1-0'
01-28 23:54:16.400     0     0 I init    : starting service 'health-hal-1-0'...
01-28 23:54:16.401     0     0 I init    : computing context for service 'ir-hal-1-0'
01-28 23:54:16.401     0     0 I init    : starting service 'ir-hal-1-0'...
01-28 23:54:16.402     0     0 I init    : computing context for service 'light-hal-2-0'
01-28 23:54:16.402     0     0 I init    : starting service 'light-hal-2-0'...
01-28 23:54:16.403   421   421 I auditd  : type=1400 audit(0.0:32): avc: denied { execute_no_trans } for comm="init" path="/system/bin/sh" dev="mmcblk0p41" ino=531 scontext=u:r:init:s0 tcontext=u:object_r:shell_exec:s0 tclass=file permissive=1
01-28 23:54:16.403   421   421 I init    : type=1400 audit(0.0:32): avc: denied { execute_no_trans } for path="/system/bin/sh" dev="mmcblk0p41" ino=531 scontext=u:r:init:s0 tcontext=u:object_r:shell_exec:s0 tclass=file permissive=1
01-28 23:54:16.403     0     0 I init    : computing context for service 'memtrack-hal-1-0'
01-28 23:54:16.403     0     0 I init    : starting service 'memtrack-hal-1-0'...
01-28 23:54:16.404     0     0 I init    : computing context for service 'sensors-hal-1-0'
01-28 23:54:16.404     0     0 I init    : starting service 'sensors-hal-1-0'...
01-28 23:54:16.404     0     0 I init    : computing context for service 'thermal-hal-1-0'
01-28 23:54:16.405     0     0 I init    : starting service 'thermal-hal-1-0'...
01-28 23:54:16.405     0     0 I init    : computing context for service 'usb-hal-1-0'
01-28 23:54:16.405     0     0 I init    : starting service 'usb-hal-1-0'...
01-28 23:54:16.406     0     0 I init    : computing context for service 'vibrator-1-0'
01-28 23:54:16.406     0     0 I init    : starting service 'vibrator-1-0'...
01-28 23:54:16.407     0     0 I init    : computing context for service 'wifi_hal_legacy'
01-28 23:54:16.407     0     0 I init    : starting service 'wifi_hal_legacy'...
01-28 23:54:16.408     0     0 I init    : computing context for service 'healthd'
01-28 23:54:16.408     0     0 I init    : starting service 'healthd'...
01-28 23:54:16.408     0     0 I init    : computing context for service 'rmt_storage'
01-28 23:54:16.409     0     0 I init    : starting service 'rmt_storage'...
01-28 23:54:16.409     0     0 I init    : computing context for service 'rfs_access'
01-28 23:54:16.409     0     0 I init    : starting service 'rfs_access'...
01-28 23:54:16.410     0     0 I init    : computing context for service 'tftp_server'
01-28 23:54:16.410     0     0 I init    : starting service 'tftp_server'...
01-28 23:54:16.411     0     0 I init    : computing context for service 'config_bt_addr'
01-28 23:54:16.411     0     0 I init    : starting service 'config_bt_addr'...
01-28 23:54:16.411     0     0 I apr_tal : Q6 Is Up
01-28 23:54:16.412     0     0 I init    : computing context for service 'qcom-usb-sh'
01-28 23:54:16.412     0     0 I init    : starting service 'qcom-usb-sh'...
01-28 23:54:16.413     0     0 I init    : computing context for service 'qseecomd'
01-28 23:54:16.413     0     0 I init    : starting service 'qseecomd'...
01-28 23:54:16.413     0     0 I msm8994-asoc-snd fe034000.sound: msm8994_asoc_machine_probe: No hdmi audio support
01-28 23:54:16.413     0     0 E msm8994-asoc-snd fe034000.sound: ASoC: CODEC tomtom_codec not registered
01-28 23:54:16.413     0     0 I platform fe034000.sound: Driver msm8994-asoc-snd requests probe deferral
01-28 23:54:16.413     0     0 I init    : computing context for service 'per_mgr'
01-28 23:54:16.414     0     0 I init    : starting service 'per_mgr'...
01-28 23:54:16.414     0     0 I init    : computing context for service 'readmac'
01-28 23:54:16.414     0     0 I init    : starting service 'readmac'...
01-28 23:54:16.415     0     0 I init    : computing context for service 'lmkd'
01-28 23:54:16.415     0     0 I init    : starting service 'lmkd'...
01-28 23:54:16.416     0     0 I init    : computing context for service 'surfaceflinger'
01-28 23:54:16.416     0     0 I init    : starting service 'surfaceflinger'...
01-28 23:54:16.417     0     0 E init    : Failed to bind socket 'pdx/system/vr/display/client': No such file or directory
01-28 23:54:16.417     0     0 I init    : Created socket '/dev/socket/lmkd', mode 660, user 1000, group 1000
01-28 23:54:16.417     0     0 E init    : Failed to bind socket 'pdx/system/vr/display/manager': No such file or directory
01-28 23:54:16.418     0     0 E init    : Failed to bind socket 'pdx/system/vr/display/vsync': No such file or directory
01-28 23:54:16.418     0     0 I SELinux : Context u:object_r:persist_bluetooth_file:s0 is not valid (left unmapped).
01-28 23:54:16.419     0     0 E init    : write_file: Unable to open '/proc/sys/net/ipv6/conf/rmnet0/accept_ra': No such file or directory
01-28 23:54:16.419     0     0 E init    : write_file: Unable to open '/proc/sys/net/ipv6/conf/rmnet1/accept_ra': No such file or directory
01-28 23:54:16.419     0     0 E init    : write_file: Unable to open '/proc/sys/net/ipv6/conf/rmnet2/accept_ra': No such file or directory
01-28 23:54:16.419     0     0 E init    : write_file: Unable to open '/proc/sys/net/ipv6/conf/rmnet3/accept_ra': No such file or directory
01-28 23:54:16.419     0     0 E init    : write_file: Unable to open '/proc/sys/net/ipv6/conf/rmnet4/accept_ra': No such file or directory
01-28 23:54:16.419     0     0 E init    : write_file: Unable to open '/proc/sys/net/ipv6/conf/rmnet5/accept_ra': No such file or directory
01-28 23:54:16.419     0     0 E init    : write_file: Unable to open '/proc/sys/net/ipv6/conf/rmnet6/accept_ra': No such file or directory
01-28 23:54:16.419     0     0 E init    : write_file: Unable to open '/proc/sys/net/ipv6/conf/rmnet7/accept_ra': No such file or directory
01-28 23:54:16.419     0     0 E init    : write_file: Unable to open '/proc/sys/net/ipv6/conf/rmnet_sdio0/accept_ra': No such file or directory
01-28 23:54:16.419     0     0 E init    : write_file: Unable to open '/proc/sys/net/ipv6/conf/rmnet_sdio1/accept_ra': No such file or directory
01-28 23:54:16.419     0     0 E init    : write_file: Unable to open '/proc/sys/net/ipv6/conf/rmnet_sdio2/accept_ra': No such file or directory
01-28 23:54:16.419     0     0 E init    : write_file: Unable to open '/proc/sys/net/ipv6/conf/rmnet_sdio3/accept_ra': No such file or directory
01-28 23:54:16.419     0     0 E init    : write_file: Unable to open '/proc/sys/net/ipv6/conf/rmnet_sdio4/accept_ra': No such file or directory
01-28 23:54:16.419     0     0 E init    : write_file: Unable to open '/proc/sys/net/ipv6/conf/rmnet_sdio5/accept_ra': No such file or directory
01-28 23:54:16.419     0     0 E init    : write_file: Unable to open '/proc/sys/net/ipv6/conf/rmnet_sdio6/accept_ra': No such file or directory
01-28 23:54:16.419     0     0 E init    : write_file: Unable to open '/proc/sys/net/ipv6/conf/rmnet_sdio7/accept_ra': No such file or directory
01-28 23:54:16.419     0     0 E init    : write_file: Unable to open '/proc/sys/net/ipv6/conf/rmnet_usb0/accept_ra': No such file or directory
01-28 23:54:16.419     0     0 E init    : write_file: Unable to open '/proc/sys/net/ipv6/conf/rmnet_usb1/accept_ra': No such file or directory
01-28 23:54:16.419     0     0 E init    : write_file: Unable to open '/proc/sys/net/ipv6/conf/rmnet_usb2/accept_ra': No such file or directory
01-28 23:54:16.419     0     0 E init    : write_file: Unable to open '/proc/sys/net/ipv6/conf/rmnet_usb3/accept_ra': No such file or directory
01-28 23:54:16.427   430   430 I auditd  : type=1400 audit(0.0:33): avc: denied { create } for comm="init" name="cnd" scontext=u:r:init:s0 tcontext=u:object_r:socket_device:s0 tclass=sock_file permissive=1
01-28 23:54:16.427   430   430 I init    : type=1400 audit(0.0:33): avc: denied { create } for name="cnd" scontext=u:r:init:s0 tcontext=u:object_r:socket_device:s0 tclass=sock_file permissive=1
01-28 23:54:16.427   430   430 I auditd  : type=1400 audit(0.0:34): avc: denied { setattr } for comm="init" name="cnd" dev="tmpfs" ino=13621 scontext=u:r:init:s0 tcontext=u:object_r:socket_device:s0 tclass=sock_file permissive=1
01-28 23:54:16.427   430   430 I init    : type=1400 audit(0.0:34): avc: denied { setattr } for name="cnd" dev="tmpfs" ino=13621 scontext=u:r:init:s0 tcontext=u:object_r:socket_device:s0 tclass=sock_file permissive=1
01-28 23:54:16.431   430   430 I auditd  : type=1400 audit(0.0:35): avc: denied { setattr } for comm="init" name="cnd" dev="tmpfs" ino=13621 scontext=u:r:init:s0 tcontext=u:object_r:socket_device:s0 tclass=sock_file permissive=1
01-28 23:54:16.431   434   434 I auditd  : type=1400 audit(0.0:36): avc: denied { create } for comm="init" name="ipacm_log_file" scontext=u:r:init:s0 tcontext=u:object_r:socket_device:s0 tclass=sock_file permissive=1
01-28 23:54:16.431   430   430 I init    : type=1400 audit(0.0:35): avc: denied { setattr } for name="cnd" dev="tmpfs" ino=13621 scontext=u:r:init:s0 tcontext=u:object_r:socket_device:s0 tclass=sock_file permissive=1
01-28 23:54:16.431   434   434 I init    : type=1400 audit(0.0:36): avc: denied { create } for name="ipacm_log_file" scontext=u:r:init:s0 tcontext=u:object_r:socket_device:s0 tclass=sock_file permissive=1
01-28 23:54:16.432     0     0 E init    : write_file: Unable to write to '/dev/cpuset/foreground/cpus': Device or resource busy
01-28 23:54:16.433     0     0 I init    : computing context for service 'sysinit'
01-28 23:54:16.433     0     0 I init    : starting service 'sysinit'...
01-28 23:54:16.434     0     0 I init    : processing action (persist.sys.usb.config=* && boot)
01-28 23:54:16.434     0     0 I init    : processing action (enable_property_trigger)
01-28 23:54:16.434     0     0 I init    : processing action (security.perf_harden=1)
01-28 23:54:16.434     0     0 I init    : processing action (ro.debuggable=1)
01-28 23:54:16.435     0     0 E init    : service 'console' couldn't open console '/dev/ttyHSL0': No such file or directory
01-28 23:54:16.435     0     0 I init    : processing action (ro.data.large_tcp_window_size=true)
01-28 23:54:16.435     0     0 I init    : processing action (sys.usb.config=diag,serial_smd,serial_tty,rmnet_ipa,mass_storage,adb)
01-28 23:54:16.435     0     0 E enable_store: android_usb: already disabled
01-28 23:54:16.435     0     0 I init    : starting service 'adbd'...
01-28 23:54:16.436     0     0 I init    : processing action (init.svc.per_mgr=running)
01-28 23:54:16.436     0     0 I init    : computing context for service 'per_proxy'
01-28 23:54:16.436     0     0 I init    : starting service 'per_proxy'...
01-28 23:54:16.437     0     0 I init    : processing action (nonencrypted)
01-28 23:54:16.437     0     0 I init    : computing context for service 'cnd'
01-28 23:54:16.437     0     0 I init    : Created socket '/dev/socket/adbd', mode 660, user 1000, group 1000
01-28 23:54:16.437     0     0 I init    : starting service 'cnd'...
01-28 23:54:16.438     0     0 I init    : computing context for service 'irsc_util'
01-28 23:54:16.438     0     0 I init    : starting service 'irsc_util'...
01-28 23:54:16.439     0     0 I init    : computing context for service 'qmuxd'
01-28 23:54:16.440     0     0 I init    : Created socket '/dev/socket/cnd', mode 660, user 0, group 3003
01-28 23:54:16.440     0     0 I init    : starting service 'qmuxd'...
