01-20 18:27:47.605     0     0 I msm8994-asoc-snd fe034000.sound: msm8994_asoc_machine_probe: No hdmi audio support
01-20 18:27:47.606     0     0 E msm8994-asoc-snd fe034000.sound: ASoC: CODEC tomtom_codec not registered
01-20 18:27:47.606     0     0 I platform fe034000.sound: Driver msm8994-asoc-snd requests probe deferral
01-20 18:27:47.606     0     0 I ueventd : fixup /sys/devices/soc.0/f9927000.i2c/i2c-13/13-0008/lsm6db0_quat_wk.0/iio:device22/buffer/enable 1000 1000 660
01-20 18:27:47.607     0     0 I ueventd : fixup /sys/devices/soc.0/f9927000.i2c/i2c-13/13-0008/lsm6db0_quat_wk.0/iio:device22/buffer/length 1000 1000 660
01-20 18:27:47.607     0     0 I ueventd : fixup /sys/devices/soc.0/f9927000.i2c/i2c-13/13-0008/lsm6db0_quat_wk.0/iio:device22/sampling_frequency 1000 1000 660
01-20 18:27:47.607     0     0 I ueventd : fixup /sys/devices/soc.0/f9927000.i2c/i2c-13/13-0008/lsm6db0_quat_wk.0/iio:device22/batch_mode 1000 1000 660
01-20 18:27:47.607     0     0 I ueventd : fixup /sys/devices/soc.0/f9927000.i2c/i2c-13/13-0008/lsm6db0_quat_wk.0/iio:device22/batch_mode_timeout 1000 1000 660
01-20 18:27:47.607     0     0 I ueventd : fixup /sys/devices/soc.0/f9927000.i2c/i2c-13/13-0008/lsm6db0_quat_wk.0/iio:device22/scan_elements/in_quaternion_x_en 1000 1000 660
01-20 18:27:47.607     0     0 I ueventd : fixup /sys/devices/soc.0/f9927000.i2c/i2c-13/13-0008/lsm6db0_quat_wk.0/iio:device22/scan_elements/in_quaternion_y_en 1000 1000 660
01-20 18:27:47.607     0     0 I ueventd : fixup /sys/devices/soc.0/f9927000.i2c/i2c-13/13-0008/lsm6db0_quat_wk.0/iio:device22/scan_elements/in_quaternion_z_en 1000 1000 660
01-20 18:27:47.607     0     0 I ueventd : fixup /sys/devices/soc.0/f9927000.i2c/i2c-13/13-0008/lsm6db0_quat_wk.0/iio:device22/scan_elements/in_quaternion_module_en 1000 1000 660
01-20 18:27:47.607     0     0 I ueventd : fixup /sys/devices/soc.0/f9927000.i2c/i2c-13/13-0008/lsm6db0_quat_wk.0/iio:device22/scan_elements/in_quaternion_accuracy_en 1000 1000 660
01-20 18:27:47.607     0     0 I ueventd : fixup /sys/devices/soc.0/f9927000.i2c/i2c-13/13-0008/lsm6db0_quat_wk.0/iio:device22/scan_elements/in_timestamp_en 1000 1000 660
01-20 18:27:47.607     0     0 I ueventd : fixup /sys/devices/soc.0/f9927000.i2c/i2c-13/13-0008/lsm6db0_quat_wk.0/iio:device22/in_quaternion_x_scale 1000 1000 660
01-20 18:27:47.607     0     0 I ueventd : fixup /sys/devices/soc.0/f9927000.i2c/i2c-13/13-0008/lsm6db0_quat_wk.0/iio:device22/in_quaternion_y_scale 1000 1000 660
01-20 18:27:47.607     0     0 I ueventd : fixup /sys/devices/soc.0/f9927000.i2c/i2c-13/13-0008/lsm6db0_quat_wk.0/iio:device22/in_quaternion_z_scale 1000 1000 660
01-20 18:27:47.607     0     0 I ueventd : fixup /sys/devices/soc.0/f9927000.i2c/i2c-13/13-0008/lsm6db0_quat_wk.0/iio:device22/in_quaternion_module_scale 1000 1000 660
01-20 18:27:47.615     0     0 I ueventd : fixup /sys/devices/soc.0/f9927000.i2c/i2c-13/13-0008/lsm6db0_step_d_wk.0/iio:device23/buffer/enable 1000 1000 660
01-20 18:27:47.615     0     0 I ueventd : fixup /sys/devices/soc.0/f9927000.i2c/i2c-13/13-0008/lsm6db0_step_d_wk.0/iio:device23/buffer/length 1000 1000 660
01-20 18:27:47.615     0     0 I ueventd : fixup /sys/devices/soc.0/f9927000.i2c/i2c-13/13-0008/lsm6db0_step_d_wk.0/iio:device23/batch_mode 1000 1000 660
01-20 18:27:47.615     0     0 I ueventd : fixup /sys/devices/soc.0/f9927000.i2c/i2c-13/13-0008/lsm6db0_step_d_wk.0/iio:device23/batch_mode_timeout 1000 1000 660
01-20 18:27:47.615     0     0 I ueventd : fixup /sys/devices/soc.0/f9927000.i2c/i2c-13/13-0008/lsm6db0_step_d_wk.0/iio:device23/scan_elements/in_step_detector_en 1000 1000 660
01-20 18:27:47.615     0     0 I ueventd : fixup /sys/devices/soc.0/f9927000.i2c/i2c-13/13-0008/lsm6db0_step_d_wk.0/iio:device23/scan_elements/in_timestamp_en 1000 1000 660
01-20 18:27:47.643     0     0 I msm8994-asoc-snd fe034000.sound: msm8994_asoc_machine_probe: No hdmi audio support
01-20 18:27:47.643     0     0 E msm8994-asoc-snd fe034000.sound: ASoC: CODEC tomtom_codec not registered
01-20 18:27:47.643     0     0 I platform fe034000.sound: Driver msm8994-asoc-snd requests probe deferral
01-20 18:27:47.645     0     0 I msm8994-asoc-snd fe034000.sound: msm8994_asoc_machine_probe: No hdmi audio support
01-20 18:27:47.645     0     0 E msm8994-asoc-snd fe034000.sound: ASoC: CODEC tomtom_codec not registered
01-20 18:27:47.645     0     0 I platform fe034000.sound: Driver msm8994-asoc-snd requests probe deferral
01-20 18:27:47.647     0     0 I ueventd : fixup /sys/devices/soc.0/f9927000.i2c/i2c-13/13-0008/lsm6db0_euler_wk.0/iio:device24/buffer/enable 1000 1000 660
01-20 18:27:47.648     0     0 I ueventd : fixup /sys/devices/soc.0/f9927000.i2c/i2c-13/13-0008/lsm6db0_euler_wk.0/iio:device24/buffer/length 1000 1000 660
01-20 18:27:47.648     0     0 I ueventd : fixup /sys/devices/soc.0/f9927000.i2c/i2c-13/13-0008/lsm6db0_euler_wk.0/iio:device24/sampling_frequency 1000 1000 660
01-20 18:27:47.648     0     0 I ueventd : fixup /sys/devices/soc.0/f9927000.i2c/i2c-13/13-0008/lsm6db0_euler_wk.0/iio:device24/batch_mode 1000 1000 660
01-20 18:27:47.648     0     0 I ueventd : fixup /sys/devices/soc.0/f9927000.i2c/i2c-13/13-0008/lsm6db0_euler_wk.0/iio:device24/batch_mode_timeout 1000 1000 660
01-20 18:27:47.648     0     0 I ueventd : fixup /sys/devices/soc.0/f9927000.i2c/i2c-13/13-0008/lsm6db0_euler_wk.0/iio:device24/scan_elements/in_euler_x_en 1000 1000 660
01-20 18:27:47.648     0     0 I ueventd : fixup /sys/devices/soc.0/f9927000.i2c/i2c-13/13-0008/lsm6db0_euler_wk.0/iio:device24/scan_elements/in_euler_y_en 1000 1000 660
01-20 18:27:47.648     0     0 I ueventd : fixup /sys/devices/soc.0/f9927000.i2c/i2c-13/13-0008/lsm6db0_euler_wk.0/iio:device24/scan_elements/in_euler_z_en 1000 1000 660
01-20 18:27:47.648     0     0 I ueventd : fixup /sys/devices/soc.0/f9927000.i2c/i2c-13/13-0008/lsm6db0_euler_wk.0/iio:device24/scan_elements/in_euler_accuracy_en 1000 1000 660
01-20 18:27:47.648     0     0 I ueventd : fixup /sys/devices/soc.0/f9927000.i2c/i2c-13/13-0008/lsm6db0_euler_wk.0/iio:device24/scan_elements/in_timestamp_en 1000 1000 660
01-20 18:27:47.648     0     0 I ueventd : fixup /sys/devices/soc.0/f9927000.i2c/i2c-13/13-0008/lsm6db0_euler_wk.0/iio:device24/in_euler_x_scale 1000 1000 660
01-20 18:27:47.648     0     0 I ueventd : fixup /sys/devices/soc.0/f9927000.i2c/i2c-13/13-0008/lsm6db0_euler_wk.0/iio:device24/in_euler_y_scale 1000 1000 660
01-20 18:27:47.649     0     0 I ueventd : fixup /sys/devices/soc.0/f9927000.i2c/i2c-13/13-0008/lsm6db0_euler_wk.0/iio:device24/in_euler_z_scale 1000 1000 660
01-20 18:27:47.657     0     0 I ueventd : fixup /sys/devices/soc.0/f9927000.i2c/i2c-13/13-0008/lsm6db0_step_c_wk.0/iio:device25/buffer/enable 1000 1000 660
01-20 18:27:47.657     0     0 I ueventd : fixup /sys/devices/soc.0/f9927000.i2c/i2c-13/13-0008/lsm6db0_step_c_wk.0/iio:device25/buffer/length 1000 1000 660
01-20 18:27:47.657     0     0 I ueventd : fixup /sys/devices/soc.0/f9927000.i2c/i2c-13/13-0008/lsm6db0_step_c_wk.0/iio:device25/sampling_frequency 1000 1000 660
01-20 18:27:47.657     0     0 I ueventd : fixup /sys/devices/soc.0/f9927000.i2c/i2c-13/13-0008/lsm6db0_step_c_wk.0/iio:device25/batch_mode 1000 1000 660
01-20 18:27:47.657     0     0 I ueventd : fixup /sys/devices/soc.0/f9927000.i2c/i2c-13/13-0008/lsm6db0_step_c_wk.0/iio:device25/batch_mode_timeout 1000 1000 660
01-20 18:27:47.657     0     0 I ueventd : fixup /sys/devices/soc.0/f9927000.i2c/i2c-13/13-0008/lsm6db0_step_c_wk.0/iio:device25/scan_elements/in_step_counter_en 1000 1000 660
01-20 18:27:47.657     0     0 I ueventd : fixup /sys/devices/soc.0/f9927000.i2c/i2c-13/13-0008/lsm6db0_step_c_wk.0/iio:device25/scan_elements/in_step_counter_module_en 1000 1000 660
01-20 18:27:47.657     0     0 I ueventd : fixup /sys/devices/soc.0/f9927000.i2c/i2c-13/13-0008/lsm6db0_step_c_wk.0/iio:device25/scan_elements/in_timestamp_en 1000 1000 660
01-20 18:27:47.657     0     0 I ueventd : fixup /sys/devices/soc.0/f9927000.i2c/i2c-13/13-0008/lsm6db0_step_c_wk.0/iio:device25/max_delivery_rate 1000 1000 660
01-20 18:27:47.683     0     0 I msm8994-asoc-snd fe034000.sound: msm8994_asoc_machine_probe: No hdmi audio support
01-20 18:27:47.683     0     0 E msm8994-asoc-snd fe034000.sound: ASoC: CODEC tomtom_codec not registered
01-20 18:27:47.683     0     0 I platform fe034000.sound: Driver msm8994-asoc-snd requests probe deferral
01-20 18:27:47.687     0     0 I ueventd : fixup /sys/devices/soc.0/f9927000.i2c/i2c-13/13-0008/lsm6db0_game_quat_wk.0/iio:device26/buffer/enable 1000 1000 660
01-20 18:27:47.687     0     0 I ueventd : fixup /sys/devices/soc.0/f9927000.i2c/i2c-13/13-0008/lsm6db0_game_quat_wk.0/iio:device26/buffer/length 1000 1000 660
01-20 18:27:47.687     0     0 I ueventd : fixup /sys/devices/soc.0/f9927000.i2c/i2c-13/13-0008/lsm6db0_game_quat_wk.0/iio:device26/sampling_frequency 1000 1000 660
01-20 18:27:47.688     0     0 I ueventd : fixup /sys/devices/soc.0/f9927000.i2c/i2c-13/13-0008/lsm6db0_game_quat_wk.0/iio:device26/batch_mode 1000 1000 660
01-20 18:27:47.688     0     0 I ueventd : fixup /sys/devices/soc.0/f9927000.i2c/i2c-13/13-0008/lsm6db0_game_quat_wk.0/iio:device26/batch_mode_timeout 1000 1000 660
01-20 18:27:47.688     0     0 I ueventd : fixup /sys/devices/soc.0/f9927000.i2c/i2c-13/13-0008/lsm6db0_game_quat_wk.0/iio:device26/scan_elements/in_quaternion_x_en 1000 1000 660
01-20 18:27:47.688     0     0 I ueventd : fixup /sys/devices/soc.0/f9927000.i2c/i2c-13/13-0008/lsm6db0_game_quat_wk.0/iio:device26/scan_elements/in_quaternion_y_en 1000 1000 660
01-20 18:27:47.688     0     0 I ueventd : fixup /sys/devices/soc.0/f9927000.i2c/i2c-13/13-0008/lsm6db0_game_quat_wk.0/iio:device26/scan_elements/in_quaternion_z_en 1000 1000 660
01-20 18:27:47.688     0     0 I ueventd : fixup /sys/devices/soc.0/f9927000.i2c/i2c-13/13-0008/lsm6db0_game_quat_wk.0/iio:device26/scan_elements/in_quaternion_module_en 1000 1000 660
01-20 18:27:47.688     0     0 I ueventd : fixup /sys/devices/soc.0/f9927000.i2c/i2c-13/13-0008/lsm6db0_game_quat_wk.0/iio:device26/scan_elements/in_quaternion_accuracy_en 1000 1000 660
01-20 18:27:47.688     0     0 I ueventd : fixup /sys/devices/soc.0/f9927000.i2c/i2c-13/13-0008/lsm6db0_game_quat_wk.0/iio:device26/scan_elements/in_timestamp_en 1000 1000 660
01-20 18:27:47.688     0     0 I ueventd : fixup /sys/devices/soc.0/f9927000.i2c/i2c-13/13-0008/lsm6db0_game_quat_wk.0/iio:device26/in_quaternion_x_scale 1000 1000 660
01-20 18:27:47.688     0     0 I ueventd : fixup /sys/devices/soc.0/f9927000.i2c/i2c-13/13-0008/lsm6db0_game_quat_wk.0/iio:device26/in_quaternion_y_scale 1000 1000 660
01-20 18:27:47.688     0     0 I ueventd : fixup /sys/devices/soc.0/f9927000.i2c/i2c-13/13-0008/lsm6db0_game_quat_wk.0/iio:device26/in_quaternion_z_scale 1000 1000 660
01-20 18:27:47.689     0     0 I ueventd : fixup /sys/devices/soc.0/f9927000.i2c/i2c-13/13-0008/lsm6db0_game_quat_wk.0/iio:device26/in_quaternion_module_scale 1000 1000 660
01-20 18:27:47.722     0     0 I msm8994-asoc-snd fe034000.sound: msm8994_asoc_machine_probe: No hdmi audio support
01-20 18:27:47.723     0     0 E msm8994-asoc-snd fe034000.sound: ASoC: CODEC tomtom_codec not registered
01-20 18:27:47.723     0     0 I platform fe034000.sound: Driver msm8994-asoc-snd requests probe deferral
01-20 18:27:47.725     0     0 I ueventd : fixup /sys/devices/soc.0/f9927000.i2c/i2c-13/13-0008/lsm6db0_magn_u_wk.0/iio:device27/buffer/enable 1000 1000 660
01-20 18:27:47.725     0     0 I ueventd : fixup /sys/devices/soc.0/f9927000.i2c/i2c-13/13-0008/lsm6db0_magn_u_wk.0/iio:device27/buffer/length 1000 1000 660
01-20 18:27:47.725     0     0 I ueventd : fixup /sys/devices/soc.0/f9927000.i2c/i2c-13/13-0008/lsm6db0_magn_u_wk.0/iio:device27/sampling_frequency 1000 1000 660
01-20 18:27:47.725     0     0 I ueventd : fixup /sys/devices/soc.0/f9927000.i2c/i2c-13/13-0008/lsm6db0_magn_u_wk.0/iio:device27/batch_mode 1000 1000 660
01-20 18:27:47.725     0     0 I ueventd : fixup /sys/devices/soc.0/f9927000.i2c/i2c-13/13-0008/lsm6db0_magn_u_wk.0/iio:device27/batch_mode_timeout 1000 1000 660
01-20 18:27:47.725     0     0 I ueventd : fixup /sys/devices/soc.0/f9927000.i2c/i2c-13/13-0008/lsm6db0_magn_u_wk.0/iio:device27/scan_elements/in_magn_x_en 1000 1000 660
01-20 18:27:47.725     0     0 I ueventd : fixup /sys/devices/soc.0/f9927000.i2c/i2c-13/13-0008/lsm6db0_magn_u_wk.0/iio:device27/scan_elements/in_magn_y_en 1000 1000 660
01-20 18:27:47.725     0     0 I ueventd : fixup /sys/devices/soc.0/f9927000.i2c/i2c-13/13-0008/lsm6db0_magn_u_wk.0/iio:device27/scan_elements/in_magn_z_en 1000 1000 660
01-20 18:27:47.725     0     0 I ueventd : fixup /sys/devices/soc.0/f9927000.i2c/i2c-13/13-0008/lsm6db0_magn_u_wk.0/iio:device27/scan_elements/in_timestamp_en 1000 1000 660
01-20 18:27:47.725     0     0 I ueventd : fixup /sys/devices/soc.0/f9927000.i2c/i2c-13/13-0008/lsm6db0_magn_u_wk.0/iio:device27/in_magn_x_scale 1000 1000 660
01-20 18:27:47.726     0     0 I ueventd : fixup /sys/devices/soc.0/f9927000.i2c/i2c-13/13-0008/lsm6db0_magn_u_wk.0/iio:device27/in_magn_y_scale 1000 1000 660
01-20 18:27:47.726     0     0 I ueventd : fixup /sys/devices/soc.0/f9927000.i2c/i2c-13/13-0008/lsm6db0_magn_u_wk.0/iio:device27/in_magn_z_scale 1000 1000 660
01-20 18:27:47.763     0     0 I msm8994-asoc-snd fe034000.sound: msm8994_asoc_machine_probe: No hdmi audio support
01-20 18:27:47.763     0     0 E msm8994-asoc-snd fe034000.sound: ASoC: CODEC tomtom_codec not registered
01-20 18:27:47.763     0     0 I platform fe034000.sound: Driver msm8994-asoc-snd requests probe deferral
01-20 18:27:47.767     0     0 I ueventd : fixup /sys/devices/soc.0/f9927000.i2c/i2c-13/13-0008/lsm6db0_gyro_u_wk.0/iio:device28/buffer/enable 1000 1000 660
01-20 18:27:47.767     0     0 I ueventd : fixup /sys/devices/soc.0/f9927000.i2c/i2c-13/13-0008/lsm6db0_gyro_u_wk.0/iio:device28/buffer/length 1000 1000 660
01-20 18:27:47.767     0     0 I ueventd : fixup /sys/devices/soc.0/f9927000.i2c/i2c-13/13-0008/lsm6db0_gyro_u_wk.0/iio:device28/sampling_frequency 1000 1000 660
01-20 18:27:47.767     0     0 I ueventd : fixup /sys/devices/soc.0/f9927000.i2c/i2c-13/13-0008/lsm6db0_gyro_u_wk.0/iio:device28/batch_mode 1000 1000 660
01-20 18:27:47.767     0     0 I ueventd : fixup /sys/devices/soc.0/f9927000.i2c/i2c-13/13-0008/lsm6db0_gyro_u_wk.0/iio:device28/batch_mode_timeout 1000 1000 660
01-20 18:27:47.767     0     0 I ueventd : fixup /sys/devices/soc.0/f9927000.i2c/i2c-13/13-0008/lsm6db0_gyro_u_wk.0/iio:device28/scan_elements/in_anglvel_x_en 1000 1000 660
01-20 18:27:47.767     0     0 I ueventd : fixup /sys/devices/soc.0/f9927000.i2c/i2c-13/13-0008/lsm6db0_gyro_u_wk.0/iio:device28/scan_elements/in_anglvel_y_en 1000 1000 660
01-20 18:27:47.767     0     0 I ueventd : fixup /sys/devices/soc.0/f9927000.i2c/i2c-13/13-0008/lsm6db0_gyro_u_wk.0/iio:device28/scan_elements/in_anglvel_z_en 1000 1000 660
01-20 18:27:47.767     0     0 I ueventd : fixup /sys/devices/soc.0/f9927000.i2c/i2c-13/13-0008/lsm6db0_gyro_u_wk.0/iio:device28/scan_elements/in_timestamp_en 1000 1000 660
01-20 18:27:47.768     0     0 I ueventd : fixup /sys/devices/soc.0/f9927000.i2c/i2c-13/13-0008/lsm6db0_gyro_u_wk.0/iio:device28/in_anglvel_x_scale 1000 1000 660
01-20 18:27:47.768     0     0 I ueventd : fixup /sys/devices/soc.0/f9927000.i2c/i2c-13/13-0008/lsm6db0_gyro_u_wk.0/iio:device28/in_anglvel_y_scale 1000 1000 660
01-20 18:27:47.768     0     0 I ueventd : fixup /sys/devices/soc.0/f9927000.i2c/i2c-13/13-0008/lsm6db0_gyro_u_wk.0/iio:device28/in_anglvel_z_scale 1000 1000 660
01-20 18:27:47.802     0     0 I msm8994-asoc-snd fe034000.sound: msm8994_asoc_machine_probe: No hdmi audio support
01-20 18:27:47.803     0     0 E msm8994-asoc-snd fe034000.sound: ASoC: CODEC tomtom_codec not registered
01-20 18:27:47.803     0     0 I platform fe034000.sound: Driver msm8994-asoc-snd requests probe deferral
01-20 18:27:47.806     0     0 I ueventd : fixup /sys/devices/soc.0/f9927000.i2c/i2c-13/13-0008/lsm6db0_linear_wk.0/iio:device29/buffer/enable 1000 1000 660
01-20 18:27:47.806     0     0 I ueventd : fixup /sys/devices/soc.0/f9927000.i2c/i2c-13/13-0008/lsm6db0_linear_wk.0/iio:device29/buffer/length 1000 1000 660
01-20 18:27:47.806     0     0 I ueventd : fixup /sys/devices/soc.0/f9927000.i2c/i2c-13/13-0008/lsm6db0_linear_wk.0/iio:device29/sampling_frequency 1000 1000 660
01-20 18:27:47.807     0     0 I ueventd : fixup /sys/devices/soc.0/f9927000.i2c/i2c-13/13-0008/lsm6db0_linear_wk.0/iio:device29/batch_mode 1000 1000 660
01-20 18:27:47.807     0     0 I ueventd : fixup /sys/devices/soc.0/f9927000.i2c/i2c-13/13-0008/lsm6db0_linear_wk.0/iio:device29/batch_mode_timeout 1000 1000 660
01-20 18:27:47.807     0     0 I ueventd : fixup /sys/devices/soc.0/f9927000.i2c/i2c-13/13-0008/lsm6db0_linear_wk.0/iio:device29/scan_elements/in_linear_accel_x_en 1000 1000 660
01-20 18:27:47.807     0     0 I ueventd : fixup /sys/devices/soc.0/f9927000.i2c/i2c-13/13-0008/lsm6db0_linear_wk.0/iio:device29/scan_elements/in_linear_accel_y_en 1000 1000 660
01-20 18:27:47.807     0     0 I ueventd : fixup /sys/devices/soc.0/f9927000.i2c/i2c-13/13-0008/lsm6db0_linear_wk.0/iio:device29/scan_elements/in_linear_accel_z_en 1000 1000 660
01-20 18:27:47.807     0     0 I ueventd : fixup /sys/devices/soc.0/f9927000.i2c/i2c-13/13-0008/lsm6db0_linear_wk.0/iio:device29/scan_elements/in_timestamp_en 1000 1000 660
01-20 18:27:47.807     0     0 I ueventd : fixup /sys/devices/soc.0/f9927000.i2c/i2c-13/13-0008/lsm6db0_linear_wk.0/iio:device29/in_linear_accel_x_scale 1000 1000 660
01-20 18:27:47.807     0     0 I ueventd : fixup /sys/devices/soc.0/f9927000.i2c/i2c-13/13-0008/lsm6db0_linear_wk.0/iio:device29/in_linear_accel_y_scale 1000 1000 660
01-20 18:27:47.807     0     0 I ueventd : fixup /sys/devices/soc.0/f9927000.i2c/i2c-13/13-0008/lsm6db0_linear_wk.0/iio:device29/in_linear_accel_z_scale 1000 1000 660
01-20 18:27:47.842     0     0 I msm8994-asoc-snd fe034000.sound: msm8994_asoc_machine_probe: No hdmi audio support
01-20 18:27:47.843     0     0 E msm8994-asoc-snd fe034000.sound: ASoC: CODEC tomtom_codec not registered
01-20 18:27:47.843     0     0 I platform fe034000.sound: Driver msm8994-asoc-snd requests probe deferral
01-20 18:27:47.845     0     0 I ueventd : fixup /sys/devices/soc.0/f9927000.i2c/i2c-13/13-0008/lsm6db0_gravity_wk.0/iio:device30/buffer/enable 1000 1000 660
01-20 18:27:47.846     0     0 I ueventd : fixup /sys/devices/soc.0/f9927000.i2c/i2c-13/13-0008/lsm6db0_gravity_wk.0/iio:device30/buffer/length 1000 1000 660
01-20 18:27:47.846     0     0 I ueventd : fixup /sys/devices/soc.0/f9927000.i2c/i2c-13/13-0008/lsm6db0_gravity_wk.0/iio:device30/sampling_frequency 1000 1000 660
01-20 18:27:47.846     0     0 I ueventd : fixup /sys/devices/soc.0/f9927000.i2c/i2c-13/13-0008/lsm6db0_gravity_wk.0/iio:device30/batch_mode 1000 1000 660
01-20 18:27:47.846     0     0 I ueventd : fixup /sys/devices/soc.0/f9927000.i2c/i2c-13/13-0008/lsm6db0_gravity_wk.0/iio:device30/batch_mode_timeout 1000 1000 660
01-20 18:27:47.846     0     0 I ueventd : fixup /sys/devices/soc.0/f9927000.i2c/i2c-13/13-0008/lsm6db0_gravity_wk.0/iio:device30/scan_elements/in_gravity_x_en 1000 1000 660
01-20 18:27:47.846     0     0 I ueventd : fixup /sys/devices/soc.0/f9927000.i2c/i2c-13/13-0008/lsm6db0_gravity_wk.0/iio:device30/scan_elements/in_gravity_y_en 1000 1000 660
01-20 18:27:47.846     0     0 I ueventd : fixup /sys/devices/soc.0/f9927000.i2c/i2c-13/13-0008/lsm6db0_gravity_wk.0/iio:device30/scan_elements/in_gravity_z_en 1000 1000 660
01-20 18:27:47.846     0     0 I ueventd : fixup /sys/devices/soc.0/f9927000.i2c/i2c-13/13-0008/lsm6db0_gravity_wk.0/iio:device30/scan_elements/in_timestamp_en 1000 1000 660
01-20 18:27:47.846     0     0 I ueventd : fixup /sys/devices/soc.0/f9927000.i2c/i2c-13/13-0008/lsm6db0_gravity_wk.0/iio:device30/in_gravity_x_scale 1000 1000 660
01-20 18:27:47.846     0     0 I ueventd : fixup /sys/devices/soc.0/f9927000.i2c/i2c-13/13-0008/lsm6db0_gravity_wk.0/iio:device30/in_gravity_y_scale 1000 1000 660
01-20 18:27:47.846     0     0 I ueventd : fixup /sys/devices/soc.0/f9927000.i2c/i2c-13/13-0008/lsm6db0_gravity_wk.0/iio:device30/in_gravity_z_scale 1000 1000 660
01-20 18:27:47.883     0     0 I msm8994-asoc-snd fe034000.sound: msm8994_asoc_machine_probe: No hdmi audio support
01-20 18:27:47.883     0     0 E msm8994-asoc-snd fe034000.sound: ASoC: CODEC tomtom_codec not registered
01-20 18:27:47.883     0     0 I platform fe034000.sound: Driver msm8994-asoc-snd requests probe deferral
01-20 18:27:47.890     0     0 I ueventd : fixup /sys/devices/soc.0/f9927000.i2c/i2c-13/13-0008/lsm6db0_geo_quat_wk.0/iio:device31/buffer/enable 1000 1000 660
01-20 18:27:47.890     0     0 I ueventd : fixup /sys/devices/soc.0/f9927000.i2c/i2c-13/13-0008/lsm6db0_geo_quat_wk.0/iio:device31/buffer/length 1000 1000 660
01-20 18:27:47.890     0     0 I ueventd : fixup /sys/devices/soc.0/f9927000.i2c/i2c-13/13-0008/lsm6db0_geo_quat_wk.0/iio:device31/sampling_frequency 1000 1000 660
01-20 18:27:47.890     0     0 I ueventd : fixup /sys/devices/soc.0/f9927000.i2c/i2c-13/13-0008/lsm6db0_geo_quat_wk.0/iio:device31/batch_mode 1000 1000 660
01-20 18:27:47.890     0     0 I ueventd : fixup /sys/devices/soc.0/f9927000.i2c/i2c-13/13-0008/lsm6db0_geo_quat_wk.0/iio:device31/batch_mode_timeout 1000 1000 660
01-20 18:27:47.890     0     0 I ueventd : fixup /sys/devices/soc.0/f9927000.i2c/i2c-13/13-0008/lsm6db0_geo_quat_wk.0/iio:device31/scan_elements/in_quaternion_x_en 1000 1000 660
01-20 18:27:47.891     0     0 I ueventd : fixup /sys/devices/soc.0/f9927000.i2c/i2c-13/13-0008/lsm6db0_geo_quat_wk.0/iio:device31/scan_elements/in_quaternion_y_en 1000 1000 660
01-20 18:27:47.891     0     0 I ueventd : fixup /sys/devices/soc.0/f9927000.i2c/i2c-13/13-0008/lsm6db0_geo_quat_wk.0/iio:device31/scan_elements/in_quaternion_z_en 1000 1000 660
01-20 18:27:47.891     0     0 I ueventd : fixup /sys/devices/soc.0/f9927000.i2c/i2c-13/13-0008/lsm6db0_geo_quat_wk.0/iio:device31/scan_elements/in_quaternion_module_en 1000 1000 660
01-20 18:27:47.891     0     0 I ueventd : fixup /sys/devices/soc.0/f9927000.i2c/i2c-13/13-0008/lsm6db0_geo_quat_wk.0/iio:device31/scan_elements/in_quaternion_accuracy_en 1000 1000 660
01-20 18:27:47.891     0     0 I ueventd : fixup /sys/devices/soc.0/f9927000.i2c/i2c-13/13-0008/lsm6db0_geo_quat_wk.0/iio:device31/scan_elements/in_timestamp_en 1000 1000 660
01-20 18:27:47.891     0     0 I ueventd : fixup /sys/devices/soc.0/f9927000.i2c/i2c-13/13-0008/lsm6db0_geo_quat_wk.0/iio:device31/in_quaternion_x_scale 1000 1000 660
01-20 18:27:47.891     0     0 I ueventd : fixup /sys/devices/soc.0/f9927000.i2c/i2c-13/13-0008/lsm6db0_geo_quat_wk.0/iio:device31/in_quaternion_y_scale 1000 1000 660
01-20 18:27:47.891     0     0 I ueventd : fixup /sys/devices/soc.0/f9927000.i2c/i2c-13/13-0008/lsm6db0_geo_quat_wk.0/iio:device31/in_quaternion_z_scale 1000 1000 660
01-20 18:27:47.892     0     0 I ueventd : fixup /sys/devices/soc.0/f9927000.i2c/i2c-13/13-0008/lsm6db0_geo_quat_wk.0/iio:device31/in_quaternion_module_scale 1000 1000 660
01-20 18:27:49.273     0     0 I init    : Command 'restorecon --recursive --skip-ce /data' action=post-fs-data (/init.rc:493) returned 0 took 4900.95ms.
01-20 18:27:49.273     0     0 I init    : computing context for service 'exec 1 (/system/bin/tzdatacheck)'
01-20 18:27:49.273     0     0 I init    : starting service 'exec 1 (/system/bin/tzdatacheck)'...
01-20 18:27:49.274     0     0 I init    : SVC_EXEC pid 350 (uid 1000 gid 1000+0 context default) started; waiting...
01-20 18:27:49.289   350   350 I /system/bin/tzdatacheck: timezone distro dir /data/misc/zoneinfo/current does not exist. No action required.
01-20 18:27:49.294     0     0 I init    : Service 'exec 1 (/system/bin/tzdatacheck)' (pid 350) exited with status 0 waiting took 0.020955 seconds
01-20 18:27:49.310     0     0 I init    : processing action (ro.crypto.state=unencrypted && zygote-start)
01-20 18:27:49.310     0     0 E init    : ExecStart(update_verifier_nonencrypted): Service not found
01-20 18:27:49.310     0     0 I init    : computing context for service 'netd'
01-20 18:27:49.310     0     0 I init    : starting service 'netd'...
01-20 18:27:49.311     0     0 I init    : computing context for service 'zygote'
01-20 18:27:49.311     0     0 I init    : starting service 'zygote'...
01-20 18:27:49.312     0     0 I init    : Created socket '/dev/socket/netd', mode 660, user 0, group 1000
01-20 18:27:49.312     0     0 I init    : computing context for service 'zygote_secondary'
01-20 18:27:49.312     0     0 I init    : Created socket '/dev/socket/dnsproxyd', mode 660, user 0, group 3003
01-20 18:27:49.312     0     0 I init    : starting service 'zygote_secondary'...
01-20 18:27:49.313     0     0 I init    : Created socket '/dev/socket/zygote', mode 660, user 0, group 1000
01-20 18:27:49.313     0     0 I init    : Created socket '/dev/socket/mdns', mode 660, user 0, group 1000
01-20 18:27:49.313     0     0 I init    : processing action (load_persist_props_action)
01-20 18:27:49.313     0     0 W init    : Couldn't load properties from /data/local.prop: No such file or directory
01-20 18:27:49.313     0     0 I init    : Created socket '/dev/socket/fwmarkd', mode 660, user 0, group 3003
01-20 18:27:49.313     0     0 I init    : Created socket '/dev/socket/zygote_secondary', mode 660, user 0, group 1000
01-20 18:27:49.323   355   355 I auditd  : type=1400 audit(0.0:5): avc: denied { read } for comm="ueventd" name="adsp.mdt" dev="mmcblk0p36" ino=4 scontext=u:r:ueventd:s0 tcontext=u:object_r:vfat:s0 tclass=file permissive=1
01-20 18:27:49.323   355   355 I ueventd : type=1400 audit(0.0:5): avc: denied { read } for name="adsp.mdt" dev="mmcblk0p36" ino=4 scontext=u:r:ueventd:s0 tcontext=u:object_r:vfat:s0 tclass=file permissive=1
01-20 18:27:49.323   355   355 I auditd  : type=1400 audit(0.0:6): avc: denied { open } for comm="ueventd" path="/firmware/image/adsp.mdt" dev="mmcblk0p36" ino=4 scontext=u:r:ueventd:s0 tcontext=u:object_r:vfat:s0 tclass=file permissive=1
01-20 18:27:49.323   355   355 I ueventd : type=1400 audit(0.0:6): avc: denied { open } for path="/firmware/image/adsp.mdt" dev="mmcblk0p36" ino=4 scontext=u:r:ueventd:s0 tcontext=u:object_r:vfat:s0 tclass=file permissive=1
01-20 18:27:49.323   355   355 I auditd  : type=1400 audit(0.0:7): avc: denied { getattr } for comm="ueventd" path="/firmware/image/adsp.mdt" dev="mmcblk0p36" ino=4 scontext=u:r:ueventd:s0 tcontext=u:object_r:vfat:s0 tclass=file permissive=1
01-20 18:27:49.323   355   355 I ueventd : type=1400 audit(0.0:7): avc: denied { getattr } for path="/firmware/image/adsp.mdt" dev="mmcblk0p36" ino=4 scontext=u:r:ueventd:s0 tcontext=u:object_r:vfat:s0 tclass=file permissive=1
01-20 18:27:49.329     0     0 I init    : computing context for service 'logd-reinit'
01-20 18:27:49.329     0     0 I init    : starting service 'logd-reinit'...
01-20 18:27:49.330     0     0 I init    : processing action (firmware_mounts_complete)
01-20 18:27:49.330     0     0 I init    : processing action (early-boot)
01-20 18:27:49.331     0     0 I ueventd : firmware: loading 'adsp.mdt' for '/devices/soc.0/fe200000.qcom,lpass/firmware/adsp.mdt'
01-20 18:27:49.335   351   351 I auditd  : type=1400 audit(0.0:8): avc: granted { getattr } for comm="netd" path="/vendor" dev="rootfs" ino=11172 scontext=u:r:netd:s0 tcontext=u:object_r:rootfs:s0 tclass=lnk_file
01-20 18:27:49.335   351   351 W netd    : type=1400 audit(0.0:8): avc: granted { getattr } for path="/vendor" dev="rootfs" ino=11172 scontext=u:r:netd:s0 tcontext=u:object_r:rootfs:s0 tclass=lnk_file
01-20 18:27:49.347     0     0 I logd.daemon: reinit
01-20 18:27:49.350     0     0 I synaptics_dsx_i2c 2-0070: fwu_read_f34_guest_serialization_partition: Lockdown info: 0x31 0x33 0x32 0x34 0x30 0x30 0x30 0x30
01-20 18:27:49.350     0     0 I fwu_start_reflash: End of reflash process
01-20 18:27:49.482     0     0 I subsys-pil-tz fe200000.qcom,lpass: adsp: loading from 0x0000000007400000 to 0x0000000008800000
01-20 18:27:49.482     0     0 I ueventd : loading /devices/soc.0/fe200000.qcom,lpass/firmware/adsp.mdt took 0.150471 seconds
01-20 18:27:49.507   351   351 I Netd    : Netd 1.0 starting
01-20 18:27:49.508   351   351 D TetherController: Setting IP forward enable = 0
01-20 18:27:49.547     0     0 I ueventd : firmware: loading 'adsp.b02' for '/devices/soc.0/fe200000.qcom,lpass/firmware/adsp.b02'
01-20 18:27:49.667   357   357 I auditd  : type=1400 audit(0.0:9): avc: granted { getattr } for comm="iptables-restor" path="/vendor" dev="rootfs" ino=11172 scontext=u:r:netd:s0 tcontext=u:object_r:rootfs:s0 tclass=lnk_file
01-20 18:27:49.667   357   357 W iptables-restor: type=1400 audit(0.0:9): avc: granted { getattr } for path="/vendor" dev="rootfs" ino=11172 scontext=u:r:netd:s0 tcontext=u:object_r:rootfs:s0 tclass=lnk_file
01-20 18:27:49.685     0     0 I ueventd : loading /devices/soc.0/fe200000.qcom,lpass/firmware/adsp.b02 took 0.13867 seconds
01-20 18:27:49.686     0     0 I msm_thermal: freq_mitigation_notify Mitigating CPU5 frequency to 768000
01-20 18:27:49.687     0     0 I ueventd : firmware: loading 'adsp.b03' for '/devices/soc.0/fe200000.qcom,lpass/firmware/adsp.b03'
01-20 18:27:49.699   361   361 I auditd  : type=1400 audit(0.0:10): avc: granted { getattr } for comm="ip6tables-resto" path="/vendor" dev="rootfs" ino=11172 scontext=u:r:netd:s0 tcontext=u:object_r:rootfs:s0 tclass=lnk_file
01-20 18:27:49.699   361   361 W ip6tables-resto: type=1400 audit(0.0:10): avc: granted { getattr } for path="/vendor" dev="rootfs" ino=11172 scontext=u:r:netd:s0 tcontext=u:object_r:rootfs:s0 tclass=lnk_file
01-20 18:27:49.706     0     0 I ueventd : loading /devices/soc.0/fe200000.qcom,lpass/firmware/adsp.b03 took 0.0190693 seconds
01-20 18:27:49.708     0     0 I ueventd : firmware: loading 'adsp.b04' for '/devices/soc.0/fe200000.qcom,lpass/firmware/adsp.b04'
01-20 18:27:49.711   363   363 I auditd  : type=1400 audit(0.0:11): avc: granted { getattr } for comm="iptables" path="/vendor" dev="rootfs" ino=11172 scontext=u:r:netd:s0 tcontext=u:object_r:rootfs:s0 tclass=lnk_file
01-20 18:27:49.711   363   363 W iptables: type=1400 audit(0.0:11): avc: granted { getattr } for path="/vendor" dev="rootfs" ino=11172 scontext=u:r:netd:s0 tcontext=u:object_r:rootfs:s0 tclass=lnk_file
01-20 18:27:49.727   364   364 I auditd  : type=1400 audit(0.0:12): avc: granted { getattr } for comm="ip6tables" path="/vendor" dev="rootfs" ino=11172 scontext=u:r:netd:s0 tcontext=u:object_r:rootfs:s0 tclass=lnk_file
01-20 18:27:49.727   364   364 W ip6tables: type=1400 audit(0.0:12): avc: granted { getattr } for path="/vendor" dev="rootfs" ino=11172 scontext=u:r:netd:s0 tcontext=u:object_r:rootfs:s0 tclass=lnk_file
01-20 18:27:49.739   365   365 I auditd  : type=1400 audit(0.0:13): avc: granted { getattr } for comm="iptables" path="/vendor" dev="rootfs" ino=11172 scontext=u:r:netd:s0 tcontext=u:object_r:rootfs:s0 tclass=lnk_file
01-20 18:27:49.739   365   365 W iptables: type=1400 audit(0.0:13): avc: granted { getattr } for path="/vendor" dev="rootfs" ino=11172 scontext=u:r:netd:s0 tcontext=u:object_r:rootfs:s0 tclass=lnk_file
01-20 18:27:49.751     0     0 I ueventd : loading /devices/soc.0/fe200000.qcom,lpass/firmware/adsp.b04 took 0.0423657 seconds
01-20 18:27:49.752     0     0 I ueventd : firmware: loading 'adsp.b06' for '/devices/soc.0/fe200000.qcom,lpass/firmware/adsp.b06'
01-20 18:27:49.755   367   367 I auditd  : type=1400 audit(0.0:14): avc: granted { getattr } for comm="ip6tables" path="/vendor" dev="rootfs" ino=11172 scontext=u:r:netd:s0 tcontext=u:object_r:rootfs:s0 tclass=lnk_file
01-20 18:27:49.755   367   367 W ip6tables: type=1400 audit(0.0:14): avc: granted { getattr } for path="/vendor" dev="rootfs" ino=11172 scontext=u:r:netd:s0 tcontext=u:object_r:rootfs:s0 tclass=lnk_file
01-20 18:27:49.767   368   368 I auditd  : type=1400 audit(0.0:15): avc: granted { getattr } for comm="iptables" path="/vendor" dev="rootfs" ino=11172 scontext=u:r:netd:s0 tcontext=u:object_r:rootfs:s0 tclass=lnk_file
01-20 18:27:49.767   368   368 W iptables: type=1400 audit(0.0:15): avc: granted { getattr } for path="/vendor" dev="rootfs" ino=11172 scontext=u:r:netd:s0 tcontext=u:object_r:rootfs:s0 tclass=lnk_file
01-20 18:27:49.767     0     0 I ueventd : loading /devices/soc.0/fe200000.qcom,lpass/firmware/adsp.b06 took 0.0148725 seconds
01-20 18:27:49.775     0     0 I ueventd : firmware: loading 'adsp.b08' for '/devices/soc.0/fe200000.qcom,lpass/firmware/adsp.b08'
01-20 18:27:49.777     0     0 I ueventd : loading /devices/soc.0/fe200000.qcom,lpass/firmware/adsp.b08 took 0.00149281 seconds
01-20 18:27:49.778     0     0 I ueventd : firmware: loading 'adsp.b09' for '/devices/soc.0/fe200000.qcom,lpass/firmware/adsp.b09'
01-20 18:27:49.779   371   371 I auditd  : type=1400 audit(0.0:16): avc: granted { getattr } for comm="ip6tables" path="/vendor" dev="rootfs" ino=11172 scontext=u:r:netd:s0 tcontext=u:object_r:rootfs:s0 tclass=lnk_file
01-20 18:27:49.779   371   371 W ip6tables: type=1400 audit(0.0:16): avc: granted { getattr } for path="/vendor" dev="rootfs" ino=11172 scontext=u:r:netd:s0 tcontext=u:object_r:rootfs:s0 tclass=lnk_file
01-20 18:27:49.786     0     0 I ueventd : loading /devices/soc.0/fe200000.qcom,lpass/firmware/adsp.b09 took 0.007415 seconds
01-20 18:27:49.787     0     0 I ueventd : firmware: loading 'adsp.b10' for '/devices/soc.0/fe200000.qcom,lpass/firmware/adsp.b10'
01-20 18:27:49.789     0     0 I ueventd : loading /devices/soc.0/fe200000.qcom,lpass/firmware/adsp.b10 took 0.00214068 seconds
01-20 18:27:49.791   374   374 I auditd  : type=1400 audit(0.0:17): avc: granted { getattr } for comm="iptables" path="/vendor" dev="rootfs" ino=11172 scontext=u:r:netd:s0 tcontext=u:object_r:rootfs:s0 tclass=lnk_file
01-20 18:27:49.791   374   374 W iptables: type=1400 audit(0.0:17): avc: granted { getattr } for path="/vendor" dev="rootfs" ino=11172 scontext=u:r:netd:s0 tcontext=u:object_r:rootfs:s0 tclass=lnk_file
01-20 18:27:49.791     0     0 I ueventd : firmware: loading 'adsp.b11' for '/devices/soc.0/fe200000.qcom,lpass/firmware/adsp.b11'
01-20 18:27:49.797     0     0 I ueventd : loading /devices/soc.0/fe200000.qcom,lpass/firmware/adsp.b11 took 0.0062799 seconds
01-20 18:27:49.799     0     0 I ueventd : firmware: loading 'adsp.b12' for '/devices/soc.0/fe200000.qcom,lpass/firmware/adsp.b12'
01-20 18:27:49.800     0     0 I ueventd : loading /devices/soc.0/fe200000.qcom,lpass/firmware/adsp.b12 took 0.00150839 seconds
01-20 18:27:49.803   378   378 I auditd  : type=1400 audit(0.0:18): avc: granted { getattr } for comm="ip6tables" path="/vendor" dev="rootfs" ino=11172 scontext=u:r:netd:s0 tcontext=u:object_r:rootfs:s0 tclass=lnk_file
01-20 18:27:49.803   378   378 W ip6tables: type=1400 audit(0.0:18): avc: granted { getattr } for path="/vendor" dev="rootfs" ino=11172 scontext=u:r:netd:s0 tcontext=u:object_r:rootfs:s0 tclass=lnk_file
01-20 18:27:49.803     0     0 I ueventd : firmware: loading 'adsp.b13' for '/devices/soc.0/fe200000.qcom,lpass/firmware/adsp.b13'
01-20 18:27:49.810     0     0 I ueventd : loading /devices/soc.0/fe200000.qcom,lpass/firmware/adsp.b13 took 0.00693177 seconds
01-20 18:27:49.812     0     0 I ueventd : firmware: loading 'adsp.b14' for '/devices/soc.0/fe200000.qcom,lpass/firmware/adsp.b14'
01-20 18:27:49.814     0     0 I ueventd : loading /devices/soc.0/fe200000.qcom,lpass/firmware/adsp.b14 took 0.00186526 seconds
01-20 18:27:49.815   381   381 I auditd  : type=1400 audit(0.0:19): avc: granted { getattr } for comm="iptables" path="/vendor" dev="rootfs" ino=11172 scontext=u:r:netd:s0 tcontext=u:object_r:rootfs:s0 tclass=lnk_file
01-20 18:27:49.815   381   381 W iptables: type=1400 audit(0.0:19): avc: granted { getattr } for path="/vendor" dev="rootfs" ino=11172 scontext=u:r:netd:s0 tcontext=u:object_r:rootfs:s0 tclass=lnk_file
01-20 18:27:49.816     0     0 I ueventd : firmware: loading 'adsp.b15' for '/devices/soc.0/fe200000.qcom,lpass/firmware/adsp.b15'
01-20 18:27:49.817     0     0 I ueventd : loading /devices/soc.0/fe200000.qcom,lpass/firmware/adsp.b15 took 0.00188693 seconds
01-20 18:27:49.827   382   382 I auditd  : type=1400 audit(0.0:20): avc: granted { getattr } for comm="ip6tables" path="/vendor" dev="rootfs" ino=11172 scontext=u:r:netd:s0 tcontext=u:object_r:rootfs:s0 tclass=lnk_file
01-20 18:27:49.827   382   382 W ip6tables: type=1400 audit(0.0:20): avc: granted { getattr } for path="/vendor" dev="rootfs" ino=11172 scontext=u:r:netd:s0 tcontext=u:object_r:rootfs:s0 tclass=lnk_file
01-20 18:27:49.839   383   383 I auditd  : type=1400 audit(0.0:21): avc: granted { getattr } for comm="iptables" path="/vendor" dev="rootfs" ino=11172 scontext=u:r:netd:s0 tcontext=u:object_r:rootfs:s0 tclass=lnk_file
01-20 18:27:49.839   383   383 W iptables: type=1400 audit(0.0:21): avc: granted { getattr } for path="/vendor" dev="rootfs" ino=11172 scontext=u:r:netd:s0 tcontext=u:object_r:rootfs:s0 tclass=lnk_file
01-20 18:27:49.851   384   384 I auditd  : type=1400 audit(0.0:22): avc: granted { getattr } for comm="ip6tables" path="/vendor" dev="rootfs" ino=11172 scontext=u:r:netd:s0 tcontext=u:object_r:rootfs:s0 tclass=lnk_file
01-20 18:27:49.851   384   384 W ip6tables: type=1400 audit(0.0:22): avc: granted { getattr } for path="/vendor" dev="rootfs" ino=11172 scontext=u:r:netd:s0 tcontext=u:object_r:rootfs:s0 tclass=lnk_file
01-20 18:27:49.863   385   385 I auditd  : type=1400 audit(0.0:23): avc: granted { getattr } for comm="iptables" path="/vendor" dev="rootfs" ino=11172 scontext=u:r:netd:s0 tcontext=u:object_r:rootfs:s0 tclass=lnk_file
01-20 18:27:49.863   385   385 W iptables: type=1400 audit(0.0:23): avc: granted { getattr } for path="/vendor" dev="rootfs" ino=11172 scontext=u:r:netd:s0 tcontext=u:object_r:rootfs:s0 tclass=lnk_file
01-20 18:27:49.875   386   386 I auditd  : type=1400 audit(0.0:24): avc: granted { getattr } for comm="ip6tables" path="/vendor" dev="rootfs" ino=11172 scontext=u:r:netd:s0 tcontext=u:object_r:rootfs:s0 tclass=lnk_file
01-20 18:27:49.875   386   386 W ip6tables: type=1400 audit(0.0:24): avc: granted { getattr } for path="/vendor" dev="rootfs" ino=11172 scontext=u:r:netd:s0 tcontext=u:object_r:rootfs:s0 tclass=lnk_file
01-20 18:27:49.891   351   351 I Netd    : Creating child chains: 381.2ms
01-20 18:27:49.891   351   351 I Netd    : Setting up OEM hooks: 0.2ms
01-20 18:27:49.896   351   351 I Netd    : Setting up FirewallController hooks: 4.7ms
01-20 18:27:49.898   351   351 I Netd    : Setting up NatController hooks: 2.6ms
01-20 18:27:49.900   351   351 I Netd    : Setting up BandwidthController hooks: 2.2ms
01-20 18:27:49.901   351   351 I Netd    : Setting up IdletimerController hooks: 0.1ms
01-20 18:27:49.902     0     0 I msm_thermal: freq_mitigation_notify Removing frequency mitigation for CPU5
01-20 18:27:49.905   351   351 I Netd    : Disabling bandwidth control: 4.4ms
01-20 18:27:49.907   351   351 I Netd    : Initializing RouteController: 1.7ms
01-20 18:27:49.908   351   351 D MDnsDS  : MDnsSdListener::Hander starting up
01-20 18:27:49.908   351   392 D MDnsDS  : MDnsSdListener starting to monitor
01-20 18:27:49.908   351   392 D MDnsDS  : Going to poll with pollCount 1
01-20 18:27:49.910   351   351 I Netd    : Registering NetdNativeService: 1.6ms
01-20 18:27:49.910   351   351 I Netd    : Starting CommandListener: 0.4ms
01-20 18:27:49.910   351   351 I Netd    : Netd started in 403ms
01-20 18:27:49.923     0     0 I subsys-pil-tz fe200000.qcom,lpass: adsp: Brought out of reset
01-20 18:27:49.931   352   352 D AndroidRuntime: >>>>>> START com.android.internal.os.ZygoteInit uid 0 <<<<<<
01-20 18:27:49.931   352   352 I boot_progress_start: 13203
01-20 18:27:49.957   352   352 I zygote64: option[0]=-Xzygote
01-20 18:27:49.957   352   352 I zygote64: option[1]=-Xstacktracefile:/data/anr/traces.txt
01-20 18:27:49.957   352   352 I zygote64: option[2]=exit
01-20 18:27:49.957   352   352 I zygote64: option[3]=vfprintf
01-20 18:27:49.957   352   352 I zygote64: option[4]=sensitiveThread
01-20 18:27:49.957   352   352 I zygote64: option[5]=-verbose:gc
01-20 18:27:49.957   352   352 I zygote64: option[6]=-Xms4m
01-20 18:27:49.957   352   352 I zygote64: option[7]=-Xmx16m
01-20 18:27:49.957   352   352 I zygote64: option[8]=-Xusejit:true
01-20 18:27:49.957   352   352 I zygote64: option[9]=-Xjitsaveprofilinginfo
01-20 18:27:49.957   352   352 I zygote64: option[10]=-agentlib:jdwp=transport=dt_android_adb,suspend=n,server=y
01-20 18:27:49.957   352   352 I zygote64: option[11]=-Ximage-compiler-option
01-20 18:27:49.957   352   352 I zygote64: option[12]=--runtime-arg
01-20 18:27:49.957   352   352 I zygote64: option[13]=-Ximage-compiler-option
01-20 18:27:49.957   352   352 I zygote64: option[14]=-Xms64m
01-20 18:27:49.957   352   352 I zygote64: option[15]=-Ximage-compiler-option
01-20 18:27:49.957   352   352 I zygote64: option[16]=--runtime-arg
01-20 18:27:49.957   352   352 I zygote64: option[17]=-Ximage-compiler-option
01-20 18:27:49.957   352   352 I zygote64: option[18]=-Xmx64m
01-20 18:27:49.957   352   352 I zygote64: option[19]=-Ximage-compiler-option
01-20 18:27:49.957   352   352 I zygote64: option[20]=--image-classes=/system/etc/preloaded-classes
01-20 18:27:49.957   352   352 I zygote64: option[21]=-Ximage-compiler-option
01-20 18:27:49.957   352   352 I zygote64: option[22]=--compiled-classes=/system/etc/compiled-classes
01-20 18:27:49.957   352   352 I zygote64: option[23]=-Xcompiler-option
01-20 18:27:49.957   352   352 I zygote64: option[24]=--runtime-arg
01-20 18:27:49.957   352   352 I zygote64: option[25]=-Xcompiler-option
01-20 18:27:49.957   352   352 I zygote64: option[26]=-Xms64m
01-20 18:27:49.957   352   352 I zygote64: option[27]=-Xcompiler-option
01-20 18:27:49.957   352   352 I zygote64: option[28]=--runtime-arg
01-20 18:27:49.957   352   352 I zygote64: option[29]=-Xcompiler-option
01-20 18:27:49.957   352   352 I zygote64: option[30]=-Xmx512m
01-20 18:27:49.958   352   352 I zygote64: option[31]=-Xcompiler-option
01-20 18:27:49.958   352   352 I zygote64: option[32]=-j2
01-20 18:27:49.958   352   352 I zygote64: option[33]=-Ximage-compiler-option
01-20 18:27:49.958   352   352 I zygote64: option[34]=-j4
01-20 18:27:49.958   352   352 I zygote64: option[35]=-Ximage-compiler-option
01-20 18:27:49.958   352   352 I zygote64: option[36]=--instruction-set-variant=cortex-a53
01-20 18:27:49.958   352   352 I zygote64: option[37]=-Xcompiler-option
01-20 18:27:49.958   352   352 I zygote64: option[38]=--instruction-set-variant=cortex-a53
01-20 18:27:49.958   352   352 I zygote64: option[39]=-Ximage-compiler-option
01-20 18:27:49.958   352   352 I zygote64: option[40]=--instruction-set-features=default
01-20 18:27:49.958   352   352 I zygote64: option[41]=-Xcompiler-option
01-20 18:27:49.958   352   352 I zygote64: option[42]=--instruction-set-features=default
01-20 18:27:49.958   352   352 I zygote64: option[43]=-Duser.locale=en-US
01-20 18:27:49.958   352   352 I zygote64: option[44]=--cpu-abilist=arm64-v8a
01-20 18:27:49.958   352   352 I zygote64: option[45]=-Xfingerprint:Xiaomi/libra/libra:7.0/NRD90M/V8.2.3.0.NXKCNEC:user/release-keys
01-20 18:27:49.964     0     0 I subsys-pil-tz fe200000.qcom,lpass: adsp: Power/Clock ready interrupt received
01-20 18:27:49.964     0     0 I subsys-pil-tz fe200000.qcom,lpass: Subsystem error monitoring/handling services are up
01-20 18:27:49.964     0     0 I init    : Command 'write /sys/kernel/boot_adsp/boot 1' action=early-boot (/init.qcom.rc:47) returned 0 took 633.948ms.
01-20 18:27:49.964     0     0 E L-Notify: Generel: 7
01-20 18:27:49.964     0     0 I init    : Service 'logd-reinit' (pid 354) exited with status 0
01-20 18:27:49.967     0     0 I msm8994-asoc-snd fe034000.sound: msm8994_asoc_machine_probe: No hdmi audio support
01-20 18:27:49.967     0     0 E msm8994-asoc-snd fe034000.sound: ASoC: CODEC tomtom_codec not registered
01-20 18:27:49.967     0     0 I platform fe034000.sound: Driver msm8994-asoc-snd requests probe deferral
01-20 18:27:49.969     0     0 I msm8994-asoc-snd fe034000.sound: msm8994_asoc_machine_probe: No hdmi audio support
01-20 18:27:49.969     0     0 E msm8994-asoc-snd fe034000.sound: ASoC: CODEC tomtom_codec not registered
01-20 18:27:49.969     0     0 I platform fe034000.sound: Driver msm8994-asoc-snd requests probe deferral
01-20 18:27:49.971   404   404 I auditd  : type=1400 audit(0.0:25): avc: denied { execute_no_trans } for comm="init" path="/system/vendor/bin/hw/android.hardware.ir@1.0-service.libra" dev="mmcblk0p41" ino=2674 scontext=u:r:init:s0 tcontext=u:object_r:vendor_file:s0 tclass=file permissive=1
01-20 18:27:49.971   404   404 I init    : type=1400 audit(0.0:25): avc: denied { execute_no_trans } for path="/system/vendor/bin/hw/android.hardware.ir@1.0-service.libra" dev="mmcblk0p41" ino=2674 scontext=u:r:init:s0 tcontext=u:object_r:vendor_file:s0 tclass=file permissive=1
01-20 18:27:49.975     0     0 I init    : processing action (boot)
01-20 18:27:49.978     0     0 I init    : computing context for service 'hidl_memory'
01-20 18:27:49.978     0     0 I init    : starting service 'hidl_memory'...
01-20 18:27:49.980     0     0 I init    : computing context for service 'configstore-hal-1-0'
01-20 18:27:49.980     0     0 I init    : starting service 'configstore-hal-1-0'...
01-20 18:27:49.981     0     0 I init    : computing context for service 'gralloc-2-0'
01-20 18:27:49.981     0     0 I init    : starting service 'gralloc-2-0'...
01-20 18:27:49.982     0     0 I init    : computing context for service 'ir-hal-1-0'
01-20 18:27:49.982     0     0 I init    : starting service 'ir-hal-1-0'...
01-20 18:27:49.983     0     0 I init    : computing context for service 'light-hal-2-0'
01-20 18:27:49.983     0     0 I init    : starting service 'light-hal-2-0'...
01-20 18:27:49.983     0     0 I msm_thermal: freq_mitigation_notify Mitigating CPU4 frequency to 768000
01-20 18:27:49.984     0     0 I init    : computing context for service 'usb-hal-1-0'
01-20 18:27:49.984     0     0 I init    : starting service 'usb-hal-1-0'...
01-20 18:27:49.985     0     0 I init    : computing context for service 'wifi_hal_legacy'
01-20 18:27:49.986     0     0 I init    : starting service 'wifi_hal_legacy'...
01-20 18:27:49.987     0     0 I init    : computing context for service 'healthd'
01-20 18:27:49.987     0     0 I init    : starting service 'healthd'...
01-20 18:27:49.988     0     0 I init    : computing context for service 'rmt_storage'
01-20 18:27:49.989     0     0 I init    : starting service 'rmt_storage'...
01-20 18:27:49.990     0     0 I init    : computing context for service 'rfs_access'
01-20 18:27:49.990     0     0 I init    : starting service 'rfs_access'...
01-20 18:27:49.991   410   410 I auditd  : type=1400 audit(0.0:26): avc: denied { execute_no_trans } for comm="init" path="/system/bin/rfs_access" dev="mmcblk0p41" ino=517 scontext=u:r:init:s0 tcontext=u:object_r:system_file:s0 tclass=file permissive=1
01-20 18:27:49.991   410   410 I init    : type=1400 audit(0.0:26): avc: denied { execute_no_trans } for path="/system/bin/rfs_access" dev="mmcblk0p41" ino=517 scontext=u:r:init:s0 tcontext=u:object_r:system_file:s0 tclass=file permissive=1
01-20 18:27:49.991   413   413 I auditd  : type=1400 audit(0.0:27): avc: denied { execute_no_trans } for comm="init" path="/system/bin/sh" dev="mmcblk0p41" ino=541 scontext=u:r:init:s0 tcontext=u:object_r:shell_exec:s0 tclass=file permissive=1
01-20 18:27:49.991   413   413 I init    : type=1400 audit(0.0:27): avc: denied { execute_no_trans } for path="/system/bin/sh" dev="mmcblk0p41" ino=541 scontext=u:r:init:s0 tcontext=u:object_r:shell_exec:s0 tclass=file permissive=1
01-20 18:27:49.991     0     0 I init    : computing context for service 'tftp_server'
01-20 18:27:49.991     0     0 I apr_tal : Q6 Is Up
01-20 18:27:49.992     0     0 I init    : starting service 'tftp_server'...
01-20 18:27:49.993     0     0 I init    : computing context for service 'config_bt_addr'
01-20 18:27:49.993     0     0 I init    : starting service 'config_bt_addr'...
01-20 18:27:49.995     0     0 I init    : computing context for service 'qcom-usb-sh'
01-20 18:27:49.995     0     0 I init    : starting service 'qcom-usb-sh'...
01-20 18:27:49.996     0     0 I init    : computing context for service 'qseecomd'
01-20 18:27:49.997     0     0 I init    : starting service 'qseecomd'...
01-20 18:27:49.998     0     0 I init    : computing context for service 'per_mgr'
01-20 18:27:49.998     0     0 I init    : starting service 'per_mgr'...
01-20 18:27:49.999     0     0 I init    : computing context for service 'readmac'
01-20 18:27:50.000     0     0 I init    : starting service 'readmac'...
01-20 18:27:50.001   401   401 I ServiceManagement: Removing namespace from process name android.hidl.allocator@1.0-service to allocator@1.0-s.
01-20 18:27:50.002     0     0 I msm8994-asoc-snd fe034000.sound: msm8994_asoc_machine_probe: No hdmi audio support
01-20 18:27:50.003     0     0 E msm8994-asoc-snd fe034000.sound: ASoC: CODEC tomtom_codec not registered
01-20 18:27:50.003     0     0 I platform fe034000.sound: Driver msm8994-asoc-snd requests probe deferral
01-20 18:27:50.003     0     0 I init    : computing context for service 'lmkd'
01-20 18:27:50.003     0     0 I init    : starting service 'lmkd'...
01-20 18:27:50.005     0     0 I init    : computing context for service 'surfaceflinger'
01-20 18:27:50.005     0     0 I init    : starting service 'surfaceflinger'...
01-20 18:27:50.009     0     0 E init    : Failed to bind socket 'pdx/system/vr/display/client': No such file or directory
01-20 18:27:50.009     0     0 I init    : Created socket '/dev/socket/lmkd', mode 660, user 1000, group 1000
01-20 18:27:50.010     0     0 E init    : Failed to bind socket 'pdx/system/vr/display/manager': No such file or directory
