01-28 23:54:17.416   401   401 D         : Failed to fetch the Table in ACDB files Table-ID 00000017 
01-28 23:54:17.416   401   401 D ACDB-LOADER: ACDB -> send_meta_info, lic 0
01-28 23:54:17.417   401   401 D         : Couldnt find the key 00000000 
01-28 23:54:17.417   401   401 D         : Output from GetMetaInfoSize command : 0
01-28 23:54:17.420   401   401 D ACDB-LOADER: ACDB -> send_adm_custom_topology
01-28 23:54:17.420   401   401 D ACDB-LOADER: ACDB -> ACDB_CMD_GET_AUDIO_COPP_TOPOLOGIES
01-28 23:54:17.420   401   401 D ACDB-LOADER: ACDB -> AUDIO_SET_ADM_CUSTOM_TOPOLOGY
01-28 23:54:17.421   401   401 D ACDB-LOADER: ACDB -> send_asm_custom_topology
01-28 23:54:17.421   401   401 D ACDB-LOADER: ACDB -> ACDB_CMD_GET_AUDIO_POPP_TOPOLOGIES
01-28 23:54:17.421   401   401 D ACDB-LOADER: ACDB -> AUDIO_SET_ASM_CUSTOM_TOPOLOGY
01-28 23:54:17.421   401   401 D ACDB-LOADER: ACDB -> send_meta_info Enter
01-28 23:54:17.421   401   401 E ACDB-LOADER: Fail to allocate memory for metainfo
01-28 23:54:17.421   401   401 D ACDB-LOADER: ACDB -> send_meta_info failed
01-28 23:54:17.421   401   401 D ACDB-LOADER: ACDB -> init done!
01-28 23:54:17.421   401   401 D audio_hw_spkr_prot: audio_extn_spkr_prot_init: Initialize speaker protection module
01-28 23:54:17.424   401   401 I Thermal-Lib: Thermal-Lib-Client: Registraion successful for spkr with handle:1
01-28 23:54:17.424   401   401 D audio_hw_spkr_prot: audio_extn_spkr_prot_init: spkr_prot thermal_client_register_callback success
01-28 23:54:17.424   401   401 D audio_hw_spkr_prot: audio_extn_spkr_prot_init: Create calibration thread
01-28 23:54:17.424   401   401 D hardware_cal: hw_util_open: Opening device /dev/snd/hwC0D1000
01-28 23:54:17.424   401   508 D audio_hw_spkr_prot: spkr_prot_thread enable prot Entry
01-28 23:54:17.424   401   401 D hardware_cal: hw_util_open: success
01-28 23:54:17.424   401   508 D audio_hw_spkr_prot: set_spkr_prot_cal: quick calibration disabled
01-28 23:54:17.424   401   401 D ACDB-LOADER: ACDB -> ACDB_CMD_GET_ANC_SETTING
01-28 23:54:17.424   401   508 D audio_hw_spkr_prot: spkr_calibration_thread: wait for callback from thermal daemon
01-28 23:54:17.424   401   401 D ACDB-LOADER: ACDB -> ACDB_CMD_GET_ANC_SETTING
01-28 23:54:17.425   401   401 I chatty  : uid=1041(audioserver) audio@2.0-servi identical 6 lines
01-28 23:54:17.425   401   401 D ACDB-LOADER: ACDB -> ACDB_CMD_GET_ANC_SETTING
01-28 23:54:17.425   401   401 D hardware_cal: send_codec_cal cal sent for anc_cal
01-28 23:54:17.425   401   401 E ACDB-LOADER: ACDB -> send_codec_cal
01-28 23:54:17.425   401   401 E ACDB-LOADER: ACDB -> ACDB_CMD_GET_CODEC_CAL_DATA
01-28 23:54:17.425   401   401 D hardware_cal: send_codec_cal cal sent for mad_cal
01-28 23:54:17.425   401   401 D ACDB-LOADER: send mbhc data
01-28 23:54:17.425   401   401 D ACDB-LOADER: ACDB -> MBHC ACDB_PID_GENERAL_CONFIG
01-28 23:54:17.426   401   401 D ACDB-LOADER: ACDB -> MBHC ACDB_PID_PLUG_REMOVAL_DETECTION
01-28 23:54:17.426   401   401 D ACDB-LOADER: ACDB -> MBHC ACDB_PID_PLUG_TYPE_DETECTION
01-28 23:54:17.426   401   401 D ACDB-LOADER: ACDB -> MBHC ACDB_PID_BUTTON_PRESS_DETECTION
01-28 23:54:17.426   401   401 D ACDB-LOADER: ACDB -> MBHC ACDB_PID_IMPEDANCE_DETECTION
01-28 23:54:17.426   401   401 D hardware_cal: send_codec_cal cal sent for mbhc_cal
01-28 23:54:17.427   401   401 E ext_speaker: open_speaker_bundle: DLOPEN failed for /vendor/lib/soundfx/libspeakerbundle.so
01-28 23:54:17.430   401   401 W audio_hw_primary: adev_open: DLOPEN failed for libadm.so
01-28 23:54:17.430   401   401 E msm8974_platform: platform_get_default_app_type_v2: Not implemented
01-28 23:54:17.431   401   401 D audio_hw_extn: audio_extn_perf_lock_init: Perf lock handles Success
01-28 23:54:17.432   401   401 D audio_hw_primary: adev_open: exit
01-28 23:54:17.433   401   482 W DeviceHAL: Device 0xf664d000 get_master_volume: Function not implemented
01-28 23:54:17.433   401   511 W DeviceHAL: Device 0xf664d000 get_master_mute: Function not implemented
01-28 23:54:17.433   401   482 W DeviceHAL: Device 0xf664d000 set_master_volume: Function not implemented
01-28 23:54:17.433   401   482 W DeviceHAL: Device 0xf664d000 set_master_mute: Function not implemented
01-28 23:54:17.434   448   448 I AudioFlinger: loadHwModule() Loaded primary audio interface, handle 10
01-28 23:54:17.434   448   448 I AudioFlinger: openOutput() this 0xeefbd000, module 10 Device 2, SamplingRate 48000, Format 0x000001, Channels 3, flags 6
01-28 23:54:17.435   448   448 I AudioFlinger: HAL output buffer size 192 frames, normal sink buffer size 960 frames
01-28 23:54:17.445   448   448 I BufferProvider: found effect "Multichannel Downmix To Stereo" from The Android Open Source Project
01-28 23:54:17.446   448   514 I AudioFlinger: AudioFlinger's thread 0xee603cc0 tid=514 ready to run
01-28 23:54:17.446   448   514 W AudioFlinger: no wake lock to update, system not ready yet
01-28 23:54:17.448     0     0 I msm_thermal: freq_mitigation_notify Removing frequency mitigation for CPU5
01-28 23:54:17.446   448   448 I AudioFlinger: Using module 10 as the primary audio interface
01-28 23:54:17.448     0     0 I msm_thermal: freq_mitigation_notify Removing frequency mitigation for CPU5
01-28 23:54:17.447   448   448 W AudioFlinger: moveEffects() bad srcOutput 0
01-28 23:54:17.448     0     0 I msm_thermal: freq_mitigation_notify Removing frequency mitigation for CPU5
01-28 23:54:17.448   448   514 W AudioFlinger: no wake lock to update, system not ready yet
01-28 23:54:17.448     0     0 I msm_thermal: freq_mitigation_notify Removing frequency mitigation for CPU5
01-28 23:54:17.448   401   511 D audio_hw_primary: out_set_parameters: enter: usecase(1: low-latency-playback) kvpairs: routing=2
01-28 23:54:17.449   448   448 I AudioFlinger: openOutput() this 0xeefbd000, module 10 Device 2, SamplingRate 48000, Format 0x000001, Channels 3, flags 104
01-28 23:54:17.450   448   448 I AudioFlinger: HAL output buffer size 192 frames, normal sink buffer size 960 frames
01-28 23:54:17.451   448   517 I AudioFlinger: AudioFlinger's thread 0xee303080 tid=517 ready to run
01-28 23:54:17.451   448   517 W AudioFlinger: no wake lock to update, system not ready yet
01-28 23:54:17.451   448   517 W AudioFlinger: no wake lock to update, system not ready yet
01-28 23:54:17.452   401   511 D audio_hw_primary: out_set_parameters: enter: usecase(5: audio-ull-playback) kvpairs: routing=2
01-28 23:54:17.453   448   448 I AudioFlinger: openOutput() this 0xeefbd000, module 10 Device 2, SamplingRate 48000, Format 0x000001, Channels 3, flags 8
01-28 23:54:17.454   448   448 I AudioFlinger: HAL output buffer size 1920 frames, normal sink buffer size 1920 frames
01-28 23:54:17.454   448   519 I AudioFlinger: AudioFlinger's thread 0xee003200 tid=519 ready to run
01-28 23:54:17.455   448   519 W AudioFlinger: no wake lock to update, system not ready yet
01-28 23:54:17.455   467   467 D com.qualcomm.qti.auth.fidocryptodaemon-daemon: Starting service: com.qualcomm.qti.auth.fidocryptodaemon
01-28 23:54:17.456   333   333 E SELinux : avc:  denied  { add } for service=com.qualcomm.qti.auth.fidocryptodaemon pid=467 uid=1000 scontext=u:r:init:s0 tcontext=u:object_r:default_android_service:s0 tclass=service_manager
01-28 23:54:17.457   333   333 I auditd  : avc:  denied  { add } for service=com.qualcomm.qti.auth.fidocryptodaemon pid=467 uid=1000 scontext=u:r:init:s0 tcontext=u:object_r:default_android_service:s0 tclass=service_manager
01-28 23:54:17.457   467   467 D com.qualcomm.qti.auth.fidocryptodaemon-daemon: QSEEConnector service is now ready
01-28 23:54:17.458   448   519 W AudioFlinger: no wake lock to update, system not ready yet
01-28 23:54:17.458   401   482 D audio_hw_primary: out_set_parameters: enter: usecase(0: deep-buffer-playback) kvpairs: routing=2
01-28 23:54:17.460   448   448 I AudioFlinger: openOutput() this 0xeefbd000, module 10 Device 10000, SamplingRate 48000, Format 0x000001, Channels 3, flags 0
01-28 23:54:17.462   448   448 I AudioFlinger: HAL output buffer size 768 frames, normal sink buffer size 1152 frames
01-28 23:54:17.462   448   523 I AudioFlinger: AudioFlinger's thread 0xede83f00 tid=523 ready to run
01-28 23:54:17.462   448   523 W AudioFlinger: no wake lock to update, system not ready yet
01-28 23:54:17.463   448   523 W AudioFlinger: no wake lock to update, system not ready yet
01-28 23:54:17.464   401   401 D audio_hw_primary: out_set_parameters: enter: usecase(24: afe-proxy-playback) kvpairs: routing=65536
01-28 23:54:17.466   448   525 I AudioFlinger: AudioFlinger's thread 0xedb03480 tid=525 ready to run
01-28 23:54:17.468   448   527 I AudioFlinger: AudioFlinger's thread 0xedb03a80 tid=527 ready to run
01-28 23:54:17.483   448   448 I bt_a2dp_hw: adev_open:  adev_open in A2dp_hw module
01-28 23:54:17.483   448   448 I AudioFlinger: loadHwModule() Loaded a2dp audio interface, handle 18
01-28 23:54:17.483   401   401 I vndksupport: sphal namespace is not configured for this process. Loading /vendor/lib/hw/audio.usb.default.so from the current namespace instead.
01-28 23:54:17.488   448   448 I AudioFlinger: loadHwModule() Loaded usb audio interface, handle 26
01-28 23:54:17.488   401   482 I vndksupport: sphal namespace is not configured for this process. Loading /vendor/lib/hw/audio.r_submix.default.so from the current namespace instead.
01-28 23:54:17.501   401   482 I r_submix: adev_open(name=audio_hw_if)
01-28 23:54:17.501   401   511 I r_submix: adev_init_check()
01-28 23:54:17.501   401   482 W DeviceHAL: Device 0xf5e50b80 set_master_mute: Function not implemented
01-28 23:54:17.502   448   448 I AudioFlinger: loadHwModule() Loaded r_submix audio interface, handle 34
01-28 23:54:17.502   401   511 D r_submix: adev_open_input_stream(addr=0)
01-28 23:54:17.502   401   511 D r_submix: submix_audio_device_create_pipe_l(addr=0, idx=9)
01-28 23:54:17.502   401   511 D r_submix:   now using address 0 for route 9
01-28 23:54:17.503   448   531 I AudioFlinger: AudioFlinger's thread 0xedb03a80 tid=531 ready to run
01-28 23:54:17.503   401   482 D r_submix: adev_close_input_stream()
01-28 23:54:17.503   401   482 D r_submix: submix_audio_device_release_pipe_l(idx=9) addr=0
01-28 23:54:17.503   401   482 D r_submix: submix_audio_device_destroy_pipe_l(): pipe destroyed
01-28 23:54:17.504   448   448 I RadioService: RadioService
01-28 23:54:17.505   448   448 I RadioService: onFirstRef
01-28 23:54:17.506   401   401 I BroadcastRadio: onFirstRef mClassId 0
01-28 23:54:17.506   401   401 I BroadcastRadio: onFirstRef RADIO_HARDWARE_MODULE_ID radio fm
01-28 23:54:17.507   401   401 E BroadcastRadio: couldn't load radio module radio.fm (No such file or directory)
01-28 23:54:17.507   448   448 E RadioService: could not read implementation properties
01-28 23:54:17.509   448   448 E SoundTriggerHwService: could not read implementation properties
01-28 23:54:17.659   537   537 I auditd  : type=1400 audit(0.0:109): avc: denied { ptrace } for comm="crash_dump32" scontext=u:r:crash_dump:s0 tcontext=u:r:init:s0 tclass=process permissive=1
01-28 23:54:17.659   537   537 I crash_dump32: type=1400 audit(0.0:109): avc: denied { ptrace } for scontext=u:r:crash_dump:s0 tcontext=u:r:init:s0 tclass=process permissive=1
01-28 23:54:17.666   537   537 I crash_dump32: obtaining output fd from tombstoned
01-28 23:54:17.667   475   475 I /system/bin/tombstoned: received crash request for pid 465
01-28 23:54:17.667   537   537 I crash_dump32: performing dump of process 465 (target tid = 465)
01-28 23:54:17.668   537   537 F DEBUG   : *** *** *** *** *** *** *** *** *** *** *** *** *** *** *** ***
01-28 23:54:17.668   537   537 F DEBUG   : Build fingerprint: 'Xiaomi/libra/libra:7.0/NRD90M/V8.2.3.0.NXKCNEC:user/release-keys'
01-28 23:54:17.668   537   537 F DEBUG   : Revision: '0'
01-28 23:54:17.668   537   537 F DEBUG   : ABI: 'arm'
01-28 23:54:17.668   537   537 F DEBUG   : pid: 465, tid: 465, name: mm-qcamera-daem  >>> /system/bin/mm-qcamera-daemon <<<
01-28 23:54:17.668   537   537 F DEBUG   : signal 6 (SIGABRT), code -6 (SI_TKILL), fault addr --------
01-28 23:54:17.669   537   537 F DEBUG   : Abort message: 'CANNOT LINK EXECUTABLE "/system/bin/mm-qcamera-daemon": cannot locate symbol "android_atomic_acquire_load" referenced by "/system/vendor/lib/libmmcamera2_stats_algorithm.so"...'
01-28 23:54:17.669   537   537 F DEBUG   :     r0 00000000  r1 000001d1  r2 00000006  r3 00000008
01-28 23:54:17.669   537   537 F DEBUG   :     r4 000001d1  r5 000001d1  r6 ffd65a40  r7 0000010c
01-28 23:54:17.669   537   537 F DEBUG   :     r8 ffd66cf4  r9 f7318010  sl ffd65ce8  fp f7344cd0
01-28 23:54:17.669   537   537 F DEBUG   :     ip 00000000  sp ffd65a30  lr f73ad1e7  pc f73b7408  cpsr 200d0010
01-28 23:54:17.717   353   353 I sysui_histogram: [boot_zygote_init,7606]
01-28 23:54:17.730   353   353 I sysui_multi_action: [757,804,799,boot_zygote_init,801,7606,802,1]
01-28 23:54:17.736   353   353 I SamplingProfilerIntegration: Profiling disabled.
01-28 23:54:17.740   353   353 I boot_progress_preload_start: 7631
01-28 23:54:17.740   353   353 D Zygote  : begin preload
01-28 23:54:17.740   353   353 I Zygote  : Installing ICU cache reference pinning...
01-28 23:54:17.740   353   353 I Zygote  : Preloading ICU data...
01-28 23:54:17.793   537   537 F DEBUG   : 
01-28 23:54:17.793   537   537 F DEBUG   : backtrace:
01-28 23:54:17.794   537   537 F DEBUG   :     #00 pc 00067408  /system/bin/linker (__dl_tgkill+12)
01-28 23:54:17.794   537   537 F DEBUG   :     #01 pc 0005d1e3  /system/bin/linker (__dl_abort+54)
01-28 23:54:17.794   537   537 F DEBUG   :     #02 pc 00018bd5  /system/bin/linker (__dl___libc_fatal+24)
01-28 23:54:17.794   537   537 F DEBUG   :     #03 pc 00010241  /system/bin/linker (__dl___linker_init+1984)
01-28 23:54:17.794   537   537 F DEBUG   :     #04 pc 000152e4  /system/bin/linker (_start+4)
01-28 23:54:17.800     0     0 I warning : `loc_launcher' uses 32-bit capabilities (legacy support in use)
01-28 23:54:17.808     0     0 W audit   : audit_lost=42 audit_rate_limit=20 audit_backlog_limit=64
01-28 23:54:17.808     0     0 E audit   : rate limit exceeded
01-28 23:54:17.839   410   410 I vndksupport: sphal namespace is not configured for this process. Loading /vendor/lib64/hw/memtrack.msm8992.so from the current namespace instead.
01-28 23:54:17.844   410   410 D         : memtrack_open: enter; name=memtrack
01-28 23:54:17.844   410   410 D         : memtrack_open: exit 0
01-28 23:54:17.848   410   410 I ServiceManagement: Removing namespace from process name android.hardware.memtrack@1.0-service to memtrack@1.0-se.
01-28 23:54:17.849   410   410 I android.hardware.memtrack@1.0-service: Registration complete for android.hardware.memtrack@1.0::IMemtrack/default.
01-28 23:54:17.853     0     0 E selinux : avc:  denied  { set } for property=ctl.msm_irqbalance pid=499 uid=0 gid=0 scontext=u:r:toolbox:s0 tcontext=u:object_r:ctl_default_prop:s0 tclass=property_service
01-28 23:54:17.853     0     0 I init    : computing context for service 'msm_irqbalance'
01-28 23:54:17.853     0     0 I init    : starting service 'msm_irqbalance'...
01-28 23:54:17.856     0     0 I         : 'opened /dev/adsprpc-smd c 223 0'
01-28 23:54:17.856     0     0 I ueventd : loading /devices/soc.0/fe12f000.slim/tomtom-slim-pgd/tomtom_codec/firmware/cpe.mdt took 1.26822 seconds
01-28 23:54:17.861     0     0 I init    : Created socket '/dev/socket/msm_irqbalance', mode 660, user 0, group 1000
01-28 23:54:17.869   422   422 D QSEECOMD: : qseecom listener services process entry PPID = 1
01-28 23:54:17.870   422   422 E QSEECOMD: : Listener: index = 0, hierarchy = 0
01-28 23:54:17.871   538   538 I sysinit : Running /system/etc/init.d/00banner
01-28 23:54:17.876   408   408 I ServiceManagement: Removing namespace from process name android.hardware.ir@1.0-service.libra to ir@1.0-service..
01-28 23:54:17.878   334   334 E SELinux : avc:  denied  { add } for interface=android.hardware.ir::IConsumerIr pid=408 scontext=u:r:init:s0 tcontext=u:object_r:hal_ir_hwservice:s0 tclass=hwservice_manager
01-28 23:54:17.878   334   334 I auditd  : avc:  denied  { add } for interface=android.hardware.ir::IConsumerIr pid=408 scontext=u:r:init:s0 tcontext=u:object_r:hal_ir_hwservice:s0 tclass=hwservice_manager
01-28 23:54:17.880   334   334 E SELinux : avc:  denied  { add } for interface=android.hidl.base::IBase pid=408 scontext=u:r:init:s0 tcontext=u:object_r:hidl_base_hwservice:s0 tclass=hwservice_manager
01-28 23:54:17.880   334   334 I auditd  : avc:  denied  { add } for interface=android.hidl.base::IBase pid=408 scontext=u:r:init:s0 tcontext=u:object_r:hidl_base_hwservice:s0 tclass=hwservice_manager
01-28 23:54:17.881   334   334 E SELinux : avc:  denied  { add } for interface=android.hardware.light::ILight pid=409 scontext=u:r:init:s0 tcontext=u:object_r:hal_light_hwservice:s0 tclass=hwservice_manager
01-28 23:54:17.881   334   334 I auditd  : avc:  denied  { add } for interface=android.hardware.light::ILight pid=409 scontext=u:r:init:s0 tcontext=u:object_r:hal_light_hwservice:s0 tclass=hwservice_manager
01-28 23:54:17.882   409   409 I android.hardware.light@2.0-service.libra: Light HAL service ready.
01-28 23:54:17.883   408   408 I android.hardware.ir@1.0-service.libra: ConsumerIr HAL service ready.
01-28 23:54:17.884     0     0 I ueventd : firmware: loading 'cpe.b06' for '/devices/soc.0/fe12f000.slim/tomtom-slim-pgd/tomtom_codec/firmware/cpe.b06'
01-28 23:54:17.897   422   422 D QSEECOMD: : Init dlopen(librpmb.so, RTLD_NOW) succeeds
01-28 23:54:17.898   422   422 D QSEECOMD: : Init::Init dlsym(g_FSHandle rpmb_init_service) succeeds
01-28 23:54:17.898   422   422 I rpmb_emmc: RPMB Mult = 16384, Rel_sec_cnt = 1
01-28 23:54:17.898   422   422 E DrmLibRpmb: rpmb_init succeeded! with ret = 0
01-28 23:54:17.898   422   422 D QSEECOMD: : Init rpmb_init_service ret = 0
01-28 23:54:17.898   422   422 D QSEECOMD: : RPMB system services: init (Listener ID = 8192)
01-28 23:54:17.898   422   422 E QSEECOMD: : Listener: index = 1, hierarchy = 0
01-28 23:54:17.906     0     0 I st-sensor-hub-i2c 13-0008: end transfer
01-28 23:54:17.914   438   438 I libmdmdetect: ESOC framework not supported
01-28 23:54:17.914   438   438 I libmdmdetect: Found internal modem: modem
--------- beginning of radio
01-28 23:54:17.916   438   438 D MMBN-OTA: Use auto mbn
01-28 23:54:17.916   413   413 I ServiceManagement: Removing namespace from process name android.hardware.usb@1.0-service to usb@1.0-service.
01-28 23:54:17.916   438   438 D MMBN-OTA: before pdc init
01-28 23:54:17.917   438   438 I libmdmdetect: ESOC framework not supported
01-28 23:54:17.917   438   438 I libmdmdetect: Found internal modem: modem
01-28 23:54:17.920   423   423 I libmdmdetect: ESOC framework not supported
01-28 23:54:17.920   423   423 I libmdmdetect: Found internal modem: modem
01-28 23:54:17.921   423   423 I libmdmdetect: ESOC framework not supported
01-28 23:54:17.921   423   423 I libmdmdetect: Found internal modem: modem
01-28 23:54:17.922   464   464 I gatekeeperd: Starting gatekeeperd...
01-28 23:54:17.922   438   438 E QC-QMI  : qmi_client [438]: unable to connect to server, errno=[2:No such file or directory], attempt=1
01-28 23:54:17.925   444   444 I libmdmdetect: ESOC framework not supported
01-28 23:54:17.926   423   423 I PerMgrSrv: Peripheral Mananager service start
01-28 23:54:17.926   423   423 I PerMgrSrv: power-off timeout 500,ms; event-ack timeout 200,ms; debug-mode false
01-28 23:54:17.926   423   423 I PerMgrSrv: Statistics for : modem
01-28 23:54:17.926   423   423 I PerMgrSrv: modem: Current State : is off-line
01-28 23:54:17.926   423   423 I PerMgrSrv: modem: Voter/Listener count : 0/0
01-28 23:54:17.926   423   423 I PerMgrSrv: modem: Power on count : 0
01-28 23:54:17.926   423   423 I PerMgrSrv: modem: Power off count: 0
01-28 23:54:17.926   444   444 I libmdmdetect: Found internal modem: modem
01-28 23:54:17.926   423   423 I PerMgrSrv: modem: Client list:
01-28 23:54:17.927   461   461 I libmdmdetect: ESOC framework not supported
01-28 23:54:17.927   461   461 I libmdmdetect: Found internal modem: modem
01-28 23:54:17.928   466   466 I libmdmdetect: ESOC framework not supported
01-28 23:54:17.928   466   466 I libmdmdetect: Found internal modem: modem
01-28 23:54:17.928   466   466 D QC-time-services: Daemon:genoff_pre_init::Base = 0
01-28 23:54:17.929   466   466 D QC-time-services: Daemon:ats_rtc_init: Time read from RTC -- year = 70, month = 0,day = 28
01-28 23:54:17.929   424   424 I libmdmdetect: ESOC framework not supported
01-28 23:54:17.929   424   424 I libmdmdetect: Found internal modem: modem
01-28 23:54:17.929   466   466 D QC-time-services: Daemon:Value read from RTC seconds = 2418858000
01-28 23:54:17.929   466   466 D QC-time-services: Daemon:genoff_init_config: ATS_RTC initialized with rc: 0
01-28 23:54:17.929   466   466 D QC-time-services: Daemon:genoff_pre_init::Base = 1
01-28 23:54:17.929   466   466 D QC-time-services: Daemon: Storage Name: ats_1 
01-28 23:54:17.929   466   466 D QC-time-services: Daemon:Opening File: /data/time/ats_1
01-28 23:54:17.929   466   466 D QC-time-services: Daemon:time_persistent_memory_opr:Genoff Read operation 
01-28 23:54:17.929   466   466 D QC-time-services: Daemon:Unable to open filefor read
01-28 23:54:17.929   466   466 D QC-time-services: Daemon:genoff_post_init:Error in accessing storage
01-28 23:54:17.929   466   466 D QC-time-services: Daemon:genoff_pre_init::Base = 2
01-28 23:54:17.929   466   466 D QC-time-services: Daemon: Storage Name: ats_2 
01-28 23:54:17.929   424   424 I libmdmdetect: ESOC framework not supported
01-28 23:54:17.929   466   466 D QC-time-services: Daemon:Opening File: /data/time/ats_2
01-28 23:54:17.929   466   466 D QC-time-services: Daemon:time_persistent_memory_opr:Genoff Read operation 
01-28 23:54:17.929   466   466 D QC-time-services: Daemon:Unable to open filefor read
01-28 23:54:17.929   466   466 D QC-time-services: Daemon:genoff_post_init:Error in accessing storage
01-28 23:54:17.929   466   466 D QC-time-services: Daemon:genoff_pre_init::Base = 3
01-28 23:54:17.929   424   424 I libmdmdetect: Found internal modem: modem
01-28 23:54:17.929   466   466 D QC-time-services: Daemon: Storage Name: ats_3 
01-28 23:54:17.930   466   466 D QC-time-services: Daemon:Opening File: /data/time/ats_3
01-28 23:54:17.930   466   466 D QC-time-services: Daemon:time_persistent_memory_opr:Genoff Read operation 
01-28 23:54:17.930   466   466 D QC-time-services: Daemon:Unable to open filefor read
01-28 23:54:17.930   466   466 D QC-time-services: Daemon:genoff_post_init:Error in accessing storage
01-28 23:54:17.930   466   466 D QC-time-services: Daemon:genoff_pre_init::Base = 4
01-28 23:54:17.930   466   466 D QC-time-services: Daemon: Storage Name: ats_4 
01-28 23:54:17.930   466   466 D QC-time-services: Daemon:Opening File: /data/time/ats_4
01-28 23:54:17.930   466   466 D QC-time-services: Daemon:time_persistent_memory_opr:Genoff Read operation 
01-28 23:54:17.930   466   466 D QC-time-services: Daemon:Unable to open filefor read
01-28 23:54:17.930   466   466 D QC-time-services: Daemon:genoff_post_init:Error in accessing storage
01-28 23:54:17.930   466   466 D QC-time-services: Daemon:genoff_pre_init::Base = 5
01-28 23:54:17.930   466   466 D QC-time-services: Daemon: Storage Name: ats_5 
01-28 23:54:17.930   466   466 D QC-time-services: Daemon:Opening File: /data/time/ats_5
01-28 23:54:17.930   466   466 D QC-time-services: Daemon:time_persistent_memory_opr:Genoff Read operation 
01-28 23:54:17.936     0     0 I ueventd : loading /devices/soc.0/fe12f000.slim/tomtom-slim-pgd/tomtom_codec/firmware/cpe.b06 took 0.0527198 seconds
01-28 23:54:17.937     0     0 I init    : processing action (sys.ims.QMI_DAEMON_STATUS=1)
01-28 23:54:17.937     0     0 I init    : computing context for service 'imsdatadaemon'
01-28 23:54:17.938     0     0 I init    : starting service 'imsdatadaemon'...
01-28 23:54:17.938   466   466 D QC-time-services: Daemon:time_persistent_memory_opr:Genoff Read operation 
01-28 23:54:17.938   466   466 D QC-time-services: Daemon:Unable to open filefor read
01-28 23:54:17.938   466   466 D QC-time-services: Daemon:genoff_post_init:Error in accessing storage
01-28 23:54:17.938   466   466 D QC-time-services: Daemon:genoff_pre_init::Base = 10
01-28 23:54:17.938   466   466 D QC-time-services: Daemon: Storage Name: ats_10 
01-28 23:54:17.938   466   466 D QC-time-services: Daemon:Opening File: /data/time/ats_10
01-28 23:54:17.938   466   466 D QC-time-services: Daemon:time_persistent_memory_opr:Genoff Read operation 
01-28 23:54:17.938   466   466 D QC-time-services: Daemon:Unable to open filefor read
01-28 23:54:17.938   466   466 D QC-time-services: Daemon:genoff_post_init:Error in accessing storage
01-28 23:54:17.938   466   466 D QC-time-services: Daemon:genoff_pre_init::Base = 11
01-28 23:54:17.938   466   466 D QC-time-services: Daemon: Storage Name: ats_11 
01-28 23:54:17.938   466   466 D QC-time-services: Daemon:Opening File: /data/time/ats_11
01-28 23:54:17.938   466   466 D QC-time-services: Daemon:time_persistent_memory_opr:Genoff Read operation 
01-28 23:54:17.938   466   466 D QC-time-services: Daemon:Unable to open filefor read
01-28 23:54:17.938   466   466 D QC-time-services: Daemon:genoff_post_init:Error in accessing storage
01-28 23:54:17.938   466   466 D QC-time-services: Daemon:genoff_pre_init::Base = 12
01-28 23:54:17.938   461   570 E QC-QMI  : qmi_client [461]: unable to bind to client socket, rc = -1 errno[13:Permission denied]
01-28 23:54:17.938   466   466 D QC-time-services: Daemon: Storage Name: ats_12 
01-28 23:54:17.938   466   466 D QC-time-services: Daemon:Opening File: /data/time/ats_12
01-28 23:54:17.938   466   466 D QC-time-services: Daemon:time_persistent_memory_opr:Genoff Read operation 
01-28 23:54:17.938   461   570 E QC-QMI  : qmi_qmux_if_pwr_up_init_ex:  Initialization failed, rc = -1
01-28 23:54:17.938   466   466 D QC-time-services: Daemon:Unable to open filefor read
01-28 23:54:17.938   466   466 D QC-time-services: Daemon:genoff_post_init:Error in accessing storage
01-28 23:54:17.938   466   466 D QC-time-services: Daemon:genoff_pre_init::Base = 13
01-28 23:54:17.938   466   466 D QC-time-services: Daemon: Storage Name: ats_13 
01-28 23:54:17.938   466   466 D QC-time-services: Daemon:Opening File: /data/time/ats_13
01-28 23:54:17.938   466   466 D QC-time-services: Daemon:time_persistent_memory_opr:Genoff Read operation 
01-28 23:54:17.938   466   466 D QC-time-services: Daemon:Unable to open filefor read
01-28 23:54:17.938   466   466 D QC-time-services: Daemon:genoff_post_init:Error in accessing storage
01-28 23:54:17.938   466   466 D QC-time-services: Daemon:genoff_pre_init::Base = 14
01-28 23:54:17.938   466   466 D QC-time-services: Daemon: Storage Name: ats_14 
01-28 23:54:17.938   466   466 D QC-time-services: Daemon:Opening File: /data/time/ats_14
01-28 23:54:17.938   461   570 E QMI_FW  : QMUXD: WARNING qmi_qmux_if_pwr_up_init failed! rc=-1
01-28 23:54:17.938   466   466 D QC-time-services: Daemon:time_persistent_memory_opr:Genoff Read operation 
01-28 23:54:17.938   466   466 D QC-time-services: Daemon:Unable to open filefor read
01-28 23:54:17.939   466   466 D QC-time-services: Daemon:genoff_post_init:Error in accessing storage
01-28 23:54:17.939   466   466 D QC-time-services: Daemon:genoff_init_config: Other bases initilized, exiting genoff_init
01-28 23:54:17.939   466   466 D QC-time-services: Daemon:rtc_get: Time read from RTC -- MM/DD/YY HH:MM:SS0/28/70 23:54:18
01-28 23:54:17.939   466   466 D QC-time-services: Daemon:genoff_opr: Base = 1, val = 0, operation = 1
01-28 23:54:17.939   466   466 D QC-time-services: Daemon: genoff get for 1
01-28 23:54:17.940   414   414 D         : Vibrator using timed_output
01-28 23:54:17.940   466   466 D QC-time-services: Daemon:rtc_get: Time read from RTC -- MM/DD/YY HH:MM:SS0/28/70 23:54:18
01-28 23:54:17.940   466   466 D QC-time-services: Daemon:Value read from RTC seconds = 2418858000
01-28 23:54:17.940   466   466 D QC-time-services: Daemon:Value read from generic offset = 0
01-28 23:54:17.940   466   466 D QC-time-services: Daemon:Final Time = 2418858000
01-28 23:54:17.940   466   466 E QC-time-services: Daemon:genoff_boot_tod_init: Unable to open alarm device
01-28 23:54:17.940   466   466 E QC-time-services: Daemon:genoff_boot_tod_init: Updating system time to sec=2418858, usec=0
01-28 23:54:18.000   466   581 D QC-time-services: Daemon: Time-services: All initializations done
01-28 23:54:18.000   466   581 E QC-time-services: Daemon: Time-services: Waiting to acceptconnection
01-28 23:54:18.001   414   414 I ServiceManagement: Removing namespace from process name android.hardware.vibrator@1.0-service to vibrator@1.0-se.
01-28 23:54:18.001   420   420 I libmdmdetect: ESOC framework not supported
01-28 23:54:18.001   420   420 I libmdmdetect: Found internal modem: modem
01-28 23:54:18.001   412   412 I ServiceManagement: Removing namespace from process name android.hardware.thermal@1.0-service to thermal@1.0-ser.
01-28 23:54:18.001   413   413 I android.hardware.usb@1.0-service: USB HAL Ready.
01-28 23:54:18.002   414   414 I android.hardware.vibrator@1.0-service: Registration complete for android.hardware.vibrator@1.0::IVibrator/default.
01-28 23:54:18.003   466   579 D QC-time-services: Daemon:genoff_modem_qmi_service_request: Initiallizing QMI 
01-28 23:54:18.004   466   579 I libmdmdetect: ESOC framework not supported
01-28 23:54:18.004   466   579 I libmdmdetect: Found internal modem: modem
01-28 23:54:18.004   412   412 I android.hardware.thermal@1.0-service: Registration complete for android.hardware.thermal@1.0::IThermal/default.
01-28 23:54:18.004   466   579 I libmdmdetect: Found internal modem: modem
01-28 23:54:18.005   442   442 I ThermalEngine: Using target config file '/system/etc/thermal-engine-8992.conf'
01-28 23:54:18.005   404   404 I vndksupport: sphal namespace is not configured for this process. Loading /vendor/lib64/hw/gatekeeper.msm8992.so from the current namespace instead.
01-28 23:54:18.007   464   464 I vndksupport: sphal namespace is not configured for this process. Loading /vendor/lib64/hw/gatekeeper.msm8992.so from the current namespace instead.
01-28 23:54:18.008   466   579 E QC-QMI  : qmi_client [466]: unable to bind to client socket, rc = -1 errno[13:Permission denied]
01-28 23:54:18.009   466   579 E QC-QMI  : qmi_qmux_if_pwr_up_init_ex:  Initialization failed, rc = -1
01-28 23:54:18.009   466   579 E QMI_FW  : QMUXD: WARNING qmi_qmux_if_pwr_up_init failed! rc=-1
01-28 23:54:18.009   466   579 E QC-QMI  : qmi_client [466]: unable to bind to client socket, rc = -1 errno[13:Permission denied]
01-28 23:54:18.009   466   579 E QC-QMI  : qmi_qmux_if_pwr_up_init_ex:  Initialization failed, rc = -1
01-28 23:54:18.009   466   579 E QMI_FW  : QMUXD: WARNING qmi_qmux_if_pwr_up_init failed! rc=-1
01-28 23:54:18.009   466   579 E QC-time-services: Daemon:genoff_modem_qmi_service_request: qmi_client_get_service_list returned -2num_services 0
01-28 23:54:18.011   407   407 I ServiceManagement: Removing namespace from process name android.hardware.health@1.0-service to health@1.0-serv.
01-28 23:54:18.013   407   407 I android.hardware.health@1.0-service: Registration complete for android.hardware.health@1.0::IHealth/default.
01-28 23:54:18.015     0     0 W healthd : battery l=65 v=3766 t=37.7 h=2 st=2 c=904 chg=u
01-28 23:54:18.013   406   406 I vndksupport: sphal namespace is not configured for this process. Loading /vendor/lib64/hw/hwcomposer.msm8992.so from the current namespace instead.
01-28 23:54:18.014   432   432 I libmdmdetect: ESOC framework not supported
01-28 23:54:18.014   432   432 I libmdmdetect: Found internal modem: modem
01-28 23:54:18.015     0     0 W healthd : battery l=65 v=3766 t=37.7 h=2 st=2 c=904 chg=u
01-28 23:54:18.015   432   432 E Diag_Lib:  Diag_LSM_Init: Failed to open handle to diag driver, error = 13
01-28 23:54:18.015     0     0 W healthd : battery l=65 v=3766 t=37.7 h=2 st=2 c=904 chg=u
01-28 23:54:18.015   432   432 I libmdmdetect: ESOC framework not supported
01-28 23:54:18.015   432   432 I libmdmdetect: Found internal modem: modem
01-28 23:54:18.015   442   442 I ThermalEngine: devices_manager_init: Init
01-28 23:54:18.015   442   442 I ThermalEngine: Number of gpus :1
01-28 23:54:18.015   442   442 I Thermal-IOCTL: KTM IOCTL interface "/dev/msm_thermal_query" opened
01-28 23:54:18.015   442   442 E ThermalEngine: update_cpu_topology: Cluster Info[0]. Cluster Id: 0 cpu_bits:0xf sync:1
01-28 23:54:18.015   442   442 E ThermalEngine: update_cpu_topology: Cluster Info[1]. Cluster Id: 1 cpu_bits:0x30 sync:1
01-28 23:54:18.015   432   432 E QC-DS-LIB: qmuxd: linux_qmi_read_sysfs_config: couldn't open file /sys/module/f_rmnet/parameters/rmnet_ctl_ch
01-28 23:54:18.015   432   432 E QC-DS-LIB: qmuxd: linux_qmi_read_sysfs_config: couldn't open /sys/module/rmnet/parameters/rmnet_ctl_ch
01-28 23:54:18.015     0     0 W healthd : battery l=65 v=3766 t=37.7 h=2 st=2 c=904 chg=u
01-28 23:54:18.016   432   432 E Diag_Lib:  Diag_LSM_Init: Failed to open handle to diag driver, error = 13
01-28 23:54:18.017   442   442 I ThermalEngine: vdd_rstr_init: Init KTM VDD RSTR enabled: 0
01-28 23:54:18.018   442   442 I ThermalEngine: sensors_manager_init: Init
01-28 23:54:18.018   442   590 I libmdmdetect: ESOC framework not supported
01-28 23:54:18.018   442   590 I libmdmdetect: Found internal modem: modem
01-28 23:54:18.020   442   590 E QC-QMI  : qmi_client [442]: unable to connect to server, errno=[2:No such file or directory], attempt=1
01-28 23:54:18.029   537   537 E crash_dump32: unable to connect to activity manager: Connection refused
01-28 23:54:18.030   475   475 E /system/bin/tombstoned: Tombstone written to: /data/tombstones//tombstone_02
01-28 23:54:18.030   442   442 E ThermalEngine: bcl_setup: Error opening /sys/devices/soc.0/qcom,bcl.67/iavail
01-28 23:54:18.030   442   442 E ThermalEngine: add_tgt_sensors_set: Error adding bcl
01-28 23:54:18.030   442   442 E ThermalEngine: sensors_init: Error adding BCL TS
01-28 23:54:18.032   436   436 I CNSS    : log_capture_location  = /sdcard/wlan_logs/
01-28 23:54:18.035     0     0 I init    : Untracked pid 537 exited with status 0
01-28 23:54:18.036     0     0 I init    : Service 'qcamerasvr' (pid 465) killed by signal 6
01-28 23:54:18.036     0     0 I init    : Sending signal 9 to service 'qcamerasvr' (pid 465) process group...
01-28 23:54:18.037     0     0 E init    : kill(465, 9) failed: No such process
01-28 23:54:18.034   442   442 I ThermalEngine: Loading config file for virtual sensor
01-28 23:54:18.034   442   442 I ThermalEngine: Loading configuration file /data/decrypt.txt
01-28 23:54:18.035     0     0 I init    : Untracked pid 537 exited with status 0
01-28 23:54:18.036     0     0 I init    : Service 'qcamerasvr' (pid 465) killed by signal 6
01-28 23:54:18.036     0     0 I init    : Sending signal 9 to service 'qcamerasvr' (pid 465) process group...
01-28 23:54:18.037     0     0 E init    : kill(465, 9) failed: No such process
01-28 23:54:18.035   442   442 I ThermalEngine: Parsing section global
01-28 23:54:18.035     0     0 I init    : Untracked pid 537 exited with status 0
01-28 23:54:18.036     0     0 I init    : Service 'qcamerasvr' (pid 465) killed by signal 6
01-28 23:54:18.036     0     0 I init    : Sending signal 9 to service 'qcamerasvr' (pid 465) process group...
01-28 23:54:18.037     0     0 E init    : kill(465, 9) failed: No such process
01-28 23:54:18.035   442   442 E ThermalEngine: virtual_sensors_init: Error getting virtual sensors set
01-28 23:54:18.035   442   442 I ThermalEngine: Loading configuration file /data/decrypt.txt
01-28 23:54:18.035   442   442 I ThermalEngine: Parsing section global
01-28 23:54:18.035   442   442 I ThermalEngine: Created section 'SS-SKIN-XO-THERM-PERF'
01-28 23:54:18.035   442   442 I ThermalEngine: Algo Type 'ss'
01-28 23:54:18.035   442   442 I ThermalEngine: Parsing section SS-SKIN-XO-THERM-PERF
01-28 23:54:18.035     0     0 I init    : Untracked pid 537 exited with status 0
01-28 23:54:18.036     0     0 I init    : Service 'qcamerasvr' (pid 465) killed by signal 6
01-28 23:54:18.036     0     0 I init    : Sending signal 9 to service 'qcamerasvr' (pid 465) process group...
01-28 23:54:18.037     0     0 E init    : kill(465, 9) failed: No such process
01-28 23:54:18.035   442   442 I ThermalEngine: Found field 'sampling'
01-28 23:54:18.035   442   442 I ThermalEngine: Found field 'sensor'
01-28 23:54:18.035   442   442 I ThermalEngine: Found field 'device'
01-28 23:54:18.035   442   442 I ThermalEngine: Found field 'set_point'
01-28 23:54:18.035   442   442 I ThermalEngine: Found field 'set_point_clr'
01-28 23:54:18.035   442   442 I ThermalEngine: Found field 'time_constant'
01-28 23:54:18.035   442   442 I ThermalEngine: Found field 'device_max_limit'
01-28 23:54:18.035   442   442 I ThermalEngine: Created section 'SS-SKIN-XO-THERM-POWER'
01-28 23:54:18.035   442   442 I ThermalEngine: Algo Type 'ss'
01-28 23:54:18.035   442   442 I ThermalEngine: Parsing section SS-SKIN-XO-THERM-POWER
01-28 23:54:18.035   442   442 I ThermalEngine: Found field 'sampling'
01-28 23:54:18.035   442   442 I ThermalEngine: Found field 'sensor'
01-28 23:54:18.035   442   442 I ThermalEngine: Found field 'device'
01-28 23:54:18.035   442   442 I ThermalEngine: Found field 'set_point'
01-28 23:54:18.035   442   442 I ThermalEngine: Found field 'set_point_clr'
01-28 23:54:18.036     0     0 I init    : Service 'qcamerasvr' (pid 465) killed by signal 6
01-28 23:54:18.036     0     0 I init    : Sending signal 9 to service 'qcamerasvr' (pid 465) process group...
01-28 23:54:18.037     0     0 E init    : kill(465, 9) failed: No such process
01-28 23:54:18.036   442   442 I ThermalEngine: Found field 'time_constant'
01-28 23:54:18.036   442   442 I ThermalEngine: Found field 'device_max_limit'
01-28 23:54:18.036   442   442 I ThermalEngine: Created section 'GPU_management'
01-28 23:54:18.036   442   442 I ThermalEngine: Algo Type 'monitor'
01-28 23:54:18.036   442   442 I ThermalEngine: Parsing section GPU_management
01-28 23:54:18.036   442   442 I ThermalEngine: Found field 'sensor'
01-28 23:54:18.036   442   442 I ThermalEngine: Found field 'sampling'
01-28 23:54:18.036   442   442 I ThermalEngine: Found field 'thresholds'
01-28 23:54:18.036   442   442 I ThermalEngine: Found field 'thresholds_clr'
01-28 23:54:18.036   442   442 I ThermalEngine: Found field 'actions'
01-28 23:54:18.036   442   442 I ThermalEngine: Found field 'action_info'
01-28 23:54:18.036   442   442 I ThermalEngine: Created section 'MONITOR_QUIET_THERM_BATTERY'
01-28 23:54:18.036   442   442 I ThermalEngine: Algo Type 'monitor'
01-28 23:54:18.036   442   442 I ThermalEngine: Parsing section MONITOR_QUIET_THERM_BATTERY
01-28 23:54:18.036   442   442 I ThermalEngine: Found field 'sampling'
01-28 23:54:18.036   442   442 I ThermalEngine: Found field 'sensor'
01-28 23:54:18.036   442   442 I ThermalEngine: Found field 'thresholds'
01-28 23:54:18.036   442   442 I ThermalEngine: Found field 'thresholds_clr'
01-28 23:54:18.036   442   442 I ThermalEngine: Found field 'actions'
01-28 23:54:18.036   442   442 I ThermalEngine: Found field 'action_info'
01-28 23:54:18.036   442   442 I ThermalEngine: Found section 'SS-CPU0'
01-28 23:54:18.036   442   442 I ThermalEngine: Algo Type 'ss'
01-28 23:54:18.036   442   442 I ThermalEngine: Parsing section SS-CPU0
01-28 23:54:18.036   442   442 I ThermalEngine: Found field 'sampling'
01-28 23:54:18.036   442   442 I ThermalEngine: Found field 'sensor'
01-28 23:54:18.036   442   442 I ThermalEngine: Found field 'device'
01-28 23:54:18.036   442   442 I ThermalEngine: Found field 'set_point'
01-28 23:54:18.036   442   442 I ThermalEngine: Found field 'set_point_clr'
01-28 23:54:18.036   442   442 I ThermalEngine: Found section 'SS-CPU2'
01-28 23:54:18.036   442   442 I ThermalEngine: Algo Type 'ss'
01-28 23:54:18.036   442   442 I ThermalEngine: Parsing section SS-CPU2
01-28 23:54:18.036   442   442 I ThermalEngine: Found field 'sampling'
01-28 23:54:18.036   442   442 I ThermalEngine: Found field 'sensor'
01-28 23:54:18.036   442   442 I ThermalEngine: Found field 'device'
01-28 23:54:18.036   442   442 I ThermalEngine: Found field 'set_point'
01-28 23:54:18.036   442   442 I ThermalEngine: Found field 'set_point_clr'
01-28 23:54:18.036   442   442 I ThermalEngine: Found section 'SS-CPU3'
01-28 23:54:18.037   442   442 I ThermalEngine: Algo Type 'ss'
01-28 23:54:18.037   442   442 I ThermalEngine: Parsing section SS-CPU3
01-28 23:54:18.037   442   442 I ThermalEngine: Found field 'sampling'
01-28 23:54:18.037   442   442 I ThermalEngine: Found field 'sensor'
01-28 23:54:18.037   442   442 I ThermalEngine: Found field 'device'
01-28 23:54:18.037   442   442 I ThermalEngine: Found field 'set_point'
01-28 23:54:18.037   442   442 I ThermalEngine: Found field 'set_point_clr'
01-28 23:54:18.037     0     0 E init    : kill(465, 9) failed: No such process
01-28 23:54:18.037   442   442 I ThermalEngine: Found section 'SS-CPU4'
01-28 23:54:18.037   442   442 I ThermalEngine: Algo Type 'ss'
01-28 23:54:18.037   442   442 I ThermalEngine: Parsing section SS-CPU4
01-28 23:54:18.037   442   442 I ThermalEngine: Found field 'sampling'
01-28 23:54:18.037   442   442 I ThermalEngine: Found field 'sensor'
01-28 23:54:18.037   442   442 I ThermalEngine: Found field 'device'
01-28 23:54:18.037   442   442 I ThermalEngine: Found field 'set_point'
01-28 23:54:18.037   442   442 I ThermalEngine: Found field 'set_point_clr'
01-28 23:54:18.037   442   442 I ThermalEngine: Found section 'SS-CPU5'
01-28 23:54:18.037   442   442 I ThermalEngine: Algo Type 'ss'
01-28 23:54:18.037   442   442 I ThermalEngine: Parsing section SS-CPU5
01-28 23:54:18.037   442   442 I ThermalEngine: Found field 'sampling'
01-28 23:54:18.037   442   442 I ThermalEngine: Found field 'sensor'
01-28 23:54:18.037   442   442 I ThermalEngine: Found field 'device'
01-28 23:54:18.037   442   442 I ThermalEngine: Found field 'set_point'
01-28 23:54:18.037   442   442 I ThermalEngine: Found field 'set_point_clr'
01-28 23:54:18.037   442   442 I ThermalEngine: Created section 'CPU4_HOTPLUG_MONITOR'
01-28 23:54:18.037   442   442 I ThermalEngine: Algo Type 'monitor'
01-28 23:54:18.037   442   442 I ThermalEngine: Parsing section CPU4_HOTPLUG_MONITOR
01-28 23:54:18.037   442   442 I ThermalEngine: Found field 'sampling'
01-28 23:54:18.037   442   442 I ThermalEngine: Found field 'sensor'
01-28 23:54:18.037   442   442 I ThermalEngine: Found field 'thresholds'
01-28 23:54:18.037   442   442 I ThermalEngine: Found field 'thresholds_clr'
01-28 23:54:18.037   442   442 I ThermalEngine: Found field 'actions'
01-28 23:54:18.037   442   442 I ThermalEngine: Found field 'action_info'
01-28 23:54:18.037   442   442 I ThermalEngine: Created section 'CPU5_HOTPLUG_MONITOR'
01-28 23:54:18.037   442   442 I ThermalEngine: Algo Type 'monitor'
01-28 23:54:18.037   442   442 I ThermalEngine: Parsing section CPU5_HOTPLUG_MONITOR
01-28 23:54:18.037   442   442 I ThermalEngine: Found field 'sampling'
01-28 23:54:18.037   442   442 I ThermalEngine: Found field 'sensor'
01-28 23:54:18.038   442   442 I ThermalEngine: Found field 'thresholds'
01-28 23:54:18.038   442   442 I ThermalEngine: Found field 'thresholds_clr'
01-28 23:54:18.038   442   442 I ThermalEngine: Found field 'actions'
01-28 23:54:18.038   442   442 I ThermalEngine: Found field 'action_info'
01-28 23:54:18.038   442   442 I ThermalEngine: Created section 'SS-POPMEM-JUNCTION'
01-28 23:54:18.038   442   442 I ThermalEngine: Algo Type 'ss'
01-28 23:54:18.038   442   442 I ThermalEngine: Parsing section SS-POPMEM-JUNCTION
01-28 23:54:18.038   442   442 I ThermalEngine: Found field 'sampling'
01-28 23:54:18.038   442   442 I ThermalEngine: Found field 'sensor'
01-28 23:54:18.038   442   442 I ThermalEngine: Found field 'device'
01-28 23:54:18.038   442   442 I ThermalEngine: Found field 'set_point'
01-28 23:54:18.038   442   442 I ThermalEngine: Found field 'set_point_clr'
01-28 23:54:18.038   442   442 I ThermalEngine: Found field 'time_constant'
01-28 23:54:18.038   442   442 I ThermalEngine: Found section 'SS-GPU'
01-28 23:54:18.038   442   442 I ThermalEngine: Algo Type 'ss'
01-28 23:54:18.038   442   442 I ThermalEngine: Parsing section SS-GPU
01-28 23:54:18.038   442   442 I ThermalEngine: Found field 'sampling'
01-28 23:54:18.038   442   442 I ThermalEngine: Found field 'sensor'
01-28 23:54:18.038   442   442 I ThermalEngine: Found field 'device'
01-28 23:54:18.038   442   442 I ThermalEngine: Found field 'set_point'
01-28 23:54:18.038   442   442 I ThermalEngine: Found field 'set_point_clr'
01-28 23:54:18.039   442   442 I ThermalEngine: [CPU5_HOTPLUG_MONITOR]
01-28 23:54:18.039   442   442 I ThermalEngine: algo_type monitor
01-28 23:54:18.039   442   442 I ThermalEngine: sampling 1000
01-28 23:54:18.039   442   442 I ThermalEngine: sensor xo_therm_buf
01-28 23:54:18.039   442   442 I ThermalEngine: thresholds 45000
01-28 23:54:18.039   442   442 I ThermalEngine: thresholds_clr 40000
01-28 23:54:18.039   442   442 I ThermalEngine: actions hotplug_5
01-28 23:54:18.039   442   442 I ThermalEngine: action_info 1
01-28 23:54:18.039   442   442 I ThermalEngine: [CPU4_HOTPLUG_MONITOR]
01-28 23:54:18.039   442   442 I ThermalEngine: algo_type monitor
01-28 23:54:18.039   442   442 I ThermalEngine: sampling 1000
01-28 23:54:18.039   442   442 I ThermalEngine: sensor xo_therm_buf
01-28 23:54:18.039   442   442 I ThermalEngine: thresholds 42000
01-28 23:54:18.039   442   442 I ThermalEngine: thresholds_clr 37000
01-28 23:54:18.039   442   442 I ThermalEngine: actions hotplug_4
01-28 23:54:18.039   442   442 I ThermalEngine: action_info 1
01-28 23:54:18.039   442   442 I ThermalEngine: [MONITOR_QUIET_THERM_BATTERY]
01-28 23:54:18.039   442   442 I ThermalEngine: algo_type monitor
01-28 23:54:18.039   442   442 I ThermalEngine: sampling 1000
01-28 23:54:18.039   442   442 I ThermalEngine: sensor xo_therm_buf
01-28 23:54:18.039   442   442 I ThermalEngine: thresholds 38000 40000 42000 44000
01-28 23:54:18.039   442   442 I ThermalEngine: thresholds_clr 35000 38000 40000 42000
01-28 23:54:18.039   442   442 I ThermalEngine: actions battery battery battery battery
01-28 23:54:18.039   442   442 I ThermalEngine: action_info 0 1 2 3
01-28 23:54:18.039   442   442 I ThermalEngine: [GPU_management]
01-28 23:54:18.039   442   442 I ThermalEngine: algo_type monitor
01-28 23:54:18.039   442   442 I ThermalEngine: sampling 10000
01-28 23:54:18.039   442   442 I ThermalEngine: sensor xo_therm_buf
01-28 23:54:18.039   442   442 I ThermalEngine: thresholds 40000 43000 47000 50000
01-28 23:54:18.039   442   442 I ThermalEngine: thresholds_clr 37000 40000 43000 47000
01-28 23:54:18.039   442   442 I ThermalEngine: actions gpu gpu gpu gpu
01-28 23:54:18.039   442   442 I ThermalEngine: action_info 490000000 450000000 367000000 300000000
01-28 23:54:18.039   442   442 I ThermalEngine: [PMIC-ALARM-MONITOR]
01-28 23:54:18.040   442   442 I ThermalEngine: #algo_type monitor
01-28 23:54:18.040   442   442 I ThermalEngine: sampling 1000
01-28 23:54:18.040   442   442 I ThermalEngine: sensor pm8994_tz
01-28 23:54:18.040   442   442 I ThermalEngine: thresholds 107000 127000
01-28 23:54:18.040   442   442 I ThermalEngine: thresholds_clr 103000 123000
01-28 23:54:18.040   442   442 I ThermalEngine: actions hotplug_5+hotplug_4+hotplug_3+hotplug_2+hotplug_1+cluster1+cluster0 hotplug_5+hotplug_4+hotplug_3+hotplug_2+hotplug_1
01-28 23:54:18.040   442   442 I ThermalEngine: action_info 0+0+0+0+0+302400+302400 1+1+1+1+1
01-28 23:54:18.040   442   442 I ThermalEngine: [VDD_RSTR_MONITOR-TSENS14]
01-28 23:54:18.040   442   442 I ThermalEngine: #algo_type monitor
01-28 23:54:18.040   442   442 I ThermalEngine: sampling 1000
01-28 23:54:18.040   442   442 I ThermalEngine: sensor tsens_tz_sensor14
01-28 23:54:18.040   442   442 I ThermalEngine: thresholds 5000
01-28 23:54:18.040   442   442 I ThermalEngine: thresholds_clr 10000
01-28 23:54:18.040   442   442 I ThermalEngine: actions vdd_restriction
01-28 23:54:18.040   442   442 I ThermalEngine: action_info 1
01-28 23:54:18.040   442   442 I ThermalEngine: descending
01-28 23:54:18.040   442   442 I ThermalEngine: [VDD_RSTR_MONITOR-TSENS13]
01-28 23:54:18.040   442   442 I ThermalEngine: #algo_type monitor
01-28 23:54:18.040   442   442 I ThermalEngine: sampling 1000
01-28 23:54:18.040   442   442 I ThermalEngine: sensor tsens_tz_sensor13
01-28 23:54:18.040   442   442 I ThermalEngine: thresholds 5000
01-28 23:54:18.040   442   442 I ThermalEngine: thresholds_clr 10000
01-28 23:54:18.040   442   442 I ThermalEngine: actions vdd_restriction
01-28 23:54:18.040   442   442 I ThermalEngine: action_info 1
01-28 23:54:18.040   442   442 I ThermalEngine: descending
01-28 23:54:18.040   442   442 I ThermalEngine: [VDD_RSTR_MONITOR-TSENS12]
01-28 23:54:18.040   442   442 I ThermalEngine: #algo_type monitor
01-28 23:54:18.040   442   442 I ThermalEngine: sampling 1000
01-28 23:54:18.040   442   442 I ThermalEngine: sensor tsens_tz_sensor12
01-28 23:54:18.040   442   442 I ThermalEngine: thresholds 5000
01-28 23:54:18.040   442   442 I ThermalEngine: thresholds_clr 10000
01-28 23:54:18.040   442   442 I ThermalEngine: actions vdd_restriction
01-28 23:54:18.040   442   442 I ThermalEngine: action_info 1
01-28 23:54:18.040   442   442 I ThermalEngine: descending
01-28 23:54:18.040   442   442 I ThermalEngine: [VDD_RSTR_MONITOR-TSENS11]
01-28 23:54:18.040   442   442 I ThermalEngine: #algo_type monitor
01-28 23:54:18.040   442   442 I ThermalEngine: sampling 1000
01-28 23:54:18.040   442   442 I ThermalEngine: sensor tsens_tz_sensor11
01-28 23:54:18.040   442   442 I ThermalEngine: thresholds 5000
