01-28 23:54:18.511   426   426 I SurfaceFlinger: GL_MAX_TEXTURE_SIZE = 16384
01-28 23:54:18.511   426   426 I SurfaceFlinger: GL_MAX_VIEWPORT_DIMS = 16384
01-28 23:54:18.514   442   638 I ThermalEngine: ACTION: CLUSTER - Setting CLUSTER[1] to 1632000
01-28 23:54:18.514   442   638 I ThermalEngine: Mitigation:CLUSTER[1]:1632000 Khz
01-28 23:54:18.520     0     0 I ueventd : firmware: loading 'cpe.b14' for '/devices/soc.0/fe12f000.slim/tomtom-slim-pgd/tomtom_codec/firmware/cpe.b14'
01-28 23:54:18.521     0     0 I pil-q6v5-mss fc880000.qcom,mss: MBA: loading from 0x00000000caa00000 to 0x00000000cab00000
01-28 23:54:18.522   406   406 I vndksupport: sphal namespace is not configured for this process. Loading /vendor/lib64/hw/gralloc.msm8992.so from the current namespace instead.
01-28 23:54:18.531   426   426 I vndksupport: sphal namespace is not configured for this process. Loading /vendor/lib64/hw/gralloc.msm8992.so from the current namespace instead.
01-28 23:54:18.536     0     0 I msm_thermal: freq_mitigation_notify Mitigating CPU5 frequency to 768000
01-28 23:54:18.538   405   405 I qdutils : PartialUpdate status: Disabled
01-28 23:54:18.538   405   405 I qdutils : Left Align: 0
01-28 23:54:18.538   405   405 I qdutils : Width Align: 0
01-28 23:54:18.538   405   405 I qdutils : Top Align: 0
01-28 23:54:18.538   405   405 I qdutils : Height Align: 0
01-28 23:54:18.538   405   405 I qdutils : Min ROI Width: 0
01-28 23:54:18.538   405   405 I qdutils : Min ROI Height: 0
01-28 23:54:18.538   405   405 I qdutils : Needs ROI Merge: 0
01-28 23:54:18.538   405   405 I qdutils : Dynamic Fps: Enabled
01-28 23:54:18.539   405   405 I qdutils : Min Panel fps: 55
01-28 23:54:18.539   405   405 I qdutils : Max Panel fps: 60
01-28 23:54:18.544   442   638 I ThermalEngine: handle_thresh_sig: SS Id SS-CPU5, Read cpu5 91000mC
01-28 23:54:18.546   442   638 I ThermalEngine: ACTION: CLUSTER - Setting CLUSTER[1] to 1689600
01-28 23:54:18.546   442   638 I ThermalEngine: Mitigation:CLUSTER[1]:1689600 Khz
01-28 23:54:18.558   426   426 D SurfaceFlinger: Set active color mode: HAL_COLOR_MODE_NATIVE (0), type=0
01-28 23:54:18.559   406   727 E HWC2On1Adapter: [1] Mode 0 not found in mColorModes
01-28 23:54:18.559   426   426 E HWComposer: setActiveConfig: Failed to set color mode 0 on display 0: Unsupported (8)
01-28 23:54:18.576   442   638 I ThermalEngine: ACTION: CLUSTER - Setting CLUSTER[1] to 1824000
01-28 23:54:18.576   442   638 I ThermalEngine: Mitigation:CLUSTER[1]:1824000 Khz
01-28 23:54:18.576   442   638 I ThermalEngine: handle_thresh_sig: SS Id SS-CPU4, Read cpu4 83000mC
01-28 23:54:18.635     0     0 I msm_thermal: freq_mitigation_notify Removing frequency mitigation for CPU5
01-28 23:54:18.638     0     0 I pil-q6v5-mss fc880000.qcom,mss: MBA boot done
01-28 23:54:18.640     0     0 I FG      : fg_batt_profile_init: Battery SOC: 65
01-28 23:54:18.644     0     0 W healthd : battery l=65 v=3670 t=37.7 h=2 st=2 c=1335 chg=u
01-28 23:54:18.647     0     0 W healthd : battery l=65 v=3670 t=37.7 h=2 st=2 c=1335 chg=u
01-28 23:54:18.647     0     0 I ueventd : loading /devices/soc.0/fe12f000.slim/tomtom-slim-pgd/tomtom_codec/firmware/cpe.b14 took 0.127817 seconds
01-28 23:54:18.650     0     0 W healthd : battery l=65 v=3670 t=37.7 h=2 st=2 c=1335 chg=u
01-28 23:54:18.651     0     0 I ueventd : firmware: loading 'cpe.b16' for '/devices/soc.0/fe12f000.slim/tomtom-slim-pgd/tomtom_codec/firmware/cpe.b16'
01-28 23:54:18.652     0     0 I ueventd : firmware: loading 'cmnlib.mdt' for '/devices/virtual/qseecom/qseecom/cmnlib.mdt'
01-28 23:54:18.654     0     0 I ueventd : firmware: loading 'modem.b03' for '/devices/soc.0/fc880000.qcom,mss/firmware/modem.b03'
01-28 23:54:18.663   442   638 I ThermalEngine: algo_monitor: Thresh EVT
01-28 23:54:18.663   442   638 I ThermalEngine: handle_thresh_sig: SS Id SS-CPU5, Read cpu5 96000mC
01-28 23:54:18.664   442   638 I ThermalEngine: ACTION: CLUSTER - Setting CLUSTER[1] to 1689600
01-28 23:54:18.664   442   638 I ThermalEngine: Mitigation:CLUSTER[1]:1689600 Khz
01-28 23:54:18.667   442   638 I ThermalEngine: algo_monitor: Thresh EVT
01-28 23:54:18.667   442   638 I ThermalEngine: handle_thresh_sig: SS Id SS-CPU4, Read cpu4 96000mC
01-28 23:54:18.667   442   638 I ThermalEngine: ACTION: CLUSTER - Setting CLUSTER[1] to 1824000
01-28 23:54:18.667   442   638 I ThermalEngine: Mitigation:CLUSTER[1]:1824000 Khz
01-28 23:54:18.667   442   638 I ThermalEngine: handle_thresh_sig: SS Id SS-CPU5, Read cpu5 96000mC
01-28 23:54:18.668   442   638 I ThermalEngine: ACTION: CLUSTER - Setting CLUSTER[1] to 1689600
01-28 23:54:18.668   442   638 I ThermalEngine: Mitigation:CLUSTER[1]:1689600 Khz
01-28 23:54:18.690     0     0 I ueventd : loading /devices/soc.0/fe12f000.slim/tomtom-slim-pgd/tomtom_codec/firmware/cpe.b16 took 0.0390274 seconds
01-28 23:54:18.690     0     0 I ueventd : loading /devices/virtual/qseecom/qseecom/cmnlib.mdt took 0.0378003 seconds
01-28 23:54:18.690     0     0 I ueventd : loading /devices/soc.0/fc880000.qcom,mss/firmware/modem.b03 took 0.0365577 seconds
01-28 23:54:18.692     0     0 I ueventd : firmware: loading 'cmnlib.b00' for '/devices/virtual/qseecom/qseecom/cmnlib.b00'
01-28 23:54:18.693     0     0 I ueventd : firmware: loading 'modem.b04' for '/devices/soc.0/fc880000.qcom,mss/firmware/modem.b04'
01-28 23:54:18.695     0     0 I ueventd : firmware: loading 'cpe.b18' for '/devices/soc.0/fe12f000.slim/tomtom-slim-pgd/tomtom_codec/firmware/cpe.b18'
01-28 23:54:18.695   445   445 I libmdmdetect: ESOC framework not supported
01-28 23:54:18.696   445   445 I libmdmdetect: Found internal modem: modem
01-28 23:54:18.696   445   445 I         : ServiceManager: 0x7d30a3edc0
01-28 23:54:18.696   445   445 I ConnectionManagerService: ConnectionManagerService::instantiate()
01-28 23:54:18.697   445   445 I ConnectionManagerService: ConnectionManagerService started: pid = 445
01-28 23:54:18.698   442   638 I ThermalEngine: ACTION: CLUSTER - Setting CLUSTER[1] to 1632000
01-28 23:54:18.698   442   638 I ThermalEngine: Mitigation:CLUSTER[1]:1632000 Khz
01-28 23:54:18.723     0     0 I ueventd : loading /devices/virtual/qseecom/qseecom/cmnlib.b00 took 0.0309952 seconds
01-28 23:54:18.726     0     0 I ueventd : firmware: loading 'cmnlib.b01' for '/devices/virtual/qseecom/qseecom/cmnlib.b01'
01-28 23:54:18.726     0     0 I ueventd : loading /devices/soc.0/fe12f000.slim/tomtom-slim-pgd/tomtom_codec/firmware/cpe.b18 took 0.0308906 seconds
01-28 23:54:18.727     0     0 I ueventd : loading /devices/virtual/qseecom/qseecom/cmnlib.b01 took 0.00152948 seconds
01-28 23:54:18.729     0     0 I ueventd : loading /devices/soc.0/fc880000.qcom,mss/firmware/modem.b04 took 0.0363463 seconds
01-28 23:54:18.730     0     0 I ueventd : firmware: loading 'cpe.b20' for '/devices/soc.0/fe12f000.slim/tomtom-slim-pgd/tomtom_codec/firmware/cpe.b20'
01-28 23:54:18.731     0     0 I ueventd : loading /devices/soc.0/fe12f000.slim/tomtom-slim-pgd/tomtom_codec/firmware/cpe.b20 took 0.00148365 seconds
01-28 23:54:18.732     0     0 I ueventd : firmware: loading 'cmnlib.b02' for '/devices/virtual/qseecom/qseecom/cmnlib.b02'
01-28 23:54:18.732     0     0 I ueventd : firmware: loading 'modem.b05' for '/devices/soc.0/fc880000.qcom,mss/firmware/modem.b05'
01-28 23:54:18.733     0     0 I ueventd : firmware: loading 'cpe.b21' for '/devices/soc.0/fe12f000.slim/tomtom-slim-pgd/tomtom_codec/firmware/cpe.b21'
01-28 23:54:18.736     0     0 I ueventd : loading /devices/virtual/qseecom/qseecom/cmnlib.b02 took 0.00444068 seconds
01-28 23:54:18.741     0     0 I ueventd : loading /devices/soc.0/fe12f000.slim/tomtom-slim-pgd/tomtom_codec/firmware/cpe.b21 took 0.00728125 seconds
01-28 23:54:18.754     0     0 I ueventd : firmware: loading 'cmnlib.b03' for '/devices/virtual/qseecom/qseecom/cmnlib.b03'
01-28 23:54:18.759   442   638 I ThermalEngine: ACTION: CLUSTER - Setting CLUSTER[1] to 1689600
01-28 23:54:18.759   442   638 I ThermalEngine: Mitigation:CLUSTER[1]:1689600 Khz
01-28 23:54:18.759   442   638 I ThermalEngine: handle_thresh_sig: SS Id SS-CPU4, Read cpu4 86000mC
01-28 23:54:18.766     0     0 I ueventd : loading /devices/virtual/qseecom/qseecom/cmnlib.b03 took 0.0220819 seconds
01-28 23:54:18.766     0     0 I ueventd : loading /devices/soc.0/fc880000.qcom,mss/firmware/modem.b05 took 0.0350692 seconds
01-28 23:54:18.768     0     0 I ueventd : firmware: loading 'modem.b06' for '/devices/soc.0/fc880000.qcom,mss/firmware/modem.b06'
01-28 23:54:18.771     0     0 I ueventd : firmware: loading 'cmnlib.mdt' for '/devices/virtual/qseecom/qseecom/cmnlib.mdt'
01-28 23:54:18.775     0     0 I ueventd : loading /devices/virtual/qseecom/qseecom/cmnlib.mdt took 0.0035637 seconds
01-28 23:54:18.783     0     0 I ueventd : firmware: loading 'cmnlib.b00' for '/devices/virtual/qseecom/qseecom/cmnlib.b00'
01-28 23:54:18.784     0     0 I ueventd : loading /devices/virtual/qseecom/qseecom/cmnlib.b00 took 0.000609791 seconds
01-28 23:54:18.787   442   638 I ThermalEngine: algo_monitor: Thresh EVT
01-28 23:54:18.787   442   638 I ThermalEngine: handle_thresh_sig: SS Id SS-CPU4, Read cpu4 96000mC
01-28 23:54:18.788   442   638 I ThermalEngine: ACTION: CLUSTER - Setting CLUSTER[1] to 1824000
01-28 23:54:18.788   442   638 I ThermalEngine: Mitigation:CLUSTER[1]:1824000 Khz
01-28 23:54:18.788   442   638 I ThermalEngine: handle_thresh_sig: SS Id SS-CPU5, Read cpu5 100000mC
01-28 23:54:18.788   442   638 I ThermalEngine: ACTION: CLUSTER - Setting CLUSTER[1] to 1689600
01-28 23:54:18.788   442   638 I ThermalEngine: Mitigation:CLUSTER[1]:1689600 Khz
01-28 23:54:18.791     0     0 I ueventd : firmware: loading 'cmnlib.b01' for '/devices/virtual/qseecom/qseecom/cmnlib.b01'
01-28 23:54:18.791     0     0 I ueventd : loading /devices/soc.0/fc880000.qcom,mss/firmware/modem.b06 took 0.0228053 seconds
01-28 23:54:18.791     0     0 I msm_thermal: freq_mitigation_notify Mitigating CPU5 frequency to 768000
01-28 23:54:18.796     0     0 I ueventd : loading /devices/virtual/qseecom/qseecom/cmnlib.b01 took 0.00521328 seconds
01-28 23:54:18.797     0     0 I ueventd : firmware: loading 'cmnlib.b02' for '/devices/virtual/qseecom/qseecom/cmnlib.b02'
01-28 23:54:18.797     0     0 I ueventd : loading /devices/virtual/qseecom/qseecom/cmnlib.b02 took 0.00100542 seconds
01-28 23:54:18.798     0     0 I ueventd : firmware: loading 'modem.b07' for '/devices/soc.0/fc880000.qcom,mss/firmware/modem.b07'
01-28 23:54:18.800     0     0 I ueventd : firmware: loading 'cmnlib.b03' for '/devices/virtual/qseecom/qseecom/cmnlib.b03'
01-28 23:54:18.800     0     0 I ueventd : loading /devices/virtual/qseecom/qseecom/cmnlib.b03 took 0.000476354 seconds
01-28 23:54:18.804     0     0 I init    : Service 'qcom-sh' (pid 463) exited with status 0
01-28 23:54:18.806     0     0 I ueventd : loading /devices/soc.0/fc880000.qcom,mss/firmware/modem.b07 took 0.00815151 seconds
01-28 23:54:18.806     0     0 I ueventd : firmware: loading 'modem.b08' for '/devices/soc.0/fc880000.qcom,mss/firmware/modem.b08'
01-28 23:54:18.815     0     0 I ueventd : loading /devices/soc.0/fc880000.qcom,mss/firmware/modem.b08 took 0.00925474 seconds
01-28 23:54:18.817     0     0 I ueventd : firmware: loading 'modem.b09' for '/devices/soc.0/fc880000.qcom,mss/firmware/modem.b09'
01-28 23:54:18.818   442   638 I ThermalEngine: handle_thresh_sig: SS Id SS-CPU5, Read cpu5 85000mC
01-28 23:54:18.819   442   638 I ThermalEngine: ACTION: CLUSTER - Setting CLUSTER[1] to 1824000
01-28 23:54:18.819   442   638 I ThermalEngine: Mitigation:CLUSTER[1]:1824000 Khz
01-28 23:54:18.819   442   638 I ThermalEngine: handle_thresh_sig: SS Id SS-CPU4, Read cpu4 84000mC
01-28 23:54:18.832     0     0 I ueventd : loading /devices/soc.0/fc880000.qcom,mss/firmware/modem.b09 took 0.0153176 seconds
01-28 23:54:18.833     0     0 I ueventd : firmware: loading 'modem.b10' for '/devices/soc.0/fc880000.qcom,mss/firmware/modem.b10'
01-28 23:54:18.911     0     0 I msm_thermal: freq_mitigation_notify Removing frequency mitigation for CPU5
01-28 23:54:18.924   353   353 E ActivityRecognitionHardware: activity_recognition HAL is deprecated. class_init is effectively a no-op
01-28 23:54:18.927     0     0 I ueventd : loading /devices/soc.0/fc880000.qcom,mss/firmware/modem.b10 took 0.0944777 seconds
01-28 23:54:18.929     0     0 I ueventd : firmware: loading 'modem.b11' for '/devices/soc.0/fc880000.qcom,mss/firmware/modem.b11'
01-28 23:54:18.929   442   638 I ThermalEngine: algo_monitor: Thresh EVT
01-28 23:54:18.929   442   638 I ThermalEngine: handle_thresh_sig: SS Id SS-CPU5, Read cpu5 96000mC
01-28 23:54:18.930   442   638 I ThermalEngine: ACTION: CLUSTER - Setting CLUSTER[1] to 1689600
01-28 23:54:18.930   442   638 I ThermalEngine: Mitigation:CLUSTER[1]:1689600 Khz
01-28 23:54:18.939     0     0 W QSEECOM : qseecom_load_app: App (kmota) does'nt exist, loading apps for first time
01-28 23:54:18.936   442   638 I ThermalEngine: algo_monitor: Thresh EVT
01-28 23:54:18.938   442   638 I ThermalEngine: handle_thresh_sig: SS Id SS-CPU4, Read cpu4 96000mC
01-28 23:54:18.938   442   638 I ThermalEngine: ACTION: CLUSTER - Setting CLUSTER[1] to 1824000
01-28 23:54:18.938   442   638 I ThermalEngine: Mitigation:CLUSTER[1]:1824000 Khz
01-28 23:54:18.939     0     0 W QSEECOM : qseecom_load_app: App (kmota) does'nt exist, loading apps for first time
01-28 23:54:18.939   442   638 I ThermalEngine: handle_thresh_sig: SS Id SS-CPU5, Read cpu5 97000mC
01-28 23:54:18.939     0     0 W QSEECOM : qseecom_load_app: App (kmota) does'nt exist, loading apps for first time
01-28 23:54:18.939   442   638 I ThermalEngine: ACTION: CLUSTER - Setting CLUSTER[1] to 1689600
01-28 23:54:18.939   442   638 I ThermalEngine: Mitigation:CLUSTER[1]:1689600 Khz
01-28 23:54:18.939     0     0 W QSEECOM : qseecom_load_app: App (kmota) does'nt exist, loading apps for first time
01-28 23:54:18.959   353   353 I zygote64: Thread[1,tid=353,Native,Thread*=0x7982ebea00,peer=0x12c01c88,"main"] recursive attempt to load library "/system/lib64/libmedia_jni.so"
01-28 23:54:18.960   353   353 D MtpDeviceJNI: register_android_mtp_MtpDevice
01-28 23:54:18.961   353   353 I zygote64: Thread[1,tid=353,Native,Thread*=0x7982ebea00,peer=0x12c01c88,"main"] recursive attempt to load library "/system/lib64/libmedia_jni.so"
01-28 23:54:18.970     0     0 I msm_thermal: freq_mitigation_notify Mitigating CPU5 frequency to 768000
01-28 23:54:18.961   353   353 I zygote64: Thread[1,tid=353,Native,Thread*=0x7982ebea00,peer=0x12c01c88,"main"] recursive attempt to load library "/system/lib64/libmedia_jni.so"
01-28 23:54:18.970   442   638 I ThermalEngine: handle_thresh_sig: SS Id SS-CPU5, Read cpu5 95000mC
01-28 23:54:18.970   442   638 I ThermalEngine: ACTION: CLUSTER - Setting CLUSTER[1] to 1824000
01-28 23:54:18.970   442   638 I ThermalEngine: Mitigation:CLUSTER[1]:1824000 Khz
01-28 23:54:18.970   442   638 I ThermalEngine: handle_thresh_sig: SS Id SS-CPU4, Read cpu4 94000mC
01-28 23:54:18.982   438   438 E QC-QMI  : qmi_client [438]: unable to connect to server, errno=[2:No such file or directory], attempt=2
01-28 23:54:18.992   424   424 E QC-QMI  : qmi_client [424]: unable to connect to server, errno=[2:No such file or directory], attempt=2
01-28 23:54:19.002     0     0 I ueventd : loading /devices/soc.0/fc880000.qcom,mss/firmware/modem.b11 took 0.0729133 seconds
01-28 23:54:19.004     0     0 I ueventd : firmware: loading 'modem.b12' for '/devices/soc.0/fc880000.qcom,mss/firmware/modem.b12'
01-28 23:54:19.007   353   353 D TelephonyManager: No /proc/cmdline exception=java.io.FileNotFoundException: /proc/cmdline (Permission denied)
01-28 23:54:19.008   353   353 D TelephonyManager: /proc/cmdline=
01-28 23:54:19.016   404   404 D QSEECOMAPI: : Loaded image: APP id = 3
01-28 23:54:19.016   646   646 D QSEECOMAPI: : Loaded image: APP id = 3
01-28 23:54:19.017   464   464 D QSEECOMAPI: : Loaded image: APP id = 3
01-28 23:54:19.018   646   646 D QSEECOMD: :  Keymaster/ kmota loaded
01-28 23:54:19.020     0     0 W QSEECOM : qseecom_load_app: App with id 3 (kmota) now loaded
01-28 23:54:19.021     0     0 W audit   : audit_lost=250 audit_rate_limit=20 audit_backlog_limit=64
01-28 23:54:19.021     0     0 E audit   : rate limit exceeded
01-28 23:54:19.019   646   646 D QSEECOMD: : QSEECOM DAEMON RUNNING 
01-28 23:54:19.020     0     0 W QSEECOM : qseecom_load_app: App with id 3 (kmota) now loaded
01-28 23:54:19.021     0     0 W audit   : audit_lost=250 audit_rate_limit=20 audit_backlog_limit=64
01-28 23:54:19.021     0     0 E audit   : rate limit exceeded
01-28 23:54:19.019   437   437 I libmdmdetect: ESOC framework not supported
01-28 23:54:19.019   437   437 I libmdmdetect: Found internal modem: modem
01-28 23:54:19.020     0     0 W QSEECOM : qseecom_load_app: App with id 3 (kmota) now loaded
01-28 23:54:19.021     0     0 W audit   : audit_lost=250 audit_rate_limit=20 audit_backlog_limit=64
01-28 23:54:19.021     0     0 E audit   : rate limit exceeded
01-28 23:54:19.020   404   404 I ServiceManagement: Removing namespace from process name android.hardware.gatekeeper@1.0-service to gatekeeper@1.0-.
01-28 23:54:19.021     0     0 W audit   : audit_lost=250 audit_rate_limit=20 audit_backlog_limit=64
01-28 23:54:19.021     0     0 E audit   : rate limit exceeded
01-28 23:54:19.021   442   590 E QC-QMI  : qmi_client [442]: unable to connect to server, errno=[2:No such file or directory], attempt=2
01-28 23:54:19.023   404   404 I android.hardware.gatekeeper@1.0-service: Registration complete for android.hardware.gatekeeper@1.0::IGatekeeper/default.
01-28 23:54:19.024   437   437 D RILD    : RIL_Init argc = 5 clientId = 2
01-28 23:54:19.032   437   437 E RILQ    : log to /data/misc/radio/ril_log for QCRIL logging is not enabled
01-28 23:54:19.033   437   437 E Diag_Lib:  Diag_LSM_Init: Failed to open handle to diag driver, error = 13
01-28 23:54:19.033   437   437 E RILQ    : Fail to initialize Diag for QCRIL logging
01-28 23:54:19.036   460   460 I libmdmdetect: ESOC framework not supported
01-28 23:54:19.037   460   460 I libmdmdetect: Found internal modem: modem
01-28 23:54:19.041   460   460 D RILD    : RIL_Init argc = 5 clientId = 0
01-28 23:54:19.041   460   460 E RILQ    : log to /data/misc/radio/ril_log for QCRIL logging is not enabled
01-28 23:54:19.041   460   460 E Diag_Lib:  Diag_LSM_Init: Failed to open handle to diag driver, error = 13
01-28 23:54:19.041   460   460 E RILQ    : Fail to initialize Diag for QCRIL logging
01-28 23:54:19.044   437   437 I libmdmdetect: ESOC framework not supported
01-28 23:54:19.044   437   437 I libmdmdetect: Found internal modem: modem
01-28 23:54:19.050     0     0 I msm_thermal: freq_mitigation_notify Removing frequency mitigation for CPU5
01-28 23:54:19.051   442   637 I ThermalEngine: handle_thresh_sig: TM Id MONITOR_QUIET_THERM_BATTERY Sensor xo_therm_buf Temp 42000
01-28 23:54:19.051   442   637 I ThermalEngine: TM Id 'MONITOR_QUIET_THERM_BATTERY' Sensor 'xo_therm_buf' - alarm raised 3 at 42.0 degC
01-28 23:54:19.051   442   637 I ThermalEngine: j=0 i=2 TM Id MONITOR_QUIET_THERM_BATTERY Sensor xo_therm_buf: Action battery value 2
01-28 23:54:19.052   442   637 I ThermalEngine: ACTION: BATTERY - Setting battery charging mitigation to 2
01-28 23:54:19.052   442   637 I ThermalEngine: Mitigation:Battery:2
01-28 23:54:19.056     0     0 W _cpu_up : attempt to bring up CPU 4 failed
01-28 23:54:19.056     0     0 E qpnp-smbcharger-23: Cannot find 0ma current_table
01-28 23:54:19.066     0     0 I ueventd : loading /devices/soc.0/fc880000.qcom,mss/firmware/modem.b12 took 0.0629192 seconds
01-28 23:54:19.069     0     0 I ueventd : firmware: loading 'modem.b13' for '/devices/soc.0/fc880000.qcom,mss/firmware/modem.b13'
01-28 23:54:19.118     0     0 I ueventd : loading /devices/soc.0/fc880000.qcom,mss/firmware/modem.b13 took 0.0492203 seconds
01-28 23:54:19.120     0     0 I ueventd : firmware: loading 'modem.b14' for '/devices/soc.0/fc880000.qcom,mss/firmware/modem.b14'
01-28 23:54:19.123   426   426 D SurfaceFlinger: shader cache generated - 24 shaders in 562.308105 ms
01-28 23:54:19.126   426   426 D SurfaceFlinger: Set power mode=2, type=0 flinger=0x732ec5e000
01-28 23:54:19.126   406   406 D qdhwcomposer: hwc_setPowerMode: Setting mode 2 on display: 0
01-28 23:54:19.130     0     0 I init    : computing context for service 'bootanim'
01-28 23:54:19.130     0     0 I init    : starting service 'bootanim'...
01-28 23:54:19.126   406   406 D qdhwcomposer: hwc_setPowerMode: Done setting mode 2 on display 0
01-28 23:54:19.126   406   689 I qdhwcomposer: handle_blank_event: dpy:0 panel power state: 1
01-28 23:54:19.130     0     0 I init    : computing context for service 'bootanim'
01-28 23:54:19.130     0     0 I init    : starting service 'bootanim'...
01-28 23:54:19.145   353   353 I System  : Loaded time zone names for "" in 26ms (25ms in ICU)
01-28 23:54:19.154   406   727 D qdutils : DEBUG_CALC_FPS: 0
01-28 23:54:19.155   353   353 I System  : Loaded time zone names for "en_US" in 10ms (9ms in ICU)
01-28 23:54:19.156   406   727 D qdutils : period: 10
01-28 23:54:19.158   406   727 D qdutils : ignorethresh_us: 500000
01-28 23:54:19.171     0     0 I ueventd : fixup /sys/devices/soc.0/f9927000.i2c/i2c-13/13-0008/iio:device2/accel_offset_data 1000 1000 660
01-28 23:54:19.171     0     0 I ueventd : fixup /sys/devices/soc.0/f9927000.i2c/i2c-13/13-0008/iio:device2/magn_offset_data 1000 1000 660
01-28 23:54:19.171     0     0 I ueventd : fixup /sys/devices/soc.0/f9927000.i2c/i2c-13/13-0008/iio:device2/gyro_offset_data 1000 1000 660
01-28 23:54:19.171     0     0 I ueventd : fixup /sys/devices/soc.0/f9927000.i2c/i2c-13/13-0008/iio:device2/flush 1000 1000 660
01-28 23:54:19.172     0     0 I ueventd : fixup /sys/devices/soc.0/f9927000.i2c/i2c-13/13-0008/iio:device2/force_magn_calibration 1000 1000 660
01-28 23:54:19.172     0     0 I         : st_hub_accel_probe +
01-28 23:54:19.173     0     0 I ueventd : loading /devices/soc.0/fc880000.qcom,mss/firmware/modem.b14 took 0.052905 seconds
01-28 23:54:19.190   353   353 I Zygote  : ...preloaded 4570 classes in 955ms.
01-28 23:54:19.191   353   353 I zygote64: VMRuntime.preloadDexCaches starting
01-28 23:54:19.210     0     0 I ueventd : firmware: loading 'modem.b18' for '/devices/soc.0/fc880000.qcom,mss/firmware/modem.b18'
01-28 23:54:19.211     0     0 I         : st_hub_accel_probe -
01-28 23:54:19.214     0     0 I ueventd : fixup /sys/devices/soc.0/f9927000.i2c/i2c-13/13-0008/lsm6db0_accel.0/iio:device3/buffer/enable 1000 1000 660
01-28 23:54:19.215     0     0 I ueventd : fixup /sys/devices/soc.0/f9927000.i2c/i2c-13/13-0008/lsm6db0_accel.0/iio:device3/buffer/length 1000 1000 660
01-28 23:54:19.215     0     0 I ueventd : fixup /sys/devices/soc.0/f9927000.i2c/i2c-13/13-0008/lsm6db0_accel.0/iio:device3/sampling_frequency 1000 1000 660
01-28 23:54:19.215     0     0 I ueventd : fixup /sys/devices/soc.0/f9927000.i2c/i2c-13/13-0008/lsm6db0_accel.0/iio:device3/batch_mode 1000 1000 660
01-28 23:54:19.215     0     0 I ueventd : fixup /sys/devices/soc.0/f9927000.i2c/i2c-13/13-0008/lsm6db0_accel.0/iio:device3/batch_mode_timeout 1000 1000 660
01-28 23:54:19.215     0     0 I ueventd : fixup /sys/devices/soc.0/f9927000.i2c/i2c-13/13-0008/lsm6db0_accel.0/iio:device3/scan_elements/in_accel_x_en 1000 1000 660
01-28 23:54:19.215     0     0 I ueventd : fixup /sys/devices/soc.0/f9927000.i2c/i2c-13/13-0008/lsm6db0_accel.0/iio:device3/scan_elements/in_accel_y_en 1000 1000 660
01-28 23:54:19.215     0     0 I ueventd : fixup /sys/devices/soc.0/f9927000.i2c/i2c-13/13-0008/lsm6db0_accel.0/iio:device3/scan_elements/in_accel_z_en 1000 1000 660
01-28 23:54:19.215     0     0 I ueventd : fixup /sys/devices/soc.0/f9927000.i2c/i2c-13/13-0008/lsm6db0_accel.0/iio:device3/scan_elements/in_timestamp_en 1000 1000 660
01-28 23:54:19.215     0     0 I ueventd : fixup /sys/devices/soc.0/f9927000.i2c/i2c-13/13-0008/lsm6db0_accel.0/iio:device3/in_accel_x_scale 1000 1000 660
01-28 23:54:19.215     0     0 I ueventd : fixup /sys/devices/soc.0/f9927000.i2c/i2c-13/13-0008/lsm6db0_accel.0/iio:device3/in_accel_y_scale 1000 1000 660
01-28 23:54:19.215     0     0 I ueventd : fixup /sys/devices/soc.0/f9927000.i2c/i2c-13/13-0008/lsm6db0_accel.0/iio:device3/in_accel_z_scale 1000 1000 660
01-28 23:54:19.216     0     0 I ueventd : loading /devices/soc.0/fc880000.qcom,mss/firmware/modem.b18 took 0.00630328 seconds
01-28 23:54:19.220     0     0 I ueventd : firmware: loading 'modem.b19' for '/devices/soc.0/fc880000.qcom,mss/firmware/modem.b19'
01-28 23:54:19.224     0     0 I ueventd : loading /devices/soc.0/fc880000.qcom,mss/firmware/modem.b19 took 0.00480906 seconds
01-28 23:54:19.226     0     0 I ueventd : firmware: loading 'modem.b20' for '/devices/soc.0/fc880000.qcom,mss/firmware/modem.b20'
01-28 23:54:19.255     0     0 I ueventd : fixup /sys/devices/soc.0/f9927000.i2c/i2c-13/13-0008/lsm6db0_magn.0/iio:device4/buffer/enable 1000 1000 660
01-28 23:54:19.255     0     0 I ueventd : fixup /sys/devices/soc.0/f9927000.i2c/i2c-13/13-0008/lsm6db0_magn.0/iio:device4/buffer/length 1000 1000 660
01-28 23:54:19.255     0     0 I ueventd : fixup /sys/devices/soc.0/f9927000.i2c/i2c-13/13-0008/lsm6db0_magn.0/iio:device4/sampling_frequency 1000 1000 660
01-28 23:54:19.255     0     0 I ueventd : fixup /sys/devices/soc.0/f9927000.i2c/i2c-13/13-0008/lsm6db0_magn.0/iio:device4/batch_mode 1000 1000 660
01-28 23:54:19.255     0     0 I ueventd : fixup /sys/devices/soc.0/f9927000.i2c/i2c-13/13-0008/lsm6db0_magn.0/iio:device4/batch_mode_timeout 1000 1000 660
01-28 23:54:19.255     0     0 I ueventd : fixup /sys/devices/soc.0/f9927000.i2c/i2c-13/13-0008/lsm6db0_magn.0/iio:device4/scan_elements/in_magn_x_en 1000 1000 660
01-28 23:54:19.255     0     0 I ueventd : fixup /sys/devices/soc.0/f9927000.i2c/i2c-13/13-0008/lsm6db0_magn.0/iio:device4/scan_elements/in_magn_y_en 1000 1000 660
01-28 23:54:19.255     0     0 I ueventd : fixup /sys/devices/soc.0/f9927000.i2c/i2c-13/13-0008/lsm6db0_magn.0/iio:device4/scan_elements/in_magn_z_en 1000 1000 660
01-28 23:54:19.256     0     0 I ueventd : fixup /sys/devices/soc.0/f9927000.i2c/i2c-13/13-0008/lsm6db0_magn.0/iio:device4/scan_elements/in_magn_accuracy_en 1000 1000 660
01-28 23:54:19.256     0     0 I ueventd : fixup /sys/devices/soc.0/f9927000.i2c/i2c-13/13-0008/lsm6db0_magn.0/iio:device4/scan_elements/in_timestamp_en 1000 1000 660
01-28 23:54:19.256     0     0 I ueventd : fixup /sys/devices/soc.0/f9927000.i2c/i2c-13/13-0008/lsm6db0_magn.0/iio:device4/in_magn_x_scale 1000 1000 660
01-28 23:54:19.256     0     0 I ueventd : fixup /sys/devices/soc.0/f9927000.i2c/i2c-13/13-0008/lsm6db0_magn.0/iio:device4/in_magn_y_scale 1000 1000 660
01-28 23:54:19.256     0     0 I ueventd : fixup /sys/devices/soc.0/f9927000.i2c/i2c-13/13-0008/lsm6db0_magn.0/iio:device4/in_magn_z_scale 1000 1000 660
01-28 23:54:19.256     0     0 I ueventd : fixup /sys/devices/soc.0/f9927000.i2c/i2c-13/13-0008/lsm6db0_magn.0/iio:device4/force_magn_calibration 1000 1000 660
01-28 23:54:19.267     0     0 I ueventd : loading /devices/soc.0/fc880000.qcom,mss/firmware/modem.b20 took 0.0417039 seconds
01-28 23:54:19.269     0     0 I ueventd : firmware: loading 'modem.b22' for '/devices/soc.0/fc880000.qcom,mss/firmware/modem.b22'
01-28 23:54:19.279     0     0 I ueventd : loading /devices/soc.0/fc880000.qcom,mss/firmware/modem.b22 took 0.00996839 seconds
01-28 23:54:19.295     0     0 I ueventd : fixup /sys/devices/soc.0/f9927000.i2c/i2c-13/13-0008/lsm6db0_gyro.0/iio:device5/buffer/enable 1000 1000 660
01-28 23:54:19.295     0     0 I ueventd : fixup /sys/devices/soc.0/f9927000.i2c/i2c-13/13-0008/lsm6db0_gyro.0/iio:device5/buffer/length 1000 1000 660
01-28 23:54:19.295     0     0 I ueventd : fixup /sys/devices/soc.0/f9927000.i2c/i2c-13/13-0008/lsm6db0_gyro.0/iio:device5/sampling_frequency 1000 1000 660
01-28 23:54:19.295     0     0 I ueventd : fixup /sys/devices/soc.0/f9927000.i2c/i2c-13/13-0008/lsm6db0_gyro.0/iio:device5/batch_mode 1000 1000 660
01-28 23:54:19.295     0     0 I ueventd : fixup /sys/devices/soc.0/f9927000.i2c/i2c-13/13-0008/lsm6db0_gyro.0/iio:device5/batch_mode_timeout 1000 1000 660
01-28 23:54:19.295     0     0 I ueventd : fixup /sys/devices/soc.0/f9927000.i2c/i2c-13/13-0008/lsm6db0_gyro.0/iio:device5/scan_elements/in_anglvel_x_en 1000 1000 660
01-28 23:54:19.295     0     0 I ueventd : fixup /sys/devices/soc.0/f9927000.i2c/i2c-13/13-0008/lsm6db0_gyro.0/iio:device5/scan_elements/in_anglvel_y_en 1000 1000 660
01-28 23:54:19.295     0     0 I ueventd : fixup /sys/devices/soc.0/f9927000.i2c/i2c-13/13-0008/lsm6db0_gyro.0/iio:device5/scan_elements/in_anglvel_z_en 1000 1000 660
01-28 23:54:19.295     0     0 I ueventd : fixup /sys/devices/soc.0/f9927000.i2c/i2c-13/13-0008/lsm6db0_gyro.0/iio:device5/scan_elements/in_timestamp_en 1000 1000 660
01-28 23:54:19.295     0     0 I ueventd : fixup /sys/devices/soc.0/f9927000.i2c/i2c-13/13-0008/lsm6db0_gyro.0/iio:device5/in_anglvel_x_scale 1000 1000 660
01-28 23:54:19.295     0     0 I ueventd : fixup /sys/devices/soc.0/f9927000.i2c/i2c-13/13-0008/lsm6db0_gyro.0/iio:device5/in_anglvel_y_scale 1000 1000 660
01-28 23:54:19.296     0     0 I ueventd : fixup /sys/devices/soc.0/f9927000.i2c/i2c-13/13-0008/lsm6db0_gyro.0/iio:device5/in_anglvel_z_scale 1000 1000 660
01-28 23:54:19.289   353   353 I zygote64: VMRuntime.preloadDexCaches strings total=306948 before=2970 after=2970
01-28 23:54:19.290   353   353 I zygote64: VMRuntime.preloadDexCaches types total=26200 before=2679 after=3317
01-28 23:54:19.290   353   353 I zygote64: VMRuntime.preloadDexCaches fields total=124079 before=2165 after=1211
01-28 23:54:19.290   353   353 I zygote64: VMRuntime.preloadDexCaches methods total=220019 before=87665 after=87763
01-28 23:54:19.290   353   353 I zygote64: VMRuntime.preloadDexCaches finished
01-28 23:54:19.290   353   353 D Zygote64Timing: PreloadClasses took to complete: 1056ms
01-28 23:54:19.295     0     0 I ueventd : fixup /sys/devices/soc.0/f9927000.i2c/i2c-13/13-0008/lsm6db0_gyro.0/iio:device5/buffer/enable 1000 1000 660
01-28 23:54:19.295     0     0 I ueventd : fixup /sys/devices/soc.0/f9927000.i2c/i2c-13/13-0008/lsm6db0_gyro.0/iio:device5/buffer/length 1000 1000 660
01-28 23:54:19.295     0     0 I ueventd : fixup /sys/devices/soc.0/f9927000.i2c/i2c-13/13-0008/lsm6db0_gyro.0/iio:device5/sampling_frequency 1000 1000 660
01-28 23:54:19.295     0     0 I ueventd : fixup /sys/devices/soc.0/f9927000.i2c/i2c-13/13-0008/lsm6db0_gyro.0/iio:device5/batch_mode 1000 1000 660
01-28 23:54:19.295     0     0 I ueventd : fixup /sys/devices/soc.0/f9927000.i2c/i2c-13/13-0008/lsm6db0_gyro.0/iio:device5/batch_mode_timeout 1000 1000 660
01-28 23:54:19.295     0     0 I ueventd : fixup /sys/devices/soc.0/f9927000.i2c/i2c-13/13-0008/lsm6db0_gyro.0/iio:device5/scan_elements/in_anglvel_x_en 1000 1000 660
01-28 23:54:19.295     0     0 I ueventd : fixup /sys/devices/soc.0/f9927000.i2c/i2c-13/13-0008/lsm6db0_gyro.0/iio:device5/scan_elements/in_anglvel_y_en 1000 1000 660
01-28 23:54:19.295     0     0 I ueventd : fixup /sys/devices/soc.0/f9927000.i2c/i2c-13/13-0008/lsm6db0_gyro.0/iio:device5/scan_elements/in_anglvel_z_en 1000 1000 660
01-28 23:54:19.295     0     0 I ueventd : fixup /sys/devices/soc.0/f9927000.i2c/i2c-13/13-0008/lsm6db0_gyro.0/iio:device5/scan_elements/in_timestamp_en 1000 1000 660
01-28 23:54:19.295     0     0 I ueventd : fixup /sys/devices/soc.0/f9927000.i2c/i2c-13/13-0008/lsm6db0_gyro.0/iio:device5/in_anglvel_x_scale 1000 1000 660
01-28 23:54:19.295     0     0 I ueventd : fixup /sys/devices/soc.0/f9927000.i2c/i2c-13/13-0008/lsm6db0_gyro.0/iio:device5/in_anglvel_y_scale 1000 1000 660
01-28 23:54:19.296     0     0 I ueventd : fixup /sys/devices/soc.0/f9927000.i2c/i2c-13/13-0008/lsm6db0_gyro.0/iio:device5/in_anglvel_z_scale 1000 1000 660
01-28 23:54:19.302     0     0 I ueventd : fixup /sys/devices/soc.0/f9927000.i2c/i2c-13/13-0008/lsm6db0_sign_motion.0/iio:device6/buffer/enable 1000 1000 660
01-28 23:54:19.302     0     0 I ueventd : fixup /sys/devices/soc.0/f9927000.i2c/i2c-13/13-0008/lsm6db0_sign_motion.0/iio:device6/buffer/length 1000 1000 660
01-28 23:54:19.302     0     0 I ueventd : fixup /sys/devices/soc.0/f9927000.i2c/i2c-13/13-0008/lsm6db0_sign_motion.0/iio:device6/scan_elements/in_sign_motion_en 1000 1000 660
01-28 23:54:19.302     0     0 I ueventd : fixup /sys/devices/soc.0/f9927000.i2c/i2c-13/13-0008/lsm6db0_sign_motion.0/iio:device6/scan_elements/in_timestamp_en 1000 1000 660
01-28 23:54:19.334     0     0 I ueventd : fixup /sys/devices/soc.0/f9927000.i2c/i2c-13/13-0008/lsm6db0_quat.0/iio:device7/buffer/enable 1000 1000 660
01-28 23:54:19.334     0     0 I ueventd : fixup /sys/devices/soc.0/f9927000.i2c/i2c-13/13-0008/lsm6db0_quat.0/iio:device7/buffer/length 1000 1000 660
01-28 23:54:19.334     0     0 I ueventd : fixup /sys/devices/soc.0/f9927000.i2c/i2c-13/13-0008/lsm6db0_quat.0/iio:device7/sampling_frequency 1000 1000 660
01-28 23:54:19.334     0     0 I ueventd : fixup /sys/devices/soc.0/f9927000.i2c/i2c-13/13-0008/lsm6db0_quat.0/iio:device7/batch_mode 1000 1000 660
01-28 23:54:19.334     0     0 I ueventd : fixup /sys/devices/soc.0/f9927000.i2c/i2c-13/13-0008/lsm6db0_quat.0/iio:device7/batch_mode_timeout 1000 1000 660
01-28 23:54:19.334     0     0 I ueventd : fixup /sys/devices/soc.0/f9927000.i2c/i2c-13/13-0008/lsm6db0_quat.0/iio:device7/scan_elements/in_quaternion_x_en 1000 1000 660
01-28 23:54:19.334     0     0 I ueventd : fixup /sys/devices/soc.0/f9927000.i2c/i2c-13/13-0008/lsm6db0_quat.0/iio:device7/scan_elements/in_quaternion_y_en 1000 1000 660
01-28 23:54:19.334     0     0 I ueventd : fixup /sys/devices/soc.0/f9927000.i2c/i2c-13/13-0008/lsm6db0_quat.0/iio:device7/scan_elements/in_quaternion_z_en 1000 1000 660
01-28 23:54:19.334     0     0 I ueventd : fixup /sys/devices/soc.0/f9927000.i2c/i2c-13/13-0008/lsm6db0_quat.0/iio:device7/scan_elements/in_quaternion_module_en 1000 1000 660
01-28 23:54:19.334     0     0 I ueventd : fixup /sys/devices/soc.0/f9927000.i2c/i2c-13/13-0008/lsm6db0_quat.0/iio:device7/scan_elements/in_quaternion_accuracy_en 1000 1000 660
01-28 23:54:19.335     0     0 I ueventd : fixup /sys/devices/soc.0/f9927000.i2c/i2c-13/13-0008/lsm6db0_quat.0/iio:device7/scan_elements/in_timestamp_en 1000 1000 660
01-28 23:54:19.335     0     0 I ueventd : fixup /sys/devices/soc.0/f9927000.i2c/i2c-13/13-0008/lsm6db0_quat.0/iio:device7/in_quaternion_x_scale 1000 1000 660
01-28 23:54:19.335     0     0 I ueventd : fixup /sys/devices/soc.0/f9927000.i2c/i2c-13/13-0008/lsm6db0_quat.0/iio:device7/in_quaternion_y_scale 1000 1000 660
01-28 23:54:19.335     0     0 I ueventd : fixup /sys/devices/soc.0/f9927000.i2c/i2c-13/13-0008/lsm6db0_quat.0/iio:device7/in_quaternion_z_scale 1000 1000 660
01-28 23:54:19.335     0     0 I ueventd : fixup /sys/devices/soc.0/f9927000.i2c/i2c-13/13-0008/lsm6db0_quat.0/iio:device7/in_quaternion_module_scale 1000 1000 660
01-28 23:54:19.341     0     0 I ueventd : fixup /sys/devices/soc.0/f9927000.i2c/i2c-13/13-0008/lsm6db0_step_d.0/iio:device8/buffer/enable 1000 1000 660
01-28 23:54:19.341     0     0 I ueventd : fixup /sys/devices/soc.0/f9927000.i2c/i2c-13/13-0008/lsm6db0_step_d.0/iio:device8/buffer/length 1000 1000 660
01-28 23:54:19.341     0     0 I ueventd : fixup /sys/devices/soc.0/f9927000.i2c/i2c-13/13-0008/lsm6db0_step_d.0/iio:device8/batch_mode 1000 1000 660
01-28 23:54:19.341     0     0 I ueventd : fixup /sys/devices/soc.0/f9927000.i2c/i2c-13/13-0008/lsm6db0_step_d.0/iio:device8/batch_mode_timeout 1000 1000 660
01-28 23:54:19.341     0     0 I ueventd : fixup /sys/devices/soc.0/f9927000.i2c/i2c-13/13-0008/lsm6db0_step_d.0/iio:device8/scan_elements/in_step_detector_en 1000 1000 660
01-28 23:54:19.341     0     0 I ueventd : fixup /sys/devices/soc.0/f9927000.i2c/i2c-13/13-0008/lsm6db0_step_d.0/iio:device8/scan_elements/in_timestamp_en 1000 1000 660
01-28 23:54:19.376     0     0 I ueventd : fixup /sys/devices/soc.0/f9927000.i2c/i2c-13/13-0008/lsm6db0_euler.0/iio:device9/buffer/enable 1000 1000 660
01-28 23:54:19.376     0     0 I ueventd : fixup /sys/devices/soc.0/f9927000.i2c/i2c-13/13-0008/lsm6db0_euler.0/iio:device9/buffer/length 1000 1000 660
01-28 23:54:19.376     0     0 I ueventd : fixup /sys/devices/soc.0/f9927000.i2c/i2c-13/13-0008/lsm6db0_euler.0/iio:device9/sampling_frequency 1000 1000 660
01-28 23:54:19.376     0     0 I ueventd : fixup /sys/devices/soc.0/f9927000.i2c/i2c-13/13-0008/lsm6db0_euler.0/iio:device9/batch_mode 1000 1000 660
01-28 23:54:19.376     0     0 I ueventd : fixup /sys/devices/soc.0/f9927000.i2c/i2c-13/13-0008/lsm6db0_euler.0/iio:device9/batch_mode_timeout 1000 1000 660
01-28 23:54:19.376     0     0 I ueventd : fixup /sys/devices/soc.0/f9927000.i2c/i2c-13/13-0008/lsm6db0_euler.0/iio:device9/scan_elements/in_euler_x_en 1000 1000 660
01-28 23:54:19.376     0     0 I ueventd : fixup /sys/devices/soc.0/f9927000.i2c/i2c-13/13-0008/lsm6db0_euler.0/iio:device9/scan_elements/in_euler_y_en 1000 1000 660
01-28 23:54:19.376     0     0 I ueventd : fixup /sys/devices/soc.0/f9927000.i2c/i2c-13/13-0008/lsm6db0_euler.0/iio:device9/scan_elements/in_euler_z_en 1000 1000 660
01-28 23:54:19.376     0     0 I ueventd : fixup /sys/devices/soc.0/f9927000.i2c/i2c-13/13-0008/lsm6db0_euler.0/iio:device9/scan_elements/in_euler_accuracy_en 1000 1000 660
01-28 23:54:19.376     0     0 I ueventd : fixup /sys/devices/soc.0/f9927000.i2c/i2c-13/13-0008/lsm6db0_euler.0/iio:device9/scan_elements/in_timestamp_en 1000 1000 660
01-28 23:54:19.376     0     0 I ueventd : fixup /sys/devices/soc.0/f9927000.i2c/i2c-13/13-0008/lsm6db0_euler.0/iio:device9/in_euler_x_scale 1000 1000 660
01-28 23:54:19.376     0     0 I ueventd : fixup /sys/devices/soc.0/f9927000.i2c/i2c-13/13-0008/lsm6db0_euler.0/iio:device9/in_euler_y_scale 1000 1000 660
01-28 23:54:19.376     0     0 I ueventd : fixup /sys/devices/soc.0/f9927000.i2c/i2c-13/13-0008/lsm6db0_euler.0/iio:device9/in_euler_z_scale 1000 1000 660
01-28 23:54:19.375   353   353 I Zygote  : Preloading resources...
01-28 23:54:19.376     0     0 I ueventd : fixup /sys/devices/soc.0/f9927000.i2c/i2c-13/13-0008/lsm6db0_euler.0/iio:device9/buffer/enable 1000 1000 660
01-28 23:54:19.376     0     0 I ueventd : fixup /sys/devices/soc.0/f9927000.i2c/i2c-13/13-0008/lsm6db0_euler.0/iio:device9/buffer/length 1000 1000 660
01-28 23:54:19.376     0     0 I ueventd : fixup /sys/devices/soc.0/f9927000.i2c/i2c-13/13-0008/lsm6db0_euler.0/iio:device9/sampling_frequency 1000 1000 660
01-28 23:54:19.376     0     0 I ueventd : fixup /sys/devices/soc.0/f9927000.i2c/i2c-13/13-0008/lsm6db0_euler.0/iio:device9/batch_mode 1000 1000 660
01-28 23:54:19.376     0     0 I ueventd : fixup /sys/devices/soc.0/f9927000.i2c/i2c-13/13-0008/lsm6db0_euler.0/iio:device9/batch_mode_timeout 1000 1000 660
01-28 23:54:19.376     0     0 I ueventd : fixup /sys/devices/soc.0/f9927000.i2c/i2c-13/13-0008/lsm6db0_euler.0/iio:device9/scan_elements/in_euler_x_en 1000 1000 660
01-28 23:54:19.376     0     0 I ueventd : fixup /sys/devices/soc.0/f9927000.i2c/i2c-13/13-0008/lsm6db0_euler.0/iio:device9/scan_elements/in_euler_y_en 1000 1000 660
01-28 23:54:19.376     0     0 I ueventd : fixup /sys/devices/soc.0/f9927000.i2c/i2c-13/13-0008/lsm6db0_euler.0/iio:device9/scan_elements/in_euler_z_en 1000 1000 660
01-28 23:54:19.376     0     0 I ueventd : fixup /sys/devices/soc.0/f9927000.i2c/i2c-13/13-0008/lsm6db0_euler.0/iio:device9/scan_elements/in_euler_accuracy_en 1000 1000 660
01-28 23:54:19.376     0     0 I ueventd : fixup /sys/devices/soc.0/f9927000.i2c/i2c-13/13-0008/lsm6db0_euler.0/iio:device9/scan_elements/in_timestamp_en 1000 1000 660
01-28 23:54:19.376     0     0 I ueventd : fixup /sys/devices/soc.0/f9927000.i2c/i2c-13/13-0008/lsm6db0_euler.0/iio:device9/in_euler_x_scale 1000 1000 660
01-28 23:54:19.376     0     0 I ueventd : fixup /sys/devices/soc.0/f9927000.i2c/i2c-13/13-0008/lsm6db0_euler.0/iio:device9/in_euler_y_scale 1000 1000 660
01-28 23:54:19.376     0     0 I ueventd : fixup /sys/devices/soc.0/f9927000.i2c/i2c-13/13-0008/lsm6db0_euler.0/iio:device9/in_euler_z_scale 1000 1000 660
01-28 23:54:19.383     0     0 I ueventd : fixup /sys/devices/soc.0/f9927000.i2c/i2c-13/13-0008/lsm6db0_step_c.0/iio:device10/buffer/enable 1000 1000 660
01-28 23:54:19.383     0     0 I ueventd : fixup /sys/devices/soc.0/f9927000.i2c/i2c-13/13-0008/lsm6db0_step_c.0/iio:device10/buffer/length 1000 1000 660
01-28 23:54:19.384     0     0 I ueventd : fixup /sys/devices/soc.0/f9927000.i2c/i2c-13/13-0008/lsm6db0_step_c.0/iio:device10/sampling_frequency 1000 1000 660
01-28 23:54:19.384     0     0 I ueventd : fixup /sys/devices/soc.0/f9927000.i2c/i2c-13/13-0008/lsm6db0_step_c.0/iio:device10/batch_mode 1000 1000 660
01-28 23:54:19.384     0     0 I ueventd : fixup /sys/devices/soc.0/f9927000.i2c/i2c-13/13-0008/lsm6db0_step_c.0/iio:device10/batch_mode_timeout 1000 1000 660
01-28 23:54:19.384     0     0 I ueventd : fixup /sys/devices/soc.0/f9927000.i2c/i2c-13/13-0008/lsm6db0_step_c.0/iio:device10/scan_elements/in_step_counter_en 1000 1000 660
01-28 23:54:19.384     0     0 I ueventd : fixup /sys/devices/soc.0/f9927000.i2c/i2c-13/13-0008/lsm6db0_step_c.0/iio:device10/scan_elements/in_step_counter_module_en 1000 1000 660
01-28 23:54:19.384     0     0 I ueventd : fixup /sys/devices/soc.0/f9927000.i2c/i2c-13/13-0008/lsm6db0_step_c.0/iio:device10/scan_elements/in_timestamp_en 1000 1000 660
01-28 23:54:19.384     0     0 I ueventd : fixup /sys/devices/soc.0/f9927000.i2c/i2c-13/13-0008/lsm6db0_step_c.0/iio:device10/max_delivery_rate 1000 1000 660
01-28 23:54:19.410   353   353 W Resources: Preloaded drawable resource #0x1080257 (android:drawable/dialog_background_material) that varies with configuration!!
01-28 23:54:19.414     0     0 I ueventd : fixup /sys/devices/soc.0/f9927000.i2c/i2c-13/13-0008/lsm6db0_game_quat.0/iio:device11/buffer/enable 1000 1000 660
01-28 23:54:19.414     0     0 I ueventd : fixup /sys/devices/soc.0/f9927000.i2c/i2c-13/13-0008/lsm6db0_game_quat.0/iio:device11/buffer/length 1000 1000 660
01-28 23:54:19.414     0     0 I ueventd : fixup /sys/devices/soc.0/f9927000.i2c/i2c-13/13-0008/lsm6db0_game_quat.0/iio:device11/sampling_frequency 1000 1000 660
01-28 23:54:19.414     0     0 I ueventd : fixup /sys/devices/soc.0/f9927000.i2c/i2c-13/13-0008/lsm6db0_game_quat.0/iio:device11/batch_mode 1000 1000 660
01-28 23:54:19.415     0     0 I ueventd : fixup /sys/devices/soc.0/f9927000.i2c/i2c-13/13-0008/lsm6db0_game_quat.0/iio:device11/batch_mode_timeout 1000 1000 660
01-28 23:54:19.415     0     0 I ueventd : fixup /sys/devices/soc.0/f9927000.i2c/i2c-13/13-0008/lsm6db0_game_quat.0/iio:device11/scan_elements/in_quaternion_x_en 1000 1000 660
01-28 23:54:19.415     0     0 I ueventd : fixup /sys/devices/soc.0/f9927000.i2c/i2c-13/13-0008/lsm6db0_game_quat.0/iio:device11/scan_elements/in_quaternion_y_en 1000 1000 660
01-28 23:54:19.415     0     0 I ueventd : fixup /sys/devices/soc.0/f9927000.i2c/i2c-13/13-0008/lsm6db0_game_quat.0/iio:device11/scan_elements/in_quaternion_z_en 1000 1000 660
01-28 23:54:19.415     0     0 I ueventd : fixup /sys/devices/soc.0/f9927000.i2c/i2c-13/13-0008/lsm6db0_game_quat.0/iio:device11/scan_elements/in_quaternion_module_en 1000 1000 660
01-28 23:54:19.415     0     0 I ueventd : fixup /sys/devices/soc.0/f9927000.i2c/i2c-13/13-0008/lsm6db0_game_quat.0/iio:device11/scan_elements/in_quaternion_accuracy_en 1000 1000 660
01-28 23:54:19.415     0     0 I ueventd : fixup /sys/devices/soc.0/f9927000.i2c/i2c-13/13-0008/lsm6db0_game_quat.0/iio:device11/scan_elements/in_timestamp_en 1000 1000 660
01-28 23:54:19.415     0     0 I ueventd : fixup /sys/devices/soc.0/f9927000.i2c/i2c-13/13-0008/lsm6db0_game_quat.0/iio:device11/in_quaternion_x_scale 1000 1000 660
01-28 23:54:19.415     0     0 I ueventd : fixup /sys/devices/soc.0/f9927000.i2c/i2c-13/13-0008/lsm6db0_game_quat.0/iio:device11/in_quaternion_y_scale 1000 1000 660
01-28 23:54:19.415     0     0 I ueventd : fixup /sys/devices/soc.0/f9927000.i2c/i2c-13/13-0008/lsm6db0_game_quat.0/iio:device11/in_quaternion_z_scale 1000 1000 660
01-28 23:54:19.415     0     0 I ueventd : fixup /sys/devices/soc.0/f9927000.i2c/i2c-13/13-0008/lsm6db0_game_quat.0/iio:device11/in_quaternion_module_scale 1000 1000 660
01-28 23:54:19.419   353   353 W Resources: Preloaded color resource #0x10600de (android:color/material_grey_800) that varies with configuration!!
01-28 23:54:19.419   353   353 W Resources: Preloaded drawable resource #0x10802b0 (android:drawable/floating_popup_background_dark) that varies with configuration!!
01-28 23:54:19.455     0     0 I ueventd : fixup /sys/devices/soc.0/f9927000.i2c/i2c-13/13-0008/lsm6db0_magn_u.0/iio:device12/buffer/enable 1000 1000 660
01-28 23:54:19.455     0     0 I ueventd : fixup /sys/devices/soc.0/f9927000.i2c/i2c-13/13-0008/lsm6db0_magn_u.0/iio:device12/buffer/length 1000 1000 660
01-28 23:54:19.455     0     0 I ueventd : fixup /sys/devices/soc.0/f9927000.i2c/i2c-13/13-0008/lsm6db0_magn_u.0/iio:device12/sampling_frequency 1000 1000 660
01-28 23:54:19.455     0     0 I ueventd : fixup /sys/devices/soc.0/f9927000.i2c/i2c-13/13-0008/lsm6db0_magn_u.0/iio:device12/batch_mode 1000 1000 660
01-28 23:54:19.455     0     0 I ueventd : fixup /sys/devices/soc.0/f9927000.i2c/i2c-13/13-0008/lsm6db0_magn_u.0/iio:device12/batch_mode_timeout 1000 1000 660
01-28 23:54:19.455     0     0 I ueventd : fixup /sys/devices/soc.0/f9927000.i2c/i2c-13/13-0008/lsm6db0_magn_u.0/iio:device12/scan_elements/in_magn_x_en 1000 1000 660
01-28 23:54:19.455     0     0 I ueventd : fixup /sys/devices/soc.0/f9927000.i2c/i2c-13/13-0008/lsm6db0_magn_u.0/iio:device12/scan_elements/in_magn_y_en 1000 1000 660
01-28 23:54:19.455     0     0 I ueventd : fixup /sys/devices/soc.0/f9927000.i2c/i2c-13/13-0008/lsm6db0_magn_u.0/iio:device12/scan_elements/in_magn_z_en 1000 1000 660
01-28 23:54:19.455     0     0 I ueventd : fixup /sys/devices/soc.0/f9927000.i2c/i2c-13/13-0008/lsm6db0_magn_u.0/iio:device12/scan_elements/in_timestamp_en 1000 1000 660
01-28 23:54:19.455     0     0 I ueventd : fixup /sys/devices/soc.0/f9927000.i2c/i2c-13/13-0008/lsm6db0_magn_u.0/iio:device12/in_magn_x_scale 1000 1000 660
01-28 23:54:19.455     0     0 I ueventd : fixup /sys/devices/soc.0/f9927000.i2c/i2c-13/13-0008/lsm6db0_magn_u.0/iio:device12/in_magn_y_scale 1000 1000 660
01-28 23:54:19.455     0     0 I ueventd : fixup /sys/devices/soc.0/f9927000.i2c/i2c-13/13-0008/lsm6db0_magn_u.0/iio:device12/in_magn_z_scale 1000 1000 660
01-28 23:54:19.494     0     0 I ueventd : fixup /sys/devices/soc.0/f9927000.i2c/i2c-13/13-0008/lsm6db0_gyro_u.0/iio:device13/buffer/enable 1000 1000 660
01-28 23:54:19.494     0     0 I ueventd : fixup /sys/devices/soc.0/f9927000.i2c/i2c-13/13-0008/lsm6db0_gyro_u.0/iio:device13/buffer/length 1000 1000 660
01-28 23:54:19.495     0     0 I ueventd : fixup /sys/devices/soc.0/f9927000.i2c/i2c-13/13-0008/lsm6db0_gyro_u.0/iio:device13/sampling_frequency 1000 1000 660
01-28 23:54:19.495     0     0 I ueventd : fixup /sys/devices/soc.0/f9927000.i2c/i2c-13/13-0008/lsm6db0_gyro_u.0/iio:device13/batch_mode 1000 1000 660
01-28 23:54:19.495     0     0 I ueventd : fixup /sys/devices/soc.0/f9927000.i2c/i2c-13/13-0008/lsm6db0_gyro_u.0/iio:device13/batch_mode_timeout 1000 1000 660
01-28 23:54:19.495     0     0 I ueventd : fixup /sys/devices/soc.0/f9927000.i2c/i2c-13/13-0008/lsm6db0_gyro_u.0/iio:device13/scan_elements/in_anglvel_x_en 1000 1000 660
01-28 23:54:19.495     0     0 I ueventd : fixup /sys/devices/soc.0/f9927000.i2c/i2c-13/13-0008/lsm6db0_gyro_u.0/iio:device13/scan_elements/in_anglvel_y_en 1000 1000 660
01-28 23:54:19.495     0     0 I ueventd : fixup /sys/devices/soc.0/f9927000.i2c/i2c-13/13-0008/lsm6db0_gyro_u.0/iio:device13/scan_elements/in_anglvel_z_en 1000 1000 660
01-28 23:54:19.495     0     0 I ueventd : fixup /sys/devices/soc.0/f9927000.i2c/i2c-13/13-0008/lsm6db0_gyro_u.0/iio:device13/scan_elements/in_timestamp_en 1000 1000 660
01-28 23:54:19.495     0     0 I ueventd : fixup /sys/devices/soc.0/f9927000.i2c/i2c-13/13-0008/lsm6db0_gyro_u.0/iio:device13/in_anglvel_x_scale 1000 1000 660
01-28 23:54:19.495     0     0 I ueventd : fixup /sys/devices/soc.0/f9927000.i2c/i2c-13/13-0008/lsm6db0_gyro_u.0/iio:device13/in_anglvel_y_scale 1000 1000 660
01-28 23:54:19.495     0     0 I ueventd : fixup /sys/devices/soc.0/f9927000.i2c/i2c-13/13-0008/lsm6db0_gyro_u.0/iio:device13/in_anglvel_z_scale 1000 1000 660
01-28 23:54:19.516   811   821 I vndksupport: sphal namespace is not configured for this process. Loading /vendor/lib64/egl/libEGL_adreno.so from the current namespace instead.
01-28 23:54:19.518   811   821 D libEGL  : loaded /vendor/lib64/egl/libEGL_adreno.so
01-28 23:54:19.528   811   821 I vndksupport: sphal namespace is not configured for this process. Loading /vendor/lib64/egl/libGLESv1_CM_adreno.so from the current namespace instead.
01-28 23:54:19.529   811   821 D libEGL  : loaded /vendor/lib64/egl/libGLESv1_CM_adreno.so
01-28 23:54:19.530   353   353 I Zygote  : ...preloaded 114 resources in 155ms.
01-28 23:54:19.534     0     0 I ueventd : fixup /sys/devices/soc.0/f9927000.i2c/i2c-13/13-0008/lsm6db0_linear.0/iio:device14/buffer/enable 1000 1000 660
01-28 23:54:19.534     0     0 I ueventd : fixup /sys/devices/soc.0/f9927000.i2c/i2c-13/13-0008/lsm6db0_linear.0/iio:device14/buffer/length 1000 1000 660
01-28 23:54:19.534     0     0 I ueventd : fixup /sys/devices/soc.0/f9927000.i2c/i2c-13/13-0008/lsm6db0_linear.0/iio:device14/sampling_frequency 1000 1000 660
01-28 23:54:19.534     0     0 I ueventd : fixup /sys/devices/soc.0/f9927000.i2c/i2c-13/13-0008/lsm6db0_linear.0/iio:device14/batch_mode 1000 1000 660
01-28 23:54:19.534     0     0 I ueventd : fixup /sys/devices/soc.0/f9927000.i2c/i2c-13/13-0008/lsm6db0_linear.0/iio:device14/batch_mode_timeout 1000 1000 660
01-28 23:54:19.534     0     0 I ueventd : fixup /sys/devices/soc.0/f9927000.i2c/i2c-13/13-0008/lsm6db0_linear.0/iio:device14/scan_elements/in_linear_accel_x_en 1000 1000 660
