01-20 18:27:50.010     0     0 E init    : Failed to bind socket 'pdx/system/vr/display/vsync': No such file or directory
01-20 18:27:50.014     0     0 E init    : write_file: Unable to open '/proc/sys/net/ipv6/conf/rmnet0/accept_ra': No such file or directory
01-20 18:27:50.014     0     0 E init    : write_file: Unable to open '/proc/sys/net/ipv6/conf/rmnet1/accept_ra': No such file or directory
01-20 18:27:50.014     0     0 E init    : write_file: Unable to open '/proc/sys/net/ipv6/conf/rmnet2/accept_ra': No such file or directory
01-20 18:27:50.014     0     0 E init    : write_file: Unable to open '/proc/sys/net/ipv6/conf/rmnet3/accept_ra': No such file or directory
01-20 18:27:50.014     0     0 E init    : write_file: Unable to open '/proc/sys/net/ipv6/conf/rmnet4/accept_ra': No such file or directory
01-20 18:27:50.014     0     0 E init    : write_file: Unable to open '/proc/sys/net/ipv6/conf/rmnet5/accept_ra': No such file or directory
01-20 18:27:50.014     0     0 E init    : write_file: Unable to open '/proc/sys/net/ipv6/conf/rmnet6/accept_ra': No such file or directory
01-20 18:27:50.014     0     0 E init    : write_file: Unable to open '/proc/sys/net/ipv6/conf/rmnet7/accept_ra': No such file or directory
01-20 18:27:50.014     0     0 E init    : write_file: Unable to open '/proc/sys/net/ipv6/conf/rmnet_sdio0/accept_ra': No such file or directory
01-20 18:27:50.015   404   404 I auditd  : type=1400 audit(0.0:28): avc: granted { open } for comm="android.hardwar" path="/dev/pmsg0" dev="tmpfs" ino=13300 scontext=u:r:init:s0 tcontext=u:object_r:pmsg_device:s0 tclass=chr_file
01-20 18:27:50.015   404   404 W android.hardwar: type=1400 audit(0.0:28): avc: granted { open } for path="/dev/pmsg0" dev="tmpfs" ino=13300 scontext=u:r:init:s0 tcontext=u:object_r:pmsg_device:s0 tclass=chr_file
01-20 18:27:50.015   404   404 I auditd  : type=1400 audit(0.0:29): avc: denied { call } for comm="ir@1.0-service." scontext=u:r:init:s0 tcontext=u:r:hwservicemanager:s0 tclass=binder permissive=1
01-20 18:27:50.015   404   404 I ir@1.0-service.: type=1400 audit(0.0:29): avc: denied { call } for scontext=u:r:init:s0 tcontext=u:r:hwservicemanager:s0 tclass=binder permissive=1
01-20 18:27:50.015   404   404 I auditd  : type=1400 audit(0.0:30): avc: denied { transfer } for comm="ir@1.0-service." scontext=u:r:init:s0 tcontext=u:r:hwservicemanager:s0 tclass=binder permissive=1
01-20 18:27:50.015   404   404 I ir@1.0-service.: type=1400 audit(0.0:30): avc: denied { transfer } for scontext=u:r:init:s0 tcontext=u:r:hwservicemanager:s0 tclass=binder permissive=1
01-20 18:27:50.015     0     0 E init    : write_file: Unable to open '/proc/sys/net/ipv6/conf/rmnet_sdio1/accept_ra': No such file or directory
01-20 18:27:50.015     0     0 E init    : write_file: Unable to open '/proc/sys/net/ipv6/conf/rmnet_sdio2/accept_ra': No such file or directory
01-20 18:27:50.015     0     0 E init    : write_file: Unable to open '/proc/sys/net/ipv6/conf/rmnet_sdio3/accept_ra': No such file or directory
01-20 18:27:50.015     0     0 E init    : write_file: Unable to open '/proc/sys/net/ipv6/conf/rmnet_sdio4/accept_ra': No such file or directory
01-20 18:27:50.015     0     0 E init    : write_file: Unable to open '/proc/sys/net/ipv6/conf/rmnet_sdio5/accept_ra': No such file or directory
01-20 18:27:50.015     0     0 E init    : write_file: Unable to open '/proc/sys/net/ipv6/conf/rmnet_sdio6/accept_ra': No such file or directory
01-20 18:27:50.015     0     0 E init    : write_file: Unable to open '/proc/sys/net/ipv6/conf/rmnet_sdio7/accept_ra': No such file or directory
01-20 18:27:50.015     0     0 E init    : write_file: Unable to open '/proc/sys/net/ipv6/conf/rmnet_usb0/accept_ra': No such file or directory
01-20 18:27:50.015     0     0 E init    : write_file: Unable to open '/proc/sys/net/ipv6/conf/rmnet_usb1/accept_ra': No such file or directory
01-20 18:27:50.015     0     0 E init    : write_file: Unable to open '/proc/sys/net/ipv6/conf/rmnet_usb2/accept_ra': No such file or directory
01-20 18:27:50.015     0     0 E init    : write_file: Unable to open '/proc/sys/net/ipv6/conf/rmnet_usb3/accept_ra': No such file or directory
01-20 18:27:50.020   402   402 I ServiceManagement: Removing namespace from process name android.hardware.configstore@1.0-service to configstore@1.0.
01-20 18:27:50.021   404   404 I ServiceManagement: Removing namespace from process name android.hardware.ir@1.0-service.libra to ir@1.0-service..
01-20 18:27:50.027   405   405 I auditd  : type=1400 audit(0.0:31): avc: granted { open } for comm="android.hardwar" path="/dev/pmsg0" dev="tmpfs" ino=13300 scontext=u:r:init:s0 tcontext=u:object_r:pmsg_device:s0 tclass=chr_file
01-20 18:27:50.027   405   405 W android.hardwar: type=1400 audit(0.0:31): avc: granted { open } for path="/dev/pmsg0" dev="tmpfs" ino=13300 scontext=u:r:init:s0 tcontext=u:object_r:pmsg_device:s0 tclass=chr_file
01-20 18:27:50.033   405   405 I ServiceManagement: Removing namespace from process name android.hardware.light@2.0-service.libra to light@2.0-servi.
01-20 18:27:50.080     0     0 I sps     : BAM 0x00000000fe104000 (va:0xffffff80025c0000) enabled: ver:0x17, number of pipes:31
01-20 18:27:50.080     0     0 I sps     : BAM 0x00000000fe104000 is registered.
01-20 18:27:50.081     0     0 I tomtom-slim-pgd: Platform data from device tree
01-20 18:27:50.081     0     0 I tomtom-slim-pgd: cdc-vdd-buck: vol=[2150000 2150000]uV, curr=[650000]uA, ond 0
01-20 18:27:50.081     0     0 I tomtom-slim-pgd: cdc-vdd-tx-h: vol=[1800000 1800000]uV, curr=[25000]uA, ond 0
01-20 18:27:50.081     0     0 I tomtom-slim-pgd: cdc-vdd-rx-h: vol=[1800000 1800000]uV, curr=[25000]uA, ond 0
01-20 18:27:50.081     0     0 I tomtom-slim-pgd: cdc-vddpx-1: vol=[1800000 1800000]uV, curr=[10000]uA, ond 0
01-20 18:27:50.081     0     0 I tomtom-slim-pgd: cdc-vdd-a-1p2v: vol=[1200000 1200000]uV, curr=[2000]uA, ond 0
01-20 18:27:50.081     0     0 I tomtom-slim-pgd: cdc-vddcx-1: vol=[1200000 1200000]uV, curr=[33000]uA, ond 0
01-20 18:27:50.081     0     0 I tomtom-slim-pgd: cdc-vddcx-2: vol=[1200000 1200000]uV, curr=[33000]uA, ond 0
01-20 18:27:50.082     0     0 I tomtom-slim-pgd: cdc-vdd-spkdrv: vol=[5000000 5000000]uV, curr=[600000]uA, ond 1
01-20 18:27:50.082     0     0 I tomtom-slim-pgd: cdc-vdd-spkdrv-2: vol=[5000000 5000000]uV, curr=[600000]uA, ond 1
01-20 18:27:50.082     0     0 I tomtom-slim-pgd: wcd9xxx_validate_spkdrv_ocp_curr_limit: Invalid spkdrv_ocp_curr_limit = 4294967295
01-20 18:27:50.082     0     0 E extcodec_get_pinctrl: Unable to get pinctrl handle
01-20 18:27:50.096     0     0 I init    : Command 'write /data/misc/radio/copy_complete 0' action=boot (/init.qcom.rc:156) returned 0 took 79.1061ms.
01-20 18:27:50.099   333   333 I auditd  : type=1400 audit(0.0:32): avc: denied { call } for comm="hwservicemanage" scontext=u:r:hwservicemanager:s0 tcontext=u:r:init:s0 tclass=binder permissive=1
01-20 18:27:50.099   333   333 I hwservicemanage: type=1400 audit(0.0:32): avc: denied { call } for scontext=u:r:hwservicemanager:s0 tcontext=u:r:init:s0 tclass=binder permissive=1
01-20 18:27:50.099     0     0 E init    : write_file: Unable to write to '/dev/cpuset/foreground/cpus': Device or resource busy
01-20 18:27:50.101     0     0 I init    : computing context for service 'sysinit'
01-20 18:27:50.101     0     0 I init    : starting service 'sysinit'...
01-20 18:27:50.103   333   333 I auditd  : type=1400 audit(0.0:33): avc: denied { search } for comm="hwservicemanage" name="404" dev="proc" ino=2887 scontext=u:r:hwservicemanager:s0 tcontext=u:r:init:s0 tclass=dir permissive=1
01-20 18:27:50.103   333   333 I hwservicemanage: type=1400 audit(0.0:33): avc: denied { search } for name="404" dev="proc" ino=2887 scontext=u:r:hwservicemanager:s0 tcontext=u:r:init:s0 tclass=dir permissive=1
01-20 18:27:50.103   333   333 I auditd  : type=1400 audit(0.0:34): avc: denied { read } for comm="hwservicemanage" name="current" dev="proc" ino=2973 scontext=u:r:hwservicemanager:s0 tcontext=u:r:init:s0 tclass=file permissive=1
01-20 18:27:50.103   333   333 I hwservicemanage: type=1400 audit(0.0:34): avc: denied { read } for name="current" dev="proc" ino=2973 scontext=u:r:hwservicemanager:s0 tcontext=u:r:init:s0 tclass=file permissive=1
01-20 18:27:50.103   333   333 I auditd  : type=1400 audit(0.0:35): avc: denied { open } for comm="hwservicemanage" path="/proc/404/attr/current" dev="proc" ino=2973 scontext=u:r:hwservicemanager:s0 tcontext=u:r:init:s0 tclass=file permissive=1
01-20 18:27:50.103   333   333 I hwservicemanage: type=1400 audit(0.0:35): avc: denied { open } for path="/proc/404/attr/current" dev="proc" ino=2973 scontext=u:r:hwservicemanager:s0 tcontext=u:r:init:s0 tclass=file permissive=1
01-20 18:27:50.103   333   333 I auditd  : type=1400 audit(0.0:36): avc: denied { getattr } for comm="hwservicemanage" scontext=u:r:hwservicemanager:s0 tcontext=u:r:init:s0 tclass=process permissive=1
01-20 18:27:50.103   333   333 I hwservicemanage: type=1400 audit(0.0:36): avc: denied { getattr } for scontext=u:r:hwservicemanager:s0 tcontext=u:r:init:s0 tclass=process permissive=1
01-20 18:27:50.103     0     0 I init    : processing action (persist.sys.usb.config=* && boot)
01-20 18:27:50.103     0     0 I init    : processing action (enable_property_trigger)
01-20 18:27:50.104     0     0 I init    : processing action (security.perf_harden=1)
01-20 18:27:50.104     0     0 I init    : processing action (ro.debuggable=1)
01-20 18:27:50.104     0     0 E init    : service 'console' couldn't open console '/dev/ttyHSL0': No such file or directory
01-20 18:27:50.104   352   352 I zygote64: Pruning dalvik-cache since we are relocating an image and will need to recompile
01-20 18:27:50.104     0     0 I init    : processing action (ro.data.large_tcp_window_size=true)
01-20 18:27:50.104     0     0 I init    : processing action (sys.usb.config=diag,serial_smd,serial_tty,rmnet_ipa,mass_storage,adb)
01-20 18:27:50.104     0     0 E enable_store: android_usb: already disabled
01-20 18:27:50.105   352   352 I zygote64: RelocateImage: /system/bin/patchoat --input-image-location=/system/framework/boot.art --output-image-file=/data/dalvik-cache/arm64/system@framework@boot.art --instruction-set=arm64 --base-offset-delta=3252224
01-20 18:27:50.105     0     0 I init    : starting service 'adbd'...
01-20 18:27:50.106     0     0 I init    : processing action (init.svc.per_mgr=running)
01-20 18:27:50.106     0     0 I init    : computing context for service 'per_proxy'
01-20 18:27:50.107     0     0 I init    : starting service 'per_proxy'...
01-20 18:27:50.107     0     0 I init    : Created socket '/dev/socket/adbd', mode 660, user 1000, group 1000
01-20 18:27:50.108     0     0 I init    : processing action (nonencrypted)
01-20 18:27:50.108     0     0 I init    : computing context for service 'cnd'
01-20 18:27:50.108   333   333 E SELinux : avc:  denied  { add } for interface=android.hardware.ir::IConsumerIr pid=404 scontext=u:r:init:s0 tcontext=u:object_r:hal_ir_hwservice:s0 tclass=hwservice_manager
01-20 18:27:50.108   333   333 I auditd  : avc:  denied  { add } for interface=android.hardware.ir::IConsumerIr pid=404 scontext=u:r:init:s0 tcontext=u:object_r:hal_ir_hwservice:s0 tclass=hwservice_manager
01-20 18:27:50.109     0     0 I init    : starting service 'cnd'...
01-20 18:27:50.110     0     0 I init    : computing context for service 'irsc_util'
01-20 18:27:50.110   333   333 E SELinux : avc:  denied  { add } for interface=android.hidl.base::IBase pid=404 scontext=u:r:init:s0 tcontext=u:object_r:hidl_base_hwservice:s0 tclass=hwservice_manager
01-20 18:27:50.110   333   333 I auditd  : avc:  denied  { add } for interface=android.hidl.base::IBase pid=404 scontext=u:r:init:s0 tcontext=u:object_r:hidl_base_hwservice:s0 tclass=hwservice_manager
01-20 18:27:50.110     0     0 I init    : starting service 'irsc_util'...
01-20 18:27:50.110   404   404 I android.hardware.ir@1.0-service.libra: ConsumerIr HAL service ready.
01-20 18:27:50.111   430   430 I auditd  : type=1400 audit(0.0:37): avc: denied { write } for comm="getprop" path="pipe:[12076]" dev="pipefs" ino=12076 scontext=u:r:toolbox:s0 tcontext=u:r:init:s0 tclass=fifo_file permissive=1
01-20 18:27:50.111   430   430 I getprop : type=1400 audit(0.0:37): avc: denied { write } for path="pipe:[12076]" dev="pipefs" ino=12076 scontext=u:r:toolbox:s0 tcontext=u:r:init:s0 tclass=fifo_file permissive=1
01-20 18:27:50.111     0     0 I msm_thermal: freq_mitigation_notify Removing frequency mitigation for CPU4
01-20 18:27:50.112     0     0 I init    : computing context for service 'qmuxd'
01-20 18:27:50.112     0     0 I init    : starting service 'qmuxd'...
01-20 18:27:50.113   333   333 E SELinux : avc:  denied  { add } for interface=android.hardware.light::ILight pid=405 scontext=u:r:init:s0 tcontext=u:object_r:hal_light_hwservice:s0 tclass=hwservice_manager
01-20 18:27:50.113   333   333 I auditd  : avc:  denied  { add } for interface=android.hardware.light::ILight pid=405 scontext=u:r:init:s0 tcontext=u:object_r:hal_light_hwservice:s0 tclass=hwservice_manager
01-20 18:27:50.113   405   405 I android.hardware.light@2.0-service.libra: Light HAL service ready.
01-20 18:27:50.114   333   333 W /system/bin/hwservicemanager: getTransportFromManifest: Cannot find entry android.hardware.health@1.0::IHealth in either framework or device manifest, using default transport.
01-20 18:27:50.116     0     0 I init    : computing context for service 'netmgrd'
01-20 18:27:50.116     0     0 I init    : starting service 'netmgrd'...
01-20 18:27:50.117     0     0 I init    : computing context for service 'ipacm-diag'
01-20 18:27:50.117     0     0 I init    : starting service 'ipacm-diag'...
01-20 18:27:50.118     0     0 I init    : computing context for service 'ipacm'
01-20 18:27:50.118     0     0 I init    : starting service 'ipacm'...
01-20 18:27:50.119     0     0 I init    : Created socket '/dev/socket/ipacm_log_file', mode 660, user 1000, group 3005
01-20 18:27:50.119     0     0 I init    : computing context for service 'qti'
01-20 18:27:50.120     0     0 I init    : starting service 'qti'...
01-20 18:27:50.121     0     0 I init    : computing context for service 'cnss_diag'
01-20 18:27:50.121     0     0 I init    : starting service 'cnss_diag'...
01-20 18:27:50.121     0     0 I init    : Created socket '/dev/socket/cnd', mode 660, user 0, group 3003
01-20 18:27:50.122     0     0 I init    : computing context for service 'ril-daemon2'
01-20 18:27:50.122     0     0 I init    : starting service 'ril-daemon2'...
01-20 18:27:50.123     0     0 I init    : computing context for service 'mmbn-daemon'
01-20 18:27:50.123     0     0 I init    : starting service 'mmbn-daemon'...
01-20 18:27:50.124     0     0 I init    : computing context for service 'logcat_debug'
01-20 18:27:50.125   406   406 I ServiceManagement: Removing namespace from process name android.hardware.usb@1.0-service to usb@1.0-service.
01-20 18:27:50.125     0     0 I init    : starting service 'logcat_debug'...
01-20 18:27:50.126     0     0 I init    : computing context for service 'thermal-engine'
01-20 18:27:50.126     0     0 I init    : starting service 'thermal-engine'...
01-20 18:27:50.127     0     0 I init    : computing context for service 'adsprpcd'
01-20 18:27:50.127     0     0 I init    : starting service 'adsprpcd'...
01-20 18:27:50.127     0     0 I init    : Created socket '/dev/socket/thermal-send-client', mode 666, user 1000, group 1000
01-20 18:27:50.127     0     0 I init    : Created socket '/dev/socket/thermal-recv-client', mode 660, user 1000, group 1000
01-20 18:27:50.128     0     0 I init    : computing context for service 'imsqmidaemon'
01-20 18:27:50.128     0     0 I init    : Created socket '/dev/socket/thermal-recv-passive-client', mode 666, user 1000, group 1000
01-20 18:27:50.128   406   406 I android.hardware.usb@1.0-service: USB HAL Ready.
01-20 18:27:50.128     0     0 I init    : starting service 'imsqmidaemon'...
01-20 18:27:50.129     0     0 I slimbus : 1 laddr:0xcd, EAPC:0x1:0x30
01-20 18:27:50.129     0     0 I tomtom-slim-pgd: wcd9xxx_slim_device_up: slim device up
01-20 18:27:50.129     0     0 I init    : computing context for service 'imscmservice'
01-20 18:27:50.129     0     0 I init    : starting service 'imscmservice'...
01-20 18:27:50.130     0     0 I slimbus : 1 laddr:0xcc, EAPC:0x0:0x30
01-20 18:27:50.130     0     0 I init    : computing context for service 'energy-awareness'
01-20 18:27:50.131   430   430 I auditd  : type=1400 audit(0.0:38): avc: denied { getattr } for comm="getprop" path="pipe:[12076]" dev="pipefs" ino=12076 scontext=u:r:toolbox:s0 tcontext=u:r:init:s0 tclass=fifo_file permissive=1
01-20 18:27:50.131   430   430 I getprop : type=1400 audit(0.0:38): avc: denied { getattr } for path="pipe:[12076]" dev="pipefs" ino=12076 scontext=u:r:toolbox:s0 tcontext=u:r:init:s0 tclass=fifo_file permissive=1
01-20 18:27:50.131     0     0 I init    : starting service 'energy-awareness'...
01-20 18:27:50.131     0     0 I init    : Created socket '/dev/socket/ims_qmid', mode 660, user 1000, group 1001
01-20 18:27:50.132     0     0 I init    : computing context for service 'audioserver'
01-20 18:27:50.132     0     0 I init    : starting service 'audioserver'...
01-20 18:27:50.133     0     0 I init    : computing context for service 'cameraserver'
01-20 18:27:50.133     0     0 I init    : starting service 'cameraserver'...
01-20 18:27:50.134     0     0 E init    : couldn't write 446 to /dev/cpuset/camera-daemon/tasks: No such file or directory
01-20 18:27:50.134     0     0 I init    : computing context for service 'drm'
01-20 18:27:50.134     0     0 I init    : starting service 'drm'...
01-20 18:27:50.135     0     0 I init    : computing context for service 'installd'
01-20 18:27:50.136     0     0 I init    : starting service 'installd'...
01-20 18:27:50.136     0     0 I init    : computing context for service 'keystore'
01-20 18:27:50.137     0     0 I tomtom-slim-pgd: wcd9xxx_check_codec_type: detected tomtom_codec, major 0x105, minor 0x1, ver 0x2
01-20 18:27:50.137     0     0 I wcd9xxx_core_res_init: num_irqs = 32, num_irq_regs = 4
01-20 18:27:50.137     0     0 I init    : starting service 'keystore'...
01-20 18:27:50.138     0     0 I init    : computing context for service 'mediadrm'
01-20 18:27:50.138     0     0 I init    : starting service 'mediadrm'...
01-20 18:27:50.139     0     0 I init    : computing context for service 'mediaextractor'
01-20 18:27:50.139     0     0 I init    : starting service 'mediaextractor'...
01-20 18:27:50.140     0     0 I init    : computing context for service 'mediametrics'
01-20 18:27:50.140     0     0 I msm8994-asoc-snd fe034000.sound: msm8994_asoc_machine_probe: No hdmi audio support
01-20 18:27:50.140     0     0 I init    : starting service 'mediametrics'...
01-20 18:27:50.141     0     0 I init    : computing context for service 'media'
01-20 18:27:50.141     0     0 I         : tomtom_codec tomtom_codec: tomtom_codec_probe()
01-20 18:27:50.142     0     0 I init    : starting service 'media'...
01-20 18:27:50.142     0     0 I         : read descriptors
01-20 18:27:50.142     0     0 I         : read descriptors
01-20 18:27:50.142     0     0 I         : read strings
01-20 18:27:50.142     0     0 I init    : computing context for service 'storaged'
01-20 18:27:50.143   460   460 I auditd  : type=1400 audit(0.0:39): avc: denied { write } for comm="cat" path="pipe:[504]" dev="pipefs" ino=504 scontext=u:r:toolbox:s0 tcontext=u:r:init:s0 tclass=fifo_file permissive=1
01-20 18:27:50.143   460   460 I cat     : type=1400 audit(0.0:39): avc: denied { write } for path="pipe:[504]" dev="pipefs" ino=504 scontext=u:r:toolbox:s0 tcontext=u:r:init:s0 tclass=fifo_file permissive=1
01-20 18:27:50.143     0     0 I init    : starting service 'storaged'...
01-20 18:27:50.144     0     0 I init    : computing context for service 'wificond'
01-20 18:27:50.144     0     0 I init    : starting service 'wificond'...
01-20 18:27:50.146     0     0 I init    : computing context for service 'mediacodec'
01-20 18:27:50.147     0     0 I init    : starting service 'mediacodec'...
01-20 18:27:50.148     0     0 I init    : computing context for service 'ril-daemon'
01-20 18:27:50.148     0     0 I init    : starting service 'ril-daemon'...
01-20 18:27:50.149     0     0 I init    : Opened file '/d/mmc0/mmc0:0001/ext_csd', flags 0
01-20 18:27:50.150     0     0 I init    : computing context for service 'dpmd'
01-20 18:27:50.150     0     0 I init    : starting service 'dpmd'...
01-20 18:27:50.153     0     0 I init    : computing context for service 'cnss-daemon'
01-20 18:27:50.154     0     0 I init    : starting service 'cnss-daemon'...
01-20 18:27:50.155     0     0 I init    : computing context for service 'loc_launcher'
01-20 18:27:50.155     0     0 I init    : starting service 'loc_launcher'...
01-20 18:27:50.156     0     0 I init    : computing context for service 'qcom-sh'
01-20 18:27:50.156     0     0 I init    : starting service 'qcom-sh'...
01-20 18:27:50.157     0     0 I init    : computing context for service 'gatekeeperd'
01-20 18:27:50.159   466   466 I auditd  : type=1400 audit(0.0:40): avc: denied { execute_no_trans } for comm="init" path="/system/bin/sh" dev="mmcblk0p41" ino=541 scontext=u:r:init:s0 tcontext=u:object_r:shell_exec:s0 tclass=file permissive=1
01-20 18:27:50.159   466   466 I init    : type=1400 audit(0.0:40): avc: denied { execute_no_trans } for path="/system/bin/sh" dev="mmcblk0p41" ino=541 scontext=u:r:init:s0 tcontext=u:object_r:shell_exec:s0 tclass=file permissive=1
01-20 18:27:50.159   468   468 I auditd  : type=1400 audit(0.0:41): avc: denied { read } for comm="ueventd" name="cpe.mdt" dev="mmcblk0p36" ino=17 scontext=u:r:ueventd:s0 tcontext=u:object_r:vfat:s0 tclass=file permissive=1
01-20 18:27:50.159   468   468 I ueventd : type=1400 audit(0.0:41): avc: denied { read } for name="cpe.mdt" dev="mmcblk0p36" ino=17 scontext=u:r:ueventd:s0 tcontext=u:object_r:vfat:s0 tclass=file permissive=1
01-20 18:27:50.159   468   468 I auditd  : type=1400 audit(0.0:42): avc: denied { open } for comm="ueventd" path="/firmware/image/cpe.mdt" dev="mmcblk0p36" ino=17 scontext=u:r:ueventd:s0 tcontext=u:object_r:vfat:s0 tclass=file permissive=1
01-20 18:27:50.159   468   468 I ueventd : type=1400 audit(0.0:42): avc: denied { open } for path="/firmware/image/cpe.mdt" dev="mmcblk0p36" ino=17 scontext=u:r:ueventd:s0 tcontext=u:object_r:vfat:s0 tclass=file permissive=1
01-20 18:27:50.159   468   468 I auditd  : type=1400 audit(0.0:43): avc: denied { getattr } for comm="ueventd" path="/firmware/image/cpe.mdt" dev="mmcblk0p36" ino=17 scontext=u:r:ueventd:s0 tcontext=u:object_r:vfat:s0 tclass=file permissive=1
01-20 18:27:50.159   468   468 I ueventd : type=1400 audit(0.0:43): avc: denied { getattr } for path="/firmware/image/cpe.mdt" dev="mmcblk0p36" ino=17 scontext=u:r:ueventd:s0 tcontext=u:object_r:vfat:s0 tclass=file permissive=1
01-20 18:27:50.159     0     0 I init    : starting service 'gatekeeperd'...
01-20 18:27:50.160     0     0 I init    : computing context for service 'qcamerasvr'
01-20 18:27:50.161     0     0 I init    : starting service 'qcamerasvr'...
01-20 18:27:50.171     0     0 I ueventd : firmware: loading 'cpe.mdt' for '/devices/soc.0/fe12f000.slim/tomtom-slim-pgd/tomtom_codec/firmware/cpe.mdt'
01-20 18:27:50.173     0     0 I msm_thermal: freq_mitigation_notify Mitigating CPU4 frequency to 768000
01-20 18:27:50.174     0     0 I init    : computing context for service 'time_daemon'
01-20 18:27:50.175     0     0 I init    : starting service 'time_daemon'...
01-20 18:27:50.176     0     0 I init    : computing context for service 'ppd'
01-20 18:27:50.176     0     0 I init    : starting service 'ppd'...
01-20 18:27:50.181     0     0 I init    : Created socket '/dev/socket/dpmd', mode 660, user 0, group 1000
01-20 18:27:50.188     0     0 I init    : computing context for service 'fidodaemon'
01-20 18:27:50.189     0     0 I init    : starting service 'fidodaemon'...
01-20 18:27:50.190     0     0 I init    : Created socket '/dev/socket/pps', mode 660, user 1000, group 1000
01-20 18:27:50.192     0     0 W msm-pcm-routing qcom,msm-pcm-routing.41: ASoC: no dapm match for VOICE2_STUB_DL --> Voice2 Stub --> INTERNAL_BT_SCO_RX_Voice Mixer
01-20 18:27:50.192     0     0 E msm-pcm-routing qcom,msm-pcm-routing.41: ASoC: Failed to add route VOICE2_STUB_DL -> Voice2 Stub -> INTERNAL_BT_SCO_RX_Voice Mixer
01-20 18:27:50.214     0     0 E msm-pcm-routing qcom,msm-pcm-routing.41: ASoC: mux SLIM_0_RX AANC MUX has no paths
01-20 18:27:50.216     0     0 W audit   : audit_lost=1 audit_rate_limit=20 audit_backlog_limit=64
01-20 18:27:50.216     0     0 E audit   : rate limit exceeded
01-20 18:27:50.236   452   452 I mediaserver: ServiceManager: 0xf0497820
01-20 18:27:50.257     0     0 E msm-dai-q6-dev qcom,msm-dai-q6-sb-2-rx.193: ASoC: no source widget found for SLIMBUS_2_RX
01-20 18:27:50.257     0     0 E msm-dai-q6-dev qcom,msm-dai-q6-sb-2-rx.193: ASoC: Failed to add route SLIMBUS_2_RX -> direct -> Slimbus2 Playback
01-20 18:27:50.257     0     0 E msm-dai-q6-dev qcom,msm-dai-q6-sb-2-tx.194: ASoC: no sink widget found for SLIMBUS_2_TX
01-20 18:27:50.257     0     0 E msm-dai-q6-dev qcom,msm-dai-q6-sb-2-tx.194: ASoC: Failed to add route Slimbus2 Capture -> direct -> SLIMBUS_2_TX
01-20 18:27:50.260     0     0 I msm8994-asoc-snd fe034000.sound: snd-soc-dummy-dai <-> MultiMedia1 mapping ok
01-20 18:27:50.261     0     0 I msm8994-asoc-snd fe034000.sound: snd-soc-dummy-dai <-> MultiMedia2 mapping ok
01-20 18:27:50.262     0     0 I msm8994-asoc-snd fe034000.sound: snd-soc-dummy-dai <-> CS-VOICE mapping ok
01-20 18:27:50.263     0     0 I msm8994-asoc-snd fe034000.sound: snd-soc-dummy-dai <-> VoIP mapping ok
01-20 18:27:50.264     0     0 I msm8994-asoc-snd fe034000.sound: snd-soc-dummy-dai <-> MultiMedia3 mapping ok
01-20 18:27:50.265     0     0 I msm8994-asoc-snd fe034000.sound: snd-soc-dummy-dai <-> SLIMBUS0_HOSTLESS mapping ok
01-20 18:27:50.265     0     0 I msm8994-asoc-snd fe034000.sound: snd-soc-dummy-dai <-> PRI_MI2S_TX_HOSTLESS mapping ok
01-20 18:27:50.266     0     0 I msm8994-asoc-snd fe034000.sound: msm-stub-rx <-> com,msm-dai-q6-afe-proxy-rx.206 mapping ok
01-20 18:27:50.267     0     0 I msm8994-asoc-snd fe034000.sound: msm-stub-tx <-> qcom,msm-dai-q6-afe-proxy-tx.20 mapping ok
01-20 18:27:50.268     0     0 I compress asoc: snd-soc-dummy-dai <-> MultiMedia4 mapping ok
01-20 18:27:50.269     0     0 I msm8994-asoc-snd fe034000.sound: snd-soc-dummy-dai <-> AUXPCM_HOSTLESS mapping ok
01-20 18:27:50.272     0     0 I msm8994-asoc-snd fe034000.sound: snd-soc-dummy-dai <-> SLIMBUS1_HOSTLESS mapping ok
01-20 18:27:50.273     0     0 I msm8994-asoc-snd fe034000.sound: snd-soc-dummy-dai <-> SLIMBUS3_HOSTLESS mapping ok
01-20 18:27:50.274     0     0 I msm8994-asoc-snd fe034000.sound: snd-soc-dummy-dai <-> SLIMBUS4_HOSTLESS mapping ok
01-20 18:27:50.274     0     0 I msm8994-asoc-snd fe034000.sound: snd-soc-dummy-dai <-> VoLTE mapping ok
01-20 18:27:50.275     0     0 I msm8994-asoc-snd fe034000.sound: snd-soc-dummy-dai <-> MultiMedia5 mapping ok
01-20 18:27:50.275     0     0 I msm8994-asoc-snd fe034000.sound: snd-soc-dummy-dai <-> LSM1 mapping ok
01-20 18:27:50.276     0     0 I compress asoc: snd-soc-dummy-dai <-> MultiMedia7 mapping ok
01-20 18:27:50.277     0     0 I compress asoc: snd-soc-dummy-dai <-> MultiMedia10 mapping ok
01-20 18:27:50.278     0     0 I msm8994-asoc-snd fe034000.sound: snd-soc-dummy-dai <-> MultiMedia8 mapping ok
01-20 18:27:50.279     0     0 I msm8994-asoc-snd fe034000.sound: snd-soc-dummy-dai <-> QCHAT mapping ok
01-20 18:27:50.279     0     0 I msm8994-asoc-snd fe034000.sound: snd-soc-dummy-dai <-> HDMI_HOSTLESS mapping ok
01-20 18:27:50.280     0     0 I msm8994-asoc-snd fe034000.sound: snd-soc-dummy-dai <-> Voice2 mapping ok
01-20 18:27:50.281     0     0 I msm8994-asoc-snd fe034000.sound: snd-soc-dummy-dai <-> INT_HFP_BT_HOSTLESS mapping ok
01-20 18:27:50.281     0     0 I msm8994-asoc-snd fe034000.sound: snd-soc-dummy-dai <-> MultiMedia6 mapping ok
01-20 18:27:50.282     0     0 I msm8994-asoc-snd fe034000.sound: tomtom_vifeedback <-> qcom,msm-dai-q6-sb-4-tx.198 mapping ok
01-20 18:27:50.282     0     0 I msm8994-asoc-snd fe034000.sound: tomtom_rx2 <-> qcom,msm-dai-q6-sb-2-rx.193 mapping ok
01-20 18:27:50.283     0     0 I msm8994-asoc-snd fe034000.sound: tomtom_tx2 <-> qcom,msm-dai-q6-sb-2-tx.194 mapping ok
01-20 18:27:50.283     0     0 I msm8994-asoc-snd fe034000.sound: snd-soc-dummy-dai <-> LSM2 mapping ok
01-20 18:27:50.284     0     0 I msm8994-asoc-snd fe034000.sound: snd-soc-dummy-dai <-> LSM3 mapping ok
01-20 18:27:50.284     0     0 I msm8994-asoc-snd fe034000.sound: snd-soc-dummy-dai <-> LSM4 mapping ok
01-20 18:27:50.285     0     0 I msm8994-asoc-snd fe034000.sound: snd-soc-dummy-dai <-> LSM5 mapping ok
01-20 18:27:50.285     0     0 I msm8994-asoc-snd fe034000.sound: snd-soc-dummy-dai <-> LSM6 mapping ok
01-20 18:27:50.286     0     0 I msm8994-asoc-snd fe034000.sound: snd-soc-dummy-dai <-> LSM7 mapping ok
01-20 18:27:50.286   333   333 W /system/bin/hwservicemanager: getTransportFromManifest: Cannot find entry android.hardware.configstore@1.0::ISurfaceFlingerConfigs in either framework or device manifest, using default transport.
01-20 18:27:50.286     0     0 I msm8994-asoc-snd fe034000.sound: snd-soc-dummy-dai <-> LSM8 mapping ok
01-20 18:27:50.287     0     0 I msm8994-asoc-snd fe034000.sound: snd-soc-dummy-dai <-> MultiMedia9 mapping ok
01-20 18:27:50.287     0     0 I msm8994-asoc-snd fe034000.sound: snd-soc-dummy-dai <-> VoWLAN mapping ok
01-20 18:27:50.288   407   407 I android.hardware.wifi@1.0-service: Wifi Hal is starting up...
01-20 18:27:50.288   418   418 I /system/bin/surfaceflinger: android::hardware::configstore::V1_0::ISurfaceFlingerConfigs::maxFrameBufferAcquiredBuffers retrieved: 3
01-20 18:27:50.289     0     0 I compress asoc: snd-soc-dummy-dai <-> MultiMedia11 mapping ok
01-20 18:27:50.289     0     0 E init    : cannot find '/system/xbin/perfprofd', disabling 'perfprofd': No such file or directory
01-20 18:27:50.289     0     0 I init    : computing context for service 'tombstoned'
01-20 18:27:50.290   407   407 I ServiceManagement: Removing namespace from process name android.hardware.wifi@1.0-service to wifi@1.0-servic.
01-20 18:27:50.290     0     0 I init    : starting service 'tombstoned'...
01-20 18:27:50.290   333   333 W /system/bin/hwservicemanager: getTransportFromManifest: Cannot find entry android.hardware.configstore@1.0::ISurfaceFlingerConfigs in either framework or device manifest, using default transport.
01-20 18:27:50.291   418   418 I /system/bin/surfaceflinger: android::hardware::configstore::V1_0::ISurfaceFlingerConfigs::startGraphicsAllocatorService retrieved: 0
01-20 18:27:50.292     0     0 I init    : Command 'class_start late_start' action=nonencrypted (/init.rc:625) returned 0 took 141.786ms.
01-20 18:27:50.293   353   353 D AndroidRuntime: >>>>>> START com.android.internal.os.ZygoteInit uid 0 <<<<<<
01-20 18:27:50.294   418   418 I SurfaceFlinger: SurfaceFlinger is starting
01-20 18:27:50.295   333   333 W /system/bin/hwservicemanager: getTransportFromManifest: Cannot find entry android.hardware.configstore@1.0::ISurfaceFlingerConfigs in either framework or device manifest, using default transport.
01-20 18:27:50.296   418   418 I /system/bin/surfaceflinger: android::hardware::configstore::V1_0::ISurfaceFlingerConfigs::vsyncEventPhaseOffsetNs retrieved: 2000000
01-20 18:27:50.297   333   333 W /system/bin/hwservicemanager: getTransportFromManifest: Cannot find entry android.hardware.configstore@1.0::ISurfaceFlingerConfigs in either framework or device manifest, using default transport.
01-20 18:27:50.298   418   418 I /system/bin/surfaceflinger: android::hardware::configstore::V1_0::ISurfaceFlingerConfigs::vsyncSfEventPhaseOffsetNs retrieved: 6000000
01-20 18:27:50.299   333   333 W /system/bin/hwservicemanager: getTransportFromManifest: Cannot find entry android.hardware.configstore@1.0::ISurfaceFlingerConfigs in either framework or device manifest, using default transport.
01-20 18:27:50.300   418   418 I /system/bin/surfaceflinger: android::hardware::configstore::V1_0::ISurfaceFlingerConfigs::hasSyncFramework retrieved: 1
01-20 18:27:50.301   333   333 W /system/bin/hwservicemanager: getTransportFromManifest: Cannot find entry android.hardware.configstore@1.0::ISurfaceFlingerConfigs in either framework or device manifest, using default transport.
01-20 18:27:50.301     0     0 I compress asoc: snd-soc-dummy-dai <-> MultiMedia12 mapping ok
01-20 18:27:50.302     0     0 I compress asoc: snd-soc-dummy-dai <-> MultiMedia13 mapping ok
01-20 18:27:50.302   418   418 I /system/bin/surfaceflinger: android::hardware::configstore::V1_0::ISurfaceFlingerConfigs::useContextPriority retrieved: 0 (default)
01-20 18:27:50.303     0     0 I compress asoc: snd-soc-dummy-dai <-> MultiMedia14 mapping ok
01-20 18:27:50.304     0     0 I compress asoc: snd-soc-dummy-dai <-> MultiMedia15 mapping ok
01-20 18:27:50.305     0     0 I compress asoc: snd-soc-dummy-dai <-> MultiMedia16 mapping ok
01-20 18:27:50.305     0     0 I msm8994-asoc-snd fe034000.sound: tomtom_mad1 <-> CPE_LSM_NOHOST mapping ok
01-20 18:27:50.307     0     0 I msm8994-asoc-snd fe034000.sound: snd-soc-dummy-dai <-> MultiMedia3 mapping ok
01-20 18:27:50.307     0     0 I msm8994-asoc-snd fe034000.sound: msm-stub-rx <-> qcom,msm-dai-q6-int-fm-rx.202 mapping ok
01-20 18:27:50.308     0     0 I msm8994-asoc-snd fe034000.sound: msm-stub-tx <-> qcom,msm-dai-q6-int-fm-tx.203 mapping ok
01-20 18:27:50.308     0     0 I msm8994-asoc-snd fe034000.sound: msm-stub-rx <-> qcom,msm-dai-q6-be-afe-pcm-rx.2 mapping ok
01-20 18:27:50.308     0     0 I msm8994-asoc-snd fe034000.sound: msm-stub-tx <-> qcom,msm-dai-q6-be-afe-pcm-tx.2 mapping ok
01-20 18:27:50.308   333   333 W /system/bin/hwservicemanager: getTransportFromManifest: Cannot find entry android.hardware.configstore@1.0::ISurfaceFlingerConfigs in either framework or device manifest, using default transport.
01-20 18:27:50.308     0     0 I msm8994-asoc-snd fe034000.sound: msm-stub-rx <-> qcom,msm-pri-auxpcm.55 mapping ok
01-20 18:27:50.309     0     0 I msm8994-asoc-snd fe034000.sound: msm-stub-tx <-> qcom,msm-pri-auxpcm.55 mapping ok
01-20 18:27:50.309     0     0 I msm8994-asoc-snd fe034000.sound: msm-stub-rx <-> qcom,msm-sec-auxpcm.56 mapping ok
01-20 18:27:50.309     0     0 I msm8994-asoc-snd fe034000.sound: msm-stub-tx <-> qcom,msm-sec-auxpcm.56 mapping ok
01-20 18:27:50.309     0     0 I msm_audrx_init: dev_nameqcom,msm-dai-q6-sb-0-rx.189
01-20 18:27:50.311     0     0 E qpnp_pin_of_gpio_xlate: no such PMIC gpio 1 in device topology
01-20 18:27:50.314     0     0 I init    : Created socket '/dev/socket/tombstoned_crash', mode 666, user 1000, group 1000
01-20 18:27:50.315     0     0 I init    : Created socket '/dev/socket/tombstoned_intercept', mode 666, user 1000, group 1000
01-20 18:27:50.327   418   418 I /system/bin/surfaceflinger: android::hardware::configstore::V1_0::ISurfaceFlingerConfigs::presentTimeOffsetFromVSyncNs retrieved: 0
01-20 18:27:50.329   333   333 W /system/bin/hwservicemanager: getTransportFromManifest: Cannot find entry android.hardware.configstore@1.0::ISurfaceFlingerConfigs in either framework or device manifest, using default transport.
01-20 18:27:50.332   417   417 I lowmemorykiller: Using in-kernel low memory killer interface
01-20 18:27:50.336   418   418 I /system/bin/surfaceflinger: android::hardware::configstore::V1_0::ISurfaceFlingerConfigs::useHwcForRGBtoYUV retrieved: 1
01-20 18:27:50.340   403   403 I vndksupport: sphal namespace is not configured for this process. Loading /vendor/lib64/hw/gralloc.msm8992.so from the current namespace instead.
01-20 18:27:50.345     0     0 W healthd : unable to get HAL interface, using defaults
01-20 18:27:50.346     0     0 W healthd : Unknown power supply type 'BMS'
01-20 18:27:50.347     0     0 I chatty  : uid=0(root) logd identical 1 line
01-20 18:27:50.347     0     0 W healthd : Unknown power supply type 'BMS'
01-20 18:27:50.347     0     0 W healthd : BatteryFullChargePath not found
01-20 18:27:50.347     0     0 W healthd : BatteryCycleCountPath not found
01-20 18:27:50.348     0     0 W healthd : battery l=64 v=3664 t=42.2 h=2 st=2 c=1393 chg=u
01-20 18:27:50.373   353   353 I zygote  : option[0]=-Xzygote
01-20 18:27:50.374   353   353 I zygote  : option[1]=-Xstacktracefile:/data/anr/traces.txt
01-20 18:27:50.374   353   353 I zygote  : option[2]=exit
01-20 18:27:50.374   353   353 I zygote  : option[3]=vfprintf
01-20 18:27:50.374   353   353 I zygote  : option[4]=sensitiveThread
01-20 18:27:50.374   353   353 I zygote  : option[5]=-verbose:gc
01-20 18:27:50.374   353   353 I zygote  : option[6]=-Xms4m
01-20 18:27:50.374   353   353 I zygote  : option[7]=-Xmx16m
01-20 18:27:50.374   353   353 I zygote  : option[8]=-Xusejit:true
01-20 18:27:50.374   353   353 I zygote  : option[9]=-Xjitsaveprofilinginfo
01-20 18:27:50.374   353   353 I zygote  : option[10]=-agentlib:jdwp=transport=dt_android_adb,suspend=n,server=y
01-20 18:27:50.374   353   353 I zygote  : option[11]=-Ximage-compiler-option
01-20 18:27:50.374   353   353 I zygote  : option[12]=--runtime-arg
01-20 18:27:50.374   353   353 I zygote  : option[13]=-Ximage-compiler-option
01-20 18:27:50.374   353   353 I zygote  : option[14]=-Xms64m
01-20 18:27:50.375   353   353 I zygote  : option[15]=-Ximage-compiler-option
01-20 18:27:50.375   353   353 I zygote  : option[16]=--runtime-arg
01-20 18:27:50.375   353   353 I zygote  : option[17]=-Ximage-compiler-option
01-20 18:27:50.375   353   353 I zygote  : option[18]=-Xmx64m
01-20 18:27:50.375   353   353 I zygote  : option[19]=-Ximage-compiler-option
01-20 18:27:50.375   353   353 I zygote  : option[20]=--image-classes=/system/etc/preloaded-classes
01-20 18:27:50.375   353   353 I zygote  : option[21]=-Ximage-compiler-option
01-20 18:27:50.375   353   353 I zygote  : option[22]=--compiled-classes=/system/etc/compiled-classes
01-20 18:27:50.375   353   353 I zygote  : option[23]=-Xcompiler-option
01-20 18:27:50.375   353   353 I zygote  : option[24]=--runtime-arg
01-20 18:27:50.375   353   353 I zygote  : option[25]=-Xcompiler-option
01-20 18:27:50.375   353   353 I zygote  : option[26]=-Xms64m
01-20 18:27:50.375   353   353 I zygote  : option[27]=-Xcompiler-option
01-20 18:27:50.375   353   353 I zygote  : option[28]=--runtime-arg
01-20 18:27:50.375   353   353 I zygote  : option[29]=-Xcompiler-option
01-20 18:27:50.376   353   353 I zygote  : option[30]=-Xmx512m
01-20 18:27:50.376   353   353 I zygote  : option[31]=-Xcompiler-option
01-20 18:27:50.376   353   353 I zygote  : option[32]=-j2
01-20 18:27:50.376   353   353 I zygote  : option[33]=-Ximage-compiler-option
01-20 18:27:50.376   353   353 I zygote  : option[34]=-j4
01-20 18:27:50.376   353   353 I zygote  : option[35]=-Ximage-compiler-option
01-20 18:27:50.376   333   333 W /system/bin/hwservicemanager: getTransportFromManifest: Cannot find entry android.hardware.configstore@1.0::ISurfaceFlingerConfigs in either framework or device manifest, using default transport.
01-20 18:27:50.376   353   353 I zygote  : option[36]=--instruction-set-variant=cortex-a53.a57
01-20 18:27:50.376   353   353 I zygote  : option[37]=-Xcompiler-option
01-20 18:27:50.376   353   353 I zygote  : option[38]=--instruction-set-variant=cortex-a53.a57
01-20 18:27:50.376   353   353 I zygote  : option[39]=-Ximage-compiler-option
01-20 18:27:50.376   353   353 I zygote  : option[40]=--instruction-set-features=default
01-20 18:27:50.376   353   353 I zygote  : option[41]=-Xcompiler-option
01-20 18:27:50.376   353   353 I zygote  : option[42]=--instruction-set-features=default
01-20 18:27:50.376   353   353 I zygote  : option[43]=-Duser.locale=en-US
01-20 18:27:50.377   353   353 I zygote  : option[44]=--cpu-abilist=armeabi-v7a,armeabi
01-20 18:27:50.377   353   353 I zygote  : option[45]=-Xfingerprint:Xiaomi/libra/libra:7.0/NRD90M/V8.2.3.0.NXKCNEC:user/release-keys
01-20 18:27:50.377   428   428 I irsc_util: Starting irsc tool
01-20 18:27:50.378   418   418 I /system/bin/surfaceflinger: android::hardware::configstore::V1_0::ISurfaceFlingerConfigs::maxVirtualDisplaySize retrieved: 2048
01-20 18:27:50.379   414   414 D QSEECOMD: : qseecom listener services process entry PPID = 1
01-20 18:27:50.380   414   414 E QSEECOMD: : Listener: index = 0, hierarchy = 0
01-20 18:27:50.381   333   333 W /system/bin/hwservicemanager: getTransportFromManifest: Cannot find entry android.hardware.configstore@1.0::ISurfaceFlingerConfigs in either framework or device manifest, using default transport.
01-20 18:27:50.385   418   418 I /system/bin/surfaceflinger: android::hardware::configstore::V1_0::ISurfaceFlingerConfigs::useVrFlinger retrieved: 0 (default)
01-20 18:27:50.385   418   418 I /system/bin/surfaceflinger: android::hardware::configstore::V1_0::ISurfaceFlingerConfigs::maxFrameBufferAcquiredBuffers retrieved: 3
01-20 18:27:50.386   333   333 W /system/bin/hwservicemanager: getTransportFromManifest: Cannot find entry android.hardware.configstore@1.0::ISurfaceFlingerConfigs in either framework or device manifest, using default transport.
01-20 18:27:50.388   353   353 I zygote  : Pruning dalvik-cache since we are relocating an image and will need to recompile
01-20 18:27:50.388   353   353 I zygote  : RelocateImage: /system/bin/patchoat --input-image-location=/system/framework/boot.art --output-image-file=/data/dalvik-cache/arm/system@framework@boot.art --instruction-set=arm --base-offset-delta=-15904768
01-20 18:27:50.390   418   418 I /system/bin/surfaceflinger: android::hardware::configstore::V1_0::ISurfaceFlingerConfigs::hasWideColorDisplay retrieved: 0
01-20 18:27:50.390   418   418 I SurfaceFlinger: Enabling HWC virtual displays
01-20 18:27:50.390   418   418 I SurfaceFlinger: Disabling Triple Buffering
01-20 18:27:50.390   418   418 I SurfaceFlinger: SurfaceFlinger's main thread ready to run. Initializing graphics H/W...
01-20 18:27:50.390   418   418 I SurfaceFlinger: Phase offest NS: 2000000
01-20 18:27:50.391   418   418 I vndksupport: sphal namespace is not configured for this process. Loading /vendor/lib64/egl/libEGL_adreno.so from the current namespace instead.
01-20 18:27:50.396   436   436 I CNSS    : log_capture_location  = /sdcard/wlan_logs/
01-20 18:27:50.405   418   418 D libEGL  : loaded /vendor/lib64/egl/libEGL_adreno.so
01-20 18:27:50.407   448   448 I installd: installd firing up
01-20 18:27:50.408     0     0 I FG      : fg_batt_profile_init: Battery SOC: 64
01-20 18:27:50.422   403   403 I ServiceManagement: Removing namespace from process name android.hardware.graphics.allocator@2.0-service to allocator@2.0-s.
01-20 18:27:50.426   403   403 I android.hardware.graphics.allocator@2.0-service: Registration complete for android.hardware.graphics.allocator@2.0::IAllocator/default.
01-20 18:27:50.443     0     0 E selinux : avc:  denied  { set } for property=ctl.msm_irqbalance pid=472 uid=0 gid=0 scontext=u:r:toolbox:s0 tcontext=u:object_r:ctl_default_prop:s0 tclass=property_service
01-20 18:27:50.443     0     0 I init    : computing context for service 'msm_irqbalance'
01-20 18:27:50.443     0     0 I init    : starting service 'msm_irqbalance'...
01-20 18:27:50.447     0     0 I init    : Service 'energy-awareness' (pid 444) exited with status 0
01-20 18:27:50.449     0     0 I init    : Created socket '/dev/socket/msm_irqbalance', mode 660, user 0, group 1000
01-20 18:27:50.472   454   454 I mediametrics: ServiceManager: 0x7391c32680
01-20 18:27:50.473   454   454 D MediaAnalyticsService: MediaAnalyticsService created
01-20 18:27:50.473   454   454 D MediaAnalyticsService: MediaAnalyticsService::newSummarizerSet
01-20 18:27:50.497     0     0 I android_work: android_work: sent uevent USB_STATE=CONNECTED
01-20 18:27:50.500     0     0 I android_work: android_work: sent uevent USB_STATE=DISCONNECTED
01-20 18:27:50.555   467   467 I gatekeeperd: Starting gatekeeperd...
01-20 18:27:50.566   333   333 W /system/bin/hwservicemanager: getTransportFromManifest: Cannot find entry android.hardware.gatekeeper@1.0::IGatekeeper in either framework or device manifest, using default transport.
01-20 18:27:50.567     0     0 I msm8994-asoc-snd fe034000.sound: tomtom_rx1 <-> qcom,msm-dai-q6-sb-0-rx.189 mapping ok
01-20 18:27:50.567     0     0 I msm8994-asoc-snd fe034000.sound: tomtom_tx1 <-> qcom,msm-dai-q6-sb-0-tx.190 mapping ok
01-20 18:27:50.568     0     0 I msm8994-asoc-snd fe034000.sound: tomtom_rx1 <-> qcom,msm-dai-q6-sb-1-rx.191 mapping ok
01-20 18:27:50.568     0     0 I msm8994-asoc-snd fe034000.sound: tomtom_tx1 <-> qcom,msm-dai-q6-sb-1-tx.192 mapping ok
01-20 18:27:50.569     0     0 I msm8994-asoc-snd fe034000.sound: tomtom_rx1 <-> qcom,msm-dai-q6-sb-3-rx.195 mapping ok
01-20 18:27:50.574     0     0 I init    : Service 'qcom-usb-sh' (pid 413) exited with status 0
01-20 18:27:50.575     0     0 I msm8994-asoc-snd fe034000.sound: tomtom_tx1 <-> qcom,msm-dai-q6-sb-3-tx.196 mapping ok
01-20 18:27:50.576     0     0 I msm8994-asoc-snd fe034000.sound: tomtom_rx1 <-> qcom,msm-dai-q6-sb-4-rx.197 mapping ok
01-20 18:27:50.576     0     0 I msm8994-asoc-snd fe034000.sound: msm-stub-tx <-> qcom,msm-dai-q6-incall-record-t mapping ok
01-20 18:27:50.577     0     0 I msm8994-asoc-snd fe034000.sound: msm-stub-tx <-> qcom,msm-dai-q6-incall-record-r mapping ok
01-20 18:27:50.577     0     0 I msm8994-asoc-snd fe034000.sound: tomtom_mad1 <-> qcom,msm-dai-q6-sb-5-tx.199 mapping ok
01-20 18:27:50.577     0     0 I msm8994-asoc-snd fe034000.sound: msm-stub-rx <-> qcom,msm-dai-q6-incall-music-rx mapping ok
01-20 18:27:50.578     0     0 I msm8994-asoc-snd fe034000.sound: msm-stub-rx <-> qcom,msm-dai-q6-incall-music-2- mapping ok
01-20 18:27:50.578     0     0 I msm8994-asoc-snd fe034000.sound: msm-stub-tx <-> qcom,msm-dai-q6-mi2s-prim.212 mapping ok
01-20 18:27:50.584   418   418 I vndksupport: sphal namespace is not configured for this process. Loading /vendor/lib64/egl/libGLESv1_CM_adreno.so from the current namespace instead.
01-20 18:27:50.589     0     0 I android_work: android_work: sent uevent USB_STATE=CONNECTED
01-20 18:27:50.590     0     0 I android_usb gadget: high-speed config #1: fe80f0c8.android_usb
01-20 18:27:50.590     0     0 I diag    : USB channel diag connected
01-20 18:27:50.590     0     0 I dwc3 f9200000.dwc3: Avail curr from USB = 500
01-20 18:27:50.590     0     0 I sps     : BAM 0x00000000f9304000 (va:0xffffff8001da0000) enabled: ver:0x24, number of pipes:8
01-20 18:27:50.593     0     0 W healthd : battery l=64 v=3664 t=42.2 h=2 st=2 c=1393 chg=u
01-20 18:27:50.594     0     0 W healthd : battery l=64 v=3664 t=42.2 h=2 st=2 c=1393 chg=u
01-20 18:27:50.594     0     0 E ipa_uc_state_check: 246 uC is not loaded
01-20 18:27:50.597   418   418 D libEGL  : loaded /vendor/lib64/egl/libGLESv1_CM_adreno.so
01-20 18:27:50.598     0     0 I chatty  : uid=0(root) logd identical 1 line
01-20 18:27:50.599     0     0 E ipa_uc_state_check: 246 uC is not loaded
01-20 18:27:50.612     0     0 I input   : msm8994-tomtom-mtp-snd-card Button Jack as /devices/soc.0/fe034000.sound/sound/card0/input4
01-20 18:27:50.613   418   418 I vndksupport: sphal namespace is not configured for this process. Loading /vendor/lib64/egl/libGLESv2_adreno.so from the current namespace instead.
01-20 18:27:50.613     0     0 I input   : msm8994-tomtom-mtp-snd-card Headset Jack as /devices/soc.0/fe034000.sound/sound/card0/input5
01-20 18:27:50.616   418   418 D libEGL  : loaded /vendor/lib64/egl/libGLESv2_adreno.so
01-20 18:27:50.618     0     0 I msm8994-asoc-snd fe034000.sound: property qcom,us-euro-gpios not detected in node /soc/sound
01-20 18:27:50.634   459   459 I /vendor/bin/hw/android.hardware.media.omx@1.0-service: mediacodecservice starting
01-20 18:27:50.644     0     0 I android_work: android_work: sent uevent USB_STATE=CONFIGURED
01-20 18:27:50.646   409   409 I rmt_storage: Shared memory initialised successfully.
01-20 18:27:50.646   409   409 I rmt_storage: Registering modemst1: 0x4a /boot/modem_fs1
01-20 18:27:50.646   409   409 I rmt_storage: Registering modemst2: 0x4b /boot/modem_fs2
01-20 18:27:50.646   409   409 I rmt_storage: Registering fsc: 0xff /boot/modem_fsc
01-20 18:27:50.647   409   409 I rmt_storage: Registering fsg: 0x58 /boot/modem_fsg
01-20 18:27:50.647   409   409 I rmt_storage: 4 GPT partitions found
01-20 18:27:50.647   409   409 I rmt_storage: Capset success!
01-20 18:27:50.648   414   414 D QSEECOMD: : Init dlopen(librpmb.so, RTLD_NOW) succeeds
01-20 18:27:50.648   414   414 D QSEECOMD: : Init::Init dlsym(g_FSHandle rpmb_init_service) succeeds
01-20 18:27:50.648   414   414 I rpmb_emmc: RPMB Mult = 16384, Rel_sec_cnt = 1
01-20 18:27:50.648   414   414 E DrmLibRpmb: rpmb_init succeeded! with ret = 0
01-20 18:27:50.648   414   414 D QSEECOMD: : Init rpmb_init_service ret = 0
01-20 18:27:50.648   414   414 D QSEECOMD: : RPMB system services: init (Listener ID = 8192)
01-20 18:27:50.648   414   414 E QSEECOMD: : Listener: index = 1, hierarchy = 0
01-20 18:27:50.652   459   459 W /vendor/bin/hw/android.hardware.media.omx@1.0-service: Could not read additional policy file '/vendor/etc/seccomp_policy/mediacodec.policy'
01-20 18:27:50.652   459   459 W /vendor/bin/hw/android.hardware.media.omx@1.0-service: libminijail[459]: allowing syscall: clock_gettime
01-20 18:27:50.652   459   459 W /vendor/bin/hw/android.hardware.media.omx@1.0-service: libminijail[459]: allowing syscall: connect
01-20 18:27:50.652   459   459 W /vendor/bin/hw/android.hardware.media.omx@1.0-service: libminijail[459]: allowing syscall: fcntl64
