01-20 17:33:03.890   487   487 I mediametrics: ServiceManager: 0x7443632680
01-20 17:33:03.890   487   487 D MediaAnalyticsService: MediaAnalyticsService created
01-20 17:33:03.891   487   487 D MediaAnalyticsService: MediaAnalyticsService::newSummarizerSet
01-20 17:33:03.905   353   353 I sysui_histogram: [boot_zygote_init,22142]
01-20 17:33:03.908   463   463 I FastMixerState: sMaxFastTracks = 8
01-20 17:33:03.909   463   463 I audioserver: ServiceManager: 0xed8174c0
01-20 17:33:03.909   463   463 W BatteryNotifier: batterystats service unavailable!
01-20 17:33:03.911   336   336 W /system/bin/hwservicemanager: getTransportFromManifest: Cannot find entry android.hardware.audio@2.0::IDevicesFactory in either framework or device manifest, using default transport.
01-20 17:33:03.919   336   336 W /system/bin/hwservicemanager: getTransportFromManifest: Cannot find entry android.hardware.audio.effect@2.0::IEffectsFactory in either framework or device manifest, using default transport.
01-20 17:33:03.926   451   553 I ThermalEngine: ACTION: CLUSTER - Setting CLUSTER[1] to 1248000
01-20 17:33:03.926   451   553 I ThermalEngine: Mitigation:CLUSTER[1]:1248000 Khz
01-20 17:33:03.926   353   353 I sysui_multi_action: [757,804,799,boot_zygote_init,801,22142,802,1]
01-20 17:33:03.934   353   353 I SamplingProfilerIntegration: Profiling disabled.
01-20 17:33:03.938   641   641 E crash_dump32: unable to connect to activity manager: No such file or directory
01-20 17:33:03.939   594   594 E /system/bin/tombstoned: Tombstone written to: /data/tombstones//tombstone_00
01-20 17:33:03.935   641   641 I auditd  : type=1400 audit(0.0:241): avc: denied { signal } for comm="crash_dump32" scontext=u:r:crash_dump:s0 tcontext=u:r:init:s0 tclass=process permissive=1
01-20 17:33:03.935   641   641 I crash_dump32: type=1400 audit(0.0:241): avc: denied { signal } for scontext=u:r:crash_dump:s0 tcontext=u:r:init:s0 tclass=process permissive=1
01-20 17:33:04.459     0     0 I init    : Untracked pid 641 exited with status 0
01-20 17:33:04.460     0     0 I init    : Service 'qcamerasvr' (pid 569) killed by signal 6
01-20 17:33:04.460     0     0 I init    : Sending signal 9 to service 'qcamerasvr' (pid 569) process group...
01-20 17:33:04.460     0     0 E init    : kill(569, 9) failed: No such process
01-20 17:33:03.940   353   353 I boot_progress_preload_start: 22183
01-20 17:33:03.940   353   353 D Zygote  : begin preload
01-20 17:33:03.940   353   353 I Zygote  : Installing ICU cache reference pinning...
01-20 17:33:03.940   353   353 I Zygote  : Preloading ICU data...
01-20 17:33:03.949   463   463 I AudioFlinger: Using default 3000 mSec as standby time.
01-20 17:33:03.951   463   463 E APM::Serializer: deserialize: Could not parse /odm/etc/audio_policy_configuration.xml document.
01-20 17:33:03.951   463   463 E APM::Serializer: deserialize: Could not parse /vendor/etc/audio_policy_configuration.xml document.
01-20 17:33:03.983   499   499 I storaged_emmc_info: [emmc 5.0,1,1,0]
01-20 17:33:03.983   708   708 I auditd  : type=1400 audit(0.0:242): avc: denied { read } for comm="cp" name="mcfg_sw" dev="mmcblk0p44" ino=23640 scontext=u:r:toolbox:s0 tcontext=u:object_r:system_data_file:s0 tclass=dir permissive=1
01-20 17:33:03.983   708   708 I cp      : type=1400 audit(0.0:242): avc: denied { read } for name="mcfg_sw" dev="mmcblk0p44" ino=23640 scontext=u:r:toolbox:s0 tcontext=u:object_r:system_data_file:s0 tclass=dir permissive=1
01-20 17:33:03.983   708   708 I auditd  : type=1400 audit(0.0:243): avc: denied { open } for comm="cp" path="/data/misc/radio/modem_config/mcfg_sw" dev="mmcblk0p44" ino=23640 scontext=u:r:toolbox:s0 tcontext=u:object_r:system_data_file:s0 tclass=dir permissive=1
01-20 17:33:03.983   708   708 I cp      : type=1400 audit(0.0:243): avc: denied { open } for path="/data/misc/radio/modem_config/mcfg_sw" dev="mmcblk0p44" ino=23640 scontext=u:r:toolbox:s0 tcontext=u:object_r:system_data_file:s0 tclass=dir permissive=1
01-20 17:33:03.983   708   708 I auditd  : type=1400 audit(0.0:244): avc: denied { read } for comm="cp" name="mcfg_sw" dev="mmcblk0p36" ino=55 scontext=u:r:toolbox:s0 tcontext=u:object_r:vfat:s0 tclass=dir permissive=1
01-20 17:33:03.983   708   708 I cp      : type=1400 audit(0.0:244): avc: denied { read } for name="mcfg_sw" dev="mmcblk0p36" ino=55 scontext=u:r:toolbox:s0 tcontext=u:object_r:vfat:s0 tclass=dir permissive=1
01-20 17:33:03.983   708   708 I auditd  : type=1400 audit(0.0:245): avc: denied { open } for comm="cp" path="/firmware/image/modem_pr/mcfg/configs/mcfg_sw" dev="mmcblk0p36" ino=55 scontext=u:r:toolbox:s0 tcontext=u:object_r:vfat:s0 tclass=dir permissive=1
01-20 17:33:03.983   708   708 I cp      : type=1400 audit(0.0:245): avc: denied { open } for path="/firmware/image/modem_pr/mcfg/configs/mcfg_sw" dev="mmcblk0p36" ino=55 scontext=u:r:toolbox:s0 tcontext=u:object_r:vfat:s0 tclass=dir permissive=1
01-20 17:33:03.983   708   708 I auditd  : type=1400 audit(0.0:246): avc: denied { getattr } for comm="cp" path="/firmware/image/modem_pr/mcfg/configs/mcfg_sw/mbn/cmcc/mcfg_sw.mbn" dev="mmcblk0p36" ino=70 scontext=u:r:toolbox:s0 tcontext=u:object_r:vfat:s0 tclass=file permissive=1
01-20 17:33:03.983   708   708 I cp      : type=1400 audit(0.0:246): avc: denied { getattr } for path="/firmware/image/modem_pr/mcfg/configs/mcfg_sw/mbn/cmcc/mcfg_sw.mbn" dev="mmcblk0p36" ino=70 scontext=u:r:toolbox:s0 tcontext=u:object_r:vfat:s0 tclass=file permissive=1
01-20 17:33:03.983   708   708 I auditd  : type=1400 audit(0.0:247): avc: denied { read } for comm="cp" name="mcfg_sw.mbn" dev="mmcblk0p36" ino=70 scontext=u:r:toolbox:s0 tcontext=u:object_r:vfat:s0 tclass=file permissive=1
01-20 17:33:03.983   708   708 I cp      : type=1400 audit(0.0:247): avc: denied { read } for name="mcfg_sw.mbn" dev="mmcblk0p36" ino=70 scontext=u:r:toolbox:s0 tcontext=u:object_r:vfat:s0 tclass=file permissive=1
01-20 17:33:03.983   708   708 I auditd  : type=1400 audit(0.0:248): avc: denied { open } for comm="cp" path="/firmware/image/modem_pr/mcfg/configs/mcfg_sw/mbn/cmcc/mcfg_sw.mbn" dev="mmcblk0p36" ino=70 scontext=u:r:toolbox:s0 tcontext=u:object_r:vfat:s0 tclass=file permissive=1
01-20 17:33:03.983   708   708 I cp      : type=1400 audit(0.0:248): avc: denied { open } for path="/firmware/image/modem_pr/mcfg/configs/mcfg_sw/mbn/cmcc/mcfg_sw.mbn" dev="mmcblk0p36" ino=70 scontext=u:r:toolbox:s0 tcontext=u:object_r:vfat:s0 tclass=file permissive=1
01-20 17:33:03.983   708   708 I auditd  : type=1400 audit(0.0:249): avc: denied { create } for comm="cp" name="mcfg_sw.mbn" scontext=u:r:toolbox:s0 tcontext=u:object_r:system_data_file:s0 tclass=file permissive=1
01-20 17:33:03.983   708   708 I cp      : type=1400 audit(0.0:249): avc: denied { create } for name="mcfg_sw.mbn" scontext=u:r:toolbox:s0 tcontext=u:object_r:system_data_file:s0 tclass=file permissive=1
01-20 17:33:03.983   708   708 I auditd  : type=1400 audit(0.0:250): avc: denied { read write open } for comm="cp" path="/data/misc/radio/modem_config/mcfg_sw/mbn/cmcc/mcfg_sw.mbn" dev="mmcblk0p44" ino=23645 scontext=u:r:toolbox:s0 tcontext=u:object_r:system_data_file:s0 tclass=file permissive=1
01-20 17:33:03.983   708   708 I cp      : type=1400 audit(0.0:250): avc: denied { read write open } for path="/data/misc/radio/modem_config/mcfg_sw/mbn/cmcc/mcfg_sw.mbn" dev="mmcblk0p44" ino=23645 scontext=u:r:toolbox:s0 tcontext=u:object_r:system_data_file:s0 tclass=file permissive=1
01-20 17:33:04.004   463   463 I vndksupport: sphal namespace is not configured for this process. Loading /vendor/lib/hw/audio.primary.msm8992.so from the current namespace instead.
01-20 17:33:04.014   499   722 I /system/bin/storaged: storaged: Start
01-20 17:33:04.019   354   354 I sysui_histogram: [boot_zygote_init,22260]
01-20 17:33:04.015   714   714 I auditd  : type=1400 audit(0.0:251): avc: denied { create } for comm="tc" scontext=u:r:init:s0 tcontext=u:r:init:s0 tclass=netlink_route_socket permissive=1
01-20 17:33:04.015   714   714 I tc      : type=1400 audit(0.0:251): avc: denied { create } for scontext=u:r:init:s0 tcontext=u:r:init:s0 tclass=netlink_route_socket permissive=1
01-20 17:33:04.015   714   714 I auditd  : type=1400 audit(0.0:252): avc: denied { setopt } for comm="tc" scontext=u:r:init:s0 tcontext=u:r:init:s0 tclass=netlink_route_socket permissive=1
01-20 17:33:04.015   714   714 I tc      : type=1400 audit(0.0:252): avc: denied { setopt } for scontext=u:r:init:s0 tcontext=u:r:init:s0 tclass=netlink_route_socket permissive=1
01-20 17:33:04.015   714   714 I auditd  : type=1400 audit(0.0:253): avc: denied { bind } for comm="tc" scontext=u:r:init:s0 tcontext=u:r:init:s0 tclass=netlink_route_socket permissive=1
01-20 17:33:04.015   714   714 I tc      : type=1400 audit(0.0:253): avc: denied { bind } for scontext=u:r:init:s0 tcontext=u:r:init:s0 tclass=netlink_route_socket permissive=1
01-20 17:33:04.019   714   714 I auditd  : type=1400 audit(0.0:254): avc: denied { getattr } for comm="tc" scontext=u:r:init:s0 tcontext=u:r:init:s0 tclass=netlink_route_socket permissive=1
01-20 17:33:04.019   714   714 I tc      : type=1400 audit(0.0:254): avc: denied { getattr } for scontext=u:r:init:s0 tcontext=u:r:init:s0 tclass=netlink_route_socket permissive=1
01-20 17:33:04.019   714   714 I auditd  : type=1400 audit(0.0:255): avc: denied { write } for comm="tc" scontext=u:r:init:s0 tcontext=u:r:init:s0 tclass=netlink_route_socket permissive=1
01-20 17:33:04.019   714   714 I tc      : type=1400 audit(0.0:255): avc: denied { write } for scontext=u:r:init:s0 tcontext=u:r:init:s0 tclass=netlink_route_socket permissive=1
01-20 17:33:04.019   714   714 I auditd  : type=1400 audit(0.0:256): avc: denied { nlmsg_read } for comm="tc" scontext=u:r:init:s0 tcontext=u:r:init:s0 tclass=netlink_route_socket permissive=1
01-20 17:33:04.019   714   714 I tc      : type=1400 audit(0.0:256): avc: denied { nlmsg_read } for scontext=u:r:init:s0 tcontext=u:r:init:s0 tclass=netlink_route_socket permissive=1
01-20 17:33:04.019   714   714 I auditd  : type=1400 audit(0.0:257): avc: denied { read } for comm="tc" scontext=u:r:init:s0 tcontext=u:r:init:s0 tclass=netlink_route_socket permissive=1
01-20 17:33:04.019   714   714 I tc      : type=1400 audit(0.0:257): avc: denied { read } for scontext=u:r:init:s0 tcontext=u:r:init:s0 tclass=netlink_route_socket permissive=1
01-20 17:33:04.029   353   353 D Zygote64Timing: BeginIcuCachePinning took to complete: 89ms
01-20 17:33:04.030   353   353 I Zygote  : Preloading classes...
01-20 17:33:04.032   463   463 D audio_hw_primary: adev_open: enter
01-20 17:33:04.032   463   463 E msm8974_platform: platform_init: Unable to open the mixer card: 0
01-20 17:33:04.032   463   463 E msm8974_platform: platform_init: Unable to open the mixer card: 1
01-20 17:33:04.032   463   463 E msm8974_platform: platform_init: Unable to open the mixer card: 2
01-20 17:33:04.032   463   463 E msm8974_platform: platform_init: Unable to open the mixer card: 3
01-20 17:33:04.032   463   463 E msm8974_platform: platform_init: Unable to open the mixer card: 4
01-20 17:33:04.032   463   463 E msm8974_platform: platform_init: Unable to open the mixer card: 5
01-20 17:33:04.032   463   463 E msm8974_platform: platform_init: Unable to open the mixer card: 6
01-20 17:33:04.032   463   463 E msm8974_platform: platform_init: Unable to open the mixer card: 7
01-20 17:33:04.040   354   354 I sysui_multi_action: [757,804,799,boot_zygote_init,801,22260,802,1]
01-20 17:33:04.561     0     0 I ueventd : firmware: loading 'cmnlib.b01' for '/devices/virtual/qseecom/qseecom/cmnlib.b01'
01-20 17:33:04.563     0     0 I ueventd : loading /devices/virtual/qseecom/qseecom/cmnlib.b01 took 0.0015425 seconds
01-20 17:33:04.047   354   354 I SamplingProfilerIntegration: Profiling disabled.
01-20 17:33:04.056   354   354 I zygote  : Explicit concurrent copying GC freed 180(10KB) AllocSpace objects, 0(0B) LOS objects, 98% free, 21KB/1557KB, paused 216us total 6.215ms
01-20 17:33:04.062   354   354 I zygote  : Explicit concurrent copying GC freed 9(32KB) AllocSpace objects, 0(0B) LOS objects, 98% free, 21KB/1557KB, paused 113us total 5.497ms
01-20 17:33:04.062   354   354 D Zygote32Timing: PostZygoteInitGC took to complete: 13ms
01-20 17:33:04.062   354   354 D Zygote32Timing: ZygoteInit took to complete: 15ms
01-20 17:33:04.063   354   354 I         : seccomp disabled by setenforce 0
01-20 17:33:04.063   354   354 I Zygote  : Accepting command socket connections
01-20 17:33:04.068   415   415 D SurfaceFlinger: shader cache generated - 24 shaders in 769.231934 ms
01-20 17:33:04.070   415   415 D SurfaceFlinger: Set power mode=2, type=0 flinger=0x729d05e000
01-20 17:33:04.070   415   415 D qdhwcomposer: hwc_setPowerMode: Setting mode 2 on display: 0
01-20 17:33:04.071   415   638 I qdhwcomposer: handle_blank_event: dpy:0 panel power state: 1
01-20 17:33:04.071   415   415 D qdhwcomposer: hwc_setPowerMode: Done setting mode 2 on display 0
01-20 17:33:04.592     0     0 I init    : computing context for service 'bootanim'
01-20 17:33:04.592     0     0 I init    : starting service 'bootanim'...
01-20 17:33:04.095   415   415 I auditd  : type=1400 audit(0.0:258): avc: denied { search } for comm="surfaceflinger" name="display" dev="mmcblk0p39" ino=15 scontext=u:r:surfaceflinger:s0 tcontext=u:object_r:unlabeled:s0 tclass=dir permissive=1
01-20 17:33:04.095   415   415 I surfaceflinger: type=1400 audit(0.0:258): avc: denied { search } for name="display" dev="mmcblk0p39" ino=15 scontext=u:r:surfaceflinger:s0 tcontext=u:object_r:unlabeled:s0 tclass=dir permissive=1
01-20 17:33:04.098   415   415 E modemanager: readXMLOp:Couldn't open OEM XML file!
01-20 17:33:04.098   415   415 E modemanager: readXMLOp:Couldn't open OEM XML file!
01-20 17:33:04.098   415   415 I modemanager: in applyDefaultMode ret = 0 mCurMode = -1
01-20 17:33:04.099   415   415 D qdutils : DEBUG_CALC_FPS: 0
01-20 17:33:04.099   415   415 D qdutils : period: 10
01-20 17:33:04.099   415   415 D qdutils : ignorethresh_us: 500000
01-20 17:33:04.130   413   413 E QC-QMI  : qmi_client [413]: unable to connect to server, errno=[2:No such file or directory], attempt=3
01-20 17:33:04.131   731   731 I auditd  : type=1400 audit(0.0:259): avc: denied { create } for comm="iptables" scontext=u:r:init:s0 tcontext=u:r:init:s0 tclass=rawip_socket permissive=1
01-20 17:33:04.131   731   731 I iptables: type=1400 audit(0.0:259): avc: denied { create } for scontext=u:r:init:s0 tcontext=u:r:init:s0 tclass=rawip_socket permissive=1
01-20 17:33:04.131   731   731 I auditd  : type=1400 audit(0.0:260): avc: denied { getopt } for comm="iptables" lport=255 scontext=u:r:init:s0 tcontext=u:r:init:s0 tclass=rawip_socket permissive=1
01-20 17:33:04.131   731   731 I iptables: type=1400 audit(0.0:260): avc: denied { getopt } for lport=255 scontext=u:r:init:s0 tcontext=u:r:init:s0 tclass=rawip_socket permissive=1
01-20 17:33:04.675     0     0 W audit   : audit_lost=173 audit_rate_limit=20 audit_backlog_limit=64
01-20 17:33:04.675     0     0 E audit   : rate limit exceeded
01-20 17:33:04.177   451   553 I ThermalEngine: ACTION: CLUSTER - Setting CLUSTER[1] to 960000
01-20 17:33:04.177   451   553 I ThermalEngine: Mitigation:CLUSTER[1]:960000 Khz
01-20 17:33:04.193   505   505 I /vendor/bin/hw/android.hardware.media.omx@1.0-service: mediacodecservice starting
01-20 17:33:04.198   505   505 W /vendor/bin/hw/android.hardware.media.omx@1.0-service: Could not read additional policy file '/vendor/etc/seccomp_policy/mediacodec.policy'
01-20 17:33:04.201   505   505 W /vendor/bin/hw/android.hardware.media.omx@1.0-service: libminijail[505]: allowing syscall: clock_gettime
01-20 17:33:04.201   505   505 W /vendor/bin/hw/android.hardware.media.omx@1.0-service: libminijail[505]: allowing syscall: connect
01-20 17:33:04.201   505   505 W /vendor/bin/hw/android.hardware.media.omx@1.0-service: libminijail[505]: allowing syscall: fcntl64
01-20 17:33:04.203   505   505 W /vendor/bin/hw/android.hardware.media.omx@1.0-service: libminijail[505]: allowing syscall: socket
01-20 17:33:04.204   505   505 W /vendor/bin/hw/android.hardware.media.omx@1.0-service: libminijail[505]: allowing syscall: writev
01-20 17:33:04.209   505   505 W /vendor/bin/hw/android.hardware.media.omx@1.0-service: libminijail[505]: logging seccomp filter failures
01-20 17:33:04.213   505   505 I /vendor/bin/hw/android.hardware.media.omx@1.0-service: Non-Treble OMX service created.
01-20 17:33:04.804     0     0 I ueventd : firmware: loading 'modem.b14' for '/devices/soc.0/fc880000.qcom,mss/firmware/modem.b14'
01-20 17:33:04.809     0     0 I ueventd : firmware: loading 'cmnlib.b02' for '/devices/virtual/qseecom/qseecom/cmnlib.b02'
01-20 17:33:04.811     0     0 I ueventd : loading /devices/virtual/qseecom/qseecom/cmnlib.b02 took 0.00200062 seconds
01-20 17:33:04.826     0     0 I ueventd : firmware: loading 'cmnlib.b03' for '/devices/virtual/qseecom/qseecom/cmnlib.b03'
01-20 17:33:04.835     0     0 I ueventd : loading /devices/virtual/qseecom/qseecom/cmnlib.b03 took 0.00942818 seconds
01-20 17:33:04.852     0     0 I ueventd : loading /devices/soc.0/fc880000.qcom,mss/firmware/modem.b14 took 0.0485777 seconds
01-20 17:33:04.338   469   469 I cameraserver: ServiceManager: 0xe7917500
01-20 17:33:04.339   469   469 I CameraService: CameraService started (pid=469)
01-20 17:33:04.339   469   469 I CameraService: CameraService process starting
01-20 17:33:04.350   469   469 W BatteryNotifier: batterystats service unavailable!
01-20 17:33:04.351   469   469 W BatteryNotifier: batterystats service unavailable!
01-20 17:33:04.365   480   480 V MediaUtils: physMem: 2903801856
01-20 17:33:04.365   480   480 V MediaUtils: requested limit: 580760360
01-20 17:33:04.365   480   480 V MediaUtils: actual limit: 580760360
01-20 17:33:04.365   480   480 V MediaUtils: original limits: -1/-1
01-20 17:33:04.365   480   480 V MediaUtils: new limits: 580760360/-1
01-20 17:33:04.365   480   480 I vndksupport: sphal namespace is not configured for this process. Loading libutils.so from the current namespace instead.
01-20 17:33:04.366   336   336 W /system/bin/hwservicemanager: getTransportFromManifest: Cannot find entry android.hardware.camera.provider@2.4::ICameraProvider in either framework or device manifest, using default transport.
01-20 17:33:04.383   480   480 W /system/bin/mediaextractor: Could not read additional policy file '/vendor/etc/seccomp_policy/mediaextractor.policy'
01-20 17:33:04.383   480   480 W /system/bin/mediaextractor: libminijail[480]: allowing syscall: connect
01-20 17:33:04.383   480   480 W /system/bin/mediaextractor: libminijail[480]: allowing syscall: fcntl
01-20 17:33:04.383   480   480 W /system/bin/mediaextractor: libminijail[480]: allowing syscall: sendto
01-20 17:33:04.383   480   480 W /system/bin/mediaextractor: libminijail[480]: allowing syscall: socket
01-20 17:33:04.383   480   480 W /system/bin/mediaextractor: libminijail[480]: allowing syscall: writev
01-20 17:33:04.384   480   480 W /system/bin/mediaextractor: libminijail[480]: compile_file: nonexistent syscall '_llseek'
01-20 17:33:04.384   480   480 W /system/bin/mediaextractor: libminijail[480]: logging seccomp filter failures
01-20 17:33:04.401   448   448 E QC-QMI  : qmi_client [448]: unable to connect to server, errno=[2:No such file or directory], attempt=3
01-20 17:33:04.403   451   502 E QC-QMI  : qmi_client [451]: unable to connect to server, errno=[2:No such file or directory], attempt=3
01-20 17:33:04.429   451   553 I ThermalEngine: ACTION: CLUSTER - Setting CLUSTER[1] to 864000
01-20 17:33:04.429   451   553 I ThermalEngine: Mitigation:CLUSTER[1]:864000 Khz
01-20 17:33:04.457   353   353 E ActivityRecognitionHardware: activity_recognition HAL is deprecated. class_init is effectively a no-op
01-20 17:33:04.987     0     0 I ueventd : firmware: loading 'modem.b18' for '/devices/soc.0/fc880000.qcom,mss/firmware/modem.b18'
01-20 17:33:04.993     0     0 I ueventd : loading /devices/soc.0/fc880000.qcom,mss/firmware/modem.b18 took 0.00591505 seconds
01-20 17:33:05.006     0     0 I ueventd : firmware: loading 'modem.b19' for '/devices/soc.0/fc880000.qcom,mss/firmware/modem.b19'
01-20 17:33:04.491   353   353 I zygote64: Thread[1,tid=353,Native,Thread*=0x7885abea00,peer=0x12c01c88,"main"] recursive attempt to load library "/system/lib64/libmedia_jni.so"
01-20 17:33:04.491   353   353 D MtpDeviceJNI: register_android_mtp_MtpDevice
01-20 17:33:04.492   353   353 I zygote64: Thread[1,tid=353,Native,Thread*=0x7885abea00,peer=0x12c01c88,"main"] recursive attempt to load library "/system/lib64/libmedia_jni.so"
01-20 17:33:04.492   353   353 I zygote64: Thread[1,tid=353,Native,Thread*=0x7885abea00,peer=0x12c01c88,"main"] recursive attempt to load library "/system/lib64/libmedia_jni.so"
01-20 17:33:04.493   446   446 I libmdmdetect: ESOC framework not supported
01-20 17:33:04.494   446   446 I libmdmdetect: Found internal modem: modem
01-20 17:33:04.494   488   488 I mediaserver: ServiceManager: 0xf2d17560
01-20 17:33:04.495   488   488 W BatteryNotifier: batterystats service unavailable!
01-20 17:33:05.014     0     0 I ueventd : loading /devices/soc.0/fc880000.qcom,mss/firmware/modem.b19 took 0.00772109 seconds
01-20 17:33:05.018     0     0 I ueventd : firmware: loading 'modem.b20' for '/devices/soc.0/fc880000.qcom,mss/firmware/modem.b20'
01-20 17:33:05.024     0     0 I init    : Service 'qcom-sh' (pid 555) exited with status 0
01-20 17:33:04.516   446   446 D RILD    : RIL_Init argc = 5 clientId = 2
01-20 17:33:04.537   446   446 E RILQ    : log to /data/misc/radio/ril_log for QCRIL logging is not enabled
01-20 17:33:04.537   446   446 E Diag_Lib:  Diag_LSM_Init: Failed to open handle to diag driver, error = 13
01-20 17:33:04.537   446   446 E RILQ    : Fail to initialize Diag for QCRIL logging
01-20 17:33:04.561   446   446 I libmdmdetect: ESOC framework not supported
01-20 17:33:04.562   446   446 I libmdmdetect: Found internal modem: modem
01-20 17:33:04.564   353   353 D TelephonyManager: No /proc/cmdline exception=java.io.FileNotFoundException: /proc/cmdline (Permission denied)
01-20 17:33:04.564   353   353 D TelephonyManager: /proc/cmdline=
01-20 17:33:04.571   335   335 E SELinux : avc:  denied  { find } for service=vendor.qcom.PeripheralManager pid=446 uid=1001 scontext=u:r:rild:s0 tcontext=u:object_r:default_android_service:s0 tclass=service_manager
01-20 17:33:04.571   335   335 I auditd  : avc:  denied  { find } for service=vendor.qcom.PeripheralManager pid=446 uid=1001 scontext=u:r:rild:s0 tcontext=u:object_r:default_android_service:s0 tclass=service_manager
01-20 17:33:04.588   537   537 I libmdmdetect: ESOC framework not supported
01-20 17:33:04.589   537   537 I libmdmdetect: Found internal modem: modem
01-20 17:33:04.604   537   537 D RILD    : RIL_Init argc = 5 clientId = 0
01-20 17:33:04.604   537   537 E RILQ    : log to /data/misc/radio/ril_log for QCRIL logging is not enabled
01-20 17:33:04.604   537   537 E Diag_Lib:  Diag_LSM_Init: Failed to open handle to diag driver, error = 13
01-20 17:33:04.604   537   537 E RILQ    : Fail to initialize Diag for QCRIL logging
01-20 17:33:05.122     0     0 I ueventd : loading /devices/soc.0/fc880000.qcom,mss/firmware/modem.b20 took 0.103426 seconds
01-20 17:33:04.609   537   537 I libmdmdetect: ESOC framework not supported
01-20 17:33:04.609   537   537 I libmdmdetect: Found internal modem: modem
01-20 17:33:04.620   463   463 I audio_hw_extn: audio_extn_set_snd_card_split: snd_card_name(msm8994-tomtom-mtp-snd-card) device(msm8994) snd_card(tomtom) form_factor(mtp)
01-20 17:33:05.140     0     0 I ueventd : firmware: loading 'modem.b22' for '/devices/soc.0/fc880000.qcom,mss/firmware/modem.b22'
01-20 17:33:04.622   463   463 E msm8974_platform: find_index: Could not find index for name = SND_DEVICE_IN_CAMCORDER_STEREO_DMIC
01-20 17:33:04.623   463   463 E platform_info: process_acdb_id: Device SND_DEVICE_IN_CAMCORDER_STEREO_DMIC in audio_platform_info.xml not found, no ACDB ID set!
01-20 17:33:04.623   463   463 E platform_info: device tag only supported for acdb/backend names
01-20 17:33:04.623   463   463 I msm8974_platform: platform_init: found sound card msm8994-tomtom-mtp-snd-card, primary sound card expeted is (null)
01-20 17:33:04.623   463   463 D msm8974_platform: platform_init: Loading mixer file: /system/etc/mixer_paths.xml
01-20 17:33:05.155     0     0 I ueventd : loading /devices/soc.0/fc880000.qcom,mss/firmware/modem.b22 took 0.0143229 seconds
01-20 17:33:05.181     0     0 W QSEECOM : qseecom_load_app: App (kmota) does'nt exist, loading apps for first time
01-20 17:33:04.688   353   353 I System  : Loaded time zone names for "" in 51ms (50ms in ICU)
01-20 17:33:04.708   353   353 I System  : Loaded time zone names for "en_US" in 20ms (19ms in ICU)
01-20 17:33:04.722   353   353 I Zygote  : ...preloaded 4570 classes in 692ms.
01-20 17:33:04.722   353   353 I zygote64: VMRuntime.preloadDexCaches starting
01-20 17:33:05.325     0     0 E         : msm_qti_pp_get_rms_value_control, back not active to query rms be_idx:3
01-20 17:33:05.327     0     0 E         : msm_pcm_volume_ctl_get substream runtime not found
01-20 17:33:05.328     0     0 I chatty  : uid=0(root) logd identical 1 line
01-20 17:33:05.328     0     0 E         : msm_pcm_volume_ctl_get substream runtime not found
01-20 17:33:05.328     0     0 E msm_compr_audio_effects_config_get: stream or effects inactive
01-20 17:33:05.328     0     0 E         : msm_pcm_volume_ctl_get substream runtime not found
01-20 17:33:05.328     0     0 E msm_compr_audio_effects_config_get: stream or effects inactive
01-20 17:33:04.837   353   353 I zygote64: VMRuntime.preloadDexCaches strings total=306854 before=2983 after=2983
01-20 17:33:04.837   353   353 I zygote64: VMRuntime.preloadDexCaches types total=26185 before=2669 after=3316
01-20 17:33:04.837   353   353 I zygote64: VMRuntime.preloadDexCaches fields total=124026 before=2165 after=1217
01-20 17:33:04.837   353   353 I zygote64: VMRuntime.preloadDexCaches methods total=219962 before=87651 after=87749
01-20 17:33:04.837   353   353 I zygote64: VMRuntime.preloadDexCaches finished
01-20 17:33:04.837   353   353 D Zygote64Timing: PreloadClasses took to complete: 808ms
01-20 17:33:04.839   463   463 E audio_route: Control 'MultiMedia4 Mixer MI2S_TX' doesn't exist - skipping
01-20 17:33:04.839   463   463 E audio_route: Control 'MultiMedia7 Mixer MI2S_TX' doesn't exist - skipping
01-20 17:33:04.839   463   463 E audio_route: Control 'MultiMedia10 Mixer MI2S_TX' doesn't exist - skipping
01-20 17:33:04.839   463   463 E audio_route: Control 'MultiMedia11 Mixer MI2S_TX' doesn't exist - skipping
01-20 17:33:04.839   463   463 E audio_route: Control 'MultiMedia12 Mixer MI2S_TX' doesn't exist - skipping
01-20 17:33:04.839   463   463 E audio_route: Control 'MultiMedia13 Mixer MI2S_TX' doesn't exist - skipping
01-20 17:33:04.840   463   463 E audio_route: Control 'MultiMedia14 Mixer MI2S_TX' doesn't exist - skipping
01-20 17:33:04.840   463   463 E audio_route: Control 'MultiMedia15 Mixer MI2S_TX' doesn't exist - skipping
01-20 17:33:04.840   463   463 E audio_route: Control 'MultiMedia16 Mixer MI2S_TX' doesn't exist - skipping
01-20 17:33:05.328     0     0 I chatty  : uid=0(root) logd identical 1 line
01-20 17:33:05.349     0     0 E msm_compr_audio_effects_config_get: stream or effects inactive
01-20 17:33:05.349     0     0 E         : msm_pcm_volume_ctl_get substream or runtime not found
01-20 17:33:05.349     0     0 E         : msm_pcm_volume_ctl_get substream runtime not found
01-20 17:33:05.349     0     0 E msm_compr_audio_effects_config_get: stream or effects inactive
01-20 17:33:05.350     0     0 I chatty  : uid=0(root) logd identical 4 lines
01-20 17:33:05.351     0     0 E msm_compr_audio_effects_config_get: stream or effects inactive
01-20 17:33:05.351     0     0 E         : msm_pcm_volume_ctl_get substream runtime not found
01-20 17:33:04.852   463   463 E audio_route: Control 'RX4 DSM MUX' doesn't exist - skipping
01-20 17:33:04.852   463   463 E audio_route: Control 'RX6 DSM MUX' doesn't exist - skipping
01-20 17:33:04.853   463   463 E audio_route: Control 'AFE_PCM_RX Port Mixer PRI_MI2S_TX' doesn't exist - skipping
01-20 17:33:04.868   463   463 E audio_route: Control 'SLIMBUS_0_RX Audio Mixer MultiMedia3' already exists in path 'audio-ull-playback speaker-and-headphones'
01-20 17:33:04.873   463   463 E audio_route: Control 'MultiMedia8 Mixer SEC_AUX_PCM_UL_TX' doesn't exist - skipping
01-20 17:33:04.873   463   463 E audio_route: Control 'MultiMedia5 Mixer SEC_AUX_PCM_UL_TX' doesn't exist - skipping
01-20 17:33:04.874   463   463 E audio_route: Control 'MultiMedia5 Mixer PRI_MI2S_TX' doesn't exist - skipping
01-20 17:33:04.890   463   463 E audio_route: Control 'RDAC3 MUX' doesn't exist - skipping
01-20 17:33:04.913   422   422 D QSEECOMAPI: : Loaded image: APP id = 3
01-20 17:33:04.913   556   556 D QSEECOMAPI: : App is already loaded QSEE and app id = 3
01-20 17:33:05.432     0     0 W QSEECOM : qseecom_load_app: App with id 3 (kmota) now loaded
01-20 17:33:04.915   556   556 I gatekeeperd: cold boot: clearing state
01-20 17:33:04.917   422   422 D QSEECOMD: :  Keymaster/ kmota loaded
01-20 17:33:04.919   422   422 D QSEECOMD: : QSEECOM DAEMON RUNNING 
01-20 17:33:04.920   463   463 D msm8974_platform: platform_init: Opened sound card:0
01-20 17:33:04.948   463   463 E msm8974_platform: platform_init: Could not find the symbol acdb_get_default_app_type from libacdbloader.so
01-20 17:33:04.943   463   463 I auditd  : type=1400 audit(0.0:279): avc: denied { read } for comm="audioserver" name="hw_platform" dev="sysfs" ino=22438 scontext=u:r:audioserver:s0 tcontext=u:object_r:sysfs:s0 tclass=file permissive=1
01-20 17:33:04.943   463   463 I audioserver: type=1400 audit(0.0:279): avc: denied { read } for name="hw_platform" dev="sysfs" ino=22438 scontext=u:r:audioserver:s0 tcontext=u:object_r:sysfs:s0 tclass=file permissive=1
01-20 17:33:04.943   463   463 I auditd  : type=1400 audit(0.0:280): avc: denied { open } for comm="audioserver" path="/sys/devices/soc0/hw_platform" dev="sysfs" ino=22438 scontext=u:r:audioserver:s0 tcontext=u:object_r:sysfs:s0 tclass=file permissive=1
01-20 17:33:04.943   463   463 I audioserver: type=1400 audit(0.0:280): avc: denied { open } for path="/sys/devices/soc0/hw_platform" dev="sysfs" ino=22438 scontext=u:r:audioserver:s0 tcontext=u:object_r:sysfs:s0 tclass=file permissive=1
01-20 17:33:04.943   463   463 I auditd  : type=1400 audit(0.0:281): avc: denied { getattr } for comm="audioserver" path="/sys/devices/soc0/hw_platform" dev="sysfs" ino=22438 scontext=u:r:audioserver:s0 tcontext=u:object_r:sysfs:s0 tclass=file permissive=1
01-20 17:33:04.943   463   463 I audioserver: type=1400 audit(0.0:281): avc: denied { getattr } for path="/sys/devices/soc0/hw_platform" dev="sysfs" ino=22438 scontext=u:r:audioserver:s0 tcontext=u:object_r:sysfs:s0 tclass=file permissive=1
01-20 17:33:04.947   439   439 I auditd  : type=1400 audit(0.0:282): avc: denied { ioctl } for comm="netmgrd" path="socket:[18996]" dev="sockfs" ino=18996 ioctlcmd=89fd scontext=u:r:init:s0 tcontext=u:r:init:s0 tclass=udp_socket permissive=1
01-20 17:33:04.947   439   439 I netmgrd : type=1400 audit(0.0:282): avc: denied { ioctl } for path="socket:[18996]" dev="sockfs" ino=18996 ioctlcmd=89fd scontext=u:r:init:s0 tcontext=u:r:init:s0 tclass=udp_socket permissive=1
01-20 17:33:04.947   439   439 I auditd  : type=1400 audit(0.0:283): avc: denied { create } for comm="netmgrd" scontext=u:r:init:s0 tcontext=u:r:init:s0 tclass=socket permissive=1
01-20 17:33:04.947   439   439 I netmgrd : type=1400 audit(0.0:283): avc: denied { create } for scontext=u:r:init:s0 tcontext=u:r:init:s0 tclass=socket permissive=1
01-20 17:33:04.947   439   439 I auditd  : type=1400 audit(0.0:284): avc: denied { ioctl } for comm="netmgrd" path="socket:[18998]" dev="sockfs" ino=18998 ioctlcmd=c304 scontext=u:r:init:s0 tcontext=u:r:init:s0 tclass=socket permissive=1
01-20 17:33:04.947   439   439 I netmgrd : type=1400 audit(0.0:284): avc: denied { ioctl } for path="socket:[18998]" dev="sockfs" ino=18998 ioctlcmd=c304 scontext=u:r:init:s0 tcontext=u:r:init:s0 tclass=socket permissive=1
01-20 17:33:04.953   463   463 D ACDB-LOADER: ACDB -> Load file: /etc/acdbdata/Forte/Forte_Bluetooth_cal.acdb
01-20 17:33:04.953   463   463 D ACDB-LOADER: ACDB -> Load file: /etc/acdbdata/Forte/Forte_General_cal.acdb
01-20 17:33:04.953   463   463 D ACDB-LOADER: ACDB -> Load file: /etc/acdbdata/Forte/Forte_Global_cal.acdb
01-20 17:33:04.953   463   463 D ACDB-LOADER: ACDB -> Load file: /etc/acdbdata/Forte/Forte_Handset_cal.acdb
01-20 17:33:04.953   463   463 D ACDB-LOADER: ACDB -> Load file: /etc/acdbdata/Forte/Forte_Hdmi_cal.acdb
01-20 17:33:04.954   463   463 D ACDB-LOADER: ACDB -> Load file: /etc/acdbdata/Forte/Forte_Headset_cal.acdb
01-20 17:33:04.954   463   463 D ACDB-LOADER: ACDB -> Load file: /etc/acdbdata/Forte/Forte_Speaker_cal.acdb
01-20 17:33:04.954   463   463 I ACDB-LOADER: ACDB -> Info: Loaded ForteMedia ACDB!
01-20 17:33:04.954   463   463 D ACDB-LOADER: ACDB -> ACDB_CMD_INITIALIZE_V2
01-20 17:33:04.956   463   463 D         : [ACDB Command]->SW Minor/Major/Revision version info for /etc/acdbdata/Forte/Forte_Bluetooth_cal.acdb
01-20 17:33:04.956   463   463 D         : [ACDB Command]->ACDB Sw Major = 5, ACDB Sw Minor = 0, ACDB Sw Revision = 4
01-20 17:33:04.956   463   463 D         : [ACDB Command]->ACDB File Major = 4, ACDB File Minor = 2, ACDB File Revision = 1
01-20 17:33:04.957   463   463 D         : [ACDB Command]->SW Minor/Major/Revision version info for /etc/acdbdata/Forte/Forte_General_cal.acdb
01-20 17:33:04.957   463   463 D         : [ACDB Command]->ACDB Sw Major = 5, ACDB Sw Minor = 0, ACDB Sw Revision = 4
01-20 17:33:04.957   463   463 D         : [ACDB Command]->ACDB File Major = 4, ACDB File Minor = 2, ACDB File Revision = 1
01-20 17:33:04.959   463   463 D         : [ACDB Command]->SW Minor/Major/Revision version info for /etc/acdbdata/Forte/Forte_Global_cal.acdb
01-20 17:33:04.959   463   463 D         : [ACDB Command]->ACDB Sw Major = 5, ACDB Sw Minor = 0, ACDB Sw Revision = 4
01-20 17:33:04.959   463   463 D         : [ACDB Command]->ACDB File Major = 4, ACDB File Minor = 2, ACDB File Revision = 1
01-20 17:33:04.964   463   463 D         : [ACDB Command]->SW Minor/Major/Revision version info for /etc/acdbdata/Forte/Forte_Handset_cal.acdb
01-20 17:33:04.964   463   463 D         : [ACDB Command]->ACDB Sw Major = 5, ACDB Sw Minor = 0, ACDB Sw Revision = 4
01-20 17:33:04.964   463   463 D         : [ACDB Command]->ACDB File Major = 4, ACDB File Minor = 2, ACDB File Revision = 1
01-20 17:33:04.966   463   463 D         : [ACDB Command]->SW Minor/Major/Revision version info for /etc/acdbdata/Forte/Forte_Hdmi_cal.acdb
01-20 17:33:04.966   463   463 D         : [ACDB Command]->ACDB Sw Major = 5, ACDB Sw Minor = 0, ACDB Sw Revision = 4
01-20 17:33:04.966   463   463 D         : [ACDB Command]->ACDB File Major = 4, ACDB File Minor = 2, ACDB File Revision = 1
01-20 17:33:04.968   463   463 D         : [ACDB Command]->SW Minor/Major/Revision version info for /etc/acdbdata/Forte/Forte_Headset_cal.acdb
01-20 17:33:04.969   463   463 D         : [ACDB Command]->ACDB Sw Major = 5, ACDB Sw Minor = 0, ACDB Sw Revision = 4
01-20 17:33:04.969   463   463 D         : [ACDB Command]->ACDB File Major = 4, ACDB File Minor = 2, ACDB File Revision = 1
01-20 17:33:04.973   463   463 D         : [ACDB Command]->SW Minor/Major/Revision version info for /etc/acdbdata/Forte/Forte_Speaker_cal.acdb
01-20 17:33:04.973   463   463 D         : [ACDB Command]->ACDB Sw Major = 5, ACDB Sw Minor = 0, ACDB Sw Revision = 4
01-20 17:33:04.973   463   463 D         : [ACDB Command]->ACDB File Major = 4, ACDB File Minor = 2, ACDB File Revision = 1
01-20 17:33:04.974   463   463 D ACDB-LOADER: ACDB -> ACPH INIT
01-20 17:33:04.974   463   463 D         : [ACPH]->Online service registered with ACPH
01-20 17:33:04.974   463   463 E Diag_Lib:  Diag_LSM_Init: Failed to open handle to diag driver, error = 13
01-20 17:33:04.974   463   463 E Diag_Lib:  diagpkt_tbl_reg: Registration failed.
01-20 17:33:04.974   463   463 D         : [ACPH]->ACPH init success
01-20 17:33:04.971   463   463 I auditd  : type=1400 audit(0.0:285): avc: denied { read write } for comm="audioserver" name="msm_audio_cal" dev="tmpfs" ino=13047 scontext=u:r:audioserver:s0 tcontext=u:object_r:device:s0 tclass=chr_file permissive=1
01-20 17:33:04.971   463   463 I audioserver: type=1400 audit(0.0:285): avc: denied { read write } for name="msm_audio_cal" dev="tmpfs" ino=13047 scontext=u:r:audioserver:s0 tcontext=u:object_r:device:s0 tclass=chr_file permissive=1
01-20 17:33:04.971   463   463 I auditd  : type=1400 audit(0.0:286): avc: denied { open } for comm="audioserver" path="/dev/msm_audio_cal" dev="tmpfs" ino=13047 scontext=u:r:audioserver:s0 tcontext=u:object_r:device:s0 tclass=chr_file permissive=1
01-20 17:33:04.971   463   463 I audioserver: type=1400 audit(0.0:286): avc: denied { open } for path="/dev/msm_audio_cal" dev="tmpfs" ino=13047 scontext=u:r:audioserver:s0 tcontext=u:object_r:device:s0 tclass=chr_file permissive=1
01-20 17:33:04.971   463   463 I auditd  : type=1400 audit(0.0:287): avc: denied { ioctl } for comm="audioserver" path="/dev/msm_audio_cal" dev="tmpfs" ino=13047 ioctlcmd=61c8 scontext=u:r:audioserver:s0 tcontext=u:object_r:device:s0 tclass=chr_file permissive=1
01-20 17:33:04.971   463   463 I audioserver: type=1400 audit(0.0:287): avc: denied { ioctl } for path="/dev/msm_audio_cal" dev="tmpfs" ino=13047 ioctlcmd=61c8 scontext=u:r:audioserver:s0 tcontext=u:object_r:device:s0 tclass=chr_file permissive=1
01-20 17:33:04.974   463   463 D ACDB-LOADER: ACDB -> RTAC INIT
01-20 17:33:04.974   463   463 D         : [ACPH]->DSP RTC service registered with ACPH
01-20 17:33:04.974   463   463 D ACDB-LOADER: ACDB -> MCS, FTS INIT
01-20 17:33:04.975   463   463 D         : [ACPH]->MCS RTC service registered with ACPH
01-20 17:33:04.975   463   463 D         : [ACPH]->FTS RTC service registered with ACPH
01-20 17:33:04.975   463   463 D ACDB-LOADER: ACDB -> ADIE RTAC INIT
01-20 17:33:04.975   463   463 D         : [ACPH]->ADIE RTC service registered with ACPH
01-20 17:33:04.975   463   463 D ACDB-LOADER: ACDB -> ACDB_CMD_GET_VOC_PROC_DYNAMIC_TABLE_SIZE
01-20 17:33:04.975   463   463 D         : Invalid AV file. It doesnt contain LUT for tblid 00000017 
01-20 17:33:04.975   463   463 D         : Failed to fetch the Table in ACDB files Table-ID 00000017 
01-20 17:33:04.975   463   463 D ACDB-LOADER: ACDB -> send_meta_info, lic 0
01-20 17:33:04.975   463   463 D         : Couldnt find the key 00000000 
01-20 17:33:04.975   463   463 D         : Output from GetMetaInfoSize command : 0
01-20 17:33:04.985   353   353 I Zygote  : Preloading resources...
01-20 17:33:04.989   463   463 D ACDB-LOADER: ACDB -> send_adm_custom_topology
01-20 17:33:04.989   463   463 D ACDB-LOADER: ACDB -> ACDB_CMD_GET_AUDIO_COPP_TOPOLOGIES
01-20 17:33:04.989   463   463 D ACDB-LOADER: ACDB -> AUDIO_SET_ADM_CUSTOM_TOPOLOGY
01-20 17:33:04.989   463   463 D ACDB-LOADER: ACDB -> send_asm_custom_topology
01-20 17:33:04.989   463   463 D ACDB-LOADER: ACDB -> ACDB_CMD_GET_AUDIO_POPP_TOPOLOGIES
01-20 17:33:04.989   463   463 D ACDB-LOADER: ACDB -> AUDIO_SET_ASM_CUSTOM_TOPOLOGY
01-20 17:33:04.989   463   463 D ACDB-LOADER: ACDB -> send_meta_info Enter
01-20 17:33:04.990   463   463 E ACDB-LOADER: Fail to allocate memory for metainfo
01-20 17:33:04.990   463   463 D ACDB-LOADER: ACDB -> send_meta_info failed
01-20 17:33:04.990   463   463 D ACDB-LOADER: ACDB -> init done!
01-20 17:33:04.990   463   463 D audio_hw_spkr_prot: audio_extn_spkr_prot_init: Initialize speaker protection module
01-20 17:33:04.995   463   463 I Thermal-Lib: Thermal-Lib-Client: Registraion successful for spkr with handle:1
01-20 17:33:04.995   463   463 D audio_hw_spkr_prot: audio_extn_spkr_prot_init: spkr_prot thermal_client_register_callback success
01-20 17:33:04.996   463   463 D audio_hw_spkr_prot: audio_extn_spkr_prot_init: Create calibration thread
01-20 17:33:04.996   463   463 D hardware_cal: hw_util_open: Opening device /dev/snd/hwC0D1000
01-20 17:33:04.996   463   463 D hardware_cal: hw_util_open: success
01-20 17:33:04.996   463   463 D ACDB-LOADER: ACDB -> ACDB_CMD_GET_ANC_SETTING
01-20 17:33:05.002   463   463 I chatty  : uid=1041(audioserver) /system/bin/audioserver identical 7 lines
01-20 17:33:05.002   463   463 D ACDB-LOADER: ACDB -> ACDB_CMD_GET_ANC_SETTING
01-20 17:33:05.002   463   463 D hardware_cal: send_codec_cal cal sent for anc_cal
01-20 17:33:05.002   463   463 E ACDB-LOADER: ACDB -> send_codec_cal
01-20 17:33:05.002   463   463 E ACDB-LOADER: ACDB -> ACDB_CMD_GET_CODEC_CAL_DATA
01-20 17:33:05.002   463   463 D hardware_cal: send_codec_cal cal sent for mad_cal
01-20 17:33:05.002   463   463 D ACDB-LOADER: send mbhc data
01-20 17:33:05.002   463   463 D ACDB-LOADER: ACDB -> MBHC ACDB_PID_GENERAL_CONFIG
01-20 17:33:05.002   463   463 D ACDB-LOADER: ACDB -> MBHC ACDB_PID_PLUG_REMOVAL_DETECTION
01-20 17:33:05.002   463   463 D ACDB-LOADER: ACDB -> MBHC ACDB_PID_PLUG_TYPE_DETECTION
01-20 17:33:05.002   463   463 D ACDB-LOADER: ACDB -> MBHC ACDB_PID_BUTTON_PRESS_DETECTION
01-20 17:33:05.002   463   463 D ACDB-LOADER: ACDB -> MBHC ACDB_PID_IMPEDANCE_DETECTION
01-20 17:33:05.002   463   463 D hardware_cal: send_codec_cal cal sent for mbhc_cal
01-20 17:33:05.004   463   463 E ext_speaker: open_speaker_bundle: DLOPEN failed for /vendor/lib/soundfx/libspeakerbundle.so
01-20 17:33:05.012   451   549 I ThermalEngine: Thermal-Server: Adding thermal event listener on fd 54
01-20 17:33:05.012   463   777 I Thermal-Lib: Thermal-Lib-Client: Client received msg camera 0
01-20 17:33:05.007   777   777 I auditd  : type=1400 audit(0.0:288): avc: denied { write } for comm="audioserver" name="thermal-send-client" dev="tmpfs" ino=14108 scontext=u:r:audioserver:s0 tcontext=u:object_r:socket_device:s0 tclass=sock_file permissive=1
01-20 17:33:05.007   777   777 I audioserver: type=1400 audit(0.0:288): avc: denied { write } for name="thermal-send-client" dev="tmpfs" ino=14108 scontext=u:r:audioserver:s0 tcontext=u:object_r:socket_device:s0 tclass=sock_file permissive=1
01-20 17:33:05.007   777   777 I auditd  : type=1400 audit(0.0:289): avc: denied { connectto } for comm="audioserver" path="/dev/socket/thermal-send-client" scontext=u:r:audioserver:s0 tcontext=u:r:init:s0 tclass=unix_stream_socket permissive=1
01-20 17:33:05.007   777   777 I audioserver: type=1400 audit(0.0:289): avc: denied { connectto } for path="/dev/socket/thermal-send-client" scontext=u:r:audioserver:s0 tcontext=u:r:init:s0 tclass=unix_stream_socket permissive=1
01-20 17:33:05.013   463   777 E Thermal-Lib: Thermal-Lib-Client: No Callback registered for camera
01-20 17:33:05.013   463   777 I Thermal-Lib: Thermal-Lib-Client: Client received msg camcorder 0
01-20 17:33:05.013   463   777 E Thermal-Lib: Thermal-Lib-Client: No Callback registered for camcorder
01-20 17:33:05.013   463   463 W audio_hw_primary: adev_open: DLOPEN failed for libadm.so
01-20 17:33:05.013   463   463 E msm8974_platform: platform_get_default_app_type_v2: Not implemented
01-20 17:33:05.016   463   778 D audio_hw_spkr_prot: spkr_prot_thread enable prot Entry
01-20 17:33:05.016   463   778 D audio_hw_spkr_prot: set_spkr_prot_cal: quick calibration disabled
01-20 17:33:05.017   463   463 D audio_hw_extn: audio_extn_perf_lock_init: Perf lock handles Success
01-20 17:33:05.017   463   463 D audio_hw_primary: adev_open: exit
01-20 17:33:05.018   463   463 W DeviceHAL: Device 0xed80c000 get_master_volume: Function not implemented
01-20 17:33:05.018   463   463 W DeviceHAL: Device 0xed80c000 get_master_mute: Function not implemented
01-20 17:33:05.018   463   463 W DeviceHAL: Device 0xed80c000 set_master_volume: Function not implemented
01-20 17:33:05.018   463   463 W DeviceHAL: Device 0xed80c000 set_master_mute: Function not implemented
01-20 17:33:05.018   463   463 I AudioFlinger: loadHwModule() Loaded primary audio interface, handle 10
01-20 17:33:05.018   463   463 I AudioFlinger: openOutput() this 0xed83d000, module 10 Device 2, SamplingRate 48000, Format 0x000001, Channels 3, flags 6
01-20 17:33:05.019   463   463 I AudioFlinger: HAL output buffer size 192 frames, normal sink buffer size 960 frames
01-20 17:33:05.023   336   336 W /system/bin/hwservicemanager: getTransportFromManifest: Cannot find entry android.hardware.audio.effect@2.0::IEffectsFactory in either framework or device manifest, using default transport.
01-20 17:33:05.023   463   778 D audio_hw_spkr_prot: spkr_calibration_thread: wait for callback from thermal daemon
01-20 17:33:05.026   574   618 E QC-QMI  : qmi_client [574]: unable to bind to client socket, rc = -1 errno[13:Permission denied]
01-20 17:33:05.026   574   618 E QC-QMI  : qmi_qmux_if_pwr_up_init_ex:  Initialization failed, rc = -1
01-20 17:33:05.026   574   618 E QMI_FW  : QMUXD: WARNING qmi_qmux_if_pwr_up_init failed! rc=-1
01-20 17:33:05.026   574   618 E QC-time-services: Daemon:genoff_modem_qmi_service_request: qmi_client_get_service_list returned -2num_services 0
01-20 17:33:05.027   353   353 W Resources: Preloaded drawable resource #0x1080257 (android:drawable/dialog_background_material) that varies with configuration!!
01-20 17:33:05.033   451   549 I ThermalEngine: Thermal-Server: Thermal received msg from  spkr
01-20 17:33:05.033   463   781 I Thermal-Lib: Thermal-Lib-Client: Client request sent
01-20 17:33:05.027   783   783 I auditd  : type=1400 audit(0.0:290): avc: denied { wake_alarm } for comm="thermal-engine" capability=35 scontext=u:r:init:s0 tcontext=u:r:init:s0 tclass=capability2 permissive=1
01-20 17:33:05.037   353   353 W Resources: Preloaded color resource #0x10600de (android:color/material_grey_800) that varies with configuration!!
01-20 17:33:05.037   353   353 W Resources: Preloaded drawable resource #0x10802b0 (android:drawable/floating_popup_background_dark) that varies with configuration!!
01-20 17:33:05.046   463   463 I BufferProvider: found effect "Multichannel Downmix To Stereo" from The Android Open Source Project
01-20 17:33:05.047   463   463 I AudioFlinger: Using module 10 as the primary audio interface
01-20 17:33:05.047   463   463 W AudioFlinger: moveEffects() bad srcOutput 0
01-20 17:33:05.056   463   785 I AudioFlinger: AudioFlinger's thread 0xec183500 tid=785 ready to run
01-20 17:33:05.056   463   785 W AudioFlinger: no wake lock to update, system not ready yet
01-20 17:33:05.056   463   785 D audio_hw_primary: out_set_parameters: enter: usecase(1: low-latency-playback) kvpairs: routing=2
01-20 17:33:05.057   463   785 W AudioFlinger: no wake lock to update, system not ready yet
01-20 17:33:05.027   783   783 I thermal-engine: type=1400 audit(0.0:290): avc: denied { wake_alarm } for capability=35 scontext=u:r:init:s0 tcontext=u:r:init:s0 tclass=capability2 permissive=1
01-20 17:33:05.058   463   463 I AudioFlinger: openOutput() this 0xed83d000, module 10 Device 2, SamplingRate 48000, Format 0x000001, Channels 3, flags 104
01-20 17:33:05.058   463   463 I AudioFlinger: HAL output buffer size 192 frames, normal sink buffer size 960 frames
01-20 17:33:05.059   463   788 I AudioFlinger: AudioFlinger's thread 0xebb03940 tid=788 ready to run
01-20 17:33:05.059   463   788 W AudioFlinger: no wake lock to update, system not ready yet
01-20 17:33:05.060   463   788 D audio_hw_primary: out_set_parameters: enter: usecase(5: audio-ull-playback) kvpairs: routing=2
01-20 17:33:05.061   463   463 I AudioFlinger: openOutput() this 0xed83d000, module 10 Device 2, SamplingRate 48000, Format 0x000001, Channels 3, flags 8
01-20 17:33:05.061   463   463 I AudioFlinger: HAL output buffer size 1920 frames, normal sink buffer size 1920 frames
01-20 17:33:05.062   463   788 W AudioFlinger: no wake lock to update, system not ready yet
01-20 17:33:05.063   463   790 I AudioFlinger: AudioFlinger's thread 0xeb7039c0 tid=790 ready to run
01-20 17:33:05.063   463   790 W AudioFlinger: no wake lock to update, system not ready yet
01-20 17:33:05.063   463   790 D audio_hw_primary: out_set_parameters: enter: usecase(0: deep-buffer-playback) kvpairs: routing=2
01-20 17:33:05.065   463   463 I AudioFlinger: openOutput() this 0xed83d000, module 10 Device 10000, SamplingRate 48000, Format 0x000001, Channels 3, flags 0
01-20 17:33:05.065   463   463 I AudioFlinger: HAL output buffer size 768 frames, normal sink buffer size 1152 frames
01-20 17:33:05.066   463   790 W AudioFlinger: no wake lock to update, system not ready yet
01-20 17:33:05.066   463   793 I AudioFlinger: AudioFlinger's thread 0xeb483b40 tid=793 ready to run
01-20 17:33:05.066   463   793 W AudioFlinger: no wake lock to update, system not ready yet
01-20 17:33:05.066   463   793 D audio_hw_primary: out_set_parameters: enter: usecase(24: afe-proxy-playback) kvpairs: routing=65536
01-20 17:33:05.069   463   793 W AudioFlinger: no wake lock to update, system not ready yet
01-20 17:33:05.071   463   795 I AudioFlinger: AudioFlinger's thread 0xeb083200 tid=795 ready to run
01-20 17:33:05.073   463   797 I AudioFlinger: AudioFlinger's thread 0xeae03200 tid=797 ready to run
01-20 17:33:05.079   576   576 I auditd  : type=1400 audit(0.0:291): avc: granted { open } for comm="fidodaemon" path="/dev/pmsg0" dev="tmpfs" ino=13066 scontext=u:r:init:s0 tcontext=u:object_r:pmsg_device:s0 tclass=chr_file
01-20 17:33:05.079   576   576 W fidodaemon: type=1400 audit(0.0:291): avc: granted { open } for path="/dev/pmsg0" dev="tmpfs" ino=13066 scontext=u:r:init:s0 tcontext=u:object_r:pmsg_device:s0 tclass=chr_file
01-20 17:33:05.083   576   576 I auditd  : type=1400 audit(0.0:292): avc: denied { call } for comm="fidodaemon" scontext=u:r:init:s0 tcontext=u:r:servicemanager:s0 tclass=binder permissive=1
