01-20 17:33:02.885     0     0 I init    : Command 'class_start main' action=nonencrypted (/init.rc:624) returned 0 took 246.724ms.
01-20 17:33:02.885     0     0 I init    : Service 'config_bt_addr' (pid 409) exited with status 0
01-20 17:33:02.885     0     0 I init    : Service 'irsc_util' (pid 435) exited with status 0
01-20 17:33:02.886     0     0 I init    : computing context for service 'dpmd'
01-20 17:33:02.886     0     0 I init    : starting service 'dpmd'...
01-20 17:33:02.887     0     0 I init    : computing context for service 'cnss-daemon'
01-20 17:33:02.887     0     0 I init    : starting service 'cnss-daemon'...
01-20 17:33:02.888     0     0 I init    : computing context for service 'loc_launcher'
01-20 17:33:02.888     0     0 I init    : starting service 'loc_launcher'...
01-20 17:33:02.893     0     0 I ueventd : firmware: loading 'cpe.b10' for '/devices/soc.0/fe12f000.slim/tomtom-slim-pgd/tomtom_codec/firmware/cpe.b10'
01-20 17:33:02.886   476   476 I start   : ******** Welcome to Nitrogen Project *********
01-20 17:33:02.892   451   451 E ThermalEngine: add_tgt_sensors_set: Error adding bcl
01-20 17:33:02.893   451   451 E ThermalEngine: sensors_init: Error adding BCL TS
01-20 17:33:02.893   454   454 I libmdmdetect: Found internal modem: modem
01-20 17:33:02.893   451   451 I ThermalEngine: Loading config file for virtual sensor
01-20 17:33:02.893   451   451 I ThermalEngine: Loading configuration file /data/decrypt.txt
01-20 17:33:02.893   451   451 I ThermalEngine: Parsing section global
01-20 17:33:02.894   451   451 E ThermalEngine: virtual_sensors_init: Error getting virtual sensors set
01-20 17:33:02.894   451   451 I ThermalEngine: Loading configuration file /data/decrypt.txt
01-20 17:33:02.895   451   451 I ThermalEngine: Parsing section global
01-20 17:33:02.895   451   451 I ThermalEngine: Created section 'SS-SKIN-XO-THERM-PERF'
01-20 17:33:02.895   451   451 I ThermalEngine: Algo Type 'ss'
01-20 17:33:02.895   451   451 I ThermalEngine: Parsing section SS-SKIN-XO-THERM-PERF
01-20 17:33:02.895   451   451 I ThermalEngine: Found field 'sampling'
01-20 17:33:02.895   451   451 I ThermalEngine: Found field 'sensor'
01-20 17:33:02.895   451   451 I ThermalEngine: Found field 'device'
01-20 17:33:02.895   451   451 I ThermalEngine: Found field 'set_point'
01-20 17:33:02.895   451   451 I ThermalEngine: Found field 'set_point_clr'
01-20 17:33:02.895   451   451 I ThermalEngine: Found field 'time_constant'
01-20 17:33:02.895   451   451 I ThermalEngine: Found field 'device_max_limit'
01-20 17:33:02.895   451   451 I ThermalEngine: Created section 'SS-SKIN-XO-THERM-POWER'
01-20 17:33:02.895   451   451 I ThermalEngine: Algo Type 'ss'
01-20 17:33:02.895   451   451 I ThermalEngine: Parsing section SS-SKIN-XO-THERM-POWER
01-20 17:33:02.895   451   451 I ThermalEngine: Found field 'sampling'
01-20 17:33:02.895   451   451 I ThermalEngine: Found field 'sensor'
01-20 17:33:02.895   451   451 I ThermalEngine: Found field 'device'
01-20 17:33:02.895   451   451 I ThermalEngine: Found field 'set_point'
01-20 17:33:02.896   451   451 I ThermalEngine: Found field 'set_point_clr'
01-20 17:33:02.896   451   451 I ThermalEngine: Found field 'time_constant'
01-20 17:33:02.896   451   451 I ThermalEngine: Found field 'device_max_limit'
01-20 17:33:02.896   451   451 I ThermalEngine: Created section 'GPU_management'
01-20 17:33:02.896   451   451 I ThermalEngine: Algo Type 'monitor'
01-20 17:33:02.896   451   451 I ThermalEngine: Parsing section GPU_management
01-20 17:33:02.896   451   451 I ThermalEngine: Found field 'sensor'
01-20 17:33:02.896   451   451 I ThermalEngine: Found field 'sampling'
01-20 17:33:02.896   451   451 I ThermalEngine: Found field 'thresholds'
01-20 17:33:02.896   451   451 I ThermalEngine: Found field 'thresholds_clr'
01-20 17:33:02.896   451   451 I ThermalEngine: Found field 'actions'
01-20 17:33:02.896   451   451 I ThermalEngine: Found field 'action_info'
01-20 17:33:02.896   451   451 I ThermalEngine: Created section 'MONITOR_QUIET_THERM_BATTERY'
01-20 17:33:02.896   451   451 I ThermalEngine: Algo Type 'monitor'
01-20 17:33:02.896   451   451 I ThermalEngine: Parsing section MONITOR_QUIET_THERM_BATTERY
01-20 17:33:02.896   451   451 I ThermalEngine: Found field 'sampling'
01-20 17:33:02.896   451   451 I ThermalEngine: Found field 'sensor'
01-20 17:33:02.896   451   451 I ThermalEngine: Found field 'thresholds'
01-20 17:33:02.896   451   451 I ThermalEngine: Found field 'thresholds_clr'
01-20 17:33:02.896   451   451 I ThermalEngine: Found field 'actions'
01-20 17:33:02.897   451   451 I ThermalEngine: Found field 'action_info'
01-20 17:33:02.897   451   451 I ThermalEngine: Found section 'SS-CPU0'
01-20 17:33:02.897   451   451 I ThermalEngine: Algo Type 'ss'
01-20 17:33:02.897   451   451 I ThermalEngine: Parsing section SS-CPU0
01-20 17:33:02.897   451   451 I ThermalEngine: Found field 'sampling'
01-20 17:33:02.897   451   451 I ThermalEngine: Found field 'sensor'
01-20 17:33:02.897   451   451 I ThermalEngine: Found field 'device'
01-20 17:33:02.897   451   451 I ThermalEngine: Found field 'set_point'
01-20 17:33:02.897   451   451 I ThermalEngine: Found field 'set_point_clr'
01-20 17:33:02.897   451   451 I ThermalEngine: Found section 'SS-CPU2'
01-20 17:33:02.897   451   451 I ThermalEngine: Algo Type 'ss'
01-20 17:33:02.897   451   451 I ThermalEngine: Parsing section SS-CPU2
01-20 17:33:02.897   451   451 I ThermalEngine: Found field 'sampling'
01-20 17:33:02.897   451   451 I ThermalEngine: Found field 'sensor'
01-20 17:33:02.897   451   451 I ThermalEngine: Found field 'device'
01-20 17:33:02.897   451   451 I ThermalEngine: Found field 'set_point'
01-20 17:33:02.897   451   451 I ThermalEngine: Found field 'set_point_clr'
01-20 17:33:02.897   451   451 I ThermalEngine: Found section 'SS-CPU3'
01-20 17:33:02.897   451   451 I ThermalEngine: Algo Type 'ss'
01-20 17:33:02.897   451   451 I ThermalEngine: Parsing section SS-CPU3
01-20 17:33:02.897   451   451 I ThermalEngine: Found field 'sampling'
01-20 17:33:02.897   451   451 I ThermalEngine: Found field 'sensor'
01-20 17:33:02.897   451   451 I ThermalEngine: Found field 'device'
01-20 17:33:02.897   451   451 I ThermalEngine: Found field 'set_point'
01-20 17:33:02.897   451   451 I ThermalEngine: Found field 'set_point_clr'
01-20 17:33:02.897   451   451 I ThermalEngine: Found section 'SS-CPU4'
01-20 17:33:02.897   451   451 I ThermalEngine: Algo Type 'ss'
01-20 17:33:02.897   451   451 I ThermalEngine: Parsing section SS-CPU4
01-20 17:33:02.897   451   451 I ThermalEngine: Found field 'sampling'
01-20 17:33:02.897   451   451 I ThermalEngine: Found field 'sensor'
01-20 17:33:02.897   451   451 I ThermalEngine: Found field 'device'
01-20 17:33:02.897   451   451 I ThermalEngine: Found field 'set_point'
01-20 17:33:02.897   451   451 I ThermalEngine: Found field 'set_point_clr'
01-20 17:33:02.897   451   451 I ThermalEngine: Found section 'SS-CPU5'
01-20 17:33:02.897   451   451 I ThermalEngine: Algo Type 'ss'
01-20 17:33:02.897   451   451 I ThermalEngine: Parsing section SS-CPU5
01-20 17:33:02.897   451   451 I ThermalEngine: Found field 'sampling'
01-20 17:33:02.898   451   451 I ThermalEngine: Found field 'sensor'
01-20 17:33:02.898   451   451 I ThermalEngine: Found field 'device'
01-20 17:33:02.898   451   451 I ThermalEngine: Found field 'set_point'
01-20 17:33:02.898   451   451 I ThermalEngine: Found field 'set_point_clr'
01-20 17:33:02.898   451   451 I ThermalEngine: Created section 'CPU4_HOTPLUG_MONITOR'
01-20 17:33:02.898   451   451 I ThermalEngine: Algo Type 'monitor'
01-20 17:33:02.898   451   451 I ThermalEngine: Parsing section CPU4_HOTPLUG_MONITOR
01-20 17:33:02.898   451   451 I ThermalEngine: Found field 'sampling'
01-20 17:33:02.898   451   451 I ThermalEngine: Found field 'sensor'
01-20 17:33:02.898   451   451 I ThermalEngine: Found field 'thresholds'
01-20 17:33:02.898   451   451 I ThermalEngine: Found field 'thresholds_clr'
01-20 17:33:02.898   451   451 I ThermalEngine: Found field 'actions'
01-20 17:33:02.898   451   451 I ThermalEngine: Found field 'action_info'
01-20 17:33:02.898   451   451 I ThermalEngine: Created section 'CPU5_HOTPLUG_MONITOR'
01-20 17:33:02.898   451   451 I ThermalEngine: Algo Type 'monitor'
01-20 17:33:02.898   451   451 I ThermalEngine: Parsing section CPU5_HOTPLUG_MONITOR
01-20 17:33:02.898   451   451 I ThermalEngine: Found field 'sampling'
01-20 17:33:02.898   451   451 I ThermalEngine: Found field 'sensor'
01-20 17:33:02.898   451   451 I ThermalEngine: Found field 'thresholds'
01-20 17:33:02.898   451   451 I ThermalEngine: Found field 'thresholds_clr'
01-20 17:33:02.898   451   451 I ThermalEngine: Found field 'actions'
01-20 17:33:02.898   451   451 I ThermalEngine: Found field 'action_info'
01-20 17:33:02.898   451   451 I ThermalEngine: Created section 'SS-POPMEM-JUNCTION'
01-20 17:33:02.898   451   451 I ThermalEngine: Algo Type 'ss'
01-20 17:33:02.898   451   451 I ThermalEngine: Parsing section SS-POPMEM-JUNCTION
01-20 17:33:02.898   451   451 I ThermalEngine: Found field 'sampling'
01-20 17:33:02.898   451   451 I ThermalEngine: Found field 'sensor'
01-20 17:33:02.898   451   451 I ThermalEngine: Found field 'device'
01-20 17:33:02.898   451   451 I ThermalEngine: Found field 'set_point'
01-20 17:33:02.898   451   451 I ThermalEngine: Found field 'set_point_clr'
01-20 17:33:02.898   451   451 I ThermalEngine: Found field 'time_constant'
01-20 17:33:02.898   451   451 I ThermalEngine: Found section 'SS-GPU'
01-20 17:33:02.898   451   451 I ThermalEngine: Algo Type 'ss'
01-20 17:33:02.898   451   451 I ThermalEngine: Parsing section SS-GPU
01-20 17:33:02.899   451   451 I ThermalEngine: Found field 'sampling'
01-20 17:33:02.899   451   451 I ThermalEngine: Found field 'sensor'
01-20 17:33:02.899   451   451 I ThermalEngine: Found field 'device'
01-20 17:33:02.899   451   451 I ThermalEngine: Found field 'set_point'
01-20 17:33:02.899   451   451 I ThermalEngine: Found field 'set_point_clr'
01-20 17:33:02.899   451   451 I ThermalEngine: [CPU5_HOTPLUG_MONITOR]
01-20 17:33:02.899   451   451 I ThermalEngine: algo_type monitor
01-20 17:33:02.899   451   451 I ThermalEngine: sampling 1000
01-20 17:33:02.899   451   451 I ThermalEngine: sensor xo_therm_buf
01-20 17:33:02.899   451   451 I ThermalEngine: thresholds 45000
01-20 17:33:02.899   451   451 I ThermalEngine: thresholds_clr 40000
01-20 17:33:02.899   451   451 I ThermalEngine: actions hotplug_5
01-20 17:33:02.899   451   451 I ThermalEngine: action_info 1
01-20 17:33:02.899   451   451 I ThermalEngine: [CPU4_HOTPLUG_MONITOR]
01-20 17:33:02.899   451   451 I ThermalEngine: algo_type monitor
01-20 17:33:02.899   451   451 I ThermalEngine: sampling 1000
01-20 17:33:02.899   451   451 I ThermalEngine: sensor xo_therm_buf
01-20 17:33:02.899   451   451 I ThermalEngine: thresholds 42000
01-20 17:33:02.899   451   451 I ThermalEngine: thresholds_clr 37000
01-20 17:33:02.899   451   451 I ThermalEngine: actions hotplug_4
01-20 17:33:02.899   451   451 I ThermalEngine: action_info 1
01-20 17:33:02.899   451   451 I ThermalEngine: [MONITOR_QUIET_THERM_BATTERY]
01-20 17:33:02.899   451   451 I ThermalEngine: algo_type monitor
01-20 17:33:02.900   451   451 I ThermalEngine: sampling 1000
01-20 17:33:02.900   451   451 I ThermalEngine: sensor xo_therm_buf
01-20 17:33:02.900   451   451 I ThermalEngine: thresholds 38000 40000 42000 44000
01-20 17:33:02.900   451   451 I ThermalEngine: thresholds_clr 35000 38000 40000 42000
01-20 17:33:02.900   451   451 I ThermalEngine: actions battery battery battery battery
01-20 17:33:02.900   451   451 I ThermalEngine: action_info 0 1 2 3
01-20 17:33:02.900   451   451 I ThermalEngine: [GPU_management]
01-20 17:33:02.900   451   451 I ThermalEngine: algo_type monitor
01-20 17:33:02.900   451   451 I ThermalEngine: sampling 10000
01-20 17:33:02.900   451   451 I ThermalEngine: sensor xo_therm_buf
01-20 17:33:02.900   451   451 I ThermalEngine: thresholds 40000 43000 47000 50000
01-20 17:33:02.900   451   451 I ThermalEngine: thresholds_clr 37000 40000 43000 47000
01-20 17:33:02.900   451   451 I ThermalEngine: actions gpu gpu gpu gpu
01-20 17:33:02.900   451   451 I ThermalEngine: action_info 490000000 450000000 367000000 300000000
01-20 17:33:02.900   451   451 I ThermalEngine: [PMIC-ALARM-MONITOR]
01-20 17:33:02.900   451   451 I ThermalEngine: #algo_type monitor
01-20 17:33:02.900   451   451 I ThermalEngine: sampling 1000
01-20 17:33:02.900   451   451 I ThermalEngine: sensor pm8994_tz
01-20 17:33:02.900   451   451 I ThermalEngine: thresholds 107000 127000
01-20 17:33:02.900   451   451 I ThermalEngine: thresholds_clr 103000 123000
01-20 17:33:02.900   451   451 I ThermalEngine: actions hotplug_5+hotplug_4+hotplug_3+hotplug_2+hotplug_1+cluster1+cluster0 hotplug_5+hotplug_4+hotplug_3+hotplug_2+hotplug_1
01-20 17:33:02.900   451   451 I ThermalEngine: action_info 0+0+0+0+0+302400+302400 1+1+1+1+1
01-20 17:33:02.900   451   451 I ThermalEngine: [VDD_RSTR_MONITOR-TSENS14]
01-20 17:33:02.900   451   451 I ThermalEngine: #algo_type monitor
01-20 17:33:02.900   451   451 I ThermalEngine: sampling 1000
01-20 17:33:02.900   451   451 I ThermalEngine: sensor tsens_tz_sensor14
01-20 17:33:02.900   451   451 I ThermalEngine: thresholds 5000
01-20 17:33:02.900   451   451 I ThermalEngine: thresholds_clr 10000
01-20 17:33:02.900   451   451 I ThermalEngine: actions vdd_restriction
01-20 17:33:02.900   451   451 I ThermalEngine: action_info 1
01-20 17:33:02.900   451   451 I ThermalEngine: descending
01-20 17:33:02.900   451   451 I ThermalEngine: [VDD_RSTR_MONITOR-TSENS13]
01-20 17:33:02.900   451   451 I ThermalEngine: #algo_type monitor
01-20 17:33:02.900   451   451 I ThermalEngine: sampling 1000
01-20 17:33:02.900   451   451 I ThermalEngine: sensor tsens_tz_sensor13
01-20 17:33:02.900   451   451 I ThermalEngine: thresholds 5000
01-20 17:33:02.900   451   451 I ThermalEngine: thresholds_clr 10000
01-20 17:33:02.900   451   451 I ThermalEngine: actions vdd_restriction
01-20 17:33:02.900   451   451 I ThermalEngine: action_info 1
01-20 17:33:02.900   451   451 I ThermalEngine: descending
01-20 17:33:02.900   451   451 I ThermalEngine: [VDD_RSTR_MONITOR-TSENS12]
01-20 17:33:02.900   451   451 I ThermalEngine: #algo_type monitor
01-20 17:33:02.901   451   451 I ThermalEngine: sampling 1000
01-20 17:33:02.901   451   451 I ThermalEngine: sensor tsens_tz_sensor12
01-20 17:33:02.901   451   451 I ThermalEngine: thresholds 5000
01-20 17:33:02.901   451   451 I ThermalEngine: thresholds_clr 10000
01-20 17:33:02.901   451   451 I ThermalEngine: actions vdd_restriction
01-20 17:33:02.901   451   451 I ThermalEngine: action_info 1
01-20 17:33:02.901   451   451 I ThermalEngine: descending
01-20 17:33:02.901   451   451 I ThermalEngine: [VDD_RSTR_MONITOR-TSENS11]
01-20 17:33:02.901   451   451 I ThermalEngine: #algo_type monitor
01-20 17:33:02.901   451   451 I ThermalEngine: sampling 1000
01-20 17:33:02.901   451   451 I ThermalEngine: sensor tsens_tz_sensor11
01-20 17:33:02.901   451   451 I ThermalEngine: thresholds 5000
01-20 17:33:02.901   451   451 I ThermalEngine: thresholds_clr 10000
01-20 17:33:02.901   451   451 I ThermalEngine: actions vdd_restriction
01-20 17:33:02.901   451   451 I ThermalEngine: action_info 1
01-20 17:33:02.901   451   451 I ThermalEngine: descending
01-20 17:33:02.901   451   451 I ThermalEngine: [VDD_RSTR_MONITOR-TSENS10]
01-20 17:33:02.901   451   451 I ThermalEngine: #algo_type monitor
01-20 17:33:02.901   451   451 I ThermalEngine: sampling 1000
01-20 17:33:02.901   451   451 I ThermalEngine: sensor tsens_tz_sensor10
01-20 17:33:02.901   451   451 I ThermalEngine: thresholds 5000
01-20 17:33:02.901   451   451 I ThermalEngine: thresholds_clr 10000
01-20 17:33:02.901   451   451 I ThermalEngine: actions vdd_restriction
01-20 17:33:02.901   451   451 I ThermalEngine: action_info 1
01-20 17:33:02.901   451   451 I ThermalEngine: descending
01-20 17:33:02.901   451   451 I ThermalEngine: [VDD_RSTR_MONITOR-TSENS9]
01-20 17:33:02.901   451   451 I ThermalEngine: #algo_type monitor
01-20 17:33:02.901   451   451 I ThermalEngine: sampling 1000
01-20 17:33:02.901   451   451 I ThermalEngine: sensor tsens_tz_sensor9
01-20 17:33:02.901   451   451 I ThermalEngine: thresholds 5000
01-20 17:33:02.901   451   451 I ThermalEngine: thresholds_clr 10000
01-20 17:33:02.901   451   451 I ThermalEngine: actions vdd_restriction
01-20 17:33:02.901   451   451 I ThermalEngine: action_info 1
01-20 17:33:02.901   451   451 I ThermalEngine: descending
01-20 17:33:02.901   451   451 I ThermalEngine: [VDD_RSTR_MONITOR-TSENS7]
01-20 17:33:02.901   451   451 I ThermalEngine: #algo_type monitor
01-20 17:33:02.901   451   451 I ThermalEngine: sampling 1000
01-20 17:33:02.901   451   451 I ThermalEngine: sensor tsens_tz_sensor7
01-20 17:33:02.901   451   451 I ThermalEngine: thresholds 5000
01-20 17:33:02.901   451   451 I ThermalEngine: thresholds_clr 10000
01-20 17:33:02.901   451   451 I ThermalEngine: actions vdd_restriction
01-20 17:33:02.901   451   451 I ThermalEngine: action_info 1
01-20 17:33:02.901   451   451 I ThermalEngine: descending
01-20 17:33:02.901   451   451 I ThermalEngine: [VDD_RSTR_MONITOR-TSENS5]
01-20 17:33:02.901   451   451 I ThermalEngine: #algo_type monitor
01-20 17:33:02.901   451   451 I ThermalEngine: sampling 1000
01-20 17:33:02.901   451   451 I ThermalEngine: sensor tsens_tz_sensor5
01-20 17:33:02.902   451   451 I ThermalEngine: thresholds 5000
01-20 17:33:02.902   451   451 I ThermalEngine: thresholds_clr 10000
01-20 17:33:02.902   451   451 I ThermalEngine: actions vdd_restriction
01-20 17:33:02.902   451   451 I ThermalEngine: action_info 1
01-20 17:33:02.902   451   451 I ThermalEngine: descending
01-20 17:33:02.902   451   451 I ThermalEngine: [VDD_RSTR_MONITOR-TSENS4]
01-20 17:33:02.902   451   451 I ThermalEngine: #algo_type monitor
01-20 17:33:02.902   451   451 I ThermalEngine: sampling 1000
01-20 17:33:02.902   451   451 I ThermalEngine: sensor tsens_tz_sensor4
01-20 17:33:02.902   451   451 I ThermalEngine: thresholds 5000
01-20 17:33:02.902   451   451 I ThermalEngine: thresholds_clr 10000
01-20 17:33:02.902   451   451 I ThermalEngine: actions vdd_restriction
01-20 17:33:02.902   451   451 I ThermalEngine: action_info 1
01-20 17:33:02.902   451   451 I ThermalEngine: descending
01-20 17:33:02.902   451   451 I ThermalEngine: [VDD_RSTR_MONITOR-TSENS3]
01-20 17:33:02.902   451   451 I ThermalEngine: #algo_type monitor
01-20 17:33:02.902   451   451 I ThermalEngine: sampling 1000
01-20 17:33:02.902   451   451 I ThermalEngine: sensor tsens_tz_sensor3
01-20 17:33:02.902   451   451 I ThermalEngine: thresholds 5000
01-20 17:33:02.902   451   451 I ThermalEngine: thresholds_clr 10000
01-20 17:33:02.902   451   451 I ThermalEngine: actions vdd_restriction
01-20 17:33:02.902   451   451 I ThermalEngine: action_info 1
01-20 17:33:02.902   451   451 I ThermalEngine: descending
01-20 17:33:02.902   451   451 I ThermalEngine: [VDD_RSTR_MONITOR-TSENS2]
01-20 17:33:02.902   451   451 I ThermalEngine: #algo_type monitor
01-20 17:33:02.902   451   451 I ThermalEngine: sampling 1000
01-20 17:33:02.902   451   451 I ThermalEngine: sensor tsens_tz_sensor2
01-20 17:33:02.902   451   451 I ThermalEngine: thresholds 5000
01-20 17:33:02.902   451   451 I ThermalEngine: thresholds_clr 10000
01-20 17:33:02.902   451   451 I ThermalEngine: actions vdd_restriction
01-20 17:33:02.902   451   451 I ThermalEngine: action_info 1
01-20 17:33:02.902   451   451 I ThermalEngine: descending
01-20 17:33:02.902   451   451 I ThermalEngine: [VDD_RSTR_MONITOR-TSENS1]
01-20 17:33:02.902   451   451 I ThermalEngine: #algo_type monitor
01-20 17:33:02.902   451   451 I ThermalEngine: sampling 1000
01-20 17:33:02.902   451   451 I ThermalEngine: sensor tsens_tz_sensor1
01-20 17:33:02.902   451   451 I ThermalEngine: thresholds 5000
01-20 17:33:02.902   451   451 I ThermalEngine: thresholds_clr 10000
01-20 17:33:02.902   451   451 I ThermalEngine: actions vdd_restriction
01-20 17:33:02.902   451   451 I ThermalEngine: action_info 1
01-20 17:33:02.902   451   451 I ThermalEngine: descending
01-20 17:33:02.899     0     0 I msm_thermal: freq_mitigation_notify Removing frequency mitigation for CPU5
01-20 17:33:02.901     0     0 I init    : Created socket '/dev/socket/dpmd', mode 660, user 0, group 1000
01-20 17:33:02.910     0     0 I init    : computing context for service 'qcom-sh'
01-20 17:33:02.911     0     0 I init    : starting service 'qcom-sh'...
01-20 17:33:02.912     0     0 I init    : computing context for service 'gatekeeperd'
01-20 17:33:02.912     0     0 I init    : starting service 'gatekeeperd'...
01-20 17:33:02.918     0     0 I ueventd : loading /devices/soc.0/fe12f000.slim/tomtom-slim-pgd/tomtom_codec/firmware/cpe.b10 took 0.0230235 seconds
01-20 17:33:02.937     0     0 I ueventd : firmware: loading 'cpe.b11' for '/devices/soc.0/fe12f000.slim/tomtom-slim-pgd/tomtom_codec/firmware/cpe.b11'
01-20 17:33:02.937     0     0 E qpnp-smbcharger-23: Cannot find 0ma current_table
01-20 17:33:02.944     0     0 I msm_thermal: set_enabled enabled = 0
01-20 17:33:02.949     0     0 W _cpu_up : attempt to bring up CPU 4 failed
01-20 17:33:02.949     0     0 W _cpu_up : attempt to bring up CPU 4 failed
01-20 17:33:02.949     0     0 W _cpu_up : attempt to bring up CPU 5 failed
01-20 17:33:02.963     0     0 I ueventd : loading /devices/soc.0/fe12f000.slim/tomtom-slim-pgd/tomtom_codec/firmware/cpe.b11 took 0.0263267 seconds
01-20 17:33:02.999     0     0 I init    : computing context for service 'qcamerasvr'
01-20 17:33:02.999     0     0 I init    : starting service 'qcamerasvr'...
01-20 17:33:03.010     0     0 I android_work: android_work: sent uevent USB_STATE=CONNECTED
01-20 17:33:03.013     0     0 I android_work: android_work: sent uevent USB_STATE=DISCONNECTED
01-20 17:33:03.037     0     0 I init    : computing context for service 'time_daemon'
01-20 17:33:03.038     0     0 I init    : starting service 'time_daemon'...
01-20 17:33:03.038     0     0 I pil-q6v5-mss fc880000.qcom,mss: MBA boot done
01-20 17:33:03.039     0     0 I init    : computing context for service 'ppd'
01-20 17:33:03.039     0     0 I init    : starting service 'ppd'...
01-20 17:33:03.040     0     0 I init    : computing context for service 'fidodaemon'
01-20 17:33:03.040     0     0 I init    : starting service 'fidodaemon'...
01-20 17:33:03.041     0     0 I ueventd : firmware: loading 'a420_pm4.fw' for '/devices/soc.0/fdb00000.qcom,kgsl-3d0/kgsl/kgsl-3d0/a420_pm4.fw'
01-20 17:33:03.047     0     0 I ueventd : firmware: loading 'cpe.b12' for '/devices/soc.0/fe12f000.slim/tomtom-slim-pgd/tomtom_codec/firmware/cpe.b12'
01-20 17:33:03.057     0     0 I ueventd : firmware: loading 'modem.b03' for '/devices/soc.0/fc880000.qcom,mss/firmware/modem.b03'
01-20 17:33:03.060     0     0 I ueventd : loading /devices/soc.0/fc880000.qcom,mss/firmware/modem.b03 took 0.00274786 seconds
01-20 17:33:03.061     0     0 I ueventd : loading /devices/soc.0/fe12f000.slim/tomtom-slim-pgd/tomtom_codec/firmware/cpe.b12 took 0.0136759 seconds
01-20 17:33:03.062     0     0 I ueventd : firmware: loading 'modem.b04' for '/devices/soc.0/fc880000.qcom,mss/firmware/modem.b04'
01-20 17:33:03.063     0     0 I ueventd : firmware: loading 'a420_pfp.fw' for '/devices/soc.0/fdb00000.qcom,kgsl-3d0/kgsl/kgsl-3d0/a420_pfp.fw'
01-20 17:33:03.067     0     0 I ueventd : firmware: loading 'cpe.b14' for '/devices/soc.0/fe12f000.slim/tomtom-slim-pgd/tomtom_codec/firmware/cpe.b14'
01-20 17:33:03.070     0     0 I ueventd : loading /devices/soc.0/fc880000.qcom,mss/firmware/modem.b04 took 0.00753286 seconds
01-20 17:33:03.071     0     0 I ueventd : loading /devices/soc.0/fdb00000.qcom,kgsl-3d0/kgsl/kgsl-3d0/a420_pfp.fw took 0.00771068 seconds
01-20 17:33:03.072     0     0 I ueventd : loading /devices/soc.0/fe12f000.slim/tomtom-slim-pgd/tomtom_codec/firmware/cpe.b14 took 0.00482542 seconds
01-20 17:33:03.074     0     0 I ueventd : loading /devices/soc.0/fdb00000.qcom,kgsl-3d0/kgsl/kgsl-3d0/a420_pm4.fw took 0.0327921 seconds
01-20 17:33:03.077     0     0 I ueventd : firmware: loading 'modem.b05' for '/devices/soc.0/fc880000.qcom,mss/firmware/modem.b05'
01-20 17:33:03.079     0     0 I ueventd : firmware: loading 'cpe.b16' for '/devices/soc.0/fe12f000.slim/tomtom-slim-pgd/tomtom_codec/firmware/cpe.b16'
01-20 17:33:03.081     0     0 E devfreq qcom,kgsl-busmon.18: Couldn't update frequency transition information.
01-20 17:33:03.094     0     0 I init    : Created socket '/dev/socket/pps', mode 660, user 1000, group 1000
01-20 17:33:03.100     0     0 I ueventd : loading /devices/soc.0/fe12f000.slim/tomtom-slim-pgd/tomtom_codec/firmware/cpe.b16 took 0.0214993 seconds
01-20 17:33:03.102     0     0 I android_work: android_work: sent uevent USB_STATE=CONNECTED
01-20 17:33:03.103     0     0 I android_usb gadget: high-speed config #1: fe80f0c8.android_usb
01-20 17:33:03.103     0     0 I dwc3 f9200000.dwc3: Avail curr from USB = 500
01-20 17:33:03.105     0     0 I ueventd : loading /devices/soc.0/fc880000.qcom,mss/firmware/modem.b05 took 0.0286759 seconds
01-20 17:33:03.106     0     0 W healthd : battery l=65 v=3692 t=41.0 h=2 st=2 c=1082 chg=u
01-20 17:33:03.107     0     0 W healthd : battery l=65 v=3692 t=41.0 h=2 st=2 c=1082 chg=u
01-20 17:33:03.121     0     0 E msm-pcm-routing qcom,msm-pcm-routing.41: ASoC: mux SLIM_0_RX AANC MUX has no paths
01-20 17:33:03.133     0     0 E init    : cannot find '/system/xbin/perfprofd', disabling 'perfprofd': No such file or directory
01-20 17:33:03.133     0     0 I init    : computing context for service 'tombstoned'
01-20 17:33:03.138     0     0 I init    : starting service 'tombstoned'...
01-20 17:33:03.139     0     0 I init    : Command 'class_start late_start' action=nonencrypted (/init.rc:625) returned 0 took 253.384ms.
01-20 17:33:03.157     0     0 I android_work: android_work: sent uevent USB_STATE=CONFIGURED
01-20 17:33:03.165     0     0 I ueventd : firmware: loading 'modem.b06' for '/devices/soc.0/fc880000.qcom,mss/firmware/modem.b06'
01-20 17:33:03.177     0     0 I ueventd : firmware: loading 'cpe.b18' for '/devices/soc.0/fe12f000.slim/tomtom-slim-pgd/tomtom_codec/firmware/cpe.b18'
01-20 17:33:03.182     0     0 I init    : Created socket '/dev/socket/tombstoned_crash', mode 666, user 1000, group 1000
01-20 17:33:03.182     0     0 I init    : Created socket '/dev/socket/tombstoned_intercept', mode 666, user 1000, group 1000
01-20 17:33:03.197     0     0 I ueventd : loading /devices/soc.0/fe12f000.slim/tomtom-slim-pgd/tomtom_codec/firmware/cpe.b18 took 0.0200435 seconds
01-20 17:33:03.221     0     0 I msm_thermal: hotplug_notify tsens_tz_sensor13 reach temp threshold: 65
01-20 17:33:03.250     0     0 I chatty  : uid=0(root) logd identical 6 lines
01-20 17:33:03.254     0     0 I msm_thermal: hotplug_notify tsens_tz_sensor13 reach temp threshold: 65
01-20 17:33:03.254     0     0 I msm_thermal: hotplug_notify tsens_tz_sensor14 reach temp threshold: 65
01-20 17:33:03.258     0     0 I msm_thermal: hotplug_notify tsens_tz_sensor13 reach temp threshold: 65
01-20 17:33:03.309     0     0 I ueventd : firmware: loading 'cpe.b20' for '/devices/soc.0/fe12f000.slim/tomtom-slim-pgd/tomtom_codec/firmware/cpe.b20'
01-20 17:33:02.902   451   451 I ThermalEngine: [VDD_RSTR_MONITOR-TSENS0]
01-20 17:33:02.902   451   451 I ThermalEngine: #algo_type monitor
01-20 17:33:02.902   451   451 I ThermalEngine: sampling 1000
01-20 17:33:02.902   451   451 I ThermalEngine: sensor tsens_tz_sensor0
01-20 17:33:02.902   451   451 I ThermalEngine: thresholds 5000
01-20 17:33:02.903   451   451 I ThermalEngine: thresholds_clr 10000
01-20 17:33:02.903   451   451 I ThermalEngine: actions vdd_restriction
01-20 17:33:02.903   451   451 I ThermalEngine: action_info 1
01-20 17:33:02.903   451   451 I ThermalEngine: descending
01-20 17:33:02.903   451   451 I ThermalEngine: [SS-POPMEM-JUNCTION]
01-20 17:33:02.903   451   451 I ThermalEngine: algo_type ss
01-20 17:33:02.903   451   451 I ThermalEngine: sampling 65
01-20 17:33:02.903   451   451 I ThermalEngine: sensor pop_mem
01-20 17:33:02.903   451   451 I ThermalEngine: device cluster1
01-20 17:33:02.903   451   451 I ThermalEngine: set_point 85000
01-20 17:33:02.903   451   451 I ThermalEngine: set_point_clr 55000
01-20 17:33:02.903   451   451 I ThermalEngine: time_constant 16
01-20 17:33:02.903   451   451 I ThermalEngine: [SS-SKIN-XO-THERM-POWER]
01-20 17:33:02.903   451   451 I ThermalEngine: algo_type ss
01-20 17:33:02.903   451   451 I ThermalEngine: sampling 1000
01-20 17:33:02.903   451   451 I ThermalEngine: sensor xo_therm_buf
01-20 17:33:02.903   451   451 I ThermalEngine: device cluster0
01-20 17:33:02.903   451   451 I ThermalEngine: set_point 48000
01-20 17:33:02.903   451   451 I ThermalEngine: set_point_clr 40000
01-20 17:33:02.903   451   451 I ThermalEngine: time_constant 0
01-20 17:33:02.903   451   451 I ThermalEngine: device_max_limit 600000
01-20 17:33:02.903   451   451 I ThermalEngine: [SS-SKIN-XO-THERM-PERF]
01-20 17:33:02.903   451   451 I ThermalEngine: algo_type ss
01-20 17:33:02.903   451   451 I ThermalEngine: sampling 250
01-20 17:33:02.903   451   451 I ThermalEngine: sensor xo_therm_buf
01-20 17:33:02.903   451   451 I ThermalEngine: device cluster1
01-20 17:33:02.903   451   451 I ThermalEngine: set_point 43000
01-20 17:33:02.903   451   451 I ThermalEngine: set_point_clr 37000
01-20 17:33:02.903   451   451 I ThermalEngine: time_constant 0
01-20 17:33:02.903   451   451 I ThermalEngine: device_max_limit 800000
01-20 17:33:02.903   451   451 I ThermalEngine: [SS-GPU]
01-20 17:33:02.903   451   451 I ThermalEngine: #algo_type ss
01-20 17:33:02.903   451   451 I ThermalEngine: sampling 250
01-20 17:33:02.903   451   451 I ThermalEngine: sensor gpu
01-20 17:33:02.903   451   451 I ThermalEngine: device gpu
01-20 17:33:02.903   451   451 I ThermalEngine: set_point 85000
01-20 17:33:02.903   451   451 I ThermalEngine: set_point_clr 55000
01-20 17:33:02.903   451   451 I ThermalEngine: time_constant 0
01-20 17:33:02.913   454   454 E Diag_Lib: qpLogDiagInit <== result : 1
01-20 17:33:02.913   454   454 E Diag_Lib: QMID : gIsQXDMDisabled 0, gIsADBDisabled 1, gIsDebugDisabled 0, gIsIMSLogsDisabled 0
01-20 17:33:02.913   454   454 E Diag_Lib: [IMS_QMID] |imsqmiserver.c | 538 | QMID#$$#0#QMI DAEMON STARTED
01-20 17:33:02.914   448   448 E QC-QMI  : qmi_client [448]: unable to connect to server, errno=[2:No such file or directory], attempt=1
01-20 17:33:02.914   451   502 I liblog  : 27
01-20 17:33:02.914   451   502 I libmdmdetect: ESOC framework not supported
01-20 17:33:02.914   451   502 I libmdmdetect: Found internal modem: modem
01-20 17:33:02.916   451   502 E QC-QMI  : qmi_client [451]: unable to connect to server, errno=[2:No such file or directory], attempt=1
01-20 17:33:02.917   451   553 I ThermalEngine: handle_thresh_sig: SS Id SS-POPMEM-JUNCTION, Read pop_mem 57000mC
01-20 17:33:02.918   451   553 I ThermalEngine: handle_thresh_sig: SS Id SS-SKIN-XO-THERM-POWER, Read xo_therm_buf 46000mC
01-20 17:33:02.920   451   553 I ThermalEngine: handle_thresh_sig: SS Id SS-SKIN-XO-THERM-PERF, Read xo_therm_buf 46000mC
01-20 17:33:02.920   451   553 I ThermalEngine: handle_thresh_sig: SS Id SS-GPU, Read gpu 56000mC
01-20 17:33:02.920   451   553 I ThermalEngine: handle_thresh_sig: SS Id SS-POPMEM, Read pop_mem 57000mC
01-20 17:33:02.921   451   553 I ThermalEngine: handle_thresh_sig: SS Id SS-CPU5, Read cpu5 92000mC
01-20 17:33:02.921   451   553 I ThermalEngine: handle_thresh_sig: SS Id SS-CPU4, Read cpu4 91000mC
01-20 17:33:02.921   451   553 I ThermalEngine: handle_thresh_sig: SS Id SS-CPU3, Read cpu3 83000mC
01-20 17:33:02.922   451   553 I ThermalEngine: handle_thresh_sig: SS Id SS-CPU2, Read cpu2 83000mC
01-20 17:33:02.923   451   553 I ThermalEngine: handle_thresh_sig: SS Id SS-CPU0, Read cpu0-1 72000mC
01-20 17:33:02.928   451   551 I ThermalEngine: handle_thresh_sig: TM Id CPU5_HOTPLUG_MONITOR Sensor xo_therm_buf Temp 46000
01-20 17:33:02.929   451   551 I ThermalEngine: TM Id 'CPU5_HOTPLUG_MONITOR' Sensor 'xo_therm_buf' - alarm raised 1 at 46.0 degC
01-20 17:33:02.929   451   551 I ThermalEngine: j=0 i=0 TM Id CPU5_HOTPLUG_MONITOR Sensor xo_therm_buf: Action hotplug_5 value 1
01-20 17:33:02.929   451   551 I ThermalEngine: hotplug_ktm_request: Defer call until KTM work loop is disabled.
01-20 17:33:02.929   451   551 I ThermalEngine: ACTION: Hotplugged OFF CPU[5]
01-20 17:33:02.930   451   551 I ThermalEngine: handle_thresh_sig: TM Id CPU4_HOTPLUG_MONITOR Sensor xo_therm_buf Temp 46000
01-20 17:33:02.930   451   551 I ThermalEngine: TM Id 'CPU4_HOTPLUG_MONITOR' Sensor 'xo_therm_buf' - alarm raised 1 at 46.0 degC
01-20 17:33:02.930   451   551 I ThermalEngine: j=0 i=0 TM Id CPU4_HOTPLUG_MONITOR Sensor xo_therm_buf: Action hotplug_4 value 1
01-20 17:33:02.930   451   551 I ThermalEngine: hotplug_ktm_request: Defer call until KTM work loop is disabled.
01-20 17:33:02.930   451   551 I ThermalEngine: ACTION: Hotplugged OFF CPU[4]
01-20 17:33:02.932   451   551 I ThermalEngine: handle_thresh_sig: TM Id MONITOR_QUIET_THERM_BATTERY Sensor xo_therm_buf Temp 46000
01-20 17:33:02.932   451   551 I ThermalEngine: TM Id 'MONITOR_QUIET_THERM_BATTERY' Sensor 'xo_therm_buf' - alarm raised 4 at 46.0 degC
01-20 17:33:02.932   451   551 I ThermalEngine: TM Id 'MONITOR_QUIET_THERM_BATTERY' Sensor 'xo_therm_buf' - alarm raised 3 at 46.0 degC
01-20 17:33:02.932   451   551 I ThermalEngine: TM Id 'MONITOR_QUIET_THERM_BATTERY' Sensor 'xo_therm_buf' - alarm raised 2 at 46.0 degC
01-20 17:33:02.932   451   551 I ThermalEngine: TM Id 'MONITOR_QUIET_THERM_BATTERY' Sensor 'xo_therm_buf' - alarm raised 1 at 46.0 degC
01-20 17:33:02.932   451   551 I ThermalEngine: j=0 i=3 TM Id MONITOR_QUIET_THERM_BATTERY Sensor xo_therm_buf: Action battery value 3
01-20 17:33:02.932   353   353 D AndroidRuntime: >>>>>> START com.android.internal.os.ZygoteInit uid 0 <<<<<<
01-20 17:33:02.932   451   551 I ThermalEngine: ACTION: BATTERY - Setting battery charging mitigation to 3
01-20 17:33:02.932   451   551 I ThermalEngine: Mitigation:Battery:3
01-20 17:33:02.932   353   353 I boot_progress_start: 20664
01-20 17:33:02.933   451   551 I ThermalEngine: handle_thresh_sig: TM Id GPU_management Sensor xo_therm_buf Temp 46000
01-20 17:33:02.933   451   551 I ThermalEngine: TM Id 'GPU_management' Sensor 'xo_therm_buf' - alarm raised 2 at 46.0 degC
01-20 17:33:02.934   451   551 I ThermalEngine: TM Id 'GPU_management' Sensor 'xo_therm_buf' - alarm raised 1 at 46.0 degC
01-20 17:33:02.934   451   551 I ThermalEngine: j=0 i=1 TM Id GPU_management Sensor xo_therm_buf: Action gpu value 450000000
01-20 17:33:02.934   451   551 I ThermalEngine: ACTION: GPU - Setting GPU[0] to 450000000
01-20 17:33:02.935   451   551 I ThermalEngine: handle_thresh_sig: TM Id PMIC-ALARM-MONITOR Sensor pm8994_tz Temp 52594
01-20 17:33:02.935   451   551 I ThermalEngine: handle_thresh_sig: TM Id VDD_RSTR_MONITOR-TSENS14 Sensor tsens_tz_sensor14 Temp 94000
01-20 17:33:02.935   451   551 I ThermalEngine: handle_thresh_sig: TM Id VDD_RSTR_MONITOR-TSENS13 Sensor tsens_tz_sensor13 Temp 93000
01-20 17:33:02.936   451   551 I ThermalEngine: handle_thresh_sig: TM Id VDD_RSTR_MONITOR-TSENS12 Sensor tsens_tz_sensor12 Temp 56000
01-20 17:33:02.936   451   551 I ThermalEngine: handle_thresh_sig: TM Id VDD_RSTR_MONITOR-TSENS11 Sensor tsens_tz_sensor11 Temp 59000
01-20 17:33:02.936   451   551 I ThermalEngine: handle_thresh_sig: TM Id VDD_RSTR_MONITOR-TSENS10 Sensor tsens_tz_sensor10 Temp 84000
01-20 17:33:02.936   451   551 I ThermalEngine: handle_thresh_sig: TM Id VDD_RSTR_MONITOR-TSENS9 Sensor tsens_tz_sensor9 Temp 83000
01-20 17:33:02.937   451   551 I ThermalEngine: handle_thresh_sig: TM Id VDD_RSTR_MONITOR-TSENS7 Sensor tsens_tz_sensor7 Temp 72000
01-20 17:33:02.937   451   551 I ThermalEngine: handle_thresh_sig: TM Id VDD_RSTR_MONITOR-TSENS5 Sensor tsens_tz_sensor5 Temp 62000
01-20 17:33:02.937   451   551 I ThermalEngine: handle_thresh_sig: TM Id VDD_RSTR_MONITOR-TSENS4 Sensor tsens_tz_sensor4 Temp 54000
01-20 17:33:02.937   451   551 I ThermalEngine: handle_thresh_sig: TM Id VDD_RSTR_MONITOR-TSENS3 Sensor tsens_tz_sensor3 Temp 58000
01-20 17:33:02.938   451   551 I ThermalEngine: handle_thresh_sig: TM Id VDD_RSTR_MONITOR-TSENS2 Sensor tsens_tz_sensor2 Temp 57000
01-20 17:33:02.938   451   551 I ThermalEngine: handle_thresh_sig: TM Id VDD_RSTR_MONITOR-TSENS1 Sensor tsens_tz_sensor1 Temp 66000
01-20 17:33:02.939   451   551 I ThermalEngine: handle_thresh_sig: TM Id VDD_RSTR_MONITOR-TSENS0 Sensor tsens_tz_sensor0 Temp 55000
01-20 17:33:02.939   451   551 I ThermalEngine: vdd_restrict_qmi_request: MODEM req level(0) is recorded and waiting for completing QMI registration
01-20 17:33:02.939   451   551 I ThermalEngine: vdd_restrict_qmi_request: ADSP req level(0) is recorded and waiting for completing QMI registration
01-20 17:33:02.939   451   551 I ThermalEngine: hotplug_ktm_disable_cb: write out 30
01-20 17:33:02.944   451   553 I ThermalEngine: algo_monitor: Thresh EVT
01-20 17:33:02.944   451   553 I ThermalEngine: handle_thresh_sig: SS Id SS-CPU5, Read cpu5 97000mC
01-20 17:33:02.945   451   553 I ThermalEngine: ACTION: CLUSTER - Setting CLUSTER[1] to 1689600
01-20 17:33:02.945   451   553 I ThermalEngine: Mitigation:CLUSTER[1]:1689600 Khz
01-20 17:33:02.967   415   415 I vndksupport: sphal namespace is not configured for this process. Loading /vendor/lib64/egl/libGLESv1_CM_adreno.so from the current namespace instead.
01-20 17:33:02.969   471   471 I installd: installd firing up
01-20 17:33:02.975   415   415 D libEGL  : loaded /vendor/lib64/egl/libGLESv1_CM_adreno.so
01-20 17:33:02.979   353   353 I zygote64: option[0]=-Xzygote
01-20 17:33:02.979   353   353 I zygote64: option[1]=-Xstacktracefile:/data/anr/traces.txt
01-20 17:33:02.980   353   353 I zygote64: option[2]=exit
01-20 17:33:02.980   353   353 I zygote64: option[3]=vfprintf
01-20 17:33:02.980   353   353 I zygote64: option[4]=sensitiveThread
01-20 17:33:02.980   353   353 I zygote64: option[5]=-verbose:gc
01-20 17:33:02.980   353   353 I zygote64: option[6]=-Xms4m
01-20 17:33:02.980   353   353 I zygote64: option[7]=-Xmx16m
01-20 17:33:02.980   353   353 I zygote64: option[8]=-Xusejit:true
01-20 17:33:02.980   353   353 I zygote64: option[9]=-Xjitsaveprofilinginfo
01-20 17:33:02.980   353   353 I zygote64: option[10]=-agentlib:jdwp=transport=dt_android_adb,suspend=n,server=y
01-20 17:33:02.980   353   353 I zygote64: option[11]=-Ximage-compiler-option
01-20 17:33:02.980   353   353 I zygote64: option[12]=--runtime-arg
01-20 17:33:02.980   353   353 I zygote64: option[13]=-Ximage-compiler-option
01-20 17:33:02.980   353   353 I zygote64: option[14]=-Xms64m
01-20 17:33:02.980   353   353 I zygote64: option[15]=-Ximage-compiler-option
01-20 17:33:02.980   353   353 I zygote64: option[16]=--runtime-arg
01-20 17:33:02.980   353   353 I zygote64: option[17]=-Ximage-compiler-option
01-20 17:33:02.980   353   353 I zygote64: option[18]=-Xmx64m
01-20 17:33:02.980   353   353 I zygote64: option[19]=-Ximage-compiler-option
01-20 17:33:02.980   353   353 I zygote64: option[20]=--image-classes=/system/etc/preloaded-classes
01-20 17:33:02.980   353   353 I zygote64: option[21]=-Ximage-compiler-option
01-20 17:33:02.980   353   353 I zygote64: option[22]=--compiled-classes=/system/etc/compiled-classes
01-20 17:33:02.980   353   353 I zygote64: option[23]=-Xcompiler-option
01-20 17:33:02.980   353   353 I zygote64: option[24]=--runtime-arg
01-20 17:33:02.980   353   353 I zygote64: option[25]=-Xcompiler-option
01-20 17:33:02.980   353   353 I zygote64: option[26]=-Xms64m
01-20 17:33:02.980   353   353 I zygote64: option[27]=-Xcompiler-option
01-20 17:33:02.980   353   353 I zygote64: option[28]=--runtime-arg
01-20 17:33:02.980   353   353 I zygote64: option[29]=-Xcompiler-option
01-20 17:33:02.980   353   353 I zygote64: option[30]=-Xmx512m
01-20 17:33:02.980   353   353 I zygote64: option[31]=-Xcompiler-option
01-20 17:33:02.981   353   353 I zygote64: option[32]=-j2
01-20 17:33:02.981   353   353 I zygote64: option[33]=-Ximage-compiler-option
01-20 17:33:02.981   353   353 I zygote64: option[34]=-j4
01-20 17:33:02.981   353   353 I zygote64: option[35]=-Ximage-compiler-option
01-20 17:33:02.981   353   353 I zygote64: option[36]=--instruction-set-variant=cortex-a53
01-20 17:33:02.981   353   353 I zygote64: option[37]=-Xcompiler-option
01-20 17:33:02.981   353   353 I zygote64: option[38]=--instruction-set-variant=cortex-a53
01-20 17:33:02.981   353   353 I zygote64: option[39]=-Ximage-compiler-option
01-20 17:33:02.981   353   353 I zygote64: option[40]=--instruction-set-features=default
01-20 17:33:02.981   353   353 I zygote64: option[41]=-Xcompiler-option
01-20 17:33:02.981   353   353 I zygote64: option[42]=--instruction-set-features=default
01-20 17:33:02.981   353   353 I zygote64: option[43]=-Duser.locale=en-US
01-20 17:33:02.981   353   353 I zygote64: option[44]=--cpu-abilist=arm64-v8a
01-20 17:33:02.981   353   353 I zygote64: option[45]=-Xfingerprint:Xiaomi/libra/libra:7.0/NRD90M/V8.2.3.0.NXKCNEC:user/release-keys
01-20 17:33:02.982   451   553 I ThermalEngine: ACTION: CLUSTER - Setting CLUSTER[1] to 1824000
01-20 17:33:02.982   451   553 I ThermalEngine: Mitigation:CLUSTER[1]:1824000 Khz
01-20 17:33:02.982   451   553 I ThermalEngine: handle_thresh_sig: SS Id SS-CPU5, Read cpu5 75000mC
01-20 17:33:02.994   415   415 I vndksupport: sphal namespace is not configured for this process. Loading /vendor/lib64/egl/libGLESv2_adreno.so from the current namespace instead.
01-20 17:33:02.995   415   415 D libEGL  : loaded /vendor/lib64/egl/libGLESv2_adreno.so
01-20 17:33:03.008   353   353 I zygote64: Pruning dalvik-cache since we are relocating an image and will need to recompile
01-20 17:33:03.008   353   353 I zygote64: RelocateImage: /system/bin/patchoat --input-image-location=/system/framework/boot.art --output-image-file=/data/dalvik-cache/arm64/system@framework@boot.art --instruction-set=arm64 --base-offset-delta=5046272
01-20 17:33:03.018   446   446 D RILD    : **RIL Daemon Started**
01-20 17:33:03.018   446   446 D RILD    : **RILd param count=3**
01-20 17:33:03.019   415   415 I Adreno  : QUALCOMM build                   : 7142022, Ib5823dd10c
01-20 17:33:03.019   415   415 I Adreno  : Build Date                       : 06/23/17
01-20 17:33:03.019   415   415 I Adreno  : OpenGL ES Shader Compiler Version: EV031.18.00.00
01-20 17:33:03.019   415   415 I Adreno  : Local Branch                     : O11A
01-20 17:33:03.019   415   415 I Adreno  : Remote Branch                    : 
01-20 17:33:03.019   415   415 I Adreno  : Remote Branch                    : 
01-20 17:33:03.019   415   415 I Adreno  : Reconstruct Branch               : 
01-20 17:33:03.020   415   415 I vndksupport: sphal namespace is not configured for this process. Loading /vendor/lib64/hw/gralloc.msm8992.so from the current namespace instead.
01-20 17:33:03.021   544   544 I libmdmdetect: ESOC framework not supported
01-20 17:33:03.022   544   544 I libmdmdetect: Found internal modem: modem
01-20 17:33:03.063   544   571 I libmdmdetect: ESOC framework not supported
01-20 17:33:03.063   544   571 I libmdmdetect: Found internal modem: modem
01-20 17:33:03.076   415   415 I Adreno  : PFP: 0x00000000, ME: 0x00000000
01-20 17:33:03.102   544   571 E QC-QMI  : qmi_client [544]: unable to bind to client socket, rc = -1 errno[13:Permission denied]
01-20 17:33:03.103   544   571 E QC-QMI  : qmi_qmux_if_pwr_up_init_ex:  Initialization failed, rc = -1
01-20 17:33:03.109   415   415 I SurfaceFlinger: EGL information:
01-20 17:33:03.109   415   415 I SurfaceFlinger: vendor    : Android
01-20 17:33:03.110   415   415 I SurfaceFlinger: version   : 1.4 Android META-EGL
01-20 17:33:03.110   415   415 I SurfaceFlinger: extensions: EGL_KHR_get_all_proc_addresses EGL_ANDROID_presentation_time EGL_KHR_swap_buffers_with_damage EGL_ANDROID_get_native_client_buffer EGL_ANDROID_front_buffer_auto_refresh EGL_ANDROID_get_frame_timestamps EGL_KHR_image EGL_KHR_image_base EGL_KHR_lock_surface EGL_KHR_gl_colorspace EGL_KHR_gl_texture_2D_image EGL_KHR_gl_texture_3D_image EGL_KHR_gl_texture_cubemap_image EGL_KHR_gl_renderbuffer_image EGL_KHR_reusable_sync EGL_KHR_fence_sync EGL_KHR_create_context EGL_KHR_surfaceless_context EGL_EXT_create_context_robustness EGL_ANDROID_image_native_buffer EGL_KHR_wait_sync EGL_ANDROID_recordable EGL_KHR_partial_update EGL_EXT_pixel_format_float EGL_KHR_create_context_no_error EGL_KHR_mutable_render_buffer EGL_EXT_yuv_surface EGL_IMG_context_priority EGL_KHR_no_config_context 
01-20 17:33:03.110   415   415 I SurfaceFlinger: Client API: OpenGL_ES
01-20 17:33:03.110   415   415 I SurfaceFlinger: EGLSurface: 8-8-8-8, config=0x729d18c720
01-20 17:33:03.115   544   571 E QMI_FW  : QMUXD: WARNING qmi_qmux_if_pwr_up_init failed! rc=-1
01-20 17:33:03.116   415   415 I /system/bin/surfaceflinger: android::hardware::configstore::V1_0::ISurfaceFlingerConfigs::hasWideColorDisplay retrieved: 0
01-20 17:33:03.116   415   415 I SurfaceFlinger: OpenGL ES informations:
01-20 17:33:03.116   415   415 I SurfaceFlinger: vendor    : Qualcomm
01-20 17:33:03.116   415   415 I SurfaceFlinger: renderer  : Adreno (TM) 418
01-20 17:33:03.116   415   415 I SurfaceFlinger: version   : OpenGL ES 3.2 V@225.0 (GIT@7142022, Ib5823dd10c) (Date:06/23/17)
01-20 17:33:03.116   415   415 I SurfaceFlinger: extensions: GL_OES_EGL_image GL_OES_EGL_image_external GL_OES_EGL_sync GL_OES_vertex_half_float GL_OES_framebuffer_object GL_OES_rgb8_rgba8 GL_OES_compressed_ETC1_RGB8_texture GL_AMD_compressed_ATC_texture GL_KHR_texture_compression_astc_ldr GL_OES_texture_npot GL_EXT_texture_filter_anisotropic GL_EXT_texture_format_BGRA8888 GL_OES_texture_3D GL_EXT_color_buffer_float GL_EXT_color_buffer_half_float GL_QCOM_alpha_test GL_OES_depth24 GL_OES_packed_depth_stencil GL_OES_depth_texture GL_OES_depth_texture_cube_map GL_EXT_sRGB GL_OES_texture_float GL_OES_texture_float_linear GL_OES_texture_half_float GL_OES_texture_half_float_linear GL_EXT_texture_type_2_10_10_10_REV GL_EXT_texture_sRGB_decode GL_OES_element_index_uint GL_EXT_copy_image GL_EXT_geometry_shader GL_EXT_tessellation_shader GL_OES_texture_stencil8 GL_EXT_shader_io_blocks GL_OES_shader_image_atomic GL_OES_sample_variables GL_EXT_texture_border_clamp GL_EXT_multisampled_render_to_texture GL_EXT_multisampled_render_to_texture2 GL_OES_shader_multisample_in
01-20 17:33:03.116   415   415 I SurfaceFlinger: GL_MAX_TEXTURE_SIZE = 16384
01-20 17:33:03.116   415   415 I SurfaceFlinger: GL_MAX_VIEWPORT_DIMS = 16384
01-20 17:33:03.118   336   336 W /system/bin/hwservicemanager: getTransportFromManifest: Cannot find entry android.hardware.graphics.composer@2.1::IComposer in either framework or device manifest, using default transport.
01-20 17:33:03.129   415   415 I vndksupport: sphal namespace is not configured for this process. Loading /vendor/lib64/hw/hwcomposer.msm8992.so from the current namespace instead.
01-20 17:33:03.140   548   548 I start   : *  * *** *** **** **** **** *** *  *  **** ***
01-20 17:33:03.175   451   553 I ThermalEngine: ACTION: CLUSTER - Setting CLUSTER[1] to 1689600
01-20 17:33:03.175   451   553 I ThermalEngine: Mitigation:CLUSTER[1]:1689600 Khz
01-20 17:33:03.195   354   354 D AndroidRuntime: >>>>>> START com.android.internal.os.ZygoteInit uid 0 <<<<<<
01-20 17:33:03.200   354   354 I zygote  : option[0]=-Xzygote
01-20 17:33:03.200   354   354 I zygote  : option[1]=-Xstacktracefile:/data/anr/traces.txt
01-20 17:33:03.200   354   354 I zygote  : option[2]=exit
01-20 17:33:03.200   354   354 I zygote  : option[3]=vfprintf
01-20 17:33:03.200   354   354 I zygote  : option[4]=sensitiveThread
01-20 17:33:03.200   354   354 I zygote  : option[5]=-verbose:gc
01-20 17:33:03.200   354   354 I zygote  : option[6]=-Xms4m
01-20 17:33:03.201   354   354 I zygote  : option[7]=-Xmx16m
01-20 17:33:03.201   354   354 I zygote  : option[8]=-Xusejit:true
01-20 17:33:03.201   354   354 I zygote  : option[9]=-Xjitsaveprofilinginfo
01-20 17:33:03.201   354   354 I zygote  : option[10]=-agentlib:jdwp=transport=dt_android_adb,suspend=n,server=y
01-20 17:33:03.201   354   354 I zygote  : option[11]=-Ximage-compiler-option
01-20 17:33:03.201   354   354 I zygote  : option[12]=--runtime-arg
01-20 17:33:03.201   354   354 I zygote  : option[13]=-Ximage-compiler-option
01-20 17:33:03.201   354   354 I zygote  : option[14]=-Xms64m
01-20 17:33:03.201   354   354 I zygote  : option[15]=-Ximage-compiler-option
01-20 17:33:03.201   354   354 I zygote  : option[16]=--runtime-arg
01-20 17:33:03.201   354   354 I zygote  : option[17]=-Ximage-compiler-option
01-20 17:33:03.201   354   354 I zygote  : option[18]=-Xmx64m
01-20 17:33:03.201   354   354 I zygote  : option[19]=-Ximage-compiler-option
01-20 17:33:03.201   354   354 I zygote  : option[20]=--image-classes=/system/etc/preloaded-classes
01-20 17:33:03.201   354   354 I zygote  : option[21]=-Ximage-compiler-option
01-20 17:33:03.201   354   354 I zygote  : option[22]=--compiled-classes=/system/etc/compiled-classes
01-20 17:33:03.201   354   354 I zygote  : option[23]=-Xcompiler-option
01-20 17:33:03.201   354   354 I zygote  : option[24]=--runtime-arg
01-20 17:33:03.201   354   354 I zygote  : option[25]=-Xcompiler-option
01-20 17:33:03.201   354   354 I zygote  : option[26]=-Xms64m
01-20 17:33:03.201   354   354 I zygote  : option[27]=-Xcompiler-option
01-20 17:33:03.201   354   354 I zygote  : option[28]=--runtime-arg
01-20 17:33:03.201   354   354 I zygote  : option[29]=-Xcompiler-option
01-20 17:33:03.201   354   354 I zygote  : option[30]=-Xmx512m
01-20 17:33:03.201   354   354 I zygote  : option[31]=-Xcompiler-option
01-20 17:33:03.201   354   354 I zygote  : option[32]=-j2
