01-20 18:27:50.139   440   440 I ThermalEngine: Parsing section GPU_management
01-20 18:27:50.139   440   440 I ThermalEngine: Found field 'sensor'
01-20 18:27:50.139   440   440 I ThermalEngine: Found field 'sampling'
01-20 18:27:50.140   440   440 I ThermalEngine: Found field 'thresholds'
01-20 18:27:50.140   440   440 I ThermalEngine: Found field 'thresholds_clr'
01-20 18:27:50.140   440   440 I ThermalEngine: Found field 'actions'
01-20 18:27:50.140   440   440 I ThermalEngine: Found field 'action_info'
01-20 18:27:50.140   440   440 I ThermalEngine: Created section 'MONITOR_QUIET_THERM_BATTERY'
01-20 18:27:50.140   440   440 I ThermalEngine: Algo Type 'monitor'
01-20 18:27:50.140   440   440 I ThermalEngine: Parsing section MONITOR_QUIET_THERM_BATTERY
01-20 18:27:50.140   440   440 I ThermalEngine: Found field 'sampling'
01-20 18:27:50.140   440   440 I ThermalEngine: Found field 'sensor'
01-20 18:27:50.140   440   440 I ThermalEngine: Found field 'thresholds'
01-20 18:27:50.140   440   440 I ThermalEngine: Found field 'thresholds_clr'
01-20 18:27:50.140   440   440 I ThermalEngine: Found field 'actions'
01-20 18:27:50.140   440   440 I ThermalEngine: Found field 'action_info'
01-20 18:27:50.140   440   440 I ThermalEngine: Found section 'SS-CPU0'
01-20 18:27:50.140   440   440 I ThermalEngine: Algo Type 'ss'
01-20 18:27:50.140   440   440 I ThermalEngine: Parsing section SS-CPU0
01-20 18:27:50.141   440   440 I ThermalEngine: Found field 'sampling'
01-20 18:27:50.141   440   440 I ThermalEngine: Found field 'sensor'
01-20 18:27:50.141   440   440 I ThermalEngine: Found field 'device'
01-20 18:27:50.141   440   440 I ThermalEngine: Found field 'set_point'
01-20 18:27:50.141   440   440 I ThermalEngine: Found field 'set_point_clr'
01-20 18:27:50.141   440   440 I ThermalEngine: Found section 'SS-CPU2'
01-20 18:27:50.141   440   440 I ThermalEngine: Algo Type 'ss'
01-20 18:27:50.141   440   440 I ThermalEngine: Parsing section SS-CPU2
01-20 18:27:50.141   440   440 I ThermalEngine: Found field 'sampling'
01-20 18:27:50.141   440   440 I ThermalEngine: Found field 'sensor'
01-20 18:27:50.141   440   440 I ThermalEngine: Found field 'device'
01-20 18:27:50.141   440   440 I ThermalEngine: Found field 'set_point'
01-20 18:27:50.141   440   440 I ThermalEngine: Found field 'set_point_clr'
01-20 18:27:50.141   440   440 I ThermalEngine: Found section 'SS-CPU3'
01-20 18:27:50.141   440   440 I ThermalEngine: Algo Type 'ss'
01-20 18:27:50.141   440   440 I ThermalEngine: Parsing section SS-CPU3
01-20 18:27:50.141   440   440 I ThermalEngine: Found field 'sampling'
01-20 18:27:50.142   440   440 I ThermalEngine: Found field 'sensor'
01-20 18:27:50.142   440   440 I ThermalEngine: Found field 'device'
01-20 18:27:50.142   440   440 I ThermalEngine: Found field 'set_point'
01-20 18:27:50.142   440   440 I ThermalEngine: Found field 'set_point_clr'
01-20 18:27:50.142   440   440 I ThermalEngine: Found section 'SS-CPU4'
01-20 18:27:50.142   440   440 I ThermalEngine: Algo Type 'ss'
01-20 18:27:50.142   440   440 I ThermalEngine: Parsing section SS-CPU4
01-20 18:27:50.142   440   440 I ThermalEngine: Found field 'sampling'
01-20 18:27:50.142   440   440 I ThermalEngine: Found field 'sensor'
01-20 18:27:50.142   440   440 I ThermalEngine: Found field 'device'
01-20 18:27:50.142   440   440 I ThermalEngine: Found field 'set_point'
01-20 18:27:50.142   440   440 I ThermalEngine: Found field 'set_point_clr'
01-20 18:27:50.142   440   440 I ThermalEngine: Found section 'SS-CPU5'
01-20 18:27:50.142   440   440 I ThermalEngine: Algo Type 'ss'
01-20 18:27:50.142   440   440 I ThermalEngine: Parsing section SS-CPU5
01-20 18:27:50.143   440   440 I ThermalEngine: Found field 'sampling'
01-20 18:27:50.143   440   440 I ThermalEngine: Found field 'sensor'
01-20 18:27:50.143   440   440 I ThermalEngine: Found field 'device'
01-20 18:27:50.143   440   440 I ThermalEngine: Found field 'set_point'
01-20 18:27:51.293     0     0 I ueventd : firmware: loading 'cpe.b06' for '/devices/soc.0/fe12f000.slim/tomtom-slim-pgd/tomtom_codec/firmware/cpe.b06'
01-20 18:27:50.143   440   440 I ThermalEngine: Found field 'set_point_clr'
01-20 18:27:50.143   440   440 I ThermalEngine: Created section 'CPU4_HOTPLUG_MONITOR'
01-20 18:27:50.143   440   440 I ThermalEngine: Algo Type 'monitor'
01-20 18:27:50.143   440   440 I ThermalEngine: Parsing section CPU4_HOTPLUG_MONITOR
01-20 18:27:50.143   440   440 I ThermalEngine: Found field 'sampling'
01-20 18:27:50.143   440   440 I ThermalEngine: Found field 'sensor'
01-20 18:27:50.143   440   440 I ThermalEngine: Found field 'thresholds'
01-20 18:27:50.143   440   440 I ThermalEngine: Found field 'thresholds_clr'
01-20 18:27:50.143   440   440 I ThermalEngine: Found field 'actions'
01-20 18:27:50.143   440   440 I ThermalEngine: Found field 'action_info'
01-20 18:27:50.143   440   440 I ThermalEngine: Created section 'CPU5_HOTPLUG_MONITOR'
01-20 18:27:50.143   440   440 I ThermalEngine: Algo Type 'monitor'
01-20 18:27:50.144   440   440 I ThermalEngine: Parsing section CPU5_HOTPLUG_MONITOR
01-20 18:27:50.144   440   440 I ThermalEngine: Found field 'sampling'
01-20 18:27:50.144   440   440 I ThermalEngine: Found field 'sensor'
01-20 18:27:50.144   440   440 I ThermalEngine: Found field 'thresholds'
01-20 18:27:50.144   440   440 I ThermalEngine: Found field 'thresholds_clr'
01-20 18:27:50.144   440   440 I ThermalEngine: Found field 'actions'
01-20 18:27:50.144   440   440 I ThermalEngine: Found field 'action_info'
01-20 18:27:50.144   440   440 I ThermalEngine: Created section 'SS-POPMEM-JUNCTION'
01-20 18:27:50.144   440   440 I ThermalEngine: Algo Type 'ss'
01-20 18:27:50.144   440   440 I ThermalEngine: Parsing section SS-POPMEM-JUNCTION
01-20 18:27:50.144   440   440 I ThermalEngine: Found field 'sampling'
01-20 18:27:50.144   440   440 I ThermalEngine: Found field 'sensor'
01-20 18:27:50.144   440   440 I ThermalEngine: Found field 'device'
01-20 18:27:50.144   440   440 I ThermalEngine: Found field 'set_point'
01-20 18:27:50.144   440   440 I ThermalEngine: Found field 'set_point_clr'
01-20 18:27:50.144   440   440 I ThermalEngine: Found field 'time_constant'
01-20 18:27:50.144   440   440 I ThermalEngine: Found section 'SS-GPU'
01-20 18:27:50.145   440   440 I ThermalEngine: Algo Type 'ss'
01-20 18:27:50.145   440   440 I ThermalEngine: Parsing section SS-GPU
01-20 18:27:50.145   440   440 I ThermalEngine: Found field 'sampling'
01-20 18:27:50.145   440   440 I ThermalEngine: Found field 'sensor'
01-20 18:27:50.145   440   440 I ThermalEngine: Found field 'device'
01-20 18:27:50.145   440   440 I ThermalEngine: Found field 'set_point'
01-20 18:27:50.145   440   440 I ThermalEngine: Found field 'set_point_clr'
01-20 18:27:50.148   440   440 I ThermalEngine: [CPU5_HOTPLUG_MONITOR]
01-20 18:27:50.148   440   440 I ThermalEngine: algo_type monitor
01-20 18:27:50.148   440   440 I ThermalEngine: sampling 1000
01-20 18:27:50.148   440   440 I ThermalEngine: sensor xo_therm_buf
01-20 18:27:50.148   440   440 I ThermalEngine: thresholds 45000
01-20 18:27:50.148   440   440 I ThermalEngine: thresholds_clr 40000
01-20 18:27:50.148   440   440 I ThermalEngine: actions hotplug_5
01-20 18:27:50.150   440   440 I ThermalEngine: action_info 1
01-20 18:27:50.150   440   440 I ThermalEngine: [CPU4_HOTPLUG_MONITOR]
01-20 18:27:50.150   440   440 I ThermalEngine: algo_type monitor
01-20 18:27:50.150   440   440 I ThermalEngine: sampling 1000
01-20 18:27:50.150   440   440 I ThermalEngine: sensor xo_therm_buf
01-20 18:27:50.150   440   440 I ThermalEngine: thresholds 42000
01-20 18:27:50.150   440   440 I ThermalEngine: thresholds_clr 37000
01-20 18:27:50.150   440   440 I ThermalEngine: actions hotplug_4
01-20 18:27:50.150   440   440 I ThermalEngine: action_info 1
01-20 18:27:51.335     0     0 E qpnp-smbcharger-23: Cannot find 0ma current_table
01-20 18:27:50.150   440   440 I ThermalEngine: [MONITOR_QUIET_THERM_BATTERY]
01-20 18:27:50.151   440   440 I ThermalEngine: algo_type monitor
01-20 18:27:50.151   440   440 I ThermalEngine: sampling 1000
01-20 18:27:50.151   440   440 I ThermalEngine: sensor xo_therm_buf
01-20 18:27:50.151   440   440 I ThermalEngine: thresholds 38000 40000 42000 44000
01-20 18:27:50.151   440   440 I ThermalEngine: thresholds_clr 35000 38000 40000 42000
01-20 18:27:50.151   440   440 I ThermalEngine: actions battery battery battery battery
01-20 18:27:50.151   440   440 I ThermalEngine: action_info 0 1 2 3
01-20 18:27:50.151   440   440 I ThermalEngine: [GPU_management]
01-20 18:27:50.151   440   440 I ThermalEngine: algo_type monitor
01-20 18:27:50.151   440   440 I ThermalEngine: sampling 10000
01-20 18:27:50.151   440   440 I ThermalEngine: sensor xo_therm_buf
01-20 18:27:51.348     0     0 I msm_thermal: set_enabled enabled = 0
01-20 18:27:50.151   440   440 I ThermalEngine: thresholds 40000 43000 47000 50000
01-20 18:27:50.151   440   440 I ThermalEngine: thresholds_clr 37000 40000 43000 47000
01-20 18:27:50.151   440   440 I ThermalEngine: actions gpu gpu gpu gpu
01-20 18:27:50.151   440   440 I ThermalEngine: action_info 490000000 450000000 367000000 300000000
01-20 18:27:50.151   440   440 I ThermalEngine: [PMIC-ALARM-MONITOR]
01-20 18:27:50.151   440   440 I ThermalEngine: #algo_type monitor
01-20 18:27:50.151   440   440 I ThermalEngine: sampling 1000
01-20 18:27:50.151   440   440 I ThermalEngine: sensor pm8994_tz
01-20 18:27:50.151   440   440 I ThermalEngine: thresholds 107000 127000
01-20 18:27:50.151   440   440 I ThermalEngine: thresholds_clr 103000 123000
01-20 18:27:50.151   440   440 I ThermalEngine: actions hotplug_5+hotplug_4+hotplug_3+hotplug_2+hotplug_1+cluster1+cluster0 hotplug_5+hotplug_4+hotplug_3+hotplug_2+hotplug_1
01-20 18:27:50.151   440   440 I ThermalEngine: action_info 0+0+0+0+0+302400+302400 1+1+1+1+1
01-20 18:27:50.151   440   440 I ThermalEngine: [VDD_RSTR_MONITOR-TSENS14]
01-20 18:27:50.151   440   440 I ThermalEngine: #algo_type monitor
01-20 18:27:50.151   440   440 I ThermalEngine: sampling 1000
01-20 18:27:50.151   440   440 I ThermalEngine: sensor tsens_tz_sensor14
01-20 18:27:50.151   440   440 I ThermalEngine: thresholds 5000
01-20 18:27:50.152   440   440 I ThermalEngine: thresholds_clr 10000
01-20 18:27:50.152   440   440 I ThermalEngine: actions vdd_restriction
01-20 18:27:50.152   440   440 I ThermalEngine: action_info 1
01-20 18:27:50.152   440   440 I ThermalEngine: descending
01-20 18:27:50.152   440   440 I ThermalEngine: [VDD_RSTR_MONITOR-TSENS13]
01-20 18:27:50.152   440   440 I ThermalEngine: #algo_type monitor
01-20 18:27:50.152   440   440 I ThermalEngine: sampling 1000
01-20 18:27:50.152   440   440 I ThermalEngine: sensor tsens_tz_sensor13
01-20 18:27:50.152   440   440 I ThermalEngine: thresholds 5000
01-20 18:27:50.152   440   440 I ThermalEngine: thresholds_clr 10000
01-20 18:27:50.152   440   440 I ThermalEngine: actions vdd_restriction
01-20 18:27:50.152   440   440 I ThermalEngine: action_info 1
01-20 18:27:50.152   440   440 I ThermalEngine: descending
01-20 18:27:50.152   506   506 E QSEECOMAPI: : Error::Cannot open the file /firmware/image/keymaste.mdt
01-20 18:27:50.152   506   506 E QSEECOMAPI: : Error::Loading image failed with ret = -1
01-20 18:27:50.152   506   506 E QSEECOMD: : Loading keymaste app failied
01-20 18:27:50.152   506   506 D QSEECOMAPI: : QSEECom_get_handle sb_length = 0x400
01-20 18:27:50.152   506   506 D QSEECOMAPI: : App is not loaded in QSEE
01-20 18:27:50.152   506   506 E QSEECOMAPI: : Error::Cannot open the file /firmware/image/keymaster.mdt
01-20 18:27:50.152   506   506 E QSEECOMAPI: : Error::Loading image failed with ret = -1
01-20 18:27:50.152   506   506 E QSEECOMD: : Loading keymaster app failied
01-20 18:27:50.152   506   506 D QSEECOMAPI: : QSEECom_get_handle sb_length = 0x400
01-20 18:27:50.153   506   506 D QSEECOMAPI: : App is not loaded in QSEE
01-20 18:27:50.160   440   440 I ThermalEngine: [VDD_RSTR_MONITOR-TSENS12]
01-20 18:27:50.160   440   440 I ThermalEngine: #algo_type monitor
01-20 18:27:50.160   440   440 I ThermalEngine: sampling 1000
01-20 18:27:50.160   440   440 I ThermalEngine: sensor tsens_tz_sensor12
01-20 18:27:50.160   440   440 I ThermalEngine: thresholds 5000
01-20 18:27:50.160   440   440 I ThermalEngine: thresholds_clr 10000
01-20 18:27:50.160   440   440 I ThermalEngine: actions vdd_restriction
01-20 18:27:50.161   440   440 I ThermalEngine: action_info 1
01-20 18:27:50.161   440   440 I ThermalEngine: descending
01-20 18:27:50.161   440   440 I ThermalEngine: [VDD_RSTR_MONITOR-TSENS11]
01-20 18:27:50.161   440   440 I ThermalEngine: #algo_type monitor
01-20 18:27:50.161   440   440 I ThermalEngine: sampling 1000
01-20 18:27:50.161   440   440 I ThermalEngine: sensor tsens_tz_sensor11
01-20 18:27:50.161   440   440 I ThermalEngine: thresholds 5000
01-20 18:27:50.161   440   440 I ThermalEngine: thresholds_clr 10000
01-20 18:27:50.161   440   440 I ThermalEngine: actions vdd_restriction
01-20 18:27:50.161   440   440 I ThermalEngine: action_info 1
01-20 18:27:50.161   440   440 I ThermalEngine: descending
01-20 18:27:50.161   440   440 I ThermalEngine: [VDD_RSTR_MONITOR-TSENS10]
01-20 18:27:50.161   440   440 I ThermalEngine: #algo_type monitor
01-20 18:27:50.161   440   440 I ThermalEngine: sampling 1000
01-20 18:27:50.161   440   440 I ThermalEngine: sensor tsens_tz_sensor10
01-20 18:27:50.161   440   440 I ThermalEngine: thresholds 5000
01-20 18:27:50.161   440   440 I ThermalEngine: thresholds_clr 10000
01-20 18:27:50.161   440   440 I ThermalEngine: actions vdd_restriction
01-20 18:27:50.164   440   440 I ThermalEngine: action_info 1
01-20 18:27:50.164   440   440 I ThermalEngine: descending
01-20 18:27:50.164   440   440 I ThermalEngine: [VDD_RSTR_MONITOR-TSENS9]
01-20 18:27:50.164   440   440 I ThermalEngine: #algo_type monitor
01-20 18:27:50.164   440   440 I ThermalEngine: sampling 1000
01-20 18:27:50.164   440   440 I ThermalEngine: sensor tsens_tz_sensor9
01-20 18:27:50.164   440   440 I ThermalEngine: thresholds 5000
01-20 18:27:50.164   440   440 I ThermalEngine: thresholds_clr 10000
01-20 18:27:50.164   440   440 I ThermalEngine: actions vdd_restriction
01-20 18:27:50.164   440   440 I ThermalEngine: action_info 1
01-20 18:27:50.164   440   440 I ThermalEngine: descending
01-20 18:27:50.164   440   440 I ThermalEngine: [VDD_RSTR_MONITOR-TSENS7]
01-20 18:27:50.164   440   440 I ThermalEngine: #algo_type monitor
01-20 18:27:50.164   440   440 I ThermalEngine: sampling 1000
01-20 18:27:50.164   440   440 I ThermalEngine: sensor tsens_tz_sensor7
01-20 18:27:50.164   440   440 I ThermalEngine: thresholds 5000
01-20 18:27:50.164   440   440 I ThermalEngine: thresholds_clr 10000
01-20 18:27:50.164   440   440 I ThermalEngine: actions vdd_restriction
01-20 18:27:50.164   440   440 I ThermalEngine: action_info 1
01-20 18:27:50.164   440   440 I ThermalEngine: descending
01-20 18:27:50.164   440   440 I ThermalEngine: [VDD_RSTR_MONITOR-TSENS5]
01-20 18:27:50.164   440   440 I ThermalEngine: #algo_type monitor
01-20 18:27:50.164   440   440 I ThermalEngine: sampling 1000
01-20 18:27:50.164   440   440 I ThermalEngine: sensor tsens_tz_sensor5
01-20 18:27:50.164   440   440 I ThermalEngine: thresholds 5000
01-20 18:27:50.164   440   440 I ThermalEngine: thresholds_clr 10000
01-20 18:27:50.164   440   440 I ThermalEngine: actions vdd_restriction
01-20 18:27:50.164   440   440 I ThermalEngine: action_info 1
01-20 18:27:50.164   440   440 I ThermalEngine: descending
01-20 18:27:50.164   440   440 I ThermalEngine: [VDD_RSTR_MONITOR-TSENS4]
01-20 18:27:50.164   440   440 I ThermalEngine: #algo_type monitor
01-20 18:27:50.165   440   440 I ThermalEngine: sampling 1000
01-20 18:27:50.165   440   440 I ThermalEngine: sensor tsens_tz_sensor4
01-20 18:27:50.165   440   440 I ThermalEngine: thresholds 5000
01-20 18:27:50.165   440   440 I ThermalEngine: thresholds_clr 10000
01-20 18:27:50.165   440   440 I ThermalEngine: actions vdd_restriction
01-20 18:27:50.165   440   440 I ThermalEngine: action_info 1
01-20 18:27:50.165   440   440 I ThermalEngine: descending
01-20 18:27:50.165   440   440 I ThermalEngine: [VDD_RSTR_MONITOR-TSENS3]
01-20 18:27:50.165   440   440 I ThermalEngine: #algo_type monitor
01-20 18:27:50.165   440   440 I ThermalEngine: sampling 1000
01-20 18:27:50.165   440   440 I ThermalEngine: sensor tsens_tz_sensor3
01-20 18:27:50.165   440   440 I ThermalEngine: thresholds 5000
01-20 18:27:50.165   440   440 I ThermalEngine: thresholds_clr 10000
01-20 18:27:50.165   440   440 I ThermalEngine: actions vdd_restriction
01-20 18:27:50.165   440   440 I ThermalEngine: action_info 1
01-20 18:27:50.165   440   440 I ThermalEngine: descending
01-20 18:27:50.165   440   440 I ThermalEngine: [VDD_RSTR_MONITOR-TSENS2]
01-20 18:27:50.165   440   440 I ThermalEngine: #algo_type monitor
01-20 18:27:50.165   440   440 I ThermalEngine: sampling 1000
01-20 18:27:50.165   440   440 I ThermalEngine: sensor tsens_tz_sensor2
01-20 18:27:50.165   440   440 I ThermalEngine: thresholds 5000
01-20 18:27:50.165   440   440 I ThermalEngine: thresholds_clr 10000
01-20 18:27:50.165   440   440 I ThermalEngine: actions vdd_restriction
01-20 18:27:50.166   440   440 I ThermalEngine: action_info 1
01-20 18:27:50.166   440   440 I ThermalEngine: descending
01-20 18:27:50.166   440   440 I ThermalEngine: [VDD_RSTR_MONITOR-TSENS1]
01-20 18:27:50.166   440   440 I ThermalEngine: #algo_type monitor
01-20 18:27:50.166   440   440 I ThermalEngine: sampling 1000
01-20 18:27:50.166   440   440 I ThermalEngine: sensor tsens_tz_sensor1
01-20 18:27:50.166   440   440 I ThermalEngine: thresholds 5000
01-20 18:27:50.166   440   440 I ThermalEngine: thresholds_clr 10000
01-20 18:27:50.166   440   440 I ThermalEngine: actions vdd_restriction
01-20 18:27:50.166   440   440 I ThermalEngine: action_info 1
01-20 18:27:50.166   440   440 I ThermalEngine: descending
01-20 18:27:50.166   440   440 I ThermalEngine: [VDD_RSTR_MONITOR-TSENS0]
01-20 18:27:50.166   440   440 I ThermalEngine: #algo_type monitor
01-20 18:27:50.166   440   440 I ThermalEngine: sampling 1000
01-20 18:27:50.166   440   440 I ThermalEngine: sensor tsens_tz_sensor0
01-20 18:27:50.166   440   440 I ThermalEngine: thresholds 5000
01-20 18:27:50.166   440   440 I ThermalEngine: thresholds_clr 10000
01-20 18:27:50.166   440   440 I ThermalEngine: actions vdd_restriction
01-20 18:27:50.166   440   440 I ThermalEngine: action_info 1
01-20 18:27:50.166   440   440 I ThermalEngine: descending
01-20 18:27:50.166   440   440 I ThermalEngine: [SS-POPMEM-JUNCTION]
01-20 18:27:50.166   440   440 I ThermalEngine: algo_type ss
01-20 18:27:50.167   440   440 I ThermalEngine: sampling 65
01-20 18:27:50.167   440   440 I ThermalEngine: sensor pop_mem
01-20 18:27:50.167   440   440 I ThermalEngine: device cluster1
01-20 18:27:50.167   440   440 I ThermalEngine: set_point 85000
01-20 18:27:50.167   440   440 I ThermalEngine: set_point_clr 55000
01-20 18:27:50.167   440   440 I ThermalEngine: time_constant 16
01-20 18:27:50.167   440   440 I ThermalEngine: [SS-SKIN-XO-THERM-POWER]
01-20 18:27:50.167   440   440 I ThermalEngine: algo_type ss
01-20 18:27:50.167   440   440 I ThermalEngine: sampling 1000
01-20 18:27:50.167   440   440 I ThermalEngine: sensor xo_therm_buf
01-20 18:27:50.167   440   440 I ThermalEngine: device cluster0
01-20 18:27:50.167   440   440 I ThermalEngine: set_point 48000
01-20 18:27:50.167   440   440 I ThermalEngine: set_point_clr 40000
01-20 18:27:50.167   440   440 I ThermalEngine: time_constant 0
01-20 18:27:50.167   440   440 I ThermalEngine: device_max_limit 600000
01-20 18:27:50.167   440   440 I ThermalEngine: [SS-SKIN-XO-THERM-PERF]
01-20 18:27:50.167   440   440 I ThermalEngine: algo_type ss
01-20 18:27:50.167   440   440 I ThermalEngine: sampling 250
01-20 18:27:50.167   440   440 I ThermalEngine: sensor xo_therm_buf
01-20 18:27:50.167   440   440 I ThermalEngine: device cluster1
01-20 18:27:50.167   440   440 I ThermalEngine: set_point 43000
01-20 18:27:50.167   440   440 I ThermalEngine: set_point_clr 37000
01-20 18:27:50.167   440   440 I ThermalEngine: time_constant 0
01-20 18:27:50.167   440   440 I ThermalEngine: device_max_limit 800000
01-20 18:27:50.167   440   440 I ThermalEngine: [SS-GPU]
01-20 18:27:50.167   440   440 I ThermalEngine: #algo_type ss
01-20 18:27:50.167   440   440 I ThermalEngine: sampling 250
01-20 18:27:50.167   440   440 I ThermalEngine: sensor gpu
01-20 18:27:50.167   440   440 I ThermalEngine: device gpu
01-20 18:27:50.167   440   440 I ThermalEngine: set_point 85000
01-20 18:27:50.167   440   440 I ThermalEngine: set_point_clr 55000
01-20 18:27:50.167   440   440 I ThermalEngine: time_constant 0
01-20 18:27:50.167   440   440 I ThermalEngine: [SS-POPMEM]
01-20 18:27:50.167   440   440 I ThermalEngine: #algo_type ss
01-20 18:27:50.167   440   440 I ThermalEngine: sampling 10
01-20 18:27:50.167   440   440 I ThermalEngine: sensor pop_mem
01-20 18:27:50.167   440   440 I ThermalEngine: device cluster1
01-20 18:27:50.167   440   440 I ThermalEngine: set_point 80000
01-20 18:27:50.167   440   440 I ThermalEngine: set_point_clr 55000
01-20 18:27:50.167   440   440 I ThermalEngine: time_constant 16
01-20 18:27:50.167   440   440 I ThermalEngine: [SS-CPU5]
01-20 18:27:50.167   440   440 I ThermalEngine: #algo_type ss
01-20 18:27:50.167   440   440 I ThermalEngine: sampling 30
01-20 18:27:50.167   440   440 I ThermalEngine: sensor cpu5
01-20 18:27:50.167   440   440 I ThermalEngine: device cluster1
01-20 18:27:50.168   440   440 I ThermalEngine: set_point 96000
01-20 18:27:50.168   440   440 I ThermalEngine: set_point_clr 55000
01-20 18:27:50.168   440   440 I ThermalEngine: time_constant 0
01-20 18:27:50.168   440   440 I ThermalEngine: [SS-CPU4]
01-20 18:27:50.168   440   440 I ThermalEngine: #algo_type ss
01-20 18:27:50.168   440   440 I ThermalEngine: sampling 30
01-20 18:27:50.168   440   440 I ThermalEngine: sensor cpu4
01-20 18:27:50.168   440   440 I ThermalEngine: device cluster1
01-20 18:27:50.168   440   440 I ThermalEngine: set_point 96000
01-20 18:27:50.168   440   440 I ThermalEngine: set_point_clr 55000
01-20 18:27:50.168   440   440 I ThermalEngine: time_constant 0
01-20 18:27:50.168   440   440 I ThermalEngine: [SS-CPU3]
01-20 18:27:50.168   440   440 I ThermalEngine: #algo_type ss
01-20 18:27:50.168   440   440 I ThermalEngine: sampling 65
01-20 18:27:50.168   440   440 I ThermalEngine: sensor cpu3
01-20 18:27:50.168   440   440 I ThermalEngine: device cluster0
01-20 18:27:50.168   440   440 I ThermalEngine: set_point 93000
01-20 18:27:50.168   440   440 I ThermalEngine: set_point_clr 55000
01-20 18:27:50.168   440   440 I ThermalEngine: time_constant 0
01-20 18:27:50.168   440   440 I ThermalEngine: [SS-CPU2]
01-20 18:27:50.168   440   440 I ThermalEngine: #algo_type ss
01-20 18:27:50.168   440   440 I ThermalEngine: sampling 65
01-20 18:27:50.168   440   440 I ThermalEngine: sensor cpu2
01-20 18:27:50.168   440   440 I ThermalEngine: device cluster0
01-20 18:27:50.168   440   440 I ThermalEngine: set_point 93000
01-20 18:27:50.168   440   440 I ThermalEngine: set_point_clr 55000
01-20 18:27:50.168   440   440 I ThermalEngine: time_constant 0
01-20 18:27:50.168   440   440 I ThermalEngine: [SS-CPU0]
01-20 18:27:50.168   440   440 I ThermalEngine: #algo_type ss
01-20 18:27:50.168   440   440 I ThermalEngine: sampling 65
01-20 18:27:50.168   440   440 I ThermalEngine: sensor cpu0-1
01-20 18:27:50.168   440   440 I ThermalEngine: device cluster0
01-20 18:27:50.168   440   440 I ThermalEngine: set_point 93000
01-20 18:27:50.168   440   440 I ThermalEngine: set_point_clr 55000
01-20 18:27:50.168   440   440 I ThermalEngine: time_constant 0
01-20 18:27:50.168   440   440 I ThermalEngine: [SPEAKER-CAL]
01-20 18:27:50.168   440   440 I ThermalEngine: sampling 30000 30000 10 1800000
01-20 18:27:50.168   440   440 I ThermalEngine: sensor pm8994_tz
01-20 18:27:50.168   440   440 I ThermalEngine: sensors tsens_tz_sensor1 tsens_tz_sensor2 tsens_tz_sensor3 tsens_tz_sensor4 tsens_tz_sensor5 tsens_tz_sensor11 tsens_tz_sensor12
01-20 18:27:50.168   440   440 I ThermalEngine: temp_range 6000 10000 2000
01-20 18:27:50.168   440   440 I ThermalEngine: max_temp 45000
01-20 18:27:50.168   440   440 I ThermalEngine: offset -4000
01-20 18:27:50.175   440   623 I ThermalEngine: handle_thresh_sig: TM Id CPU5_HOTPLUG_MONITOR Sensor xo_therm_buf Temp 47000
01-20 18:27:50.175   440   623 I ThermalEngine: TM Id 'CPU5_HOTPLUG_MONITOR' Sensor 'xo_therm_buf' - alarm raised 1 at 47.0 degC
01-20 18:27:50.175   440   623 I ThermalEngine: j=0 i=0 TM Id CPU5_HOTPLUG_MONITOR Sensor xo_therm_buf: Action hotplug_5 value 1
01-20 18:27:50.175   440   623 I ThermalEngine: hotplug_ktm_request: Defer call until KTM work loop is disabled.
01-20 18:27:50.175   440   623 I ThermalEngine: ACTION: Hotplugged OFF CPU[5]
01-20 18:27:50.177   440   623 I ThermalEngine: handle_thresh_sig: TM Id CPU4_HOTPLUG_MONITOR Sensor xo_therm_buf Temp 47000
01-20 18:27:50.177   440   623 I ThermalEngine: TM Id 'CPU4_HOTPLUG_MONITOR' Sensor 'xo_therm_buf' - alarm raised 1 at 47.0 degC
01-20 18:27:50.177   440   623 I ThermalEngine: j=0 i=0 TM Id CPU4_HOTPLUG_MONITOR Sensor xo_therm_buf: Action hotplug_4 value 1
01-20 18:27:50.177   440   623 I ThermalEngine: hotplug_ktm_request: Defer call until KTM work loop is disabled.
01-20 18:27:50.177   440   623 I ThermalEngine: ACTION: Hotplugged OFF CPU[4]
01-20 18:27:50.180   440   624 I ThermalEngine: handle_thresh_sig: SS Id SS-POPMEM-JUNCTION, Read pop_mem 59000mC
01-20 18:27:50.180   440   623 I ThermalEngine: handle_thresh_sig: TM Id MONITOR_QUIET_THERM_BATTERY Sensor xo_therm_buf Temp 47000
01-20 18:27:50.180   440   623 I ThermalEngine: TM Id 'MONITOR_QUIET_THERM_BATTERY' Sensor 'xo_therm_buf' - alarm raised 4 at 47.0 degC
01-20 18:27:50.180   440   623 I ThermalEngine: TM Id 'MONITOR_QUIET_THERM_BATTERY' Sensor 'xo_therm_buf' - alarm raised 3 at 47.0 degC
01-20 18:27:50.180   440   623 I ThermalEngine: TM Id 'MONITOR_QUIET_THERM_BATTERY' Sensor 'xo_therm_buf' - alarm raised 2 at 47.0 degC
01-20 18:27:50.180   440   623 I ThermalEngine: TM Id 'MONITOR_QUIET_THERM_BATTERY' Sensor 'xo_therm_buf' - alarm raised 1 at 47.0 degC
01-20 18:27:50.180   440   623 I ThermalEngine: j=0 i=3 TM Id MONITOR_QUIET_THERM_BATTERY Sensor xo_therm_buf: Action battery value 3
01-20 18:27:50.180   440   623 I ThermalEngine: ACTION: BATTERY - Setting battery charging mitigation to 3
01-20 18:27:50.180   440   623 I ThermalEngine: Mitigation:Battery:3
01-20 18:27:50.181   440   624 I ThermalEngine: handle_thresh_sig: SS Id SS-SKIN-XO-THERM-POWER, Read xo_therm_buf 47000mC
01-20 18:27:50.183   440   623 I ThermalEngine: handle_thresh_sig: TM Id GPU_management Sensor xo_therm_buf Temp 47000
01-20 18:27:50.183   440   623 I ThermalEngine: TM Id 'GPU_management' Sensor 'xo_therm_buf' - alarm raised 3 at 47.0 degC
01-20 18:27:50.183   440   623 I ThermalEngine: TM Id 'GPU_management' Sensor 'xo_therm_buf' - alarm raised 2 at 47.0 degC
01-20 18:27:50.183   440   623 I ThermalEngine: TM Id 'GPU_management' Sensor 'xo_therm_buf' - alarm raised 1 at 47.0 degC
01-20 18:27:50.183   440   623 I ThermalEngine: j=0 i=2 TM Id GPU_management Sensor xo_therm_buf: Action gpu value 367000000
01-20 18:27:50.183   440   623 I ThermalEngine: ACTION: GPU - Setting GPU[0] to 367000000
01-20 18:27:50.184   440   624 I ThermalEngine: handle_thresh_sig: SS Id SS-SKIN-XO-THERM-PERF, Read xo_therm_buf 47000mC
01-20 18:27:50.184   440   624 I ThermalEngine: handle_thresh_sig: SS Id SS-GPU, Read gpu 58000mC
01-20 18:27:51.362     0     0 I ueventd : firmware: loading 'cmnlib.mdt' for '/devices/virtual/qseecom/qseecom/cmnlib.mdt'
01-20 18:27:51.364     0     0 W _cpu_up : attempt to bring up CPU 4 failed
01-20 18:27:51.367     0     0 W _cpu_up : attempt to bring up CPU 4 failed
01-20 18:27:51.367     0     0 W _cpu_up : attempt to bring up CPU 5 failed
01-20 18:27:51.371     0     0 I msm_thermal: freq_mitigation_notify Removing frequency mitigation for CPU5
01-20 18:27:50.184   577   577 I start   : * **  *   *  **** *  * * ** *** * **  *  * ***
01-20 18:27:50.184   440   624 I ThermalEngine: handle_thresh_sig: SS Id SS-POPMEM, Read pop_mem 59000mC
01-20 18:27:50.185   440   624 I ThermalEngine: handle_thresh_sig: SS Id SS-CPU5, Read cpu5 83000mC
01-20 18:27:50.185   440   624 I ThermalEngine: handle_thresh_sig: SS Id SS-CPU4, Read cpu4 82000mC
01-20 18:27:50.185   440   624 I ThermalEngine: handle_thresh_sig: SS Id SS-CPU3, Read cpu3 82000mC
01-20 18:27:50.185   440   623 I ThermalEngine: handle_thresh_sig: TM Id PMIC-ALARM-MONITOR Sensor pm8994_tz Temp 54171
01-20 18:27:50.186   440   624 I ThermalEngine: handle_thresh_sig: SS Id SS-CPU2, Read cpu2 83000mC
01-20 18:27:50.187   440   623 I ThermalEngine: handle_thresh_sig: TM Id VDD_RSTR_MONITOR-TSENS14 Sensor tsens_tz_sensor14 Temp 83000
01-20 18:27:50.187   440   624 I ThermalEngine: handle_thresh_sig: SS Id SS-CPU0, Read cpu0-1 74000mC
01-20 18:27:50.187   440   623 I ThermalEngine: handle_thresh_sig: TM Id VDD_RSTR_MONITOR-TSENS13 Sensor tsens_tz_sensor13 Temp 82000
01-20 18:27:50.188   440   623 I ThermalEngine: handle_thresh_sig: TM Id VDD_RSTR_MONITOR-TSENS12 Sensor tsens_tz_sensor12 Temp 58000
01-20 18:27:50.188   440   623 I ThermalEngine: handle_thresh_sig: TM Id VDD_RSTR_MONITOR-TSENS11 Sensor tsens_tz_sensor11 Temp 61000
01-20 18:27:50.188   440   623 I ThermalEngine: handle_thresh_sig: TM Id VDD_RSTR_MONITOR-TSENS10 Sensor tsens_tz_sensor10 Temp 82000
01-20 18:27:50.189   440   623 I ThermalEngine: handle_thresh_sig: TM Id VDD_RSTR_MONITOR-TSENS9 Sensor tsens_tz_sensor9 Temp 83000
01-20 18:27:50.190   440   623 I ThermalEngine: handle_thresh_sig: TM Id VDD_RSTR_MONITOR-TSENS7 Sensor tsens_tz_sensor7 Temp 74000
01-20 18:27:50.190   440   623 I ThermalEngine: handle_thresh_sig: TM Id VDD_RSTR_MONITOR-TSENS5 Sensor tsens_tz_sensor5 Temp 65000
01-20 18:27:50.191   440   623 I ThermalEngine: handle_thresh_sig: TM Id VDD_RSTR_MONITOR-TSENS4 Sensor tsens_tz_sensor4 Temp 56000
01-20 18:27:50.191   440   623 I ThermalEngine: handle_thresh_sig: TM Id VDD_RSTR_MONITOR-TSENS3 Sensor tsens_tz_sensor3 Temp 60000
01-20 18:27:50.191   440   623 I ThermalEngine: handle_thresh_sig: TM Id VDD_RSTR_MONITOR-TSENS2 Sensor tsens_tz_sensor2 Temp 59000
01-20 18:27:50.192   440   623 I ThermalEngine: handle_thresh_sig: TM Id VDD_RSTR_MONITOR-TSENS1 Sensor tsens_tz_sensor1 Temp 68000
01-20 18:27:50.192   440   623 I ThermalEngine: handle_thresh_sig: TM Id VDD_RSTR_MONITOR-TSENS0 Sensor tsens_tz_sensor0 Temp 57000
01-20 18:27:50.193   440   623 I ThermalEngine: vdd_restrict_qmi_request: MODEM req level(0) is recorded and waiting for completing QMI registration
01-20 18:27:50.193   440   623 I ThermalEngine: vdd_restrict_qmi_request: ADSP req level(0) is recorded and waiting for completing QMI registration
01-20 18:27:50.193   440   623 I ThermalEngine: hotplug_ktm_disable_cb: write out 30
01-20 18:27:50.214   432   432 I libmdmdetect: ESOC framework not supported
01-20 18:27:50.214   432   432 I libmdmdetect: Found internal modem: modem
01-20 18:27:50.214   445   445 I audio_hw_extn: audio_extn_set_snd_card_split: snd_card_name(msm8994-tomtom-mtp-snd-card) device(msm8994) snd_card(tomtom) form_factor(mtp)
01-20 18:27:50.225   445   445 E msm8974_platform: find_index: Could not find index for name = SND_DEVICE_IN_CAMCORDER_STEREO_DMIC
01-20 18:27:50.225   445   445 E platform_info: process_acdb_id: Device SND_DEVICE_IN_CAMCORDER_STEREO_DMIC in audio_platform_info.xml not found, no ACDB ID set!
01-20 18:27:50.225   445   445 E platform_info: device tag only supported for acdb/backend names
01-20 18:27:50.225   445   445 I msm8974_platform: platform_init: found sound card msm8994-tomtom-mtp-snd-card, primary sound card expeted is (null)
01-20 18:27:50.225   445   445 D msm8974_platform: platform_init: Loading mixer file: /system/etc/mixer_paths.xml
01-20 18:27:50.235   418   418 I qdutils : PartialUpdate status: Disabled
01-20 18:27:50.235   418   418 I qdutils : Left Align: 0
01-20 18:27:50.235   418   418 I qdutils : Width Align: 0
01-20 18:27:50.235   418   418 I qdutils : Top Align: 0
01-20 18:27:50.235   418   418 I qdutils : Height Align: 0
01-20 18:27:50.235   418   418 I qdutils : Min ROI Width: 0
01-20 18:27:50.235   418   418 I qdutils : Min ROI Height: 0
01-20 18:27:50.235   418   418 I qdutils : Needs ROI Merge: 0
01-20 18:27:50.235   418   418 I qdutils : Dynamic Fps: Enabled
01-20 18:27:50.235   418   418 I qdutils : Min Panel fps: 55
01-20 18:27:50.235   418   418 I qdutils : Max Panel fps: 60
01-20 18:27:50.236   418   418 D qdutils : getHDMINode: fb node 2 not present
01-20 18:27:50.236   418   418 I qdutils : getHDMINode: No HDMI node on this device
01-20 18:27:50.247   418   418 E qdutils : setIdleTimeout:Unable to open /sys/devices/virtual/graphics/fb0/idle_time node Permission denied
01-20 18:27:50.247   418   418 E qdhwcomposer: FATAL ERROR: copybit hw module not found
01-20 18:27:50.248   418   418 I qdhwcomposer: Successfully Loaded perf hint API's
01-20 18:27:50.248   418   418 I qdhwcomposer: PerfHintWindow = 50
01-20 18:27:51.401     0     0 I ueventd : loading /devices/soc.0/fe12f000.slim/tomtom-slim-pgd/tomtom_codec/firmware/cpe.b06 took 0.107887 seconds
01-20 18:27:51.401     0     0 I ueventd : loading /devices/virtual/qseecom/qseecom/cmnlib.mdt took 0.0384322 seconds
01-20 18:27:50.253   630   630 I start   : *  *  *   *  * *  *  * *  * *   *  *  *  *   *
01-20 18:27:51.408     0     0 I ueventd : firmware: loading 'cpe.b08' for '/devices/soc.0/fe12f000.slim/tomtom-slim-pgd/tomtom_codec/firmware/cpe.b08'
01-20 18:27:51.417     0     0 I ueventd : firmware: loading 'cmnlib.b00' for '/devices/virtual/qseecom/qseecom/cmnlib.b00'
01-20 18:27:50.277   333   333 W /system/bin/hwservicemanager: getTransportFromManifest: Cannot find entry android.hardware.keymaster@3.0::IKeymasterDevice in either framework or device manifest, using default transport.
01-20 18:27:50.283   636   636 I start   : *  * ***  *  * *  **** **** *** *  *  **** ***
01-20 18:27:50.310   418   418 I qdhwcomposer: Initializing Qualcomm Hardware Composer
01-20 18:27:50.310   418   418 I qdhwcomposer: MDP version: 500
01-20 18:27:50.310   418   418 I HwcPassthrough: Found HWC implementation v1.5
01-20 18:27:50.310   418   418 I HWC2On1Adapter: Found support for HWC virtual displays
01-20 18:27:50.311   418   418 D qdhwcomposer: hwc_getDisplayAttributes disp = 0, width = 1080
01-20 18:27:50.311   418   418 D qdhwcomposer: hwc_getDisplayAttributes disp = 0, height = 1920
01-20 18:27:50.311   418   418 E HWC2On1Adapter: Setting active config to 0 for HWC1 config 0
01-20 18:27:50.311   418   418 I qdhwcomposer: hwc_registerProcs
01-20 18:27:50.311   418   418 I qdhwcomposer: Initializing UEVENT Thread
01-20 18:27:50.311   418   418 I qdhwcomposer: Initializing VSYNC Thread
01-20 18:27:50.312   418   639 I qdhwcomposer: vsync_loop: Reading event 0 for dpy 0 from /sys/class/graphics/fb0/vsync_event
01-20 18:27:50.312   418   639 I qdhwcomposer: vsync_loop: Reading event 1 for dpy 0 from /sys/class/graphics/fb0/show_blank_event
01-20 18:27:50.312   418   639 I qdhwcomposer: vsync_loop: Reading event 2 for dpy 0 from /sys/class/graphics/fb0/msm_fb_thermal_level
01-20 18:27:50.312   418   639 I qdhwcomposer: vsync_loop: Reading event 0 for dpy 1 from /sys/class/graphics/fb-1/vsync_event
01-20 18:27:50.312   418   639 I qdhwcomposer: vsync_loop: Reading event 1 for dpy 1 from /sys/class/graphics/fb-1/show_blank_event
01-20 18:27:50.312   418   639 I qdhwcomposer: vsync_loop: Reading event 2 for dpy 1 from /sys/class/graphics/fb-1/msm_fb_thermal_level
01-20 18:27:50.313   637   637 I start   : * By xyyx ******************** Android 8.0.0 *
01-20 18:27:50.313   333   333 W /system/bin/hwservicemanager: getTransportFromManifest: Cannot find entry android.hardware.graphics.mapper@2.0::IMapper in either framework or device manifest, using default transport.
01-20 18:27:51.470     0     0 I init    : Service 'sysinit' (pid 424) exited with status 0
01-20 18:27:51.477     0     0 E         : msm_qti_pp_get_rms_value_control, back not active to query rms be_idx:3
01-20 18:27:51.479     0     0 E         : msm_pcm_volume_ctl_get substream runtime not found
01-20 18:27:51.479     0     0 I chatty  : uid=0(root) logd identical 1 line
01-20 18:27:51.480     0     0 E         : msm_pcm_volume_ctl_get substream runtime not found
01-20 18:27:51.480     0     0 E msm_compr_audio_effects_config_get: stream or effects inactive
01-20 18:27:51.480     0     0 E         : msm_pcm_volume_ctl_get substream runtime not found
01-20 18:27:51.480     0     0 E msm_compr_audio_effects_config_get: stream or effects inactive
01-20 18:27:50.329   418   418 I vndksupport: sphal namespace is not configured for this process. Loading /vendor/lib64/hw/gralloc.msm8992.so from the current namespace instead.
01-20 18:27:50.331   450   450 I android.hardware.keymaster@3.0-impl: Fetching keymaster device name default
01-20 18:27:50.331   450   450 I vndksupport: sphal namespace is not configured for this process. Loading /vendor/lib64/hw/keystore.msm8992.so from the current namespace instead.
01-20 18:27:51.481     0     0 I chatty  : uid=0(root) logd identical 1 line
01-20 18:27:51.481     0     0 E msm_compr_audio_effects_config_get: stream or effects inactive
01-20 18:27:51.482     0     0 E         : msm_pcm_volume_ctl_get substream or runtime not found
01-20 18:27:51.482     0     0 E         : msm_pcm_volume_ctl_get substream runtime not found
01-20 18:27:51.482     0     0 E msm_compr_audio_effects_config_get: stream or effects inactive
01-20 18:27:51.483     0     0 I chatty  : uid=0(root) logd identical 4 lines
01-20 18:27:51.484     0     0 E msm_compr_audio_effects_config_get: stream or effects inactive
01-20 18:27:51.484     0     0 E         : msm_pcm_volume_ctl_get substream runtime not found
01-20 18:27:50.332   333   333 W /system/bin/hwservicemanager: getTransportFromManifest: Cannot find entry android.hardware.graphics.mapper@2.0::IMapper in either framework or device manifest, using default transport.
01-20 18:27:51.335     0     0 E qpnp-smbcharger-23: Cannot find 0ma current_table
01-20 18:27:51.348     0     0 I msm_thermal: set_enabled enabled = 0
01-20 18:27:51.362     0     0 I ueventd : firmware: loading 'cmnlib.mdt' for '/devices/virtual/qseecom/qseecom/cmnlib.mdt'
01-20 18:27:51.364     0     0 W _cpu_up : attempt to bring up CPU 4 failed
01-20 18:27:51.367     0     0 W _cpu_up : attempt to bring up CPU 4 failed
01-20 18:27:51.367     0     0 W _cpu_up : attempt to bring up CPU 5 failed
01-20 18:27:51.371     0     0 I msm_thermal: freq_mitigation_notify Removing frequency mitigation for CPU5
01-20 18:27:51.401     0     0 I ueventd : loading /devices/soc.0/fe12f000.slim/tomtom-slim-pgd/tomtom_codec/firmware/cpe.b06 took 0.107887 seconds
01-20 18:27:51.401     0     0 I ueventd : loading /devices/virtual/qseecom/qseecom/cmnlib.mdt took 0.0384322 seconds
01-20 18:27:51.408     0     0 I ueventd : firmware: loading 'cpe.b08' for '/devices/soc.0/fe12f000.slim/tomtom-slim-pgd/tomtom_codec/firmware/cpe.b08'
01-20 18:27:51.417     0     0 I ueventd : firmware: loading 'cmnlib.b00' for '/devices/virtual/qseecom/qseecom/cmnlib.b00'
01-20 18:27:51.470     0     0 I init    : Service 'sysinit' (pid 424) exited with status 0
01-20 18:27:51.477     0     0 E         : msm_qti_pp_get_rms_value_control, back not active to query rms be_idx:3
01-20 18:27:51.479     0     0 E         : msm_pcm_volume_ctl_get substream runtime not found
01-20 18:27:51.479     0     0 I chatty  : uid=0(root) logd identical 1 line
01-20 18:27:51.480     0     0 E         : msm_pcm_volume_ctl_get substream runtime not found
01-20 18:27:51.480     0     0 E msm_compr_audio_effects_config_get: stream or effects inactive
01-20 18:27:51.480     0     0 E         : msm_pcm_volume_ctl_get substream runtime not found
01-20 18:27:51.480     0     0 E msm_compr_audio_effects_config_get: stream or effects inactive
01-20 18:27:51.481     0     0 I chatty  : uid=0(root) logd identical 1 line
01-20 18:27:51.481     0     0 E msm_compr_audio_effects_config_get: stream or effects inactive
01-20 18:27:51.482     0     0 E         : msm_pcm_volume_ctl_get substream or runtime not found
01-20 18:27:51.482     0     0 E         : msm_pcm_volume_ctl_get substream runtime not found
01-20 18:27:51.482     0     0 E msm_compr_audio_effects_config_get: stream or effects inactive
01-20 18:27:51.483     0     0 I chatty  : uid=0(root) logd identical 4 lines
01-20 18:27:51.484     0     0 E msm_compr_audio_effects_config_get: stream or effects inactive
01-20 18:27:51.484     0     0 E         : msm_pcm_volume_ctl_get substream runtime not found
01-20 18:27:50.334   418   418 I vndksupport: sphal namespace is not configured for this process. Loading /vendor/lib64/hw/gralloc.msm8992.so from the current namespace instead.
01-20 18:27:50.340   403   403 I qdutils : PartialUpdate status: Disabled
01-20 18:27:50.340   403   403 I qdutils : Left Align: 0
01-20 18:27:50.340   403   403 I qdutils : Width Align: 0
01-20 18:27:50.340   403   403 I qdutils : Top Align: 0
01-20 18:27:50.340   403   403 I qdutils : Height Align: 0
01-20 18:27:50.340   403   403 I qdutils : Min ROI Width: 0
01-20 18:27:50.340   403   403 I qdutils : Min ROI Height: 0
01-20 18:27:50.340   403   403 I qdutils : Needs ROI Merge: 0
01-20 18:27:50.340   403   403 I qdutils : Dynamic Fps: Enabled
01-20 18:27:50.340   403   403 I qdutils : Min Panel fps: 55
01-20 18:27:50.340   403   403 I qdutils : Max Panel fps: 60
01-20 18:27:50.341   445   445 E audio_route: Control 'MultiMedia4 Mixer MI2S_TX' doesn't exist - skipping
01-20 18:27:50.341   445   445 E audio_route: Control 'MultiMedia7 Mixer MI2S_TX' doesn't exist - skipping
01-20 18:27:50.341   445   445 E audio_route: Control 'MultiMedia10 Mixer MI2S_TX' doesn't exist - skipping
01-20 18:27:50.341   445   445 E audio_route: Control 'MultiMedia11 Mixer MI2S_TX' doesn't exist - skipping
01-20 18:27:50.341   445   445 E audio_route: Control 'MultiMedia12 Mixer MI2S_TX' doesn't exist - skipping
01-20 18:27:50.342   445   445 E audio_route: Control 'MultiMedia13 Mixer MI2S_TX' doesn't exist - skipping
01-20 18:27:50.342   445   445 E audio_route: Control 'MultiMedia14 Mixer MI2S_TX' doesn't exist - skipping
01-20 18:27:50.342   445   445 E audio_route: Control 'MultiMedia15 Mixer MI2S_TX' doesn't exist - skipping
01-20 18:27:50.342   445   445 E audio_route: Control 'MultiMedia16 Mixer MI2S_TX' doesn't exist - skipping
01-20 18:27:50.347   445   445 E audio_route: Control 'RX4 DSM MUX' doesn't exist - skipping
01-20 18:27:50.347   445   445 E audio_route: Control 'RX6 DSM MUX' doesn't exist - skipping
01-20 18:27:51.348     0     0 I msm_thermal: set_enabled enabled = 0
01-20 18:27:51.362     0     0 I ueventd : firmware: loading 'cmnlib.mdt' for '/devices/virtual/qseecom/qseecom/cmnlib.mdt'
01-20 18:27:51.364     0     0 W _cpu_up : attempt to bring up CPU 4 failed
01-20 18:27:51.367     0     0 W _cpu_up : attempt to bring up CPU 4 failed
01-20 18:27:51.367     0     0 W _cpu_up : attempt to bring up CPU 5 failed
01-20 18:27:51.371     0     0 I msm_thermal: freq_mitigation_notify Removing frequency mitigation for CPU5
01-20 18:27:51.401     0     0 I ueventd : loading /devices/soc.0/fe12f000.slim/tomtom-slim-pgd/tomtom_codec/firmware/cpe.b06 took 0.107887 seconds
01-20 18:27:51.401     0     0 I ueventd : loading /devices/virtual/qseecom/qseecom/cmnlib.mdt took 0.0384322 seconds
01-20 18:27:51.408     0     0 I ueventd : firmware: loading 'cpe.b08' for '/devices/soc.0/fe12f000.slim/tomtom-slim-pgd/tomtom_codec/firmware/cpe.b08'
01-20 18:27:51.417     0     0 I ueventd : firmware: loading 'cmnlib.b00' for '/devices/virtual/qseecom/qseecom/cmnlib.b00'
01-20 18:27:51.470     0     0 I init    : Service 'sysinit' (pid 424) exited with status 0
01-20 18:27:51.477     0     0 E         : msm_qti_pp_get_rms_value_control, back not active to query rms be_idx:3
01-20 18:27:51.479     0     0 E         : msm_pcm_volume_ctl_get substream runtime not found
01-20 18:27:51.479     0     0 I chatty  : uid=0(root) logd identical 1 line
01-20 18:27:51.480     0     0 E         : msm_pcm_volume_ctl_get substream runtime not found
01-20 18:27:51.480     0     0 E msm_compr_audio_effects_config_get: stream or effects inactive
01-20 18:27:51.480     0     0 E         : msm_pcm_volume_ctl_get substream runtime not found
01-20 18:27:51.480     0     0 E msm_compr_audio_effects_config_get: stream or effects inactive
01-20 18:27:51.481     0     0 I chatty  : uid=0(root) logd identical 1 line
01-20 18:27:51.481     0     0 E msm_compr_audio_effects_config_get: stream or effects inactive
01-20 18:27:51.482     0     0 E         : msm_pcm_volume_ctl_get substream or runtime not found
01-20 18:27:51.482     0     0 E         : msm_pcm_volume_ctl_get substream runtime not found
01-20 18:27:51.482     0     0 E msm_compr_audio_effects_config_get: stream or effects inactive
01-20 18:27:51.483     0     0 I chatty  : uid=0(root) logd identical 4 lines
01-20 18:27:51.484     0     0 E msm_compr_audio_effects_config_get: stream or effects inactive
01-20 18:27:51.484     0     0 E         : msm_pcm_volume_ctl_get substream runtime not found
01-20 18:27:50.349   445   445 E audio_route: Control 'AFE_PCM_RX Port Mixer PRI_MI2S_TX' doesn't exist - skipping
01-20 18:27:50.351   445   445 E audio_route: Control 'SLIMBUS_0_RX Audio Mixer MultiMedia3' already exists in path 'audio-ull-playback speaker-and-headphones'
01-20 18:27:51.348     0     0 I msm_thermal: set_enabled enabled = 0
01-20 18:27:51.362     0     0 I ueventd : firmware: loading 'cmnlib.mdt' for '/devices/virtual/qseecom/qseecom/cmnlib.mdt'
01-20 18:27:51.364     0     0 W _cpu_up : attempt to bring up CPU 4 failed
01-20 18:27:51.367     0     0 W _cpu_up : attempt to bring up CPU 4 failed
01-20 18:27:51.367     0     0 W _cpu_up : attempt to bring up CPU 5 failed
01-20 18:27:51.371     0     0 I msm_thermal: freq_mitigation_notify Removing frequency mitigation for CPU5
01-20 18:27:51.401     0     0 I ueventd : loading /devices/soc.0/fe12f000.slim/tomtom-slim-pgd/tomtom_codec/firmware/cpe.b06 took 0.107887 seconds
01-20 18:27:51.401     0     0 I ueventd : loading /devices/virtual/qseecom/qseecom/cmnlib.mdt took 0.0384322 seconds
01-20 18:27:51.408     0     0 I ueventd : firmware: loading 'cpe.b08' for '/devices/soc.0/fe12f000.slim/tomtom-slim-pgd/tomtom_codec/firmware/cpe.b08'
01-20 18:27:51.417     0     0 I ueventd : firmware: loading 'cmnlib.b00' for '/devices/virtual/qseecom/qseecom/cmnlib.b00'
01-20 18:27:51.470     0     0 I init    : Service 'sysinit' (pid 424) exited with status 0
01-20 18:27:51.477     0     0 E         : msm_qti_pp_get_rms_value_control, back not active to query rms be_idx:3
01-20 18:27:51.479     0     0 E         : msm_pcm_volume_ctl_get substream runtime not found
01-20 18:27:51.479     0     0 I chatty  : uid=0(root) logd identical 1 line
01-20 18:27:51.480     0     0 E         : msm_pcm_volume_ctl_get substream runtime not found
01-20 18:27:51.480     0     0 E msm_compr_audio_effects_config_get: stream or effects inactive
01-20 18:27:51.480     0     0 E         : msm_pcm_volume_ctl_get substream runtime not found
01-20 18:27:51.480     0     0 E msm_compr_audio_effects_config_get: stream or effects inactive
01-20 18:27:51.481     0     0 I chatty  : uid=0(root) logd identical 1 line
01-20 18:27:51.481     0     0 E msm_compr_audio_effects_config_get: stream or effects inactive
01-20 18:27:51.482     0     0 E         : msm_pcm_volume_ctl_get substream or runtime not found
01-20 18:27:51.482     0     0 E         : msm_pcm_volume_ctl_get substream runtime not found
01-20 18:27:51.482     0     0 E msm_compr_audio_effects_config_get: stream or effects inactive
01-20 18:27:51.483     0     0 I chatty  : uid=0(root) logd identical 4 lines
01-20 18:27:51.484     0     0 E msm_compr_audio_effects_config_get: stream or effects inactive
01-20 18:27:51.484     0     0 E         : msm_pcm_volume_ctl_get substream runtime not found
01-20 18:27:50.355   450   450 E HAL     : load: module=/vendor/lib64/hw/keystore.msm8992.so
01-20 18:27:50.355   450   450 E HAL     : dlopen failed: library "libkmcrypto.so" not found
01-20 18:27:51.348     0     0 I msm_thermal: set_enabled enabled = 0
01-20 18:27:51.362     0     0 I ueventd : firmware: loading 'cmnlib.mdt' for '/devices/virtual/qseecom/qseecom/cmnlib.mdt'
01-20 18:27:51.364     0     0 W _cpu_up : attempt to bring up CPU 4 failed
01-20 18:27:51.367     0     0 W _cpu_up : attempt to bring up CPU 4 failed
01-20 18:27:51.367     0     0 W _cpu_up : attempt to bring up CPU 5 failed
01-20 18:27:51.371     0     0 I msm_thermal: freq_mitigation_notify Removing frequency mitigation for CPU5
01-20 18:27:51.401     0     0 I ueventd : loading /devices/soc.0/fe12f000.slim/tomtom-slim-pgd/tomtom_codec/firmware/cpe.b06 took 0.107887 seconds
01-20 18:27:51.401     0     0 I ueventd : loading /devices/virtual/qseecom/qseecom/cmnlib.mdt took 0.0384322 seconds
01-20 18:27:51.408     0     0 I ueventd : firmware: loading 'cpe.b08' for '/devices/soc.0/fe12f000.slim/tomtom-slim-pgd/tomtom_codec/firmware/cpe.b08'
01-20 18:27:51.417     0     0 I ueventd : firmware: loading 'cmnlib.b00' for '/devices/virtual/qseecom/qseecom/cmnlib.b00'
01-20 18:27:51.470     0     0 I init    : Service 'sysinit' (pid 424) exited with status 0
01-20 18:27:51.477     0     0 E         : msm_qti_pp_get_rms_value_control, back not active to query rms be_idx:3
01-20 18:27:51.479     0     0 E         : msm_pcm_volume_ctl_get substream runtime not found
01-20 18:27:51.479     0     0 I chatty  : uid=0(root) logd identical 1 line
01-20 18:27:51.480     0     0 E         : msm_pcm_volume_ctl_get substream runtime not found
