01-20 17:32:52.815     0     0 I msm8994-asoc-snd fe034000.sound: msm8994_asoc_machine_probe: No hdmi audio support
01-20 17:32:52.815     0     0 E msm8994-asoc-snd fe034000.sound: ASoC: CODEC tomtom_codec not registered
01-20 17:32:52.815     0     0 I platform fe034000.sound: Driver msm8994-asoc-snd requests probe deferral
01-20 17:32:52.817     0     0 I ueventd : fixup /sys/devices/soc.0/f9927000.i2c/i2c-13/13-0008/lsm6db0_gyro_u_wk.0/iio:device28/buffer/enable 1000 1000 660
01-20 17:32:52.817     0     0 I ueventd : fixup /sys/devices/soc.0/f9927000.i2c/i2c-13/13-0008/lsm6db0_gyro_u_wk.0/iio:device28/buffer/length 1000 1000 660
01-20 17:32:52.817     0     0 I ueventd : fixup /sys/devices/soc.0/f9927000.i2c/i2c-13/13-0008/lsm6db0_gyro_u_wk.0/iio:device28/sampling_frequency 1000 1000 660
01-20 17:32:52.817     0     0 I ueventd : fixup /sys/devices/soc.0/f9927000.i2c/i2c-13/13-0008/lsm6db0_gyro_u_wk.0/iio:device28/batch_mode 1000 1000 660
01-20 17:32:52.817     0     0 I ueventd : fixup /sys/devices/soc.0/f9927000.i2c/i2c-13/13-0008/lsm6db0_gyro_u_wk.0/iio:device28/batch_mode_timeout 1000 1000 660
01-20 17:32:52.817     0     0 I ueventd : fixup /sys/devices/soc.0/f9927000.i2c/i2c-13/13-0008/lsm6db0_gyro_u_wk.0/iio:device28/scan_elements/in_anglvel_x_en 1000 1000 660
01-20 17:32:52.818     0     0 I ueventd : fixup /sys/devices/soc.0/f9927000.i2c/i2c-13/13-0008/lsm6db0_gyro_u_wk.0/iio:device28/scan_elements/in_anglvel_y_en 1000 1000 660
01-20 17:32:52.818     0     0 I ueventd : fixup /sys/devices/soc.0/f9927000.i2c/i2c-13/13-0008/lsm6db0_gyro_u_wk.0/iio:device28/scan_elements/in_anglvel_z_en 1000 1000 660
01-20 17:32:52.818     0     0 I ueventd : fixup /sys/devices/soc.0/f9927000.i2c/i2c-13/13-0008/lsm6db0_gyro_u_wk.0/iio:device28/scan_elements/in_timestamp_en 1000 1000 660
01-20 17:32:52.818     0     0 I ueventd : fixup /sys/devices/soc.0/f9927000.i2c/i2c-13/13-0008/lsm6db0_gyro_u_wk.0/iio:device28/in_anglvel_x_scale 1000 1000 660
01-20 17:32:52.818     0     0 I ueventd : fixup /sys/devices/soc.0/f9927000.i2c/i2c-13/13-0008/lsm6db0_gyro_u_wk.0/iio:device28/in_anglvel_y_scale 1000 1000 660
01-20 17:32:52.818     0     0 I ueventd : fixup /sys/devices/soc.0/f9927000.i2c/i2c-13/13-0008/lsm6db0_gyro_u_wk.0/iio:device28/in_anglvel_z_scale 1000 1000 660
01-20 17:32:52.855     0     0 I msm8994-asoc-snd fe034000.sound: msm8994_asoc_machine_probe: No hdmi audio support
01-20 17:32:52.855     0     0 E msm8994-asoc-snd fe034000.sound: ASoC: CODEC tomtom_codec not registered
01-20 17:32:52.855     0     0 I platform fe034000.sound: Driver msm8994-asoc-snd requests probe deferral
01-20 17:32:52.858     0     0 I ueventd : fixup /sys/devices/soc.0/f9927000.i2c/i2c-13/13-0008/lsm6db0_linear_wk.0/iio:device29/buffer/enable 1000 1000 660
01-20 17:32:52.858     0     0 I ueventd : fixup /sys/devices/soc.0/f9927000.i2c/i2c-13/13-0008/lsm6db0_linear_wk.0/iio:device29/buffer/length 1000 1000 660
01-20 17:32:52.858     0     0 I ueventd : fixup /sys/devices/soc.0/f9927000.i2c/i2c-13/13-0008/lsm6db0_linear_wk.0/iio:device29/sampling_frequency 1000 1000 660
01-20 17:32:52.858     0     0 I ueventd : fixup /sys/devices/soc.0/f9927000.i2c/i2c-13/13-0008/lsm6db0_linear_wk.0/iio:device29/batch_mode 1000 1000 660
01-20 17:32:52.858     0     0 I ueventd : fixup /sys/devices/soc.0/f9927000.i2c/i2c-13/13-0008/lsm6db0_linear_wk.0/iio:device29/batch_mode_timeout 1000 1000 660
01-20 17:32:52.858     0     0 I ueventd : fixup /sys/devices/soc.0/f9927000.i2c/i2c-13/13-0008/lsm6db0_linear_wk.0/iio:device29/scan_elements/in_linear_accel_x_en 1000 1000 660
01-20 17:32:52.859     0     0 I ueventd : fixup /sys/devices/soc.0/f9927000.i2c/i2c-13/13-0008/lsm6db0_linear_wk.0/iio:device29/scan_elements/in_linear_accel_y_en 1000 1000 660
01-20 17:32:52.859     0     0 I ueventd : fixup /sys/devices/soc.0/f9927000.i2c/i2c-13/13-0008/lsm6db0_linear_wk.0/iio:device29/scan_elements/in_linear_accel_z_en 1000 1000 660
01-20 17:32:52.859     0     0 I ueventd : fixup /sys/devices/soc.0/f9927000.i2c/i2c-13/13-0008/lsm6db0_linear_wk.0/iio:device29/scan_elements/in_timestamp_en 1000 1000 660
01-20 17:32:52.859     0     0 I ueventd : fixup /sys/devices/soc.0/f9927000.i2c/i2c-13/13-0008/lsm6db0_linear_wk.0/iio:device29/in_linear_accel_x_scale 1000 1000 660
01-20 17:32:52.859     0     0 I ueventd : fixup /sys/devices/soc.0/f9927000.i2c/i2c-13/13-0008/lsm6db0_linear_wk.0/iio:device29/in_linear_accel_y_scale 1000 1000 660
01-20 17:32:52.859     0     0 I ueventd : fixup /sys/devices/soc.0/f9927000.i2c/i2c-13/13-0008/lsm6db0_linear_wk.0/iio:device29/in_linear_accel_z_scale 1000 1000 660
01-20 17:32:52.895     0     0 I msm8994-asoc-snd fe034000.sound: msm8994_asoc_machine_probe: No hdmi audio support
01-20 17:32:52.895     0     0 E msm8994-asoc-snd fe034000.sound: ASoC: CODEC tomtom_codec not registered
01-20 17:32:52.895     0     0 I platform fe034000.sound: Driver msm8994-asoc-snd requests probe deferral
01-20 17:32:52.898     0     0 I ueventd : fixup /sys/devices/soc.0/f9927000.i2c/i2c-13/13-0008/lsm6db0_gravity_wk.0/iio:device30/buffer/enable 1000 1000 660
01-20 17:32:52.898     0     0 I ueventd : fixup /sys/devices/soc.0/f9927000.i2c/i2c-13/13-0008/lsm6db0_gravity_wk.0/iio:device30/buffer/length 1000 1000 660
01-20 17:32:52.898     0     0 I ueventd : fixup /sys/devices/soc.0/f9927000.i2c/i2c-13/13-0008/lsm6db0_gravity_wk.0/iio:device30/sampling_frequency 1000 1000 660
01-20 17:32:52.898     0     0 I ueventd : fixup /sys/devices/soc.0/f9927000.i2c/i2c-13/13-0008/lsm6db0_gravity_wk.0/iio:device30/batch_mode 1000 1000 660
01-20 17:32:52.898     0     0 I ueventd : fixup /sys/devices/soc.0/f9927000.i2c/i2c-13/13-0008/lsm6db0_gravity_wk.0/iio:device30/batch_mode_timeout 1000 1000 660
01-20 17:32:52.898     0     0 I ueventd : fixup /sys/devices/soc.0/f9927000.i2c/i2c-13/13-0008/lsm6db0_gravity_wk.0/iio:device30/scan_elements/in_gravity_x_en 1000 1000 660
01-20 17:32:52.898     0     0 I ueventd : fixup /sys/devices/soc.0/f9927000.i2c/i2c-13/13-0008/lsm6db0_gravity_wk.0/iio:device30/scan_elements/in_gravity_y_en 1000 1000 660
01-20 17:32:52.898     0     0 I ueventd : fixup /sys/devices/soc.0/f9927000.i2c/i2c-13/13-0008/lsm6db0_gravity_wk.0/iio:device30/scan_elements/in_gravity_z_en 1000 1000 660
01-20 17:32:52.898     0     0 I ueventd : fixup /sys/devices/soc.0/f9927000.i2c/i2c-13/13-0008/lsm6db0_gravity_wk.0/iio:device30/scan_elements/in_timestamp_en 1000 1000 660
01-20 17:32:52.898     0     0 I ueventd : fixup /sys/devices/soc.0/f9927000.i2c/i2c-13/13-0008/lsm6db0_gravity_wk.0/iio:device30/in_gravity_x_scale 1000 1000 660
01-20 17:32:52.898     0     0 I ueventd : fixup /sys/devices/soc.0/f9927000.i2c/i2c-13/13-0008/lsm6db0_gravity_wk.0/iio:device30/in_gravity_y_scale 1000 1000 660
01-20 17:32:52.898     0     0 I ueventd : fixup /sys/devices/soc.0/f9927000.i2c/i2c-13/13-0008/lsm6db0_gravity_wk.0/iio:device30/in_gravity_z_scale 1000 1000 660
01-20 17:32:52.935     0     0 I msm8994-asoc-snd fe034000.sound: msm8994_asoc_machine_probe: No hdmi audio support
01-20 17:32:52.935     0     0 E msm8994-asoc-snd fe034000.sound: ASoC: CODEC tomtom_codec not registered
01-20 17:32:52.935     0     0 I platform fe034000.sound: Driver msm8994-asoc-snd requests probe deferral
01-20 17:32:52.938     0     0 I ueventd : fixup /sys/devices/soc.0/f9927000.i2c/i2c-13/13-0008/lsm6db0_geo_quat_wk.0/iio:device31/buffer/enable 1000 1000 660
01-20 17:32:52.939     0     0 I ueventd : fixup /sys/devices/soc.0/f9927000.i2c/i2c-13/13-0008/lsm6db0_geo_quat_wk.0/iio:device31/buffer/length 1000 1000 660
01-20 17:32:52.939     0     0 I ueventd : fixup /sys/devices/soc.0/f9927000.i2c/i2c-13/13-0008/lsm6db0_geo_quat_wk.0/iio:device31/sampling_frequency 1000 1000 660
01-20 17:32:52.939     0     0 I ueventd : fixup /sys/devices/soc.0/f9927000.i2c/i2c-13/13-0008/lsm6db0_geo_quat_wk.0/iio:device31/batch_mode 1000 1000 660
01-20 17:32:52.939     0     0 I ueventd : fixup /sys/devices/soc.0/f9927000.i2c/i2c-13/13-0008/lsm6db0_geo_quat_wk.0/iio:device31/batch_mode_timeout 1000 1000 660
01-20 17:32:52.939     0     0 I ueventd : fixup /sys/devices/soc.0/f9927000.i2c/i2c-13/13-0008/lsm6db0_geo_quat_wk.0/iio:device31/scan_elements/in_quaternion_x_en 1000 1000 660
01-20 17:32:52.939     0     0 I ueventd : fixup /sys/devices/soc.0/f9927000.i2c/i2c-13/13-0008/lsm6db0_geo_quat_wk.0/iio:device31/scan_elements/in_quaternion_y_en 1000 1000 660
01-20 17:32:52.939     0     0 I ueventd : fixup /sys/devices/soc.0/f9927000.i2c/i2c-13/13-0008/lsm6db0_geo_quat_wk.0/iio:device31/scan_elements/in_quaternion_z_en 1000 1000 660
01-20 17:32:52.939     0     0 I ueventd : fixup /sys/devices/soc.0/f9927000.i2c/i2c-13/13-0008/lsm6db0_geo_quat_wk.0/iio:device31/scan_elements/in_quaternion_module_en 1000 1000 660
01-20 17:32:52.939     0     0 I ueventd : fixup /sys/devices/soc.0/f9927000.i2c/i2c-13/13-0008/lsm6db0_geo_quat_wk.0/iio:device31/scan_elements/in_quaternion_accuracy_en 1000 1000 660
01-20 17:32:52.939     0     0 I ueventd : fixup /sys/devices/soc.0/f9927000.i2c/i2c-13/13-0008/lsm6db0_geo_quat_wk.0/iio:device31/scan_elements/in_timestamp_en 1000 1000 660
01-20 17:32:52.939     0     0 I ueventd : fixup /sys/devices/soc.0/f9927000.i2c/i2c-13/13-0008/lsm6db0_geo_quat_wk.0/iio:device31/in_quaternion_x_scale 1000 1000 660
01-20 17:32:52.939     0     0 I ueventd : fixup /sys/devices/soc.0/f9927000.i2c/i2c-13/13-0008/lsm6db0_geo_quat_wk.0/iio:device31/in_quaternion_y_scale 1000 1000 660
01-20 17:32:52.939     0     0 I ueventd : fixup /sys/devices/soc.0/f9927000.i2c/i2c-13/13-0008/lsm6db0_geo_quat_wk.0/iio:device31/in_quaternion_z_scale 1000 1000 660
01-20 17:32:52.939     0     0 I ueventd : fixup /sys/devices/soc.0/f9927000.i2c/i2c-13/13-0008/lsm6db0_geo_quat_wk.0/iio:device31/in_quaternion_module_scale 1000 1000 660
01-20 17:32:53.938     0     0 I FG      : fg_batt_profile_init: Battery SOC: 65
01-20 17:32:54.346     0     0 I synaptics_dsx_i2c 2-0070: fwu_read_f34_guest_serialization_partition: Lockdown info: 0x31 0x33 0x32 0x34 0x30 0x30 0x30 0x30
01-20 17:32:54.347     0     0 I fwu_start_reflash: End of reflash process
01-20 17:32:55.051     0     0 I msm_thermal: freq_mitigation_notify Mitigating CPU4 frequency to 768000
01-20 17:32:55.128     0     0 I msm_thermal: freq_mitigation_notify Removing frequency mitigation for CPU4
01-20 17:32:55.611     0     0 I msm_thermal: freq_mitigation_notify Mitigating CPU4 frequency to 768000
01-20 17:32:55.680     0     0 I msm_thermal: freq_mitigation_notify Removing frequency mitigation for CPU4
01-20 17:32:56.018     0     0 I msm_thermal: freq_mitigation_notify Mitigating CPU4 frequency to 768000
01-20 17:32:56.083     0     0 I msm_thermal: freq_mitigation_notify Removing frequency mitigation for CPU4
01-20 17:32:56.693     0     0 I msm_thermal: freq_mitigation_notify Mitigating CPU4 frequency to 768000
01-20 17:32:56.762     0     0 I msm_thermal: freq_mitigation_notify Removing frequency mitigation for CPU4
01-20 17:32:57.049     0     0 I msm_thermal: freq_mitigation_notify Mitigating CPU4 frequency to 768000
01-20 17:32:57.115     0     0 I msm_thermal: freq_mitigation_notify Removing frequency mitigation for CPU4
01-20 17:32:57.474     0     0 I msm_thermal: freq_mitigation_notify Mitigating CPU4 frequency to 768000
01-20 17:32:57.547     0     0 I msm_thermal: freq_mitigation_notify Removing frequency mitigation for CPU4
01-20 17:32:57.812     0     0 I msm_thermal: freq_mitigation_notify Mitigating CPU4 frequency to 768000
01-20 17:32:57.867     0     0 I msm_thermal: freq_mitigation_notify Removing frequency mitigation for CPU4
01-20 17:32:58.176     0     0 I fsck.f2fs: Info: Fix the reported corruption.
01-20 17:32:58.176     0     0 I fsck.f2fs: Info: sector size = 512
01-20 17:32:58.176     0     0 I fsck.f2fs: Info: total sectors = 54648799 (in 512 bytes)
01-20 17:32:58.176     0     0 I fsck.f2fs: Info: MKFS version
01-20 17:32:58.176     0     0 I fsck.f2fs: "Linux version 3.10.84-perf-gd9a4f08 (jenkins@5f51a4c0d870) (gcc version 4.9 20150123 (prerelease) (GCC) ) #1 SMP PREEMPT Sun Jun 11 20:48:13 UTC 2017"
01-20 17:32:58.176     0     0 I fsck.f2fs: Info: FSCK version
01-20 17:32:58.176     0     0 I fsck.f2fs: from "Linux version 3.10.107-perf-g01dc0a49e89 (markcolson@linux-xca6) (gcc version 4.9.x 20150123 (prerelease) (GCC) ) #1 SMP PREEMPT Mon Oct 2 17:41:07 CST 2017"
01-20 17:32:58.176     0     0 I fsck.f2fs: to "Linux version 3.10.107-perf-gf361af53c4c (markcolson@linux-xca6) (gcc version 4.9.x 20150123 (prerelease) (GCC) ) #1 SMP PREEMPT Thu Oct 5 11:47:38 CST 2017"
01-20 17:32:58.176     0     0 I fsck.f2fs:  
01-20 17:32:58.176     0     0 I fsck.f2fs: [FSCK] Unreachable nat entries                        [Ok..] [0x0]
01-20 17:32:58.176     0     0 I fsck.f2fs: [FSCK] SIT valid block bitmap checking                [Ok..]
01-20 17:32:58.176     0     0 I fsck.f2fs: [FSCK] Hard link checking for regular file            [Ok..] [0x0]
01-20 17:32:58.176     0     0 I fsck.f2fs: [FSCK] valid_block_count matching with CP             [Ok..] [0x279a52]
01-20 17:32:58.176     0     0 I fsck.f2fs: [FSCK] valid_node_count matcing with CP (de lookup)   [Ok..] [0x3e86]
01-20 17:32:58.176     0     0 I fsck.f2fs: [FSCK] valid_node_count matcing with CP (nat lookup)  [Ok..] [0x3e86]
01-20 17:32:58.176     0     0 I fsck.f2fs: [FSCK] valid_inode_count matched with CP              [Ok..] [0x3509]
01-20 17:32:58.176     0     0 I fsck.f2fs: [FSCK] free segment_count matched with CP             [Ok..] [0x1f2b]
01-20 17:32:58.176     0     0 I fsck.f2fs: [FSCK] next block offset is free                      [Ok..]
01-20 17:32:58.176     0     0 I fsck.f2fs: [FSCK] fixing SIT types
01-20 17:32:58.176     0     0 I fsck.f2fs: [FIX] (check_sit_types:1056)  --> Wrong segment type [0x100] 0 -> 1
01-20 17:32:58.176     0     0 I fsck.f2fs: [FIX] (check_sit_types:1056)  --> Wrong segment type [0x10f] 0 -> 1
01-20 17:32:58.176     0     0 I fsck.f2fs: [FIX] (check_sit_types:1056)  --> Wrong segment type [0x113] 0 -> 1
01-20 17:32:58.176     0     0 I fsck.f2fs: [FIX] (check_sit_types:1056)  --> Wrong segment type [0x1f9] 0 -> 1
01-20 17:32:58.176     0     0 I fsck.f2fs: [FIX] (check_sit_types:1056)  --> Wrong segment type [0x1fc] 0 -> 1
01-20 17:32:58.176     0     0 I fsck.f2fs: [FIX] (check_sit_types:1056)  --> Wrong segment type [0x207] 0 -> 1
01-20 17:32:58.176     0     0 I fsck.f2fs: [FIX] (check_sit_types:1056)  --> Wrong segment type [0x216] 0 -> 1
01-20 17:32:58.176     0     0 I fsck.f2fs: [FIX] (check_sit_types:1056)  --> Wrong segment type [0x21b] 0 -> 1
01-20 17:32:58.176     0     0 I fsck.f2fs: [FIX] (check_sit_types:1056)  --> Wrong segment type [0x21c] 0 -> 1
01-20 17:32:58.176     0     0 I fsck.f2fs: [FIX] (check_sit_types:1056)  --> Wrong segment type [0x21d] 0 -> 1
01-20 17:32:58.176     0     0 I fsck.f2fs: [FIX] (check_sit_types:1056)  --> Wrong segment type [0x21f] 0 -> 1
01-20 17:32:58.176     0     0 I fsck.f2fs: [FIX] (check_sit_types:1056)  --> Wrong segment type [0x27c] 0 -> 1
01-20 17:32:58.176     0     0 I fsck.f2fs: [FIX] (check_sit_types:1056)  --> Wrong segment type [0x302] 0 -> 1
01-20 17:32:58.176     0     0 I fsck.f2fs: [FIX] (check_sit_types:1056)  --> Wrong segment type [0x458] 0 -> 1
01-20 17:32:58.176     0     0 I fsck.f2fs: [FIX] (check_sit_types:1056)  --> Wrong segment type [0xbff] 0 -> 1
01-20 17:32:58.176     0     0 I fsck.f2fs: [FIX] (check_sit_types:1056)  --> Wrong segment type [0xc00] 0 -> 1
01-20 17:32:58.176     0     0 I fsck.f2fs: [FIX] (check_sit_types:1056)  --> Wrong segment type [0xc02] 0 -> 1
01-20 17:32:58.176     0     0 I fsck.f2fs: [FIX] (check_sit_types:1056)  --> Wrong segment type [0xc03] 0 -> 1
01-20 17:32:58.176     0     0 I fsck.f2fs: [FIX] (check_sit_types:1056)  --> Wrong segment type [0xc14] 0 -> 1
01-20 17:32:58.176     0     0 I fsck.f2fs: [FIX] (check_sit_types:1056)  --> Wrong segment type [0xc18] 0 -> 1
01-20 17:32:58.176     0     0 I fsck.f2fs: [FIX] (check_sit_types:1056)  --> Wrong segment type [0xc1c] 0 -> 1
01-20 17:32:58.176     0     0 I fsck.f2fs: [FIX] (check_sit_types:1056)  --> Wrong segment type [0xc1e] 0 -> 1
01-20 17:32:58.176     0     0 I fsck.f2fs: [FIX] (check_sit_types:1056)  --> Wrong segment type [0xc2b] 0 -> 1
01-20 17:32:58.176     0     0 I fsck.f2fs: [FIX] (check_sit_types:1056)  --> Wrong segment type [0xc2c] 0 -> 1
01-20 17:32:58.176     0     0 I fsck.f2fs: [FIX] (check_sit_types:1056)  --> Wrong segment type [0xc30] 0 -> 1
01-20 17:32:58.176     0     0 I fsck.f2fs: [FIX] (check_sit_types:1056)  --> Wrong segment type [0xc40] 0 -> 1
01-20 17:32:58.176     0     0 I fsck.f2fs: [FIX] (check_sit_types:1056)  --> Wrong segment type [0xc5e] 0 -> 1
01-20 17:32:58.176     0     0 I fsck.f2fs: [FSCK] other corrupted bugs                           [Ok..]
01-20 17:32:58.176     0     0 I fsck.f2fs:  
01-20 17:32:58.176     0     0 I fsck.f2fs: Done.
01-20 17:32:58.223   328   328 I auditd  : type=1400 audit(0.0:9): avc: granted { getattr } for comm="fsck.f2fs" path="/vendor" dev="rootfs" ino=12196 scontext=u:r:fsck:s0 tcontext=u:object_r:rootfs:s0 tclass=lnk_file
01-20 17:32:58.223   328   328 W fsck.f2fs: type=1400 audit(0.0:9): avc: granted { getattr } for path="/vendor" dev="rootfs" ino=12196 scontext=u:r:fsck:s0 tcontext=u:object_r:rootfs:s0 tclass=lnk_file
01-20 17:32:58.232     0     0 I F2FS-fs (mmcblk0p44): Mounted with checkpoint version = 10471
01-20 17:32:58.233     0     0 D SELinux : initialized (dev mmcblk0p44, type f2fs), uses xattr
01-20 17:32:58.233     0     0 I init    : [libfs_mgr]__mount(source=/dev/block/bootdevice/by-name/userdata,target=/data,type=f2fs)=0
01-20 17:32:58.233     0     0 E init    : [libfs_mgr]mount_with_alternatives(): skipping fstab dup mountpoint=/data rec[2].fs_type=ext4 already mounted as f2fs
01-20 17:32:58.234     0     0 I init    : [libfs_mgr]Running /system/bin/fsck.f2fs -a /dev/block/bootdevice/by-name/cache
01-20 17:32:58.324     0     0 I fsck.f2fs: Info: Fix the reported corruption.
01-20 17:32:58.324     0     0 I fsck.f2fs: Info: sector size = 512
01-20 17:32:58.324     0     0 I fsck.f2fs: Info: total sectors = 786432 (in 512 bytes)
01-20 17:32:58.324     0     0 I fsck.f2fs: Info: MKFS version
01-20 17:32:58.324     0     0 I fsck.f2fs: "Linux version 3.10.84-perf-gd9a4f08 (jenkins@5f51a4c0d870) (gcc version 4.9 20150123 (prerelease) (GCC) ) #1 SMP PREEMPT Sun Jun 11 20:48:13 UTC 2017"
01-20 17:32:58.324     0     0 I fsck.f2fs: Info: FSCK version
01-20 17:32:58.324     0     0 I fsck.f2fs: from "Linux version 3.10.84-perf-gd9a4f08 (jenkins@5f51a4c0d870) (gcc version 4.9 20150123 (prerelease) (GCC) ) #1 SMP PREEMPT Sun Jun 11 20:48:13 UTC 2017"
01-20 17:32:58.324     0     0 I fsck.f2fs: to "Linux version 3.10.107-perf-gf361af53c4c (markcolson@linux-xca6) (gcc version 4.9.x 20150123 (prerelease) (GCC) ) #1 SMP PREEMPT Thu Oct 5 11:47:38 CST 2017"
01-20 17:32:58.324     0     0 I fsck.f2fs:  
01-20 17:32:58.324     0     0 I fsck.f2fs: [FSCK] Unreachable nat entries                        [Ok..] [0x0]
01-20 17:32:58.324     0     0 I fsck.f2fs: [FSCK] SIT valid block bitmap checking                [Ok..]
01-20 17:32:58.324     0     0 I fsck.f2fs: [FSCK] Hard link checking for regular file            [Ok..] [0x0]
01-20 17:32:58.324     0     0 I fsck.f2fs: [FSCK] valid_block_count matching with CP             [Ok..] [0x51d]
01-20 17:32:58.324     0     0 I fsck.f2fs: [FSCK] valid_node_count matcing with CP (de lookup)   [Ok..] [0x8]
01-20 17:32:58.324     0     0 I fsck.f2fs: [FSCK] valid_node_count matcing with CP (nat lookup)  [Ok..] [0x8]
01-20 17:32:58.324     0     0 I fsck.f2fs: [FSCK] valid_inode_count matched with CP              [Ok..] [0x8]
01-20 17:32:58.324     0     0 I fsck.f2fs: [FSCK] free segment_count matched with CP             [Ok..] [0xaf]
01-20 17:32:58.324     0     0 I fsck.f2fs: [FSCK] next block offset is free                      [Ok..]
01-20 17:32:58.324     0     0 I fsck.f2fs: [FSCK] fixing SIT types
01-20 17:32:58.324     0     0 I fsck.f2fs: [FIX] (check_sit_types:1056)  --> Wrong segment type [0xb4] 0 -> 1
01-20 17:32:58.324     0     0 I fsck.f2fs: [FSCK] other corrupted bugs                           [Ok..]
01-20 17:32:58.324     0     0 I fsck.f2fs:  
01-20 17:32:58.324     0     0 I fsck.f2fs: Done.
01-20 17:32:58.331     0     0 I F2FS-fs (mmcblk0p42): Mounted with checkpoint version = 7
01-20 17:32:58.331     0     0 D SELinux : initialized (dev mmcblk0p42, type f2fs), uses xattr
01-20 17:32:58.331     0     0 I init    : [libfs_mgr]__mount(source=/dev/block/bootdevice/by-name/cache,target=/cache,type=f2fs)=0
01-20 17:32:58.331     0     0 E init    : [libfs_mgr]mount_with_alternatives(): skipping fstab dup mountpoint=/cache rec[4].fs_type=ext4 already mounted as f2fs
01-20 17:32:58.336     0     0 D SELinux : initialized (dev mmcblk0p36, type vfat), uses genfs_contexts
01-20 17:32:58.336     0     0 I init    : [libfs_mgr]__mount(source=/dev/block/bootdevice/by-name/modem,target=/firmware,type=vfat)=0
01-20 17:32:58.342     0     0 D SELinux : initialized (dev mmcblk0p14, type vfat), uses genfs_contexts
01-20 17:32:58.342     0     0 I init    : [libfs_mgr]__mount(source=/dev/block/bootdevice/by-name/bluetooth,target=/bt_firmware,type=vfat)=0
01-20 17:32:58.343     0     0 I init    : Parsing directory /system/etc/init...
01-20 17:32:58.344     0     0 I init    : Parsing file /system/etc/init/android.hidl.allocator@1.0-service.rc...
01-20 17:32:58.344     0     0 I init    : Parsing file /system/etc/init/atrace.rc...
01-20 17:32:58.345     0     0 I init    : Parsing file /system/etc/init/atrace_userdebug.rc...
01-20 17:32:58.346     0     0 I init    : Parsing file /system/etc/init/audioserver.rc...
01-20 17:32:58.346     0     0 I init    : Parsing file /system/etc/init/bootanim.rc...
01-20 17:32:58.346     0     0 I init    : Parsing file /system/etc/init/bootstat.rc...
01-20 17:32:58.347     0     0 I init    : Parsing file /system/etc/init/cameraserver.rc...
01-20 17:32:58.347     0     0 I init    : Parsing file /system/etc/init/drmserver.rc...
01-20 17:32:58.347     0     0 I init    : Parsing file /system/etc/init/dumpstate.rc...
01-20 17:32:58.348     0     0 I init    : Parsing file /system/etc/init/gatekeeperd.rc...
01-20 17:32:58.348     0     0 E init    : ignored duplicate definition of service 'gatekeeperd'
01-20 17:32:58.348     0     0 I init    : Parsing file /system/etc/init/hwservicemanager.rc...
01-20 17:32:58.348     0     0 I init    : Parsing file /system/etc/init/init-debug.rc...
01-20 17:32:58.348     0     0 I init    : Parsing file /system/etc/init/installd.rc...
01-20 17:32:58.349     0     0 I init    : Parsing file /system/etc/init/keystore.rc...
01-20 17:32:58.350     0     0 I init    : Parsing file /system/etc/init/lmkd.rc...
01-20 17:32:58.350     0     0 I init    : Parsing file /system/etc/init/logcatd.rc...
01-20 17:32:58.350     0     0 I init    : Parsing file /system/etc/init/logd.rc...
01-20 17:32:58.351     0     0 I init    : Parsing file /system/etc/init/logtagd.rc...
01-20 17:32:58.351     0     0 I init    : Parsing file /system/etc/init/mdnsd.rc...
01-20 17:32:58.351     0     0 I init    : Parsing file /system/etc/init/mediadrmserver.rc...
01-20 17:32:58.352     0     0 I init    : Parsing file /system/etc/init/mediaextractor.rc...
01-20 17:32:58.352     0     0 I init    : Parsing file /system/etc/init/mediametrics.rc...
01-20 17:32:58.352     0     0 I init    : Parsing file /system/etc/init/mediaserver.rc...
01-20 17:32:58.352     0     0 I init    : Parsing file /system/etc/init/mtpd.rc...
01-20 17:32:58.353     0     0 I init    : Parsing file /system/etc/init/netd.rc...
01-20 17:32:58.353     0     0 I init    : Parsing file /system/etc/init/perfprofd.rc...
01-20 17:32:58.353     0     0 I init    : Parsing file /system/etc/init/racoon.rc...
01-20 17:32:58.354     0     0 I init    : Parsing file /system/etc/init/servicemanager.rc...
01-20 17:32:58.354     0     0 I init    : Parsing file /system/etc/init/storaged.rc...
01-20 17:32:58.354     0     0 I init    : Parsing file /system/etc/init/surfaceflinger.rc...
01-20 17:32:58.354     0     0 I init    : Parsing file /system/etc/init/tombstoned.rc...
01-20 17:32:58.355     0     0 I init    : Parsing file /system/etc/init/uncrypt.rc...
01-20 17:32:58.355     0     0 I init    : Parsing file /system/etc/init/vdc.rc...
01-20 17:32:58.355     0     0 I init    : Parsing file /system/etc/init/vold.rc...
01-20 17:32:58.356     0     0 I init    : Parsing file /system/etc/init/webview_zygote32.rc...
01-20 17:32:58.356     0     0 I init    : Parsing file /system/etc/init/webview_zygote64.rc...
01-20 17:32:58.356     0     0 I init    : Parsing file /system/etc/init/wifi-events.rc...
01-20 17:32:58.357     0     0 I init    : Parsing file /system/etc/init/wificond.rc...
01-20 17:32:58.357     0     0 I init    : Parsing directory /vendor/etc/init...
01-20 17:32:58.358     0     0 I init    : Parsing file /vendor/etc/init/android.hardware.configstore@1.0-service.rc...
01-20 17:32:58.358     0     0 I init    : Parsing file /vendor/etc/init/android.hardware.graphics.allocator@2.0-service.rc...
01-20 17:32:58.358     0     0 I init    : Parsing file /vendor/etc/init/android.hardware.ir@1.0-service.libra.rc...
01-20 17:32:58.359     0     0 I init    : Parsing file /vendor/etc/init/android.hardware.light@2.0-service.libra.rc...
01-20 17:32:58.359     0     0 I init    : Parsing file /vendor/etc/init/android.hardware.media.omx@1.0-service.rc...
01-20 17:32:58.359     0     0 I init    : Parsing file /vendor/etc/init/android.hardware.usb@1.0-service.rc...
01-20 17:32:58.359     0     0 I init    : Parsing file /vendor/etc/init/android.hardware.wifi@1.0-service.rc...
01-20 17:32:58.360     0     0 I init    : Parsing file /vendor/etc/init/hostapd.android.rc...
01-20 17:32:58.360     0     0 I init    : Parsing file /vendor/etc/init/rild.rc...
01-20 17:32:58.360     0     0 I init    : Parsing file /vendor/etc/init/vndservicemanager.rc...
01-20 17:32:58.360     0     0 I init    : Parsing file /odm/etc/init...
01-20 17:32:58.361     0     0 I init    : Command 'mount_all fstab.qcom' action=fs (init.target.rc:39) returned 1 took 10146.4ms.
01-20 17:32:58.363     0     0 I EXT4-fs (mmcblk0p39): mounted filesystem with ordered data mode. Opts: barrier=1
01-20 17:32:58.363     0     0 D SELinux : initialized (dev mmcblk0p39, type ext4), uses xattr
01-20 17:32:58.363     0     0 I SELinux : Context u:object_r:persist_file:s0 is not valid (left unmapped).
01-20 17:32:58.364     0     0 I SELinux : Context u:object_r:sensors_persist_file:s0 is not valid (left unmapped).
01-20 17:32:58.364     0     0 I SELinux : Context u:object_r:persist_drm_file:s0 is not valid (left unmapped).
01-20 17:32:58.364     0     0 I SELinux : Context u:object_r:persist_display_file:s0 is not valid (left unmapped).
01-20 17:32:58.365     0     0 I SELinux : Context u:object_r:persist_bluetooth_file:s0 is not valid (left unmapped).
01-20 17:32:58.365     0     0 I SELinux : Context u:object_r:rfs_file:s0 is not valid (left unmapped).
01-20 17:32:58.365     0     0 I SELinux : Context u:object_r:rfs_shared_hlos_file:s0 is not valid (left unmapped).
01-20 17:32:58.365     0     0 I SELinux : Context u:object_r:persist_property_file:s0 is not valid (left unmapped).
01-20 17:32:58.373     0     0 I init    : processing action (post-fs)
01-20 17:32:58.374     0     0 E init    : property_set("ro.bluetooth.sap", "true") failed: property already set
01-20 17:32:58.374     0     0 E init    : property_set("ro.bluetooth.dun", "true") failed: property already set
01-20 17:32:58.374     0     0 E init    : property_set("ro.bluetooth.hfp.ver", "1.6") failed: property already set
01-20 17:32:58.374     0     0 E init    : property_set("ro.adb.secure", "0") failed: property already set
01-20 17:32:58.374     0     0 W init    : Couldn't load properties from /odm/build.prop: No such file or directory
01-20 17:32:58.375     0     0 W init    : Couldn't load properties from /vendor/build.prop: No such file or directory
01-20 17:32:58.375     0     0 W init    : Couldn't load properties from /factory/factory.prop: No such file or directory
01-20 17:32:58.375     0     0 I init    : [libfs_mgr]fs_mgr_read_fstab_dt(): failed to read fstab from dt
01-20 17:32:58.376     0     0 I init    : computing context for service 'logd'
01-20 17:32:58.377     0     0 I init    : starting service 'logd'...
01-20 17:32:58.378     0     0 I init    : Created socket '/dev/socket/logd', mode 666, user 1036, group 1036
01-20 17:32:58.379     0     0 I init    : computing context for service 'servicemanager'
01-20 17:32:58.379     0     0 I init    : Created socket '/dev/socket/logdr', mode 666, user 1036, group 1036
01-20 17:32:58.379     0     0 I init    : starting service 'servicemanager'...
01-20 17:32:58.379     0     0 I init    : Created socket '/dev/socket/logdw', mode 222, user 1036, group 1036
01-20 17:32:58.379     0     0 I init    : Opened file '/proc/kmsg', flags 0
01-20 17:32:58.379     0     0 I init    : Opened file '/dev/kmsg', flags 1
01-20 17:32:58.380     0     0 I init    : computing context for service 'hwservicemanager'
01-20 17:32:58.380     0     0 I init    : starting service 'hwservicemanager'...
01-20 17:32:58.381     0     0 I init    : computing context for service 'vndservicemanager'
01-20 17:32:58.382     0     0 I init    : starting service 'vndservicemanager'...
01-20 17:32:58.407     0     0 I logd.auditd: start
01-20 17:32:58.435     0     0 E init    : write_file: Unable to open '/sys/kernel/tracing/tracing_on': No such file or directory
01-20 17:32:58.436     0     0 I init    : processing action (late-fs)
01-20 17:32:58.436     0     0 I init    : processing action (post-fs-data)
01-20 17:32:58.437     0     0 I init    : computing context for service 'vold'
01-20 17:32:58.437     0     0 I init    : starting service 'vold'...
01-20 17:32:58.438     0     0 I init    : Created socket '/dev/socket/vold', mode 660, user 0, group 1009
01-20 17:32:58.438     0     0 I binder  : 336:336 ioctl 620a 0 returned -22
01-20 17:32:58.438     0     0 I init    : Created socket '/dev/socket/cryptd', mode 660, user 0, group 1009
--------- beginning of system
01-20 17:32:58.487   343   343 I vold    : Vold 3.0 (the awakening) firing up
01-20 17:32:58.487   343   343 V vold    : Detected support for: exfat ext4 f2fs ntfs vfat
01-20 17:32:58.489   343   343 I vold    : [libfs_mgr]fs_mgr_read_fstab_dt(): failed to read fstab from dt
01-20 17:32:58.499   343   349 D vold    : e4crypt_init_user0
01-20 17:32:58.500   343   349 D vold    : e4crypt_prepare_user_storage for volume null, user 0, serial 0, flags 1
01-20 17:32:58.500   343   349 D vold    : Preparing: /data/system/users/0
01-20 17:32:58.500   343   349 D vold    : Preparing: /data/misc/profiles/cur/0
01-20 17:32:58.500   343   349 D vold    : Preparing: /data/system_de/0
01-20 17:32:58.500   343   349 D vold    : Preparing: /data/misc_de/0
01-20 17:32:58.500   343   349 D vold    : Preparing: /data/user_de/0
01-20 17:32:58.500   343   349 D vold    : e4crypt_unlock_user_key 0 serial=0 token_present=0
01-20 17:32:58.500   343   349 E vold    : Failed to chmod /data/system_ce/0: No such file or directory
01-20 17:32:58.500   343   349 E vold    : Failed to chmod /data/misc_ce/0: No such file or directory
01-20 17:32:58.501     0     0 I msm_thermal: freq_mitigation_notify Mitigating CPU5 frequency to 768000
01-20 17:32:58.508     0     0 I vdc     : 200 344 Command succeeded
01-20 17:32:58.508     0     0 I init    : init_user0 result: 0
01-20 17:32:58.508     0     0 I init    : Command 'init_user0' action=post-fs-data (/init.rc:490) returned 0 took 55.0892ms.
01-20 17:32:58.541     0     0 I msm_thermal: freq_mitigation_notify Removing frequency mitigation for CPU5
01-20 17:33:02.124     0     0 I init    : Command 'restorecon --recursive --skip-ce /data' action=post-fs-data (/init.rc:493) returned 0 took 3616.15ms.
01-20 17:33:02.125     0     0 I init    : computing context for service 'exec 1 (/system/bin/tzdatacheck)'
01-20 17:33:02.125     0     0 I init    : starting service 'exec 1 (/system/bin/tzdatacheck)'...
01-20 17:33:02.126     0     0 I init    : SVC_EXEC pid 351 (uid 1000 gid 1000+0 context default) started; waiting...
01-20 17:33:02.132   351   351 I /system/bin/tzdatacheck: timezone distro dir /data/misc/zoneinfo/current does not exist. No action required.
01-20 17:33:02.138     0     0 I init    : Service 'exec 1 (/system/bin/tzdatacheck)' (pid 351) exited with status 0 waiting took 0.013379 seconds
01-20 17:33:02.143   352   352 I auditd  : type=1400 audit(0.0:10): avc: granted { getattr } for comm="netd" path="/vendor" dev="rootfs" ino=12196 scontext=u:r:netd:s0 tcontext=u:object_r:rootfs:s0 tclass=lnk_file
01-20 17:33:02.143   352   352 W netd    : type=1400 audit(0.0:10): avc: granted { getattr } for path="/vendor" dev="rootfs" ino=12196 scontext=u:r:netd:s0 tcontext=u:object_r:rootfs:s0 tclass=lnk_file
01-20 17:33:02.147   356   356 I auditd  : type=1400 audit(0.0:11): avc: denied { read } for comm="ueventd" name="adsp.mdt" dev="mmcblk0p36" ino=4 scontext=u:r:ueventd:s0 tcontext=u:object_r:vfat:s0 tclass=file permissive=1
01-20 17:33:02.147   356   356 I ueventd : type=1400 audit(0.0:11): avc: denied { read } for name="adsp.mdt" dev="mmcblk0p36" ino=4 scontext=u:r:ueventd:s0 tcontext=u:object_r:vfat:s0 tclass=file permissive=1
01-20 17:33:02.147   356   356 I auditd  : type=1400 audit(0.0:12): avc: denied { open } for comm="ueventd" path="/firmware/image/adsp.mdt" dev="mmcblk0p36" ino=4 scontext=u:r:ueventd:s0 tcontext=u:object_r:vfat:s0 tclass=file permissive=1
01-20 17:33:02.147   356   356 I ueventd : type=1400 audit(0.0:12): avc: denied { open } for path="/firmware/image/adsp.mdt" dev="mmcblk0p36" ino=4 scontext=u:r:ueventd:s0 tcontext=u:object_r:vfat:s0 tclass=file permissive=1
01-20 17:33:02.147   356   356 I auditd  : type=1400 audit(0.0:13): avc: denied { getattr } for comm="ueventd" path="/firmware/image/adsp.mdt" dev="mmcblk0p36" ino=4 scontext=u:r:ueventd:s0 tcontext=u:object_r:vfat:s0 tclass=file permissive=1
01-20 17:33:02.147   356   356 I ueventd : type=1400 audit(0.0:13): avc: denied { getattr } for path="/firmware/image/adsp.mdt" dev="mmcblk0p36" ino=4 scontext=u:r:ueventd:s0 tcontext=u:object_r:vfat:s0 tclass=file permissive=1
01-20 17:33:02.147     0     0 I init    : processing action (ro.crypto.state=unencrypted && zygote-start)
01-20 17:33:02.148     0     0 E init    : ExecStart(update_verifier_nonencrypted): Service not found
01-20 17:33:02.148     0     0 I init    : computing context for service 'netd'
01-20 17:33:02.148     0     0 I init    : starting service 'netd'...
01-20 17:33:02.148     0     0 I init    : computing context for service 'zygote'
01-20 17:33:02.149     0     0 I init    : starting service 'zygote'...
01-20 17:33:02.149     0     0 I init    : Created socket '/dev/socket/netd', mode 660, user 0, group 1000
01-20 17:33:02.149     0     0 I init    : computing context for service 'zygote_secondary'
01-20 17:33:02.149     0     0 I init    : Created socket '/dev/socket/dnsproxyd', mode 660, user 0, group 3003
01-20 17:33:02.150     0     0 I init    : starting service 'zygote_secondary'...
01-20 17:33:02.150     0     0 I init    : Created socket '/dev/socket/mdns', mode 660, user 0, group 1000
01-20 17:33:02.150     0     0 I init    : Created socket '/dev/socket/zygote', mode 660, user 0, group 1000
01-20 17:33:02.150     0     0 I init    : Created socket '/dev/socket/fwmarkd', mode 660, user 0, group 3003
01-20 17:33:02.150     0     0 I init    : processing action (load_persist_props_action)
01-20 17:33:02.150     0     0 W init    : Couldn't load properties from /data/local.prop: No such file or directory
01-20 17:33:02.150     0     0 I init    : computing context for service 'logd-reinit'
01-20 17:33:02.151     0     0 I init    : Created socket '/dev/socket/zygote_secondary', mode 660, user 0, group 1000
01-20 17:33:02.151     0     0 I init    : starting service 'logd-reinit'...
01-20 17:33:02.151     0     0 I init    : processing action (firmware_mounts_complete)
01-20 17:33:02.151     0     0 I init    : processing action (early-boot)
01-20 17:33:02.152     0     0 I ueventd : firmware: loading 'adsp.mdt' for '/devices/soc.0/fe200000.qcom,lpass/firmware/adsp.mdt'
01-20 17:33:02.162     0     0 I subsys-pil-tz fe200000.qcom,lpass: adsp: loading from 0x0000000007400000 to 0x0000000008800000
01-20 17:33:02.162     0     0 I ueventd : loading /devices/soc.0/fe200000.qcom,lpass/firmware/adsp.mdt took 0.00938995 seconds
01-20 17:33:02.169     0     0 I logd.daemon: reinit
01-20 17:33:02.187   352   352 I Netd    : Netd 1.0 starting
01-20 17:33:02.188   352   352 D TetherController: Setting IP forward enable = 0
01-20 17:33:02.191   357   357 I auditd  : type=1400 audit(0.0:14): avc: granted { getattr } for comm="iptables-restor" path="/vendor" dev="rootfs" ino=12196 scontext=u:r:netd:s0 tcontext=u:object_r:rootfs:s0 tclass=lnk_file
01-20 17:33:02.191   357   357 W iptables-restor: type=1400 audit(0.0:14): avc: granted { getattr } for path="/vendor" dev="rootfs" ino=12196 scontext=u:r:netd:s0 tcontext=u:object_r:rootfs:s0 tclass=lnk_file
01-20 17:33:02.207   358   358 I auditd  : type=1400 audit(0.0:15): avc: granted { getattr } for comm="ip6tables-resto" path="/vendor" dev="rootfs" ino=12196 scontext=u:r:netd:s0 tcontext=u:object_r:rootfs:s0 tclass=lnk_file
01-20 17:33:02.207   358   358 W ip6tables-resto: type=1400 audit(0.0:15): avc: granted { getattr } for path="/vendor" dev="rootfs" ino=12196 scontext=u:r:netd:s0 tcontext=u:object_r:rootfs:s0 tclass=lnk_file
01-20 17:33:02.219   361   361 I auditd  : type=1400 audit(0.0:16): avc: granted { getattr } for comm="iptables" path="/vendor" dev="rootfs" ino=12196 scontext=u:r:netd:s0 tcontext=u:object_r:rootfs:s0 tclass=lnk_file
01-20 17:33:02.219   361   361 W iptables: type=1400 audit(0.0:16): avc: granted { getattr } for path="/vendor" dev="rootfs" ino=12196 scontext=u:r:netd:s0 tcontext=u:object_r:rootfs:s0 tclass=lnk_file
01-20 17:33:02.220     0     0 I ueventd : firmware: loading 'adsp.b02' for '/devices/soc.0/fe200000.qcom,lpass/firmware/adsp.b02'
01-20 17:33:02.222     0     0 I ueventd : loading /devices/soc.0/fe200000.qcom,lpass/firmware/adsp.b02 took 0.00144969 seconds
01-20 17:33:02.222     0     0 I ueventd : firmware: loading 'adsp.b03' for '/devices/soc.0/fe200000.qcom,lpass/firmware/adsp.b03'
01-20 17:33:02.227   363   363 I auditd  : type=1400 audit(0.0:17): avc: granted { getattr } for comm="ip6tables" path="/vendor" dev="rootfs" ino=12196 scontext=u:r:netd:s0 tcontext=u:object_r:rootfs:s0 tclass=lnk_file
01-20 17:33:02.227   363   363 W ip6tables: type=1400 audit(0.0:17): avc: granted { getattr } for path="/vendor" dev="rootfs" ino=12196 scontext=u:r:netd:s0 tcontext=u:object_r:rootfs:s0 tclass=lnk_file
01-20 17:33:02.230     0     0 I ueventd : loading /devices/soc.0/fe200000.qcom,lpass/firmware/adsp.b03 took 0.00753641 seconds
01-20 17:33:02.231     0     0 I ueventd : firmware: loading 'adsp.b04' for '/devices/soc.0/fe200000.qcom,lpass/firmware/adsp.b04'
01-20 17:33:02.243   364   364 I auditd  : type=1400 audit(0.0:18): avc: granted { getattr } for comm="iptables" path="/vendor" dev="rootfs" ino=12196 scontext=u:r:netd:s0 tcontext=u:object_r:rootfs:s0 tclass=lnk_file
01-20 17:33:02.243   364   364 W iptables: type=1400 audit(0.0:18): avc: granted { getattr } for path="/vendor" dev="rootfs" ino=12196 scontext=u:r:netd:s0 tcontext=u:object_r:rootfs:s0 tclass=lnk_file
01-20 17:33:02.255   365   365 I auditd  : type=1400 audit(0.0:19): avc: granted { getattr } for comm="ip6tables" path="/vendor" dev="rootfs" ino=12196 scontext=u:r:netd:s0 tcontext=u:object_r:rootfs:s0 tclass=lnk_file
01-20 17:33:02.255   365   365 W ip6tables: type=1400 audit(0.0:19): avc: granted { getattr } for path="/vendor" dev="rootfs" ino=12196 scontext=u:r:netd:s0 tcontext=u:object_r:rootfs:s0 tclass=lnk_file
01-20 17:33:02.266     0     0 I ueventd : loading /devices/soc.0/fe200000.qcom,lpass/firmware/adsp.b04 took 0.0357933 seconds
01-20 17:33:02.267   367   367 I auditd  : type=1400 audit(0.0:20): avc: granted { getattr } for comm="iptables" path="/vendor" dev="rootfs" ino=12196 scontext=u:r:netd:s0 tcontext=u:object_r:rootfs:s0 tclass=lnk_file
01-20 17:33:02.267   367   367 W iptables: type=1400 audit(0.0:20): avc: granted { getattr } for path="/vendor" dev="rootfs" ino=12196 scontext=u:r:netd:s0 tcontext=u:object_r:rootfs:s0 tclass=lnk_file
01-20 17:33:02.267     0     0 I ueventd : firmware: loading 'adsp.b06' for '/devices/soc.0/fe200000.qcom,lpass/firmware/adsp.b06'
01-20 17:33:02.275     0     0 I ueventd : loading /devices/soc.0/fe200000.qcom,lpass/firmware/adsp.b06 took 0.00801109 seconds
01-20 17:33:02.279   370   370 I auditd  : type=1400 audit(0.0:21): avc: granted { getattr } for comm="ip6tables" path="/vendor" dev="rootfs" ino=12196 scontext=u:r:netd:s0 tcontext=u:object_r:rootfs:s0 tclass=lnk_file
01-20 17:33:02.279   370   370 W ip6tables: type=1400 audit(0.0:21): avc: granted { getattr } for path="/vendor" dev="rootfs" ino=12196 scontext=u:r:netd:s0 tcontext=u:object_r:rootfs:s0 tclass=lnk_file
01-20 17:33:02.283     0     0 I ueventd : firmware: loading 'adsp.b08' for '/devices/soc.0/fe200000.qcom,lpass/firmware/adsp.b08'
01-20 17:33:02.284     0     0 I ueventd : loading /devices/soc.0/fe200000.qcom,lpass/firmware/adsp.b08 took 0.00123365 seconds
01-20 17:33:02.285     0     0 I ueventd : firmware: loading 'adsp.b09' for '/devices/soc.0/fe200000.qcom,lpass/firmware/adsp.b09'
01-20 17:33:02.291   373   373 I auditd  : type=1400 audit(0.0:22): avc: granted { getattr } for comm="iptables" path="/vendor" dev="rootfs" ino=12196 scontext=u:r:netd:s0 tcontext=u:object_r:rootfs:s0 tclass=lnk_file
01-20 17:33:02.291   373   373 W iptables: type=1400 audit(0.0:22): avc: granted { getattr } for path="/vendor" dev="rootfs" ino=12196 scontext=u:r:netd:s0 tcontext=u:object_r:rootfs:s0 tclass=lnk_file
01-20 17:33:02.292     0     0 I ueventd : loading /devices/soc.0/fe200000.qcom,lpass/firmware/adsp.b09 took 0.00735615 seconds
01-20 17:33:02.293     0     0 I ueventd : firmware: loading 'adsp.b10' for '/devices/soc.0/fe200000.qcom,lpass/firmware/adsp.b10'
01-20 17:33:02.296     0     0 I ueventd : loading /devices/soc.0/fe200000.qcom,lpass/firmware/adsp.b10 took 0.00338963 seconds
01-20 17:33:02.297     0     0 I ueventd : firmware: loading 'adsp.b11' for '/devices/soc.0/fe200000.qcom,lpass/firmware/adsp.b11'
01-20 17:33:02.303   376   376 I auditd  : type=1400 audit(0.0:23): avc: granted { getattr } for comm="ip6tables" path="/vendor" dev="rootfs" ino=12196 scontext=u:r:netd:s0 tcontext=u:object_r:rootfs:s0 tclass=lnk_file
01-20 17:33:02.303   376   376 W ip6tables: type=1400 audit(0.0:23): avc: granted { getattr } for path="/vendor" dev="rootfs" ino=12196 scontext=u:r:netd:s0 tcontext=u:object_r:rootfs:s0 tclass=lnk_file
01-20 17:33:02.304     0     0 I ueventd : loading /devices/soc.0/fe200000.qcom,lpass/firmware/adsp.b11 took 0.00727484 seconds
01-20 17:33:02.305     0     0 I ueventd : firmware: loading 'adsp.b12' for '/devices/soc.0/fe200000.qcom,lpass/firmware/adsp.b12'
01-20 17:33:02.309     0     0 I ueventd : loading /devices/soc.0/fe200000.qcom,lpass/firmware/adsp.b12 took 0.00367969 seconds
01-20 17:33:02.312     0     0 I ueventd : firmware: loading 'adsp.b13' for '/devices/soc.0/fe200000.qcom,lpass/firmware/adsp.b13'
01-20 17:33:02.314     0     0 I ueventd : loading /devices/soc.0/fe200000.qcom,lpass/firmware/adsp.b13 took 0.00247906 seconds
01-20 17:33:02.315   379   379 I auditd  : type=1400 audit(0.0:24): avc: granted { getattr } for comm="iptables" path="/vendor" dev="rootfs" ino=12196 scontext=u:r:netd:s0 tcontext=u:object_r:rootfs:s0 tclass=lnk_file
01-20 17:33:02.315   379   379 W iptables: type=1400 audit(0.0:24): avc: granted { getattr } for path="/vendor" dev="rootfs" ino=12196 scontext=u:r:netd:s0 tcontext=u:object_r:rootfs:s0 tclass=lnk_file
01-20 17:33:02.315     0     0 I ueventd : firmware: loading 'adsp.b14' for '/devices/soc.0/fe200000.qcom,lpass/firmware/adsp.b14'
01-20 17:33:02.318     0     0 I ueventd : loading /devices/soc.0/fe200000.qcom,lpass/firmware/adsp.b14 took 0.00270224 seconds
01-20 17:33:02.319     0     0 I ueventd : firmware: loading 'adsp.b15' for '/devices/soc.0/fe200000.qcom,lpass/firmware/adsp.b15'
01-20 17:33:02.321     0     0 I ueventd : loading /devices/soc.0/fe200000.qcom,lpass/firmware/adsp.b15 took 0.00187594 seconds
01-20 17:33:02.327   380   380 I auditd  : type=1400 audit(0.0:25): avc: granted { getattr } for comm="ip6tables" path="/vendor" dev="rootfs" ino=12196 scontext=u:r:netd:s0 tcontext=u:object_r:rootfs:s0 tclass=lnk_file
01-20 17:33:02.327   380   380 W ip6tables: type=1400 audit(0.0:25): avc: granted { getattr } for path="/vendor" dev="rootfs" ino=12196 scontext=u:r:netd:s0 tcontext=u:object_r:rootfs:s0 tclass=lnk_file
01-20 17:33:02.339   381   381 I auditd  : type=1400 audit(0.0:26): avc: granted { getattr } for comm="iptables" path="/vendor" dev="rootfs" ino=12196 scontext=u:r:netd:s0 tcontext=u:object_r:rootfs:s0 tclass=lnk_file
01-20 17:33:02.339   381   381 W iptables: type=1400 audit(0.0:26): avc: granted { getattr } for path="/vendor" dev="rootfs" ino=12196 scontext=u:r:netd:s0 tcontext=u:object_r:rootfs:s0 tclass=lnk_file
01-20 17:33:02.351   382   382 I auditd  : type=1400 audit(0.0:27): avc: granted { getattr } for comm="ip6tables" path="/vendor" dev="rootfs" ino=12196 scontext=u:r:netd:s0 tcontext=u:object_r:rootfs:s0 tclass=lnk_file
01-20 17:33:02.351   382   382 W ip6tables: type=1400 audit(0.0:27): avc: granted { getattr } for path="/vendor" dev="rootfs" ino=12196 scontext=u:r:netd:s0 tcontext=u:object_r:rootfs:s0 tclass=lnk_file
01-20 17:33:02.371   383   383 I auditd  : type=1400 audit(0.0:28): avc: granted { getattr } for comm="iptables" path="/vendor" dev="rootfs" ino=12196 scontext=u:r:netd:s0 tcontext=u:object_r:rootfs:s0 tclass=lnk_file
01-20 17:33:02.371   383   383 W iptables: type=1400 audit(0.0:28): avc: granted { getattr } for path="/vendor" dev="rootfs" ino=12196 scontext=u:r:netd:s0 tcontext=u:object_r:rootfs:s0 tclass=lnk_file
01-20 17:33:02.383   384   384 I auditd  : type=1400 audit(0.0:29): avc: granted { getattr } for comm="ip6tables" path="/vendor" dev="rootfs" ino=12196 scontext=u:r:netd:s0 tcontext=u:object_r:rootfs:s0 tclass=lnk_file
01-20 17:33:02.383   384   384 W ip6tables: type=1400 audit(0.0:29): avc: granted { getattr } for path="/vendor" dev="rootfs" ino=12196 scontext=u:r:netd:s0 tcontext=u:object_r:rootfs:s0 tclass=lnk_file
01-20 17:33:02.399   352   352 I Netd    : Creating child chains: 209.9ms
01-20 17:33:02.399   352   352 I Netd    : Setting up OEM hooks: 0.2ms
01-20 17:33:02.405   352   352 I Netd    : Setting up FirewallController hooks: 5.7ms
01-20 17:33:02.409   352   352 I Netd    : Setting up NatController hooks: 3.4ms
01-20 17:33:02.411   352   352 I Netd    : Setting up BandwidthController hooks: 2.6ms
01-20 17:33:02.411   352   352 I Netd    : Setting up IdletimerController hooks: 0.1ms
01-20 17:33:02.417   352   352 I Netd    : Disabling bandwidth control: 5.3ms
01-20 17:33:02.419   352   352 I Netd    : Initializing RouteController: 2.1ms
01-20 17:33:02.420   352   352 D MDnsDS  : MDnsSdListener::Hander starting up
01-20 17:33:02.420   352   390 D MDnsDS  : MDnsSdListener starting to monitor
01-20 17:33:02.420   352   390 D MDnsDS  : Going to poll with pollCount 1
01-20 17:33:02.422     0     0 I subsys-pil-tz fe200000.qcom,lpass: adsp: Brought out of reset
01-20 17:33:02.423   352   352 I Netd    : Registering NetdNativeService: 2.1ms
01-20 17:33:02.423   352   352 I Netd    : Starting CommandListener: 0.4ms
01-20 17:33:02.423   352   352 I Netd    : Netd started in 236ms
01-20 17:33:02.463     0     0 I subsys-pil-tz fe200000.qcom,lpass: adsp: Power/Clock ready interrupt received
01-20 17:33:02.463     0     0 I subsys-pil-tz fe200000.qcom,lpass: Subsystem error monitoring/handling services are up
01-20 17:33:02.463     0     0 I init    : Command 'write /sys/kernel/boot_adsp/boot 1' action=early-boot (/init.qcom.rc:47) returned 0 took 311.485ms.
01-20 17:33:02.463     0     0 E L-Notify: Generel: 7
01-20 17:33:02.463     0     0 I init    : Service 'logd-reinit' (pid 355) exited with status 0
01-20 17:33:02.466     0     0 I msm8994-asoc-snd fe034000.sound: msm8994_asoc_machine_probe: No hdmi audio support
01-20 17:33:02.466     0     0 E msm8994-asoc-snd fe034000.sound: ASoC: CODEC tomtom_codec not registered
01-20 17:33:02.466     0     0 I platform fe034000.sound: Driver msm8994-asoc-snd requests probe deferral
01-20 17:33:02.468     0     0 I msm8994-asoc-snd fe034000.sound: msm8994_asoc_machine_probe: No hdmi audio support
01-20 17:33:02.468     0     0 I init    : processing action (boot)
01-20 17:33:02.468     0     0 E msm8994-asoc-snd fe034000.sound: ASoC: CODEC tomtom_codec not registered
01-20 17:33:02.468     0     0 I platform fe034000.sound: Driver msm8994-asoc-snd requests probe deferral
01-20 17:33:02.471   401   401 I auditd  : type=1400 audit(0.0:30): avc: denied { execute_no_trans } for comm="init" path="/system/vendor/bin/hw/android.hardware.ir@1.0-service.libra" dev="mmcblk0p41" ino=2674 scontext=u:r:init:s0 tcontext=u:object_r:vendor_file:s0 tclass=file permissive=1
01-20 17:33:02.471   401   401 I init    : type=1400 audit(0.0:30): avc: denied { execute_no_trans } for path="/system/vendor/bin/hw/android.hardware.ir@1.0-service.libra" dev="mmcblk0p41" ino=2674 scontext=u:r:init:s0 tcontext=u:object_r:vendor_file:s0 tclass=file permissive=1
01-20 17:33:02.471     0     0 I init    : computing context for service 'hidl_memory'
