01-20 18:27:51.480     0     0 E msm_compr_audio_effects_config_get: stream or effects inactive
01-20 18:27:51.480     0     0 E         : msm_pcm_volume_ctl_get substream runtime not found
01-20 18:27:51.480     0     0 E msm_compr_audio_effects_config_get: stream or effects inactive
01-20 18:27:51.481     0     0 I chatty  : uid=0(root) logd identical 1 line
01-20 18:27:51.481     0     0 E msm_compr_audio_effects_config_get: stream or effects inactive
01-20 18:27:51.482     0     0 E         : msm_pcm_volume_ctl_get substream or runtime not found
01-20 18:27:51.482     0     0 E         : msm_pcm_volume_ctl_get substream runtime not found
01-20 18:27:51.482     0     0 E msm_compr_audio_effects_config_get: stream or effects inactive
01-20 18:27:51.483     0     0 I chatty  : uid=0(root) logd identical 4 lines
01-20 18:27:51.484     0     0 E msm_compr_audio_effects_config_get: stream or effects inactive
01-20 18:27:51.484     0     0 E         : msm_pcm_volume_ctl_get substream runtime not found
01-20 18:27:50.355   450   450 I android.hardware.keymaster@3.0-impl: Could not find any keystore module, using software-only implementation.
01-20 18:27:50.357   418   418 D SurfaceFlinger: Set active color mode: HAL_COLOR_MODE_NATIVE (0), type=0
01-20 18:27:50.357   418   418 E HWC2On1Adapter: [1] Mode 0 not found in mColorModes
01-20 18:27:50.357   418   418 E HWComposer: setActiveConfig: Failed to set color mode 0 on display 0: Unsupported (8)
01-20 18:27:51.362     0     0 I ueventd : firmware: loading 'cmnlib.mdt' for '/devices/virtual/qseecom/qseecom/cmnlib.mdt'
01-20 18:27:51.364     0     0 W _cpu_up : attempt to bring up CPU 4 failed
01-20 18:27:51.367     0     0 W _cpu_up : attempt to bring up CPU 4 failed
01-20 18:27:51.367     0     0 W _cpu_up : attempt to bring up CPU 5 failed
01-20 18:27:51.371     0     0 I msm_thermal: freq_mitigation_notify Removing frequency mitigation for CPU5
01-20 18:27:51.401     0     0 I ueventd : loading /devices/soc.0/fe12f000.slim/tomtom-slim-pgd/tomtom_codec/firmware/cpe.b06 took 0.107887 seconds
01-20 18:27:51.401     0     0 I ueventd : loading /devices/virtual/qseecom/qseecom/cmnlib.mdt took 0.0384322 seconds
01-20 18:27:51.408     0     0 I ueventd : firmware: loading 'cpe.b08' for '/devices/soc.0/fe12f000.slim/tomtom-slim-pgd/tomtom_codec/firmware/cpe.b08'
01-20 18:27:51.417     0     0 I ueventd : firmware: loading 'cmnlib.b00' for '/devices/virtual/qseecom/qseecom/cmnlib.b00'
01-20 18:27:51.470     0     0 I init    : Service 'sysinit' (pid 424) exited with status 0
01-20 18:27:51.477     0     0 E         : msm_qti_pp_get_rms_value_control, back not active to query rms be_idx:3
01-20 18:27:51.479     0     0 E         : msm_pcm_volume_ctl_get substream runtime not found
01-20 18:27:51.479     0     0 I chatty  : uid=0(root) logd identical 1 line
01-20 18:27:51.480     0     0 E         : msm_pcm_volume_ctl_get substream runtime not found
01-20 18:27:51.480     0     0 E msm_compr_audio_effects_config_get: stream or effects inactive
01-20 18:27:51.480     0     0 E         : msm_pcm_volume_ctl_get substream runtime not found
01-20 18:27:51.480     0     0 E msm_compr_audio_effects_config_get: stream or effects inactive
01-20 18:27:51.481     0     0 I chatty  : uid=0(root) logd identical 1 line
01-20 18:27:51.481     0     0 E msm_compr_audio_effects_config_get: stream or effects inactive
01-20 18:27:51.482     0     0 E         : msm_pcm_volume_ctl_get substream or runtime not found
01-20 18:27:51.482     0     0 E         : msm_pcm_volume_ctl_get substream runtime not found
01-20 18:27:51.482     0     0 E msm_compr_audio_effects_config_get: stream or effects inactive
01-20 18:27:51.483     0     0 I chatty  : uid=0(root) logd identical 4 lines
01-20 18:27:51.484     0     0 E msm_compr_audio_effects_config_get: stream or effects inactive
01-20 18:27:51.484     0     0 E         : msm_pcm_volume_ctl_get substream runtime not found
01-20 18:27:50.364   445   445 E audio_route: Control 'MultiMedia8 Mixer SEC_AUX_PCM_UL_TX' doesn't exist - skipping
01-20 18:27:50.364   445   445 E audio_route: Control 'MultiMedia5 Mixer SEC_AUX_PCM_UL_TX' doesn't exist - skipping
01-20 18:27:50.364   445   445 E audio_route: Control 'MultiMedia5 Mixer PRI_MI2S_TX' doesn't exist - skipping
01-20 18:27:51.362     0     0 I ueventd : firmware: loading 'cmnlib.mdt' for '/devices/virtual/qseecom/qseecom/cmnlib.mdt'
01-20 18:27:51.364     0     0 W _cpu_up : attempt to bring up CPU 4 failed
01-20 18:27:51.367     0     0 W _cpu_up : attempt to bring up CPU 4 failed
01-20 18:27:51.367     0     0 W _cpu_up : attempt to bring up CPU 5 failed
01-20 18:27:51.371     0     0 I msm_thermal: freq_mitigation_notify Removing frequency mitigation for CPU5
01-20 18:27:51.401     0     0 I ueventd : loading /devices/soc.0/fe12f000.slim/tomtom-slim-pgd/tomtom_codec/firmware/cpe.b06 took 0.107887 seconds
01-20 18:27:51.401     0     0 I ueventd : loading /devices/virtual/qseecom/qseecom/cmnlib.mdt took 0.0384322 seconds
01-20 18:27:51.408     0     0 I ueventd : firmware: loading 'cpe.b08' for '/devices/soc.0/fe12f000.slim/tomtom-slim-pgd/tomtom_codec/firmware/cpe.b08'
01-20 18:27:51.417     0     0 I ueventd : firmware: loading 'cmnlib.b00' for '/devices/virtual/qseecom/qseecom/cmnlib.b00'
01-20 18:27:51.470     0     0 I init    : Service 'sysinit' (pid 424) exited with status 0
01-20 18:27:51.477     0     0 E         : msm_qti_pp_get_rms_value_control, back not active to query rms be_idx:3
01-20 18:27:51.479     0     0 E         : msm_pcm_volume_ctl_get substream runtime not found
01-20 18:27:51.479     0     0 I chatty  : uid=0(root) logd identical 1 line
01-20 18:27:51.480     0     0 E         : msm_pcm_volume_ctl_get substream runtime not found
01-20 18:27:51.480     0     0 E msm_compr_audio_effects_config_get: stream or effects inactive
01-20 18:27:51.480     0     0 E         : msm_pcm_volume_ctl_get substream runtime not found
01-20 18:27:51.480     0     0 E msm_compr_audio_effects_config_get: stream or effects inactive
01-20 18:27:51.481     0     0 I chatty  : uid=0(root) logd identical 1 line
01-20 18:27:51.481     0     0 E msm_compr_audio_effects_config_get: stream or effects inactive
01-20 18:27:51.482     0     0 E         : msm_pcm_volume_ctl_get substream or runtime not found
01-20 18:27:51.482     0     0 E         : msm_pcm_volume_ctl_get substream runtime not found
01-20 18:27:51.482     0     0 E msm_compr_audio_effects_config_get: stream or effects inactive
01-20 18:27:51.483     0     0 I chatty  : uid=0(root) logd identical 4 lines
01-20 18:27:51.484     0     0 E msm_compr_audio_effects_config_get: stream or effects inactive
01-20 18:27:51.484     0     0 E         : msm_pcm_volume_ctl_get substream runtime not found
01-20 18:27:50.374   445   445 E audio_route: Control 'RDAC3 MUX' doesn't exist - skipping
01-20 18:27:51.362     0     0 I ueventd : firmware: loading 'cmnlib.mdt' for '/devices/virtual/qseecom/qseecom/cmnlib.mdt'
01-20 18:27:51.364     0     0 W _cpu_up : attempt to bring up CPU 4 failed
01-20 18:27:51.367     0     0 W _cpu_up : attempt to bring up CPU 4 failed
01-20 18:27:51.367     0     0 W _cpu_up : attempt to bring up CPU 5 failed
01-20 18:27:51.371     0     0 I msm_thermal: freq_mitigation_notify Removing frequency mitigation for CPU5
01-20 18:27:51.401     0     0 I ueventd : loading /devices/soc.0/fe12f000.slim/tomtom-slim-pgd/tomtom_codec/firmware/cpe.b06 took 0.107887 seconds
01-20 18:27:51.401     0     0 I ueventd : loading /devices/virtual/qseecom/qseecom/cmnlib.mdt took 0.0384322 seconds
01-20 18:27:51.408     0     0 I ueventd : firmware: loading 'cpe.b08' for '/devices/soc.0/fe12f000.slim/tomtom-slim-pgd/tomtom_codec/firmware/cpe.b08'
01-20 18:27:51.417     0     0 I ueventd : firmware: loading 'cmnlib.b00' for '/devices/virtual/qseecom/qseecom/cmnlib.b00'
01-20 18:27:51.470     0     0 I init    : Service 'sysinit' (pid 424) exited with status 0
01-20 18:27:51.477     0     0 E         : msm_qti_pp_get_rms_value_control, back not active to query rms be_idx:3
01-20 18:27:51.479     0     0 E         : msm_pcm_volume_ctl_get substream runtime not found
01-20 18:27:51.479     0     0 I chatty  : uid=0(root) logd identical 1 line
01-20 18:27:51.480     0     0 E         : msm_pcm_volume_ctl_get substream runtime not found
01-20 18:27:51.480     0     0 E msm_compr_audio_effects_config_get: stream or effects inactive
01-20 18:27:51.480     0     0 E         : msm_pcm_volume_ctl_get substream runtime not found
01-20 18:27:51.480     0     0 E msm_compr_audio_effects_config_get: stream or effects inactive
01-20 18:27:51.481     0     0 I chatty  : uid=0(root) logd identical 1 line
01-20 18:27:51.481     0     0 E msm_compr_audio_effects_config_get: stream or effects inactive
01-20 18:27:51.482     0     0 E         : msm_pcm_volume_ctl_get substream or runtime not found
01-20 18:27:51.482     0     0 E         : msm_pcm_volume_ctl_get substream runtime not found
01-20 18:27:51.482     0     0 E msm_compr_audio_effects_config_get: stream or effects inactive
01-20 18:27:51.483     0     0 I chatty  : uid=0(root) logd identical 4 lines
01-20 18:27:51.484     0     0 E msm_compr_audio_effects_config_get: stream or effects inactive
01-20 18:27:51.484     0     0 E         : msm_pcm_volume_ctl_get substream runtime not found
01-20 18:27:50.390   445   445 D msm8974_platform: platform_init: Opened sound card:0
01-20 18:27:51.362     0     0 I ueventd : firmware: loading 'cmnlib.mdt' for '/devices/virtual/qseecom/qseecom/cmnlib.mdt'
01-20 18:27:51.364     0     0 W _cpu_up : attempt to bring up CPU 4 failed
01-20 18:27:51.367     0     0 W _cpu_up : attempt to bring up CPU 4 failed
01-20 18:27:51.367     0     0 W _cpu_up : attempt to bring up CPU 5 failed
01-20 18:27:51.371     0     0 I msm_thermal: freq_mitigation_notify Removing frequency mitigation for CPU5
01-20 18:27:51.401     0     0 I ueventd : loading /devices/soc.0/fe12f000.slim/tomtom-slim-pgd/tomtom_codec/firmware/cpe.b06 took 0.107887 seconds
01-20 18:27:51.401     0     0 I ueventd : loading /devices/virtual/qseecom/qseecom/cmnlib.mdt took 0.0384322 seconds
01-20 18:27:51.408     0     0 I ueventd : firmware: loading 'cpe.b08' for '/devices/soc.0/fe12f000.slim/tomtom-slim-pgd/tomtom_codec/firmware/cpe.b08'
01-20 18:27:51.417     0     0 I ueventd : firmware: loading 'cmnlib.b00' for '/devices/virtual/qseecom/qseecom/cmnlib.b00'
01-20 18:27:51.470     0     0 I init    : Service 'sysinit' (pid 424) exited with status 0
01-20 18:27:51.477     0     0 E         : msm_qti_pp_get_rms_value_control, back not active to query rms be_idx:3
01-20 18:27:51.479     0     0 E         : msm_pcm_volume_ctl_get substream runtime not found
01-20 18:27:51.479     0     0 I chatty  : uid=0(root) logd identical 1 line
01-20 18:27:51.480     0     0 E         : msm_pcm_volume_ctl_get substream runtime not found
01-20 18:27:51.480     0     0 E msm_compr_audio_effects_config_get: stream or effects inactive
01-20 18:27:51.480     0     0 E         : msm_pcm_volume_ctl_get substream runtime not found
01-20 18:27:51.480     0     0 E msm_compr_audio_effects_config_get: stream or effects inactive
01-20 18:27:51.481     0     0 I chatty  : uid=0(root) logd identical 1 line
01-20 18:27:51.481     0     0 E msm_compr_audio_effects_config_get: stream or effects inactive
01-20 18:27:51.482     0     0 E         : msm_pcm_volume_ctl_get substream or runtime not found
01-20 18:27:51.482     0     0 E         : msm_pcm_volume_ctl_get substream runtime not found
01-20 18:27:51.482     0     0 E msm_compr_audio_effects_config_get: stream or effects inactive
01-20 18:27:51.483     0     0 I chatty  : uid=0(root) logd identical 4 lines
01-20 18:27:51.484     0     0 E msm_compr_audio_effects_config_get: stream or effects inactive
01-20 18:27:51.484     0     0 E         : msm_pcm_volume_ctl_get substream runtime not found
01-20 18:27:50.403   445   445 E msm8974_platform: platform_init: Could not find the symbol acdb_get_default_app_type from libacdbloader.so
01-20 18:27:51.362     0     0 I ueventd : firmware: loading 'cmnlib.mdt' for '/devices/virtual/qseecom/qseecom/cmnlib.mdt'
01-20 18:27:51.364     0     0 W _cpu_up : attempt to bring up CPU 4 failed
01-20 18:27:51.367     0     0 W _cpu_up : attempt to bring up CPU 4 failed
01-20 18:27:51.367     0     0 W _cpu_up : attempt to bring up CPU 5 failed
01-20 18:27:51.371     0     0 I msm_thermal: freq_mitigation_notify Removing frequency mitigation for CPU5
01-20 18:27:51.401     0     0 I ueventd : loading /devices/soc.0/fe12f000.slim/tomtom-slim-pgd/tomtom_codec/firmware/cpe.b06 took 0.107887 seconds
01-20 18:27:51.401     0     0 I ueventd : loading /devices/virtual/qseecom/qseecom/cmnlib.mdt took 0.0384322 seconds
01-20 18:27:51.408     0     0 I ueventd : firmware: loading 'cpe.b08' for '/devices/soc.0/fe12f000.slim/tomtom-slim-pgd/tomtom_codec/firmware/cpe.b08'
01-20 18:27:51.417     0     0 I ueventd : firmware: loading 'cmnlib.b00' for '/devices/virtual/qseecom/qseecom/cmnlib.b00'
01-20 18:27:51.470     0     0 I init    : Service 'sysinit' (pid 424) exited with status 0
01-20 18:27:51.477     0     0 E         : msm_qti_pp_get_rms_value_control, back not active to query rms be_idx:3
01-20 18:27:51.479     0     0 E         : msm_pcm_volume_ctl_get substream runtime not found
01-20 18:27:51.479     0     0 I chatty  : uid=0(root) logd identical 1 line
01-20 18:27:51.480     0     0 E         : msm_pcm_volume_ctl_get substream runtime not found
01-20 18:27:51.480     0     0 E msm_compr_audio_effects_config_get: stream or effects inactive
01-20 18:27:51.480     0     0 E         : msm_pcm_volume_ctl_get substream runtime not found
01-20 18:27:51.480     0     0 E msm_compr_audio_effects_config_get: stream or effects inactive
01-20 18:27:51.481     0     0 I chatty  : uid=0(root) logd identical 1 line
01-20 18:27:51.481     0     0 E msm_compr_audio_effects_config_get: stream or effects inactive
01-20 18:27:51.482     0     0 E         : msm_pcm_volume_ctl_get substream or runtime not found
01-20 18:27:51.482     0     0 E         : msm_pcm_volume_ctl_get substream runtime not found
01-20 18:27:51.482     0     0 E msm_compr_audio_effects_config_get: stream or effects inactive
01-20 18:27:51.483     0     0 I chatty  : uid=0(root) logd identical 4 lines
01-20 18:27:51.484     0     0 E msm_compr_audio_effects_config_get: stream or effects inactive
01-20 18:27:51.484     0     0 E         : msm_pcm_volume_ctl_get substream runtime not found
01-20 18:27:50.404   445   445 D ACDB-LOADER: ACDB -> Load file: /etc/acdbdata/Forte/Forte_Bluetooth_cal.acdb
01-20 18:27:50.404   445   445 D ACDB-LOADER: ACDB -> Load file: /etc/acdbdata/Forte/Forte_General_cal.acdb
01-20 18:27:50.404   445   445 D ACDB-LOADER: ACDB -> Load file: /etc/acdbdata/Forte/Forte_Global_cal.acdb
01-20 18:27:50.404   445   445 D ACDB-LOADER: ACDB -> Load file: /etc/acdbdata/Forte/Forte_Handset_cal.acdb
01-20 18:27:50.404   445   445 D ACDB-LOADER: ACDB -> Load file: /etc/acdbdata/Forte/Forte_Hdmi_cal.acdb
01-20 18:27:50.404   445   445 D ACDB-LOADER: ACDB -> Load file: /etc/acdbdata/Forte/Forte_Headset_cal.acdb
01-20 18:27:50.404   445   445 D ACDB-LOADER: ACDB -> Load file: /etc/acdbdata/Forte/Forte_Speaker_cal.acdb
01-20 18:27:50.404   445   445 I ACDB-LOADER: ACDB -> Info: Loaded ForteMedia ACDB!
01-20 18:27:50.404   445   445 D ACDB-LOADER: ACDB -> ACDB_CMD_INITIALIZE_V2
01-20 18:27:51.362     0     0 I ueventd : firmware: loading 'cmnlib.mdt' for '/devices/virtual/qseecom/qseecom/cmnlib.mdt'
01-20 18:27:51.364     0     0 W _cpu_up : attempt to bring up CPU 4 failed
01-20 18:27:51.367     0     0 W _cpu_up : attempt to bring up CPU 4 failed
01-20 18:27:51.367     0     0 W _cpu_up : attempt to bring up CPU 5 failed
01-20 18:27:51.371     0     0 I msm_thermal: freq_mitigation_notify Removing frequency mitigation for CPU5
01-20 18:27:51.401     0     0 I ueventd : loading /devices/soc.0/fe12f000.slim/tomtom-slim-pgd/tomtom_codec/firmware/cpe.b06 took 0.107887 seconds
01-20 18:27:51.401     0     0 I ueventd : loading /devices/virtual/qseecom/qseecom/cmnlib.mdt took 0.0384322 seconds
01-20 18:27:51.408     0     0 I ueventd : firmware: loading 'cpe.b08' for '/devices/soc.0/fe12f000.slim/tomtom-slim-pgd/tomtom_codec/firmware/cpe.b08'
01-20 18:27:51.417     0     0 I ueventd : firmware: loading 'cmnlib.b00' for '/devices/virtual/qseecom/qseecom/cmnlib.b00'
01-20 18:27:51.470     0     0 I init    : Service 'sysinit' (pid 424) exited with status 0
01-20 18:27:51.477     0     0 E         : msm_qti_pp_get_rms_value_control, back not active to query rms be_idx:3
01-20 18:27:51.479     0     0 E         : msm_pcm_volume_ctl_get substream runtime not found
01-20 18:27:51.479     0     0 I chatty  : uid=0(root) logd identical 1 line
01-20 18:27:51.480     0     0 E         : msm_pcm_volume_ctl_get substream runtime not found
01-20 18:27:51.480     0     0 E msm_compr_audio_effects_config_get: stream or effects inactive
01-20 18:27:51.480     0     0 E         : msm_pcm_volume_ctl_get substream runtime not found
01-20 18:27:51.480     0     0 E msm_compr_audio_effects_config_get: stream or effects inactive
01-20 18:27:51.481     0     0 I chatty  : uid=0(root) logd identical 1 line
01-20 18:27:51.481     0     0 E msm_compr_audio_effects_config_get: stream or effects inactive
01-20 18:27:51.482     0     0 E         : msm_pcm_volume_ctl_get substream or runtime not found
01-20 18:27:51.482     0     0 E         : msm_pcm_volume_ctl_get substream runtime not found
01-20 18:27:51.482     0     0 E msm_compr_audio_effects_config_get: stream or effects inactive
01-20 18:27:51.483     0     0 I chatty  : uid=0(root) logd identical 4 lines
01-20 18:27:51.484     0     0 E msm_compr_audio_effects_config_get: stream or effects inactive
01-20 18:27:51.484     0     0 E         : msm_pcm_volume_ctl_get substream runtime not found
01-20 18:27:50.405   445   445 D         : [ACDB Command]->SW Minor/Major/Revision version info for /etc/acdbdata/Forte/Forte_Bluetooth_cal.acdb
01-20 18:27:50.405   445   445 D         : [ACDB Command]->ACDB Sw Major = 5, ACDB Sw Minor = 0, ACDB Sw Revision = 4
01-20 18:27:50.405   445   445 D         : [ACDB Command]->ACDB File Major = 4, ACDB File Minor = 2, ACDB File Revision = 1
01-20 18:27:51.362     0     0 I ueventd : firmware: loading 'cmnlib.mdt' for '/devices/virtual/qseecom/qseecom/cmnlib.mdt'
01-20 18:27:51.364     0     0 W _cpu_up : attempt to bring up CPU 4 failed
01-20 18:27:51.367     0     0 W _cpu_up : attempt to bring up CPU 4 failed
01-20 18:27:51.367     0     0 W _cpu_up : attempt to bring up CPU 5 failed
01-20 18:27:51.371     0     0 I msm_thermal: freq_mitigation_notify Removing frequency mitigation for CPU5
01-20 18:27:51.401     0     0 I ueventd : loading /devices/soc.0/fe12f000.slim/tomtom-slim-pgd/tomtom_codec/firmware/cpe.b06 took 0.107887 seconds
01-20 18:27:51.401     0     0 I ueventd : loading /devices/virtual/qseecom/qseecom/cmnlib.mdt took 0.0384322 seconds
01-20 18:27:51.408     0     0 I ueventd : firmware: loading 'cpe.b08' for '/devices/soc.0/fe12f000.slim/tomtom-slim-pgd/tomtom_codec/firmware/cpe.b08'
01-20 18:27:51.417     0     0 I ueventd : firmware: loading 'cmnlib.b00' for '/devices/virtual/qseecom/qseecom/cmnlib.b00'
01-20 18:27:51.470     0     0 I init    : Service 'sysinit' (pid 424) exited with status 0
01-20 18:27:51.477     0     0 E         : msm_qti_pp_get_rms_value_control, back not active to query rms be_idx:3
01-20 18:27:51.479     0     0 E         : msm_pcm_volume_ctl_get substream runtime not found
01-20 18:27:51.479     0     0 I chatty  : uid=0(root) logd identical 1 line
01-20 18:27:51.480     0     0 E         : msm_pcm_volume_ctl_get substream runtime not found
01-20 18:27:51.480     0     0 E msm_compr_audio_effects_config_get: stream or effects inactive
01-20 18:27:51.480     0     0 E         : msm_pcm_volume_ctl_get substream runtime not found
01-20 18:27:51.480     0     0 E msm_compr_audio_effects_config_get: stream or effects inactive
01-20 18:27:51.481     0     0 I chatty  : uid=0(root) logd identical 1 line
01-20 18:27:51.481     0     0 E msm_compr_audio_effects_config_get: stream or effects inactive
01-20 18:27:51.482     0     0 E         : msm_pcm_volume_ctl_get substream or runtime not found
01-20 18:27:51.482     0     0 E         : msm_pcm_volume_ctl_get substream runtime not found
01-20 18:27:51.482     0     0 E msm_compr_audio_effects_config_get: stream or effects inactive
01-20 18:27:51.483     0     0 I chatty  : uid=0(root) logd identical 4 lines
01-20 18:27:51.484     0     0 E msm_compr_audio_effects_config_get: stream or effects inactive
01-20 18:27:51.484     0     0 E         : msm_pcm_volume_ctl_get substream runtime not found
01-20 18:27:50.406   445   445 D         : [ACDB Command]->SW Minor/Major/Revision version info for /etc/acdbdata/Forte/Forte_General_cal.acdb
01-20 18:27:50.406   445   445 D         : [ACDB Command]->ACDB Sw Major = 5, ACDB Sw Minor = 0, ACDB Sw Revision = 4
01-20 18:27:50.406   445   445 D         : [ACDB Command]->ACDB File Major = 4, ACDB File Minor = 2, ACDB File Revision = 1
01-20 18:27:51.362     0     0 I ueventd : firmware: loading 'cmnlib.mdt' for '/devices/virtual/qseecom/qseecom/cmnlib.mdt'
01-20 18:27:51.364     0     0 W _cpu_up : attempt to bring up CPU 4 failed
01-20 18:27:51.367     0     0 W _cpu_up : attempt to bring up CPU 4 failed
01-20 18:27:51.367     0     0 W _cpu_up : attempt to bring up CPU 5 failed
01-20 18:27:51.371     0     0 I msm_thermal: freq_mitigation_notify Removing frequency mitigation for CPU5
01-20 18:27:51.401     0     0 I ueventd : loading /devices/soc.0/fe12f000.slim/tomtom-slim-pgd/tomtom_codec/firmware/cpe.b06 took 0.107887 seconds
01-20 18:27:51.401     0     0 I ueventd : loading /devices/virtual/qseecom/qseecom/cmnlib.mdt took 0.0384322 seconds
01-20 18:27:51.408     0     0 I ueventd : firmware: loading 'cpe.b08' for '/devices/soc.0/fe12f000.slim/tomtom-slim-pgd/tomtom_codec/firmware/cpe.b08'
01-20 18:27:51.417     0     0 I ueventd : firmware: loading 'cmnlib.b00' for '/devices/virtual/qseecom/qseecom/cmnlib.b00'
01-20 18:27:51.470     0     0 I init    : Service 'sysinit' (pid 424) exited with status 0
01-20 18:27:51.477     0     0 E         : msm_qti_pp_get_rms_value_control, back not active to query rms be_idx:3
01-20 18:27:51.479     0     0 E         : msm_pcm_volume_ctl_get substream runtime not found
01-20 18:27:51.479     0     0 I chatty  : uid=0(root) logd identical 1 line
01-20 18:27:51.480     0     0 E         : msm_pcm_volume_ctl_get substream runtime not found
01-20 18:27:51.480     0     0 E msm_compr_audio_effects_config_get: stream or effects inactive
01-20 18:27:51.480     0     0 E         : msm_pcm_volume_ctl_get substream runtime not found
01-20 18:27:51.480     0     0 E msm_compr_audio_effects_config_get: stream or effects inactive
01-20 18:27:51.481     0     0 I chatty  : uid=0(root) logd identical 1 line
01-20 18:27:51.481     0     0 E msm_compr_audio_effects_config_get: stream or effects inactive
01-20 18:27:51.482     0     0 E         : msm_pcm_volume_ctl_get substream or runtime not found
01-20 18:27:51.482     0     0 E         : msm_pcm_volume_ctl_get substream runtime not found
01-20 18:27:51.482     0     0 E msm_compr_audio_effects_config_get: stream or effects inactive
01-20 18:27:51.483     0     0 I chatty  : uid=0(root) logd identical 4 lines
01-20 18:27:51.484     0     0 E msm_compr_audio_effects_config_get: stream or effects inactive
01-20 18:27:51.484     0     0 E         : msm_pcm_volume_ctl_get substream runtime not found
01-20 18:27:50.407   445   445 D         : [ACDB Command]->SW Minor/Major/Revision version info for /etc/acdbdata/Forte/Forte_Global_cal.acdb
01-20 18:27:50.407   445   445 D         : [ACDB Command]->ACDB Sw Major = 5, ACDB Sw Minor = 0, ACDB Sw Revision = 4
01-20 18:27:50.407   445   445 D         : [ACDB Command]->ACDB File Major = 4, ACDB File Minor = 2, ACDB File Revision = 1
01-20 18:27:51.362     0     0 I ueventd : firmware: loading 'cmnlib.mdt' for '/devices/virtual/qseecom/qseecom/cmnlib.mdt'
01-20 18:27:51.364     0     0 W _cpu_up : attempt to bring up CPU 4 failed
01-20 18:27:51.367     0     0 W _cpu_up : attempt to bring up CPU 4 failed
01-20 18:27:51.367     0     0 W _cpu_up : attempt to bring up CPU 5 failed
01-20 18:27:51.371     0     0 I msm_thermal: freq_mitigation_notify Removing frequency mitigation for CPU5
01-20 18:27:51.401     0     0 I ueventd : loading /devices/soc.0/fe12f000.slim/tomtom-slim-pgd/tomtom_codec/firmware/cpe.b06 took 0.107887 seconds
01-20 18:27:51.401     0     0 I ueventd : loading /devices/virtual/qseecom/qseecom/cmnlib.mdt took 0.0384322 seconds
01-20 18:27:51.408     0     0 I ueventd : firmware: loading 'cpe.b08' for '/devices/soc.0/fe12f000.slim/tomtom-slim-pgd/tomtom_codec/firmware/cpe.b08'
01-20 18:27:51.417     0     0 I ueventd : firmware: loading 'cmnlib.b00' for '/devices/virtual/qseecom/qseecom/cmnlib.b00'
01-20 18:27:51.470     0     0 I init    : Service 'sysinit' (pid 424) exited with status 0
01-20 18:27:51.477     0     0 E         : msm_qti_pp_get_rms_value_control, back not active to query rms be_idx:3
01-20 18:27:51.479     0     0 E         : msm_pcm_volume_ctl_get substream runtime not found
01-20 18:27:51.479     0     0 I chatty  : uid=0(root) logd identical 1 line
01-20 18:27:51.480     0     0 E         : msm_pcm_volume_ctl_get substream runtime not found
01-20 18:27:51.480     0     0 E msm_compr_audio_effects_config_get: stream or effects inactive
01-20 18:27:51.480     0     0 E         : msm_pcm_volume_ctl_get substream runtime not found
01-20 18:27:51.480     0     0 E msm_compr_audio_effects_config_get: stream or effects inactive
01-20 18:27:51.481     0     0 I chatty  : uid=0(root) logd identical 1 line
01-20 18:27:51.481     0     0 E msm_compr_audio_effects_config_get: stream or effects inactive
01-20 18:27:51.482     0     0 E         : msm_pcm_volume_ctl_get substream or runtime not found
01-20 18:27:51.482     0     0 E         : msm_pcm_volume_ctl_get substream runtime not found
01-20 18:27:51.482     0     0 E msm_compr_audio_effects_config_get: stream or effects inactive
01-20 18:27:51.483     0     0 I chatty  : uid=0(root) logd identical 4 lines
01-20 18:27:51.484     0     0 E msm_compr_audio_effects_config_get: stream or effects inactive
01-20 18:27:51.484     0     0 E         : msm_pcm_volume_ctl_get substream runtime not found
01-20 18:27:50.409   445   445 D         : [ACDB Command]->SW Minor/Major/Revision version info for /etc/acdbdata/Forte/Forte_Handset_cal.acdb
01-20 18:27:50.409   445   445 D         : [ACDB Command]->ACDB Sw Major = 5, ACDB Sw Minor = 0, ACDB Sw Revision = 4
01-20 18:27:50.409   445   445 D         : [ACDB Command]->ACDB File Major = 4, ACDB File Minor = 2, ACDB File Revision = 1
01-20 18:27:51.362     0     0 I ueventd : firmware: loading 'cmnlib.mdt' for '/devices/virtual/qseecom/qseecom/cmnlib.mdt'
01-20 18:27:51.364     0     0 W _cpu_up : attempt to bring up CPU 4 failed
01-20 18:27:51.367     0     0 W _cpu_up : attempt to bring up CPU 4 failed
01-20 18:27:51.367     0     0 W _cpu_up : attempt to bring up CPU 5 failed
01-20 18:27:51.371     0     0 I msm_thermal: freq_mitigation_notify Removing frequency mitigation for CPU5
01-20 18:27:51.401     0     0 I ueventd : loading /devices/soc.0/fe12f000.slim/tomtom-slim-pgd/tomtom_codec/firmware/cpe.b06 took 0.107887 seconds
01-20 18:27:51.401     0     0 I ueventd : loading /devices/virtual/qseecom/qseecom/cmnlib.mdt took 0.0384322 seconds
01-20 18:27:51.408     0     0 I ueventd : firmware: loading 'cpe.b08' for '/devices/soc.0/fe12f000.slim/tomtom-slim-pgd/tomtom_codec/firmware/cpe.b08'
01-20 18:27:51.417     0     0 I ueventd : firmware: loading 'cmnlib.b00' for '/devices/virtual/qseecom/qseecom/cmnlib.b00'
01-20 18:27:51.470     0     0 I init    : Service 'sysinit' (pid 424) exited with status 0
01-20 18:27:51.477     0     0 E         : msm_qti_pp_get_rms_value_control, back not active to query rms be_idx:3
01-20 18:27:51.479     0     0 E         : msm_pcm_volume_ctl_get substream runtime not found
01-20 18:27:51.479     0     0 I chatty  : uid=0(root) logd identical 1 line
01-20 18:27:51.480     0     0 E         : msm_pcm_volume_ctl_get substream runtime not found
01-20 18:27:51.480     0     0 E msm_compr_audio_effects_config_get: stream or effects inactive
01-20 18:27:51.480     0     0 E         : msm_pcm_volume_ctl_get substream runtime not found
01-20 18:27:51.480     0     0 E msm_compr_audio_effects_config_get: stream or effects inactive
01-20 18:27:51.481     0     0 I chatty  : uid=0(root) logd identical 1 line
01-20 18:27:51.481     0     0 E msm_compr_audio_effects_config_get: stream or effects inactive
01-20 18:27:51.482     0     0 E         : msm_pcm_volume_ctl_get substream or runtime not found
01-20 18:27:51.482     0     0 E         : msm_pcm_volume_ctl_get substream runtime not found
01-20 18:27:51.482     0     0 E msm_compr_audio_effects_config_get: stream or effects inactive
01-20 18:27:51.483     0     0 I chatty  : uid=0(root) logd identical 4 lines
01-20 18:27:51.484     0     0 E msm_compr_audio_effects_config_get: stream or effects inactive
01-20 18:27:51.484     0     0 E         : msm_pcm_volume_ctl_get substream runtime not found
01-20 18:27:50.409   445   445 D         : [ACDB Command]->SW Minor/Major/Revision version info for /etc/acdbdata/Forte/Forte_Hdmi_cal.acdb
01-20 18:27:50.410   445   445 D         : [ACDB Command]->ACDB Sw Major = 5, ACDB Sw Minor = 0, ACDB Sw Revision = 4
01-20 18:27:51.362     0     0 I ueventd : firmware: loading 'cmnlib.mdt' for '/devices/virtual/qseecom/qseecom/cmnlib.mdt'
01-20 18:27:51.364     0     0 W _cpu_up : attempt to bring up CPU 4 failed
01-20 18:27:51.367     0     0 W _cpu_up : attempt to bring up CPU 4 failed
01-20 18:27:51.367     0     0 W _cpu_up : attempt to bring up CPU 5 failed
01-20 18:27:51.371     0     0 I msm_thermal: freq_mitigation_notify Removing frequency mitigation for CPU5
01-20 18:27:51.401     0     0 I ueventd : loading /devices/soc.0/fe12f000.slim/tomtom-slim-pgd/tomtom_codec/firmware/cpe.b06 took 0.107887 seconds
01-20 18:27:51.401     0     0 I ueventd : loading /devices/virtual/qseecom/qseecom/cmnlib.mdt took 0.0384322 seconds
01-20 18:27:51.408     0     0 I ueventd : firmware: loading 'cpe.b08' for '/devices/soc.0/fe12f000.slim/tomtom-slim-pgd/tomtom_codec/firmware/cpe.b08'
01-20 18:27:51.417     0     0 I ueventd : firmware: loading 'cmnlib.b00' for '/devices/virtual/qseecom/qseecom/cmnlib.b00'
01-20 18:27:51.470     0     0 I init    : Service 'sysinit' (pid 424) exited with status 0
01-20 18:27:51.477     0     0 E         : msm_qti_pp_get_rms_value_control, back not active to query rms be_idx:3
01-20 18:27:51.479     0     0 E         : msm_pcm_volume_ctl_get substream runtime not found
01-20 18:27:51.479     0     0 I chatty  : uid=0(root) logd identical 1 line
01-20 18:27:51.480     0     0 E         : msm_pcm_volume_ctl_get substream runtime not found
01-20 18:27:51.480     0     0 E msm_compr_audio_effects_config_get: stream or effects inactive
01-20 18:27:51.480     0     0 E         : msm_pcm_volume_ctl_get substream runtime not found
01-20 18:27:51.480     0     0 E msm_compr_audio_effects_config_get: stream or effects inactive
01-20 18:27:51.481     0     0 I chatty  : uid=0(root) logd identical 1 line
01-20 18:27:51.481     0     0 E msm_compr_audio_effects_config_get: stream or effects inactive
01-20 18:27:51.482     0     0 E         : msm_pcm_volume_ctl_get substream or runtime not found
01-20 18:27:51.482     0     0 E         : msm_pcm_volume_ctl_get substream runtime not found
01-20 18:27:51.482     0     0 E msm_compr_audio_effects_config_get: stream or effects inactive
01-20 18:27:51.483     0     0 I chatty  : uid=0(root) logd identical 4 lines
01-20 18:27:51.484     0     0 E msm_compr_audio_effects_config_get: stream or effects inactive
01-20 18:27:51.484     0     0 E         : msm_pcm_volume_ctl_get substream runtime not found
01-20 18:27:50.410   445   445 D         : [ACDB Command]->ACDB File Major = 4, ACDB File Minor = 2, ACDB File Revision = 1
01-20 18:27:51.362     0     0 I ueventd : firmware: loading 'cmnlib.mdt' for '/devices/virtual/qseecom/qseecom/cmnlib.mdt'
01-20 18:27:51.364     0     0 W _cpu_up : attempt to bring up CPU 4 failed
01-20 18:27:51.367     0     0 W _cpu_up : attempt to bring up CPU 4 failed
01-20 18:27:51.367     0     0 W _cpu_up : attempt to bring up CPU 5 failed
01-20 18:27:51.371     0     0 I msm_thermal: freq_mitigation_notify Removing frequency mitigation for CPU5
01-20 18:27:51.401     0     0 I ueventd : loading /devices/soc.0/fe12f000.slim/tomtom-slim-pgd/tomtom_codec/firmware/cpe.b06 took 0.107887 seconds
01-20 18:27:51.401     0     0 I ueventd : loading /devices/virtual/qseecom/qseecom/cmnlib.mdt took 0.0384322 seconds
01-20 18:27:51.408     0     0 I ueventd : firmware: loading 'cpe.b08' for '/devices/soc.0/fe12f000.slim/tomtom-slim-pgd/tomtom_codec/firmware/cpe.b08'
01-20 18:27:51.417     0     0 I ueventd : firmware: loading 'cmnlib.b00' for '/devices/virtual/qseecom/qseecom/cmnlib.b00'
01-20 18:27:51.470     0     0 I init    : Service 'sysinit' (pid 424) exited with status 0
01-20 18:27:51.477     0     0 E         : msm_qti_pp_get_rms_value_control, back not active to query rms be_idx:3
01-20 18:27:51.479     0     0 E         : msm_pcm_volume_ctl_get substream runtime not found
01-20 18:27:51.479     0     0 I chatty  : uid=0(root) logd identical 1 line
01-20 18:27:51.480     0     0 E         : msm_pcm_volume_ctl_get substream runtime not found
01-20 18:27:51.480     0     0 E msm_compr_audio_effects_config_get: stream or effects inactive
01-20 18:27:51.480     0     0 E         : msm_pcm_volume_ctl_get substream runtime not found
01-20 18:27:51.480     0     0 E msm_compr_audio_effects_config_get: stream or effects inactive
01-20 18:27:51.481     0     0 I chatty  : uid=0(root) logd identical 1 line
01-20 18:27:51.481     0     0 E msm_compr_audio_effects_config_get: stream or effects inactive
01-20 18:27:51.482     0     0 E         : msm_pcm_volume_ctl_get substream or runtime not found
01-20 18:27:51.482     0     0 E         : msm_pcm_volume_ctl_get substream runtime not found
01-20 18:27:51.482     0     0 E msm_compr_audio_effects_config_get: stream or effects inactive
01-20 18:27:51.483     0     0 I chatty  : uid=0(root) logd identical 4 lines
01-20 18:27:51.484     0     0 E msm_compr_audio_effects_config_get: stream or effects inactive
01-20 18:27:51.484     0     0 E         : msm_pcm_volume_ctl_get substream runtime not found
01-20 18:27:50.411   445   445 D         : [ACDB Command]->SW Minor/Major/Revision version info for /etc/acdbdata/Forte/Forte_Headset_cal.acdb
01-20 18:27:50.411   445   445 D         : [ACDB Command]->ACDB Sw Major = 5, ACDB Sw Minor = 0, ACDB Sw Revision = 4
01-20 18:27:50.411   445   445 D         : [ACDB Command]->ACDB File Major = 4, ACDB File Minor = 2, ACDB File Revision = 1
01-20 18:27:51.362     0     0 I ueventd : firmware: loading 'cmnlib.mdt' for '/devices/virtual/qseecom/qseecom/cmnlib.mdt'
01-20 18:27:51.364     0     0 W _cpu_up : attempt to bring up CPU 4 failed
01-20 18:27:51.367     0     0 W _cpu_up : attempt to bring up CPU 4 failed
01-20 18:27:51.367     0     0 W _cpu_up : attempt to bring up CPU 5 failed
01-20 18:27:51.371     0     0 I msm_thermal: freq_mitigation_notify Removing frequency mitigation for CPU5
01-20 18:27:51.401     0     0 I ueventd : loading /devices/soc.0/fe12f000.slim/tomtom-slim-pgd/tomtom_codec/firmware/cpe.b06 took 0.107887 seconds
01-20 18:27:51.401     0     0 I ueventd : loading /devices/virtual/qseecom/qseecom/cmnlib.mdt took 0.0384322 seconds
01-20 18:27:51.408     0     0 I ueventd : firmware: loading 'cpe.b08' for '/devices/soc.0/fe12f000.slim/tomtom-slim-pgd/tomtom_codec/firmware/cpe.b08'
01-20 18:27:51.417     0     0 I ueventd : firmware: loading 'cmnlib.b00' for '/devices/virtual/qseecom/qseecom/cmnlib.b00'
01-20 18:27:51.470     0     0 I init    : Service 'sysinit' (pid 424) exited with status 0
01-20 18:27:51.477     0     0 E         : msm_qti_pp_get_rms_value_control, back not active to query rms be_idx:3
01-20 18:27:51.479     0     0 E         : msm_pcm_volume_ctl_get substream runtime not found
01-20 18:27:51.479     0     0 I chatty  : uid=0(root) logd identical 1 line
01-20 18:27:51.480     0     0 E         : msm_pcm_volume_ctl_get substream runtime not found
01-20 18:27:51.480     0     0 E msm_compr_audio_effects_config_get: stream or effects inactive
01-20 18:27:51.480     0     0 E         : msm_pcm_volume_ctl_get substream runtime not found
01-20 18:27:51.480     0     0 E msm_compr_audio_effects_config_get: stream or effects inactive
01-20 18:27:51.481     0     0 I chatty  : uid=0(root) logd identical 1 line
01-20 18:27:51.481     0     0 E msm_compr_audio_effects_config_get: stream or effects inactive
01-20 18:27:51.482     0     0 E         : msm_pcm_volume_ctl_get substream or runtime not found
01-20 18:27:51.482     0     0 E         : msm_pcm_volume_ctl_get substream runtime not found
01-20 18:27:51.482     0     0 E msm_compr_audio_effects_config_get: stream or effects inactive
01-20 18:27:51.483     0     0 I chatty  : uid=0(root) logd identical 4 lines
01-20 18:27:51.484     0     0 E msm_compr_audio_effects_config_get: stream or effects inactive
01-20 18:27:51.484     0     0 E         : msm_pcm_volume_ctl_get substream runtime not found
01-20 18:27:50.413   445   445 D         : [ACDB Command]->SW Minor/Major/Revision version info for /etc/acdbdata/Forte/Forte_Speaker_cal.acdb
01-20 18:27:50.414   445   445 D         : [ACDB Command]->ACDB Sw Major = 5, ACDB Sw Minor = 0, ACDB Sw Revision = 4
01-20 18:27:50.414   445   445 D         : [ACDB Command]->ACDB File Major = 4, ACDB File Minor = 2, ACDB File Revision = 1
01-20 18:27:51.362     0     0 I ueventd : firmware: loading 'cmnlib.mdt' for '/devices/virtual/qseecom/qseecom/cmnlib.mdt'
01-20 18:27:51.364     0     0 W _cpu_up : attempt to bring up CPU 4 failed
01-20 18:27:51.367     0     0 W _cpu_up : attempt to bring up CPU 4 failed
01-20 18:27:51.367     0     0 W _cpu_up : attempt to bring up CPU 5 failed
01-20 18:27:51.371     0     0 I msm_thermal: freq_mitigation_notify Removing frequency mitigation for CPU5
01-20 18:27:51.401     0     0 I ueventd : loading /devices/soc.0/fe12f000.slim/tomtom-slim-pgd/tomtom_codec/firmware/cpe.b06 took 0.107887 seconds
01-20 18:27:51.401     0     0 I ueventd : loading /devices/virtual/qseecom/qseecom/cmnlib.mdt took 0.0384322 seconds
01-20 18:27:51.408     0     0 I ueventd : firmware: loading 'cpe.b08' for '/devices/soc.0/fe12f000.slim/tomtom-slim-pgd/tomtom_codec/firmware/cpe.b08'
01-20 18:27:51.417     0     0 I ueventd : firmware: loading 'cmnlib.b00' for '/devices/virtual/qseecom/qseecom/cmnlib.b00'
01-20 18:27:51.470     0     0 I init    : Service 'sysinit' (pid 424) exited with status 0
01-20 18:27:51.477     0     0 E         : msm_qti_pp_get_rms_value_control, back not active to query rms be_idx:3
01-20 18:27:51.479     0     0 E         : msm_pcm_volume_ctl_get substream runtime not found
01-20 18:27:51.479     0     0 I chatty  : uid=0(root) logd identical 1 line
01-20 18:27:51.480     0     0 E         : msm_pcm_volume_ctl_get substream runtime not found
01-20 18:27:51.480     0     0 E msm_compr_audio_effects_config_get: stream or effects inactive
01-20 18:27:51.480     0     0 E         : msm_pcm_volume_ctl_get substream runtime not found
01-20 18:27:51.480     0     0 E msm_compr_audio_effects_config_get: stream or effects inactive
01-20 18:27:51.481     0     0 I chatty  : uid=0(root) logd identical 1 line
01-20 18:27:51.481     0     0 E msm_compr_audio_effects_config_get: stream or effects inactive
01-20 18:27:51.482     0     0 E         : msm_pcm_volume_ctl_get substream or runtime not found
01-20 18:27:51.482     0     0 E         : msm_pcm_volume_ctl_get substream runtime not found
01-20 18:27:51.482     0     0 E msm_compr_audio_effects_config_get: stream or effects inactive
01-20 18:27:51.483     0     0 I chatty  : uid=0(root) logd identical 4 lines
01-20 18:27:51.484     0     0 E msm_compr_audio_effects_config_get: stream or effects inactive
01-20 18:27:51.484     0     0 E         : msm_pcm_volume_ctl_get substream runtime not found
01-20 18:27:50.414   445   445 D ACDB-LOADER: ACDB -> ACPH INIT
01-20 18:27:50.414   445   445 D         : [ACPH]->Online service registered with ACPH
01-20 18:27:51.362     0     0 I ueventd : firmware: loading 'cmnlib.mdt' for '/devices/virtual/qseecom/qseecom/cmnlib.mdt'
01-20 18:27:51.364     0     0 W _cpu_up : attempt to bring up CPU 4 failed
01-20 18:27:51.367     0     0 W _cpu_up : attempt to bring up CPU 4 failed
01-20 18:27:51.367     0     0 W _cpu_up : attempt to bring up CPU 5 failed
01-20 18:27:51.371     0     0 I msm_thermal: freq_mitigation_notify Removing frequency mitigation for CPU5
01-20 18:27:51.401     0     0 I ueventd : loading /devices/soc.0/fe12f000.slim/tomtom-slim-pgd/tomtom_codec/firmware/cpe.b06 took 0.107887 seconds
01-20 18:27:51.401     0     0 I ueventd : loading /devices/virtual/qseecom/qseecom/cmnlib.mdt took 0.0384322 seconds
01-20 18:27:51.408     0     0 I ueventd : firmware: loading 'cpe.b08' for '/devices/soc.0/fe12f000.slim/tomtom-slim-pgd/tomtom_codec/firmware/cpe.b08'
01-20 18:27:51.417     0     0 I ueventd : firmware: loading 'cmnlib.b00' for '/devices/virtual/qseecom/qseecom/cmnlib.b00'
01-20 18:27:51.470     0     0 I init    : Service 'sysinit' (pid 424) exited with status 0
01-20 18:27:51.477     0     0 E         : msm_qti_pp_get_rms_value_control, back not active to query rms be_idx:3
01-20 18:27:51.479     0     0 E         : msm_pcm_volume_ctl_get substream runtime not found
01-20 18:27:51.479     0     0 I chatty  : uid=0(root) logd identical 1 line
01-20 18:27:51.480     0     0 E         : msm_pcm_volume_ctl_get substream runtime not found
01-20 18:27:51.480     0     0 E msm_compr_audio_effects_config_get: stream or effects inactive
01-20 18:27:51.480     0     0 E         : msm_pcm_volume_ctl_get substream runtime not found
01-20 18:27:51.480     0     0 E msm_compr_audio_effects_config_get: stream or effects inactive
01-20 18:27:51.481     0     0 I chatty  : uid=0(root) logd identical 1 line
01-20 18:27:51.481     0     0 E msm_compr_audio_effects_config_get: stream or effects inactive
01-20 18:27:51.482     0     0 E         : msm_pcm_volume_ctl_get substream or runtime not found
01-20 18:27:51.482     0     0 E         : msm_pcm_volume_ctl_get substream runtime not found
01-20 18:27:51.482     0     0 E msm_compr_audio_effects_config_get: stream or effects inactive
01-20 18:27:51.483     0     0 I chatty  : uid=0(root) logd identical 4 lines
01-20 18:27:51.484     0     0 E msm_compr_audio_effects_config_get: stream or effects inactive
01-20 18:27:51.484     0     0 E         : msm_pcm_volume_ctl_get substream runtime not found
01-20 18:27:50.414   445   445 E Diag_Lib:  Diag_LSM_Init: Failed to open handle to diag driver, error = 13
01-20 18:27:50.414   445   445 E Diag_Lib:  diagpkt_tbl_reg: Registration failed.
01-20 18:27:50.414   445   445 D         : [ACPH]->ACPH init success
01-20 18:27:50.414   445   445 D ACDB-LOADER: ACDB -> RTAC INIT
01-20 18:27:50.414   445   445 D         : [ACPH]->DSP RTC service registered with ACPH
01-20 18:27:51.362     0     0 I ueventd : firmware: loading 'cmnlib.mdt' for '/devices/virtual/qseecom/qseecom/cmnlib.mdt'
01-20 18:27:51.364     0     0 W _cpu_up : attempt to bring up CPU 4 failed
01-20 18:27:51.367     0     0 W _cpu_up : attempt to bring up CPU 4 failed
01-20 18:27:51.367     0     0 W _cpu_up : attempt to bring up CPU 5 failed
01-20 18:27:51.371     0     0 I msm_thermal: freq_mitigation_notify Removing frequency mitigation for CPU5
01-20 18:27:51.401     0     0 I ueventd : loading /devices/soc.0/fe12f000.slim/tomtom-slim-pgd/tomtom_codec/firmware/cpe.b06 took 0.107887 seconds
01-20 18:27:51.401     0     0 I ueventd : loading /devices/virtual/qseecom/qseecom/cmnlib.mdt took 0.0384322 seconds
01-20 18:27:51.408     0     0 I ueventd : firmware: loading 'cpe.b08' for '/devices/soc.0/fe12f000.slim/tomtom-slim-pgd/tomtom_codec/firmware/cpe.b08'
01-20 18:27:51.417     0     0 I ueventd : firmware: loading 'cmnlib.b00' for '/devices/virtual/qseecom/qseecom/cmnlib.b00'
01-20 18:27:51.470     0     0 I init    : Service 'sysinit' (pid 424) exited with status 0
01-20 18:27:51.477     0     0 E         : msm_qti_pp_get_rms_value_control, back not active to query rms be_idx:3
01-20 18:27:51.479     0     0 E         : msm_pcm_volume_ctl_get substream runtime not found
01-20 18:27:51.479     0     0 I chatty  : uid=0(root) logd identical 1 line
01-20 18:27:51.480     0     0 E         : msm_pcm_volume_ctl_get substream runtime not found
01-20 18:27:51.480     0     0 E msm_compr_audio_effects_config_get: stream or effects inactive
01-20 18:27:51.480     0     0 E         : msm_pcm_volume_ctl_get substream runtime not found
01-20 18:27:51.480     0     0 E msm_compr_audio_effects_config_get: stream or effects inactive
01-20 18:27:51.481     0     0 I chatty  : uid=0(root) logd identical 1 line
01-20 18:27:51.481     0     0 E msm_compr_audio_effects_config_get: stream or effects inactive
01-20 18:27:51.482     0     0 E         : msm_pcm_volume_ctl_get substream or runtime not found
01-20 18:27:51.482     0     0 E         : msm_pcm_volume_ctl_get substream runtime not found
01-20 18:27:51.482     0     0 E msm_compr_audio_effects_config_get: stream or effects inactive
01-20 18:27:51.483     0     0 I chatty  : uid=0(root) logd identical 4 lines
01-20 18:27:51.484     0     0 E msm_compr_audio_effects_config_get: stream or effects inactive
01-20 18:27:51.484     0     0 E         : msm_pcm_volume_ctl_get substream runtime not found
01-20 18:27:50.414   445   445 D ACDB-LOADER: ACDB -> MCS, FTS INIT
01-20 18:27:50.415   445   445 D         : [ACPH]->MCS RTC service registered with ACPH
01-20 18:27:50.415   445   445 D         : [ACPH]->FTS RTC service registered with ACPH
01-20 18:27:50.415   445   445 D ACDB-LOADER: ACDB -> ADIE RTAC INIT
01-20 18:27:50.415   445   445 D         : [ACPH]->ADIE RTC service registered with ACPH
01-20 18:27:50.415   445   445 D ACDB-LOADER: ACDB -> ACDB_CMD_GET_VOC_PROC_DYNAMIC_TABLE_SIZE
01-20 18:27:51.362     0     0 I ueventd : firmware: loading 'cmnlib.mdt' for '/devices/virtual/qseecom/qseecom/cmnlib.mdt'
01-20 18:27:51.364     0     0 W _cpu_up : attempt to bring up CPU 4 failed
01-20 18:27:51.367     0     0 W _cpu_up : attempt to bring up CPU 4 failed
01-20 18:27:51.367     0     0 W _cpu_up : attempt to bring up CPU 5 failed
01-20 18:27:51.371     0     0 I msm_thermal: freq_mitigation_notify Removing frequency mitigation for CPU5
01-20 18:27:51.401     0     0 I ueventd : loading /devices/soc.0/fe12f000.slim/tomtom-slim-pgd/tomtom_codec/firmware/cpe.b06 took 0.107887 seconds
01-20 18:27:51.401     0     0 I ueventd : loading /devices/virtual/qseecom/qseecom/cmnlib.mdt took 0.0384322 seconds
01-20 18:27:51.408     0     0 I ueventd : firmware: loading 'cpe.b08' for '/devices/soc.0/fe12f000.slim/tomtom-slim-pgd/tomtom_codec/firmware/cpe.b08'
01-20 18:27:51.417     0     0 I ueventd : firmware: loading 'cmnlib.b00' for '/devices/virtual/qseecom/qseecom/cmnlib.b00'
01-20 18:27:51.470     0     0 I init    : Service 'sysinit' (pid 424) exited with status 0
01-20 18:27:51.477     0     0 E         : msm_qti_pp_get_rms_value_control, back not active to query rms be_idx:3
01-20 18:27:51.479     0     0 E         : msm_pcm_volume_ctl_get substream runtime not found
01-20 18:27:51.479     0     0 I chatty  : uid=0(root) logd identical 1 line
01-20 18:27:51.480     0     0 E         : msm_pcm_volume_ctl_get substream runtime not found
01-20 18:27:51.480     0     0 E msm_compr_audio_effects_config_get: stream or effects inactive
01-20 18:27:51.480     0     0 E         : msm_pcm_volume_ctl_get substream runtime not found
01-20 18:27:51.480     0     0 E msm_compr_audio_effects_config_get: stream or effects inactive
01-20 18:27:51.481     0     0 I chatty  : uid=0(root) logd identical 1 line
01-20 18:27:51.481     0     0 E msm_compr_audio_effects_config_get: stream or effects inactive
01-20 18:27:51.482     0     0 E         : msm_pcm_volume_ctl_get substream or runtime not found
01-20 18:27:51.482     0     0 E         : msm_pcm_volume_ctl_get substream runtime not found
01-20 18:27:51.482     0     0 E msm_compr_audio_effects_config_get: stream or effects inactive
01-20 18:27:51.483     0     0 I chatty  : uid=0(root) logd identical 4 lines
01-20 18:27:51.484     0     0 E msm_compr_audio_effects_config_get: stream or effects inactive
01-20 18:27:51.484     0     0 E         : msm_pcm_volume_ctl_get substream runtime not found
01-20 18:27:50.415   445   445 D         : Invalid AV file. It doesnt contain LUT for tblid 00000017 
01-20 18:27:50.415   445   445 D         : Failed to fetch the Table in ACDB files Table-ID 00000017 
01-20 18:27:50.415   445   445 D ACDB-LOADER: ACDB -> send_meta_info, lic 0
01-20 18:27:50.415   445   445 D         : Couldnt find the key 00000000 
01-20 18:27:50.415   445   445 D         : Output from GetMetaInfoSize command : 0
01-20 18:27:51.362     0     0 I ueventd : firmware: loading 'cmnlib.mdt' for '/devices/virtual/qseecom/qseecom/cmnlib.mdt'
01-20 18:27:51.364     0     0 W _cpu_up : attempt to bring up CPU 4 failed
01-20 18:27:51.367     0     0 W _cpu_up : attempt to bring up CPU 4 failed
01-20 18:27:51.367     0     0 W _cpu_up : attempt to bring up CPU 5 failed
01-20 18:27:51.371     0     0 I msm_thermal: freq_mitigation_notify Removing frequency mitigation for CPU5
