01-20 17:33:02.471     0     0 I init    : starting service 'hidl_memory'...
01-20 17:33:02.472     0     0 I init    : computing context for service 'configstore-hal-1-0'
01-20 17:33:02.473     0     0 I init    : starting service 'configstore-hal-1-0'...
01-20 17:33:02.473     0     0 I init    : computing context for service 'gralloc-2-0'
01-20 17:33:02.474     0     0 I init    : starting service 'gralloc-2-0'...
01-20 17:33:02.474     0     0 I init    : computing context for service 'ir-hal-1-0'
01-20 17:33:02.475   407   407 I auditd  : type=1400 audit(0.0:31): avc: denied { execute_no_trans } for comm="init" path="/system/bin/rfs_access" dev="mmcblk0p41" ino=517 scontext=u:r:init:s0 tcontext=u:object_r:system_file:s0 tclass=file permissive=1
01-20 17:33:02.475   407   407 I init    : type=1400 audit(0.0:31): avc: denied { execute_no_trans } for path="/system/bin/rfs_access" dev="mmcblk0p41" ino=517 scontext=u:r:init:s0 tcontext=u:object_r:system_file:s0 tclass=file permissive=1
01-20 17:33:02.475     0     0 I init    : starting service 'ir-hal-1-0'...
01-20 17:33:02.475     0     0 I init    : computing context for service 'light-hal-2-0'
01-20 17:33:02.476     0     0 I init    : starting service 'light-hal-2-0'...
01-20 17:33:02.476     0     0 I init    : computing context for service 'usb-hal-1-0'
01-20 17:33:02.477     0     0 I init    : starting service 'usb-hal-1-0'...
01-20 17:33:02.477     0     0 I init    : computing context for service 'wifi_hal_legacy'
01-20 17:33:02.478     0     0 I init    : starting service 'wifi_hal_legacy'...
01-20 17:33:02.478     0     0 I init    : computing context for service 'healthd'
01-20 17:33:02.479   410   410 I auditd  : type=1400 audit(0.0:32): avc: denied { execute_no_trans } for comm="init" path="/system/bin/sh" dev="mmcblk0p41" ino=541 scontext=u:r:init:s0 tcontext=u:object_r:shell_exec:s0 tclass=file permissive=1
01-20 17:33:02.479   410   410 I init    : type=1400 audit(0.0:32): avc: denied { execute_no_trans } for path="/system/bin/sh" dev="mmcblk0p41" ino=541 scontext=u:r:init:s0 tcontext=u:object_r:shell_exec:s0 tclass=file permissive=1
01-20 17:33:02.479     0     0 I init    : starting service 'healthd'...
01-20 17:33:02.479     0     0 I init    : computing context for service 'rmt_storage'
01-20 17:33:02.480     0     0 I init    : starting service 'rmt_storage'...
01-20 17:33:02.480     0     0 I init    : computing context for service 'rfs_access'
01-20 17:33:02.480     0     0 I init    : starting service 'rfs_access'...
01-20 17:33:02.481     0     0 I init    : computing context for service 'tftp_server'
01-20 17:33:02.481     0     0 I init    : starting service 'tftp_server'...
01-20 17:33:02.482     0     0 I init    : computing context for service 'config_bt_addr'
01-20 17:33:02.482     0     0 I init    : starting service 'config_bt_addr'...
01-20 17:33:02.483     0     0 I init    : computing context for service 'qcom-usb-sh'
01-20 17:33:02.483     0     0 I init    : starting service 'qcom-usb-sh'...
01-20 17:33:02.484     0     0 I init    : computing context for service 'qseecomd'
01-20 17:33:02.484     0     0 I init    : starting service 'qseecomd'...
01-20 17:33:02.487     0     0 I init    : computing context for service 'per_mgr'
01-20 17:33:02.487     0     0 I init    : starting service 'per_mgr'...
01-20 17:33:02.488     0     0 I init    : computing context for service 'readmac'
01-20 17:33:02.488     0     0 I init    : starting service 'readmac'...
01-20 17:33:02.489     0     0 I init    : computing context for service 'lmkd'
01-20 17:33:02.489     0     0 I init    : starting service 'lmkd'...
01-20 17:33:02.489     0     0 I apr_tal : Q6 Is Up
01-20 17:33:02.490     0     0 I init    : computing context for service 'surfaceflinger'
01-20 17:33:02.490     0     0 I init    : starting service 'surfaceflinger'...
01-20 17:33:02.491   398   398 I ServiceManagement: Removing namespace from process name android.hidl.allocator@1.0-service to allocator@1.0-s.
01-20 17:33:02.491     0     0 I msm8994-asoc-snd fe034000.sound: msm8994_asoc_machine_probe: No hdmi audio support
01-20 17:33:02.492     0     0 E msm8994-asoc-snd fe034000.sound: ASoC: CODEC tomtom_codec not registered
01-20 17:33:02.492     0     0 I platform fe034000.sound: Driver msm8994-asoc-snd requests probe deferral
01-20 17:33:02.508     0     0 I init    : Created socket '/dev/socket/lmkd', mode 660, user 1000, group 1000
01-20 17:33:02.515   399   399 I ServiceManagement: Removing namespace from process name android.hardware.configstore@1.0-service to configstore@1.0.
01-20 17:33:02.519   401   401 I auditd  : type=1400 audit(0.0:33): avc: granted { open } for comm="android.hardwar" path="/dev/pmsg0" dev="tmpfs" ino=13066 scontext=u:r:init:s0 tcontext=u:object_r:pmsg_device:s0 tclass=chr_file
01-20 17:33:02.519   401   401 W android.hardwar: type=1400 audit(0.0:33): avc: granted { open } for path="/dev/pmsg0" dev="tmpfs" ino=13066 scontext=u:r:init:s0 tcontext=u:object_r:pmsg_device:s0 tclass=chr_file
01-20 17:33:02.523   401   401 I auditd  : type=1400 audit(0.0:34): avc: denied { call } for comm="ir@1.0-service." scontext=u:r:init:s0 tcontext=u:r:hwservicemanager:s0 tclass=binder permissive=1
01-20 17:33:02.523   401   401 I ir@1.0-service.: type=1400 audit(0.0:34): avc: denied { call } for scontext=u:r:init:s0 tcontext=u:r:hwservicemanager:s0 tclass=binder permissive=1
01-20 17:33:02.523   401   401 I auditd  : type=1400 audit(0.0:35): avc: denied { transfer } for comm="ir@1.0-service." scontext=u:r:init:s0 tcontext=u:r:hwservicemanager:s0 tclass=binder permissive=1
01-20 17:33:02.523   401   401 I ir@1.0-service.: type=1400 audit(0.0:35): avc: denied { transfer } for scontext=u:r:init:s0 tcontext=u:r:hwservicemanager:s0 tclass=binder permissive=1
01-20 17:33:02.523   336   336 I auditd  : type=1400 audit(0.0:36): avc: denied { call } for comm="hwservicemanage" scontext=u:r:hwservicemanager:s0 tcontext=u:r:init:s0 tclass=binder permissive=1
01-20 17:33:02.523   336   336 I hwservicemanage: type=1400 audit(0.0:36): avc: denied { call } for scontext=u:r:hwservicemanager:s0 tcontext=u:r:init:s0 tclass=binder permissive=1
01-20 17:33:02.523   336   336 I auditd  : type=1400 audit(0.0:37): avc: denied { search } for comm="hwservicemanage" name="401" dev="proc" ino=2978 scontext=u:r:hwservicemanager:s0 tcontext=u:r:init:s0 tclass=dir permissive=1
01-20 17:33:02.523   336   336 I hwservicemanage: type=1400 audit(0.0:37): avc: denied { search } for name="401" dev="proc" ino=2978 scontext=u:r:hwservicemanager:s0 tcontext=u:r:init:s0 tclass=dir permissive=1
01-20 17:33:02.523   336   336 I auditd  : type=1400 audit(0.0:38): avc: denied { read } for comm="hwservicemanage" name="current" dev="proc" ino=436 scontext=u:r:hwservicemanager:s0 tcontext=u:r:init:s0 tclass=file permissive=1
01-20 17:33:02.523   336   336 I hwservicemanage: type=1400 audit(0.0:38): avc: denied { read } for name="current" dev="proc" ino=436 scontext=u:r:hwservicemanager:s0 tcontext=u:r:init:s0 tclass=file permissive=1
01-20 17:33:02.523   336   336 I auditd  : type=1400 audit(0.0:39): avc: denied { open } for comm="hwservicemanage" path="/proc/401/attr/current" dev="proc" ino=436 scontext=u:r:hwservicemanager:s0 tcontext=u:r:init:s0 tclass=file permissive=1
01-20 17:33:02.523   336   336 I hwservicemanage: type=1400 audit(0.0:39): avc: denied { open } for path="/proc/401/attr/current" dev="proc" ino=436 scontext=u:r:hwservicemanager:s0 tcontext=u:r:init:s0 tclass=file permissive=1
01-20 17:33:02.523   336   336 I auditd  : type=1400 audit(0.0:40): avc: denied { getattr } for comm="hwservicemanage" scontext=u:r:hwservicemanager:s0 tcontext=u:r:init:s0 tclass=process permissive=1
01-20 17:33:02.523   336   336 I hwservicemanage: type=1400 audit(0.0:40): avc: denied { getattr } for scontext=u:r:hwservicemanager:s0 tcontext=u:r:init:s0 tclass=process permissive=1
01-20 17:33:02.527   402   402 I auditd  : type=1400 audit(0.0:41): avc: granted { open } for comm="android.hardwar" path="/dev/pmsg0" dev="tmpfs" ino=13066 scontext=u:r:init:s0 tcontext=u:object_r:pmsg_device:s0 tclass=chr_file
01-20 17:33:02.527   402   402 W android.hardwar: type=1400 audit(0.0:41): avc: granted { open } for path="/dev/pmsg0" dev="tmpfs" ino=13066 scontext=u:r:init:s0 tcontext=u:object_r:pmsg_device:s0 tclass=chr_file
01-20 17:33:02.527   401   401 I ServiceManagement: Removing namespace from process name android.hardware.ir@1.0-service.libra to ir@1.0-service..
01-20 17:33:02.531   336   336 E SELinux : avc:  denied  { add } for interface=android.hardware.ir::IConsumerIr pid=401 scontext=u:r:init:s0 tcontext=u:object_r:hal_ir_hwservice:s0 tclass=hwservice_manager
01-20 17:33:02.532   336   336 I auditd  : avc:  denied  { add } for interface=android.hardware.ir::IConsumerIr pid=401 scontext=u:r:init:s0 tcontext=u:object_r:hal_ir_hwservice:s0 tclass=hwservice_manager
01-20 17:33:02.532   400   400 I vndksupport: sphal namespace is not configured for this process. Loading /vendor/lib64/hw/gralloc.msm8992.so from the current namespace instead.
01-20 17:33:02.534   336   336 E SELinux : avc:  denied  { add } for interface=android.hidl.base::IBase pid=401 scontext=u:r:init:s0 tcontext=u:object_r:hidl_base_hwservice:s0 tclass=hwservice_manager
01-20 17:33:02.534   336   336 I auditd  : avc:  denied  { add } for interface=android.hidl.base::IBase pid=401 scontext=u:r:init:s0 tcontext=u:object_r:hidl_base_hwservice:s0 tclass=hwservice_manager
01-20 17:33:02.535   401   401 I android.hardware.ir@1.0-service.libra: ConsumerIr HAL service ready.
01-20 17:33:02.537   402   402 I ServiceManagement: Removing namespace from process name android.hardware.light@2.0-service.libra to light@2.0-servi.
01-20 17:33:02.540   336   336 E SELinux : avc:  denied  { add } for interface=android.hardware.light::ILight pid=402 scontext=u:r:init:s0 tcontext=u:object_r:hal_light_hwservice:s0 tclass=hwservice_manager
01-20 17:33:02.541   336   336 I auditd  : avc:  denied  { add } for interface=android.hardware.light::ILight pid=402 scontext=u:r:init:s0 tcontext=u:object_r:hal_light_hwservice:s0 tclass=hwservice_manager
01-20 17:33:02.541   402   402 I android.hardware.light@2.0-service.libra: Light HAL service ready.
01-20 17:33:02.541     0     0 E init    : Failed to bind socket 'pdx/system/vr/display/client': No such file or directory
01-20 17:33:02.542     0     0 E init    : Failed to bind socket 'pdx/system/vr/display/manager': No such file or directory
01-20 17:33:02.542     0     0 E init    : Failed to bind socket 'pdx/system/vr/display/vsync': No such file or directory
01-20 17:33:02.549     0     0 I msm_thermal: freq_mitigation_notify Mitigating CPU4 frequency to 768000
01-20 17:33:02.557     0     0 I init    : Command 'mkdir /dev/socket/netmgr 0750 radio radio' action=boot (/init.qcom.rc:81) returned 0 took 64.3185ms.
01-20 17:33:02.558     0     0 E init    : write_file: Unable to open '/proc/sys/net/ipv6/conf/rmnet0/accept_ra': No such file or directory
01-20 17:33:02.558     0     0 E init    : write_file: Unable to open '/proc/sys/net/ipv6/conf/rmnet1/accept_ra': No such file or directory
01-20 17:33:02.558     0     0 E init    : write_file: Unable to open '/proc/sys/net/ipv6/conf/rmnet2/accept_ra': No such file or directory
01-20 17:33:02.558     0     0 E init    : write_file: Unable to open '/proc/sys/net/ipv6/conf/rmnet3/accept_ra': No such file or directory
01-20 17:33:02.558     0     0 E init    : write_file: Unable to open '/proc/sys/net/ipv6/conf/rmnet4/accept_ra': No such file or directory
01-20 17:33:02.558     0     0 E init    : write_file: Unable to open '/proc/sys/net/ipv6/conf/rmnet5/accept_ra': No such file or directory
01-20 17:33:02.558     0     0 E init    : write_file: Unable to open '/proc/sys/net/ipv6/conf/rmnet6/accept_ra': No such file or directory
01-20 17:33:02.558     0     0 E init    : write_file: Unable to open '/proc/sys/net/ipv6/conf/rmnet7/accept_ra': No such file or directory
01-20 17:33:02.558     0     0 E init    : write_file: Unable to open '/proc/sys/net/ipv6/conf/rmnet_sdio0/accept_ra': No such file or directory
01-20 17:33:02.558     0     0 E init    : write_file: Unable to open '/proc/sys/net/ipv6/conf/rmnet_sdio1/accept_ra': No such file or directory
01-20 17:33:02.558     0     0 E init    : write_file: Unable to open '/proc/sys/net/ipv6/conf/rmnet_sdio2/accept_ra': No such file or directory
01-20 17:33:02.558     0     0 E init    : write_file: Unable to open '/proc/sys/net/ipv6/conf/rmnet_sdio3/accept_ra': No such file or directory
01-20 17:33:02.558     0     0 E init    : write_file: Unable to open '/proc/sys/net/ipv6/conf/rmnet_sdio4/accept_ra': No such file or directory
01-20 17:33:02.558     0     0 E init    : write_file: Unable to open '/proc/sys/net/ipv6/conf/rmnet_sdio5/accept_ra': No such file or directory
01-20 17:33:02.559   411   411 I auditd  : type=1400 audit(0.0:42): avc: granted { open } for comm="qseecomd" path="/dev/pmsg0" dev="tmpfs" ino=13066 scontext=u:r:init:s0 tcontext=u:object_r:pmsg_device:s0 tclass=chr_file
01-20 17:33:02.559   411   411 W qseecomd: type=1400 audit(0.0:42): avc: granted { open } for path="/dev/pmsg0" dev="tmpfs" ino=13066 scontext=u:r:init:s0 tcontext=u:object_r:pmsg_device:s0 tclass=chr_file
01-20 17:33:02.559     0     0 E init    : write_file: Unable to open '/proc/sys/net/ipv6/conf/rmnet_sdio6/accept_ra': No such file or directory
01-20 17:33:02.559     0     0 E init    : write_file: Unable to open '/proc/sys/net/ipv6/conf/rmnet_sdio7/accept_ra': No such file or directory
01-20 17:33:02.559     0     0 E init    : write_file: Unable to open '/proc/sys/net/ipv6/conf/rmnet_usb0/accept_ra': No such file or directory
01-20 17:33:02.559     0     0 E init    : write_file: Unable to open '/proc/sys/net/ipv6/conf/rmnet_usb1/accept_ra': No such file or directory
01-20 17:33:02.559     0     0 E init    : write_file: Unable to open '/proc/sys/net/ipv6/conf/rmnet_usb2/accept_ra': No such file or directory
01-20 17:33:02.559     0     0 E init    : write_file: Unable to open '/proc/sys/net/ipv6/conf/rmnet_usb3/accept_ra': No such file or directory
01-20 17:33:02.572   336   336 W /system/bin/hwservicemanager: getTransportFromManifest: Cannot find entry android.hardware.health@1.0::IHealth in either framework or device manifest, using default transport.
01-20 17:33:02.575   400   400 I ServiceManagement: Removing namespace from process name android.hardware.graphics.allocator@2.0-service to allocator@2.0-s.
01-20 17:33:02.576   411   411 D QSEECOMD: : qseecom listener services process entry PPID = 1
01-20 17:33:02.576   411   411 E QSEECOMD: : Listener: index = 0, hierarchy = 0
01-20 17:33:02.578     0     0 I sps     : BAM 0x00000000fe104000 (va:0xffffff80025c0000) enabled: ver:0x17, number of pipes:31
01-20 17:33:02.578     0     0 I sps     : BAM 0x00000000fe104000 is registered.
01-20 17:33:02.579   421   421 I auditd  : type=1400 audit(0.0:43): avc: denied { write } for comm="getprop" path="pipe:[455]" dev="pipefs" ino=455 scontext=u:r:toolbox:s0 tcontext=u:r:init:s0 tclass=fifo_file permissive=1
01-20 17:33:02.579   421   421 I getprop : type=1400 audit(0.0:43): avc: denied { write } for path="pipe:[455]" dev="pipefs" ino=455 scontext=u:r:toolbox:s0 tcontext=u:r:init:s0 tclass=fifo_file permissive=1
01-20 17:33:02.580     0     0 W healthd : unable to get HAL interface, using defaults
01-20 17:33:02.580   400   400 I android.hardware.graphics.allocator@2.0-service: Registration complete for android.hardware.graphics.allocator@2.0::IAllocator/default.
01-20 17:33:02.583   411   411 I auditd  : type=1400 audit(0.0:44): avc: denied { write } for comm="qseecomd" name="mmcblk0rpmb" dev="tmpfs" ino=12806 scontext=u:r:init:s0 tcontext=u:object_r:block_device:s0 tclass=blk_file permissive=1
01-20 17:33:02.583   411   411 I qseecomd: type=1400 audit(0.0:44): avc: denied { write } for name="mmcblk0rpmb" dev="tmpfs" ino=12806 scontext=u:r:init:s0 tcontext=u:object_r:block_device:s0 tclass=blk_file permissive=1
01-20 17:33:02.583   408   408 I auditd  : type=1400 audit(0.0:45): avc: granted { open } for comm="tftp_server" path="/dev/pmsg0" dev="tmpfs" ino=13066 scontext=u:r:init:s0 tcontext=u:object_r:pmsg_device:s0 tclass=chr_file
01-20 17:33:02.583   408   408 W tftp_server: type=1400 audit(0.0:45): avc: granted { open } for path="/dev/pmsg0" dev="tmpfs" ino=13066 scontext=u:r:init:s0 tcontext=u:object_r:pmsg_device:s0 tclass=chr_file
01-20 17:33:02.583     0     0 W healthd : Unknown power supply type 'BMS'
01-20 17:33:02.583     0     0 I chatty  : uid=0(root) logd identical 1 line
01-20 17:33:02.583     0     0 W healthd : Unknown power supply type 'BMS'
01-20 17:33:02.584     0     0 W healthd : BatteryFullChargePath not found
01-20 17:33:02.584     0     0 W healthd : BatteryCycleCountPath not found
01-20 17:33:02.584     0     0 W healthd : battery l=65 v=3692 t=41.0 h=2 st=2 c=1082 chg=u
01-20 17:33:02.587   412   412 I auditd  : type=1400 audit(0.0:46): avc: granted { open } for comm="pm-service" path="/dev/pmsg0" dev="tmpfs" ino=13066 scontext=u:r:init:s0 tcontext=u:object_r:pmsg_device:s0 tclass=chr_file
01-20 17:33:02.587   412   412 W pm-service: type=1400 audit(0.0:46): avc: granted { open } for path="/dev/pmsg0" dev="tmpfs" ino=13066 scontext=u:r:init:s0 tcontext=u:object_r:pmsg_device:s0 tclass=chr_file
01-20 17:33:02.587   412   412 I auditd  : type=1400 audit(0.0:47): avc: denied { call } for comm="pm-service" scontext=u:r:init:s0 tcontext=u:r:servicemanager:s0 tclass=binder permissive=1
01-20 17:33:02.587   412   412 I pm-service: type=1400 audit(0.0:47): avc: denied { call } for scontext=u:r:init:s0 tcontext=u:r:servicemanager:s0 tclass=binder permissive=1
01-20 17:33:02.587   412   412 I auditd  : type=1400 audit(0.0:48): avc: denied { transfer } for comm="pm-service" scontext=u:r:init:s0 tcontext=u:r:servicemanager:s0 tclass=binder permissive=1
01-20 17:33:02.587   412   412 I pm-service: type=1400 audit(0.0:48): avc: denied { transfer } for scontext=u:r:init:s0 tcontext=u:r:servicemanager:s0 tclass=binder permissive=1
01-20 17:33:02.589   411   411 D QSEECOMD: : Init dlopen(librpmb.so, RTLD_NOW) succeeds
01-20 17:33:02.589   411   411 D QSEECOMD: : Init::Init dlsym(g_FSHandle rpmb_init_service) succeeds
01-20 17:33:02.589   411   411 I rpmb_emmc: RPMB Mult = 16384, Rel_sec_cnt = 1
01-20 17:33:02.589   411   411 E DrmLibRpmb: rpmb_init succeeded! with ret = 0
01-20 17:33:02.589   411   411 D QSEECOMD: : Init rpmb_init_service ret = 0
01-20 17:33:02.589   411   411 D QSEECOMD: : RPMB system services: init (Listener ID = 8192)
01-20 17:33:02.589   411   411 E QSEECOMD: : Listener: index = 1, hierarchy = 0
01-20 17:33:02.590   408   408 I tftp_server: Starting...
01-20 17:33:02.590   408   408 D tftp_server: pid=408 tid=408 tftp-server : DBG :[tftp_os_wakelocks_la.c, 203] Capset success!
01-20 17:33:02.590   408   408 E tftp_server: pid=408 tid=408 tftp-server : ERR :[tftp_os_wakelocks_la.c, 116] Unable to open wake lock file /sys/power/wake_lock return val: -1, error no: 13 string = Pe
01-20 17:33:02.590   411   411 D QSEECOMD: : Init dlopen(libssd.so, RTLD_NOW) succeeds
01-20 17:33:02.591   411   411 D QSEECOMD: : Init::Init dlsym(g_FSHandle ssd_init_service) succeeds
01-20 17:33:02.591   411   411 E SSD     : ssd_init_service succeeded!
01-20 17:33:02.591   411   411 D QSEECOMD: : Init ssd_init_service ret = 0
01-20 17:33:02.591   411   411 D QSEECOMD: : SSD system services: init (Listener ID = 12288)
01-20 17:33:02.591   411   411 E QSEECOMD: : Listener: index = 2, hierarchy = 0
01-20 17:33:02.591   411   411 E QSEECOMD: : Init dlopen(libsecureui.so, RLTD_NOW) is failed....
01-20 17:33:02.591   411   411 D QSEECOMD: : SEC_UI_INIT failed, shall not start secure ui listener
01-20 17:33:02.591   411   411 E QSEECOMD: : Listener: index = 5, hierarchy = 0
01-20 17:33:02.591   411   411 E QSEECOMD: : Init dlopen(libmdtp.so, RLTD_NOW) is failed....
01-20 17:33:02.591   411   411 D QSEECOMD: : ERROR: MDTP_INIT failed, shall not start MDTP listener
01-20 17:33:02.592   411   411 D QSEECOMD: : Parent qseecom daemon process paused!! 
01-20 17:33:02.593   412   412 I libmdmdetect: ESOC framework not supported
01-20 17:33:02.594   412   412 I libmdmdetect: Found internal modem: modem
01-20 17:33:02.594   412   412 I libmdmdetect: ESOC framework not supported
01-20 17:33:02.594   412   412 I libmdmdetect: Found internal modem: modem
01-20 17:33:02.595   414   414 I lowmemorykiller: Using in-kernel low memory killer interface
01-20 17:33:02.596   335   335 E SELinux : avc:  denied  { add } for service=vendor.qcom.PeripheralManager pid=412 uid=1000 scontext=u:r:init:s0 tcontext=u:object_r:default_android_service:s0 tclass=service_manager
01-20 17:33:02.596   335   335 I auditd  : avc:  denied  { add } for service=vendor.qcom.PeripheralManager pid=412 uid=1000 scontext=u:r:init:s0 tcontext=u:object_r:default_android_service:s0 tclass=service_manager
01-20 17:33:02.596     0     0 I warning : `qseecomd' uses 32-bit capabilities (legacy support in use)
01-20 17:33:02.597   412   412 I PerMgrSrv: Peripheral Mananager service start
01-20 17:33:02.597   412   412 I PerMgrSrv: power-off timeout 500,ms; event-ack timeout 200,ms; debug-mode false
01-20 17:33:02.597   412   412 I PerMgrSrv: Statistics for : modem
01-20 17:33:02.597   412   412 I PerMgrSrv: modem: Current State : is off-line
01-20 17:33:02.597   412   412 I PerMgrSrv: modem: Voter/Listener count : 0/0
01-20 17:33:02.597   412   412 I PerMgrSrv: modem: Power on count : 0
01-20 17:33:02.597   412   412 I PerMgrSrv: modem: Power off count: 0
01-20 17:33:02.597   412   412 I PerMgrSrv: modem: Client list:
01-20 17:33:02.600   422   422 D QSEECOMD: : qseecom listener service threads starting!!! 
01-20 17:33:02.600   412   424 I PerMgrSrv: QMI service start
01-20 17:33:02.600   422   422 D QSEECOMD: : Total listener services to start = 7
01-20 17:33:02.600   422   422 E QSEECOMD: : Listener: index = 0, hierarchy = 1
01-20 17:33:02.601     0     0 W audit   : audit_lost=1 audit_rate_limit=20 audit_backlog_limit=64
01-20 17:33:02.601     0     0 E audit   : rate limit exceeded
01-20 17:33:02.601   422   422 D QSEECOMD: : Init dlopen(librpmb.so, RTLD_NOW) succeeds
01-20 17:33:02.601   422   422 D QSEECOMD: : Init::Init dlsym(g_FSHandle rpmb_start) succeeds
01-20 17:33:02.601   422   422 D QSEECOMAPI: : QSEECom_register_listener 8192 sb_length = 0x5000
01-20 17:33:02.608     0     0 E init    : write_file: Unable to write to '/dev/cpuset/foreground/cpus': Device or resource busy
01-20 17:33:02.610   408   408 D tftp_server: pid=408 tid=408 tftp-server : DBG :[tftp_server.c, 594] Server waiting for client-connection.
01-20 17:33:02.612   406   406 I rmt_storage: Shared memory initialised successfully.
01-20 17:33:02.612   406   406 I rmt_storage: Registering modemst1: 0x4a /boot/modem_fs1
01-20 17:33:02.612   406   406 I rmt_storage: Registering modemst2: 0x4b /boot/modem_fs2
01-20 17:33:02.612   406   406 I rmt_storage: Registering fsc: 0xff /boot/modem_fsc
01-20 17:33:02.612   406   406 I rmt_storage: Registering fsg: 0x58 /boot/modem_fsg
01-20 17:33:02.612   406   406 I rmt_storage: 4 GPT partitions found
01-20 17:33:02.612   406   406 I rmt_storage: Capset success!
01-20 17:33:02.616   407   407 I rfs_access: All clients successfully initialized.
01-20 17:33:02.616   407   407 I rfs_access: Capset success!
01-20 17:33:02.617   407   407 I rfs_access: All Data dirs exist or were created successfully.
01-20 17:33:02.617   407   407 I rfs_access: Initialized RFS server
01-20 17:33:02.617   413   413 I libmdmdetect: ESOC framework not supported
01-20 17:33:02.618   413   413 I libmdmdetect: Found internal modem: modem
01-20 17:33:02.624   403   403 I ServiceManagement: Removing namespace from process name android.hardware.usb@1.0-service to usb@1.0-service.
01-20 17:33:02.628   403   403 I android.hardware.usb@1.0-service: USB HAL Ready.
01-20 17:33:02.628   413   413 I libmdmdetect: ESOC framework not supported
01-20 17:33:02.629   413   413 I libmdmdetect: Found internal modem: modem
01-20 17:33:02.630     0     0 I init    : computing context for service 'sysinit'
01-20 17:33:02.630     0     0 I init    : starting service 'sysinit'...
01-20 17:33:02.634     0     0 I init    : processing action (persist.sys.usb.config=* && boot)
01-20 17:33:02.634     0     0 I init    : processing action (enable_property_trigger)
01-20 17:33:02.635     0     0 I init    : processing action (security.perf_harden=1)
01-20 17:33:02.635     0     0 I init    : processing action (ro.debuggable=1)
01-20 17:33:02.635     0     0 E init    : service 'console' couldn't open console '/dev/ttyHSL0': No such file or directory
01-20 17:33:02.635     0     0 I init    : processing action (sys.usb.config=adb && sys.usb.configfs=0)
01-20 17:33:02.635     0     0 E enable_store: android_usb: already disabled
01-20 17:33:02.635     0     0 I init    : starting service 'adbd'...
01-20 17:33:02.636     0     0 I init    : processing action (ro.data.large_tcp_window_size=true)
01-20 17:33:02.636     0     0 I init    : processing action (init.svc.per_mgr=running)
01-20 17:33:02.637     0     0 I init    : computing context for service 'per_proxy'
01-20 17:33:02.637     0     0 I init    : starting service 'per_proxy'...
01-20 17:33:02.637   413   413 E QC-QMI  : qmi_client [413]: unable to connect to server, errno=[2:No such file or directory], attempt=1
01-20 17:33:02.638     0     0 I init    : processing action (nonencrypted)
01-20 17:33:02.638     0     0 I init    : computing context for service 'cnd'
01-20 17:33:02.638     0     0 I init    : starting service 'cnd'...
01-20 17:33:02.639     0     0 I init    : computing context for service 'irsc_util'
01-20 17:33:02.639     0     0 I init    : starting service 'irsc_util'...
01-20 17:33:02.640     0     0 I init    : computing context for service 'qmuxd'
01-20 17:33:02.640     0     0 I init    : starting service 'qmuxd'...
01-20 17:33:02.644     0     0 I init    : Created socket '/dev/socket/adbd', mode 660, user 1000, group 1000
01-20 17:33:02.647   409   409 I libmdmdetect: ESOC framework not supported
01-20 17:33:02.647   409   409 I libmdmdetect: Found internal modem: modem
01-20 17:33:02.650     0     0 I init    : Created socket '/dev/socket/cnd', mode 660, user 0, group 3003
01-20 17:33:02.651     0     0 I msm_thermal: freq_mitigation_notify Removing frequency mitigation for CPU4
01-20 17:33:02.651     0     0 I init    : computing context for service 'netmgrd'
01-20 17:33:02.656     0     0 I init    : starting service 'netmgrd'...
01-20 17:33:02.657     0     0 I init    : computing context for service 'ipacm-diag'
01-20 17:33:02.657     0     0 I init    : starting service 'ipacm-diag'...
01-20 17:33:02.661     0     0 I init    : computing context for service 'ipacm'
01-20 17:33:02.661     0     0 I init    : starting service 'ipacm'...
01-20 17:33:02.661     0     0 I         : read descriptors
01-20 17:33:02.661     0     0 I         : read descriptors
01-20 17:33:02.661     0     0 I         : read strings
01-20 17:33:02.663     0     0 I init    : computing context for service 'qti'
01-20 17:33:02.665     0     0 I init    : starting service 'qti'...
01-20 17:33:02.666     0     0 I init    : computing context for service 'cnss_diag'
01-20 17:33:02.667   435   435 I irsc_util: Starting irsc tool
01-20 17:33:02.670     0     0 I init    : starting service 'cnss_diag'...
01-20 17:33:02.670     0     0 I init    : Created socket '/dev/socket/ipacm_log_file', mode 660, user 1000, group 3005
01-20 17:33:02.673     0     0 I tomtom-slim-pgd: Platform data from device tree
01-20 17:33:02.673     0     0 I tomtom-slim-pgd: cdc-vdd-buck: vol=[2150000 2150000]uV, curr=[650000]uA, ond 0
01-20 17:33:02.673     0     0 I tomtom-slim-pgd: cdc-vdd-tx-h: vol=[1800000 1800000]uV, curr=[25000]uA, ond 0
01-20 17:33:02.673     0     0 I tomtom-slim-pgd: cdc-vdd-rx-h: vol=[1800000 1800000]uV, curr=[25000]uA, ond 0
01-20 17:33:02.673     0     0 I tomtom-slim-pgd: cdc-vddpx-1: vol=[1800000 1800000]uV, curr=[10000]uA, ond 0
01-20 17:33:02.673     0     0 I tomtom-slim-pgd: cdc-vdd-a-1p2v: vol=[1200000 1200000]uV, curr=[2000]uA, ond 0
01-20 17:33:02.673     0     0 I tomtom-slim-pgd: cdc-vddcx-1: vol=[1200000 1200000]uV, curr=[33000]uA, ond 0
01-20 17:33:02.673     0     0 I tomtom-slim-pgd: cdc-vddcx-2: vol=[1200000 1200000]uV, curr=[33000]uA, ond 0
01-20 17:33:02.673     0     0 I tomtom-slim-pgd: cdc-vdd-spkdrv: vol=[5000000 5000000]uV, curr=[600000]uA, ond 1
01-20 17:33:02.673     0     0 I tomtom-slim-pgd: cdc-vdd-spkdrv-2: vol=[5000000 5000000]uV, curr=[600000]uA, ond 1
01-20 17:33:02.673     0     0 I tomtom-slim-pgd: wcd9xxx_validate_spkdrv_ocp_curr_limit: Invalid spkdrv_ocp_curr_limit = 4294967295
01-20 17:33:02.673     0     0 E extcodec_get_pinctrl: Unable to get pinctrl handle
01-20 17:33:02.674     0     0 I init    : computing context for service 'ril-daemon2'
01-20 17:33:02.675     0     0 I init    : starting service 'ril-daemon2'...
01-20 17:33:02.676   435   435 I irsc_util: Num of entries:284
01-20 17:33:02.677   435   435 I irsc_util: Ending irsc tool
01-20 17:33:02.680     0     0 I init    : computing context for service 'mmbn-daemon'
01-20 17:33:02.681   422   422 D QSEECOMD: : Init rpmb_start ret = 0
01-20 17:33:02.681   422   422 D QSEECOMD: : RPMB system services: Started (Listener ID = 8192)
01-20 17:33:02.681   422   422 E QSEECOMD: : Listener: index = 1, hierarchy = 1
01-20 17:33:02.681   422   422 D QSEECOMD: : Init dlopen(libssd.so, RTLD_NOW) succeeds
01-20 17:33:02.681   422   422 D QSEECOMD: : Init::Init dlsym(g_FSHandle ssd_start) succeeds
01-20 17:33:02.681   422   422 D QSEECOMAPI: : QSEECom_register_listener 12288 sb_length = 0x5000
01-20 17:33:02.694     0     0 I init    : starting service 'mmbn-daemon'...
01-20 17:33:02.694   433   433 E PerMgrProxy: Starting pm-proxy service
01-20 17:33:02.694   433   433 I libmdmdetect: ESOC framework not supported
01-20 17:33:02.695     0     0 I init    : computing context for service 'logcat_debug'
01-20 17:33:02.695   433   433 I libmdmdetect: Found internal modem: modem
01-20 17:33:02.695   433   433 I PerMgrProxy: Found internal modem
01-20 17:33:02.695     0     0 I init    : starting service 'logcat_debug'...
01-20 17:33:02.696     0     0 I init    : computing context for service 'thermal-engine'
01-20 17:33:02.696   335   335 E SELinux : avc:  denied  { find } for service=vendor.qcom.PeripheralManager pid=433 uid=1000 scontext=u:r:init:s0 tcontext=u:object_r:default_android_service:s0 tclass=service_manager
01-20 17:33:02.697     0     0 I init    : starting service 'thermal-engine'...
01-20 17:33:02.697   335   335 I auditd  : avc:  denied  { find } for service=vendor.qcom.PeripheralManager pid=433 uid=1000 scontext=u:r:init:s0 tcontext=u:object_r:default_android_service:s0 tclass=service_manager
01-20 17:33:02.702   436   436 I libmdmdetect: ESOC framework not supported
01-20 17:33:02.703   436   436 I libmdmdetect: Found internal modem: modem
01-20 17:33:02.703   436   436 E Diag_Lib:  Diag_LSM_Init: Failed to open handle to diag driver, error = 13
01-20 17:33:02.703   436   436 I libmdmdetect: ESOC framework not supported
01-20 17:33:02.703   436   436 I libmdmdetect: Found internal modem: modem
01-20 17:33:02.704   412   425 D PerMgrSrv: modem state: is off-line, add client PM-PROXY-THREAD
01-20 17:33:02.704   412   425 D PerMgrSrv: PM-PROXY-THREAD registered
01-20 17:33:02.704   433   433 D PerMgrLib: PM-PROXY-THREAD successfully registered for modem
01-20 17:33:02.704   433   433 I PerMgrProxy: pm-proxy-thread Voting for internal modem
01-20 17:33:02.704   433   433 D PerMgrLib: PM-PROXY-THREAD voting for modem
01-20 17:33:02.705   412   426 D PerMgrSrv: PM-PROXY-THREAD voting for modem
01-20 17:33:02.705   412   426 D PerMgrSrv: modem new state: going on-line
01-20 17:33:02.705   412   426 D PerMgrSrv: modem num voters is 1
01-20 17:33:02.708   422   422 D QSEECOMD: : Init ssd_start ret = 0
01-20 17:33:02.708   422   422 D QSEECOMD: : SSD system services: Started (Listener ID = 12288)
01-20 17:33:02.708   422   422 E QSEECOMD: : Listener: index = 2, hierarchy = 1
01-20 17:33:02.708   422   422 E QSEECOMD: : Init dlopen(libsecureui.so, RLTD_NOW) is failed....
01-20 17:33:02.708   422   422 E QSEECOMD: : Listener: index = 3, hierarchy = 1
01-20 17:33:02.710     0     0 I init    : computing context for service 'adsprpcd'
01-20 17:33:02.710     0     0 I init    : starting service 'adsprpcd'...
01-20 17:33:02.711     0     0 I init    : computing context for service 'imsqmidaemon'
01-20 17:33:02.711     0     0 I init    : starting service 'imsqmidaemon'...
01-20 17:33:02.712   422   422 D QSEECOMD: : Init dlopen(libdrmtime.so, RTLD_NOW) succeeds
01-20 17:33:02.712   422   422 D QSEECOMD: : Init::Init dlsym(g_FSHandle atime_start) succeeds
01-20 17:33:02.712   422   422 D DrmLibTime: QSEE Time Listener: atime_start
01-20 17:33:02.712   422   422 D QSEECOMAPI: : QSEECom_register_listener 11 sb_length = 0x5000
01-20 17:33:02.712     0     0 I init    : computing context for service 'imscmservice'
01-20 17:33:02.713     0     0 I init    : starting service 'imscmservice'...
01-20 17:33:02.713     0     0 I msm_thermal: freq_mitigation_notify Mitigating CPU5 frequency to 768000
01-20 17:33:02.719   443   443 I libmdmdetect: ESOC framework not supported
01-20 17:33:02.719   443   443 I libmdmdetect: Found internal modem: modem
01-20 17:33:02.719   443   443 E Diag_Lib:  Diag_LSM_Init: Failed to open handle to diag driver, error = 13
01-20 17:33:02.719   443   443 I libmdmdetect: ESOC framework not supported
01-20 17:33:02.721   404   404 I android.hardware.wifi@1.0-service: Wifi Hal is starting up...
01-20 17:33:02.721     0     0 I slimbus : 1 laddr:0xcd, EAPC:0x1:0x30
01-20 17:33:02.721   404   404 I ServiceManagement: Removing namespace from process name android.hardware.wifi@1.0-service to wifi@1.0-servic.
01-20 17:33:02.722     0     0 I tomtom-slim-pgd: wcd9xxx_slim_device_up: slim device up
01-20 17:33:02.722     0     0 I slimbus : 1 laddr:0xcc, EAPC:0x0:0x30
01-20 17:33:02.723   441   441 I sysinit : Running /system/etc/init.d/00banner
01-20 17:33:02.727   443   443 I libmdmdetect: Found internal modem: modem
01-20 17:33:02.728     0     0 I tomtom-slim-pgd: wcd9xxx_check_codec_type: detected tomtom_codec, major 0x105, minor 0x1, ver 0x2
01-20 17:33:02.728     0     0 I wcd9xxx_core_res_init: num_irqs = 32, num_irq_regs = 4
01-20 17:33:02.729   422   422 D DrmLibTime: registering fs service to QSEECom is done!
01-20 17:33:02.729   422   422 D DrmLibTime: begin to create a thread!
01-20 17:33:02.729   422   422 D DrmLibTime: Creating a pthread in atime_start is done! return 0
01-20 17:33:02.729   422   422 D QSEECOMD: : Init atime_start ret = 0
01-20 17:33:02.729   422   422 D QSEECOMD: : time services: Started (Listener ID = 11)
01-20 17:33:02.729   422   422 E QSEECOMD: : Listener: index = 4, hierarchy = 1
01-20 17:33:02.729   422   422 D QSEECOMD: : Init dlopen(libdrmfs.so, RTLD_NOW) succeeds
01-20 17:33:02.729   422   422 D QSEECOMD: : Init::Init dlsym(g_FSHandle fs_start) succeeds
01-20 17:33:02.729   422   422 D QSEECOMAPI: : QSEECom_register_listener 10 sb_length = 0x5000
01-20 17:33:02.733     0     0 I msm8994-asoc-snd fe034000.sound: msm8994_asoc_machine_probe: No hdmi audio support
01-20 17:33:02.734     0     0 I init    : Created socket '/dev/socket/ims_qmid', mode 660, user 1000, group 1001
01-20 17:33:02.735     0     0 I init    : Created socket '/dev/socket/thermal-send-client', mode 666, user 1000, group 1000
01-20 17:33:02.736     0     0 I init    : Created socket '/dev/socket/thermal-recv-client', mode 660, user 1000, group 1000
01-20 17:33:02.736     0     0 I         : tomtom_codec tomtom_codec: tomtom_codec_probe()
01-20 17:33:02.736   422   422 D QSEECOMD: : Init fs_start ret = 0
01-20 17:33:02.736     0     0 I init    : Created socket '/dev/socket/thermal-recv-passive-client', mode 666, user 1000, group 1000
01-20 17:33:02.736   422   422 D QSEECOMD: : file system services: Started (Listener ID = 10)
01-20 17:33:02.736   422   422 E QSEECOMD: : Listener: index = 5, hierarchy = 1
01-20 17:33:02.736   422   422 E QSEECOMD: : Init dlopen(libmdtp.so, RLTD_NOW) is failed....
01-20 17:33:02.736   422   422 E QSEECOMD: : Listener: index = 6, hierarchy = 1
01-20 17:33:02.736   422   422 D QSEECOMD: : Init dlopen(libdrmfs.so, RTLD_NOW) succeeds
01-20 17:33:02.736   422   422 D QSEECOMD: : Init::Init dlsym(g_FSHandle gpfs_start) succeeds
01-20 17:33:02.736   422   422 D QSEECOMAPI: : QSEECom_register_listener 28672 sb_length = 0x7e000
01-20 17:33:02.738   422   422 D QSEECOMD: : Init gpfs_start ret = 0
01-20 17:33:02.738   422   422 D QSEECOMD: : gpfile system services: Started (Listener ID = 28672)
01-20 17:33:02.738     0     0 I init    : computing context for service 'energy-awareness'
01-20 17:33:02.738     0     0 I init    : starting service 'energy-awareness'...
01-20 17:33:02.739     0     0 I init    : computing context for service 'audioserver'
01-20 17:33:02.740     0     0 I init    : starting service 'audioserver'...
01-20 17:33:02.741     0     0 I init    : computing context for service 'cameraserver'
01-20 17:33:02.744   336   336 W /system/bin/hwservicemanager: getTransportFromManifest: Cannot find entry android.hardware.configstore@1.0::ISurfaceFlingerConfigs in either framework or device manifest, using default transport.
01-20 17:33:02.746   436   436 E QC-DS-LIB: qmuxd: linux_qmi_read_sysfs_config: couldn't open file /sys/module/f_rmnet/parameters/rmnet_ctl_ch
01-20 17:33:02.746   436   436 E QC-DS-LIB: qmuxd: linux_qmi_read_sysfs_config: couldn't open /sys/module/rmnet/parameters/rmnet_ctl_ch
01-20 17:33:02.746   436   436 E Diag_Lib:  Diag_LSM_Init: Failed to open handle to diag driver, error = 13
01-20 17:33:02.751     0     0 I subsys-restart: __subsystem_get(): Changing subsys fw_name to modem
01-20 17:33:02.751     0     0 I         : IPA received MPSS BEFORE_POWERUP
01-20 17:33:02.751     0     0 E ipa_uc_state_check: 246 uC is not loaded
01-20 17:33:02.752   436   436 E Diag_Lib:  Diag_LSM_Init: Failed to open handle to diag driver, error = 13
01-20 17:33:02.753     0     0 I         : IPA BEFORE_POWERUP handling is complete
01-20 17:33:02.756   415   415 I /system/bin/surfaceflinger: android::hardware::configstore::V1_0::ISurfaceFlingerConfigs::maxFrameBufferAcquiredBuffers retrieved: 3
01-20 17:33:02.759   336   336 W /system/bin/hwservicemanager: getTransportFromManifest: Cannot find entry android.hardware.configstore@1.0::ISurfaceFlingerConfigs in either framework or device manifest, using default transport.
01-20 17:33:02.764   422   460 D DrmLibTime: QSEE Time Listener: dispatch
01-20 17:33:02.764   422   460 D DrmLibTime: before calling ioctl to read the next time_cmd
01-20 17:33:02.765   415   415 I /system/bin/surfaceflinger: android::hardware::configstore::V1_0::ISurfaceFlingerConfigs::startGraphicsAllocatorService retrieved: 0
01-20 17:33:02.765     0     0 I init    : starting service 'cameraserver'...
01-20 17:33:02.766     0     0 I init    : computing context for service 'drm'
01-20 17:33:02.766     0     0 I init    : starting service 'drm'...
01-20 17:33:02.767   415   415 I SurfaceFlinger: SurfaceFlinger is starting
01-20 17:33:02.767     0     0 I init    : computing context for service 'installd'
01-20 17:33:02.768     0     0 I init    : starting service 'installd'...
01-20 17:33:02.769   336   336 W /system/bin/hwservicemanager: getTransportFromManifest: Cannot find entry android.hardware.configstore@1.0::ISurfaceFlingerConfigs in either framework or device manifest, using default transport.
01-20 17:33:02.770   415   415 I /system/bin/surfaceflinger: android::hardware::configstore::V1_0::ISurfaceFlingerConfigs::vsyncEventPhaseOffsetNs retrieved: 2000000
01-20 17:33:02.771   336   336 W /system/bin/hwservicemanager: getTransportFromManifest: Cannot find entry android.hardware.configstore@1.0::ISurfaceFlingerConfigs in either framework or device manifest, using default transport.
01-20 17:33:02.772   415   415 I /system/bin/surfaceflinger: android::hardware::configstore::V1_0::ISurfaceFlingerConfigs::vsyncSfEventPhaseOffsetNs retrieved: 6000000
01-20 17:33:02.773   336   336 W /system/bin/hwservicemanager: getTransportFromManifest: Cannot find entry android.hardware.configstore@1.0::ISurfaceFlingerConfigs in either framework or device manifest, using default transport.
01-20 17:33:02.774   415   415 I /system/bin/surfaceflinger: android::hardware::configstore::V1_0::ISurfaceFlingerConfigs::hasSyncFramework retrieved: 1
01-20 17:33:02.775   336   336 W /system/bin/hwservicemanager: getTransportFromManifest: Cannot find entry android.hardware.configstore@1.0::ISurfaceFlingerConfigs in either framework or device manifest, using default transport.
01-20 17:33:02.778   415   415 I /system/bin/surfaceflinger: android::hardware::configstore::V1_0::ISurfaceFlingerConfigs::useContextPriority retrieved: 0 (default)
01-20 17:33:02.779   336   336 W /system/bin/hwservicemanager: getTransportFromManifest: Cannot find entry android.hardware.configstore@1.0::ISurfaceFlingerConfigs in either framework or device manifest, using default transport.
01-20 17:33:02.779     0     0 E init    : couldn't write 469 to /dev/cpuset/camera-daemon/tasks: No such file or directory
01-20 17:33:02.783   415   415 I /system/bin/surfaceflinger: android::hardware::configstore::V1_0::ISurfaceFlingerConfigs::presentTimeOffsetFromVSyncNs retrieved: 0
01-20 17:33:02.783   336   336 W /system/bin/hwservicemanager: getTransportFromManifest: Cannot find entry android.hardware.configstore@1.0::ISurfaceFlingerConfigs in either framework or device manifest, using default transport.
01-20 17:33:02.785   415   415 I /system/bin/surfaceflinger: android::hardware::configstore::V1_0::ISurfaceFlingerConfigs::useHwcForRGBtoYUV retrieved: 1
01-20 17:33:02.786   336   336 W /system/bin/hwservicemanager: getTransportFromManifest: Cannot find entry android.hardware.configstore@1.0::ISurfaceFlingerConfigs in either framework or device manifest, using default transport.
01-20 17:33:02.790   415   415 I /system/bin/surfaceflinger: android::hardware::configstore::V1_0::ISurfaceFlingerConfigs::maxVirtualDisplaySize retrieved: 2048
01-20 17:33:02.791   336   336 W /system/bin/hwservicemanager: getTransportFromManifest: Cannot find entry android.hardware.configstore@1.0::ISurfaceFlingerConfigs in either framework or device manifest, using default transport.
01-20 17:33:02.791     0     0 I ueventd : firmware: loading 'cpe.mdt' for '/devices/soc.0/fe12f000.slim/tomtom-slim-pgd/tomtom_codec/firmware/cpe.mdt'
01-20 17:33:02.792   434   434 I libmdmdetect: ESOC framework not supported
01-20 17:33:02.793   434   434 I libmdmdetect: Found internal modem: modem
01-20 17:33:02.793   434   434 E QCNEA   : Cne Version 4.9
01-20 17:33:02.793     0     0 I init    : computing context for service 'keystore'
01-20 17:33:02.794     0     0 I init    : starting service 'keystore'...
01-20 17:33:02.795     0     0 I init    : computing context for service 'mediadrm'
01-20 17:33:02.795     0     0 I ueventd : firmware: loading 'modem.mdt' for '/devices/soc.0/fc880000.qcom,mss/firmware/modem.mdt'
01-20 17:33:02.795     0     0 I init    : starting service 'mediadrm'...
01-20 17:33:02.796     0     0 I init    : computing context for service 'mediaextractor'
01-20 17:33:02.796     0     0 I init    : starting service 'mediaextractor'...
01-20 17:33:02.801     0     0 I ueventd : loading /devices/soc.0/fe12f000.slim/tomtom-slim-pgd/tomtom_codec/firmware/cpe.mdt took 0.0100263 seconds
01-20 17:33:02.802   415   415 I /system/bin/surfaceflinger: android::hardware::configstore::V1_0::ISurfaceFlingerConfigs::useVrFlinger retrieved: 0 (default)
01-20 17:33:02.802   415   415 I /system/bin/surfaceflinger: android::hardware::configstore::V1_0::ISurfaceFlingerConfigs::maxFrameBufferAcquiredBuffers retrieved: 3
01-20 17:33:02.802   439   439 I libmdmdetect: ESOC framework not supported
01-20 17:33:02.802   336   336 W /system/bin/hwservicemanager: getTransportFromManifest: Cannot find entry android.hardware.configstore@1.0::ISurfaceFlingerConfigs in either framework or device manifest, using default transport.
01-20 17:33:02.803   439   439 I libmdmdetect: Found internal modem: modem
01-20 17:33:02.805   415   415 I /system/bin/surfaceflinger: android::hardware::configstore::V1_0::ISurfaceFlingerConfigs::hasWideColorDisplay retrieved: 0
01-20 17:33:02.805   415   415 I SurfaceFlinger: Enabling HWC virtual displays
01-20 17:33:02.805   415   415 I SurfaceFlinger: Disabling Triple Buffering
01-20 17:33:02.808   415   415 I SurfaceFlinger: SurfaceFlinger's main thread ready to run. Initializing graphics H/W...
01-20 17:33:02.808   415   415 I SurfaceFlinger: Phase offest NS: 2000000
01-20 17:33:02.809     0     0 I pil-q6v5-mss fc880000.qcom,mss: modem: loading from 0x0000000009000000 to 0x000000000ea00000
01-20 17:33:02.811     0     0 I ueventd : loading /devices/soc.0/fc880000.qcom,mss/firmware/modem.mdt took 0.0148307 seconds
01-20 17:33:02.811   415   415 I vndksupport: sphal namespace is not configured for this process. Loading /vendor/lib64/egl/libEGL_adreno.so from the current namespace instead.
01-20 17:33:02.814     0     0 I init    : computing context for service 'mediametrics'
01-20 17:33:02.815     0     0 I init    : starting service 'mediametrics'...
01-20 17:33:02.816     0     0 I init    : computing context for service 'media'
01-20 17:33:02.816     0     0 I init    : starting service 'media'...
01-20 17:33:02.820     0     0 W msm-pcm-routing qcom,msm-pcm-routing.41: ASoC: no dapm match for VOICE2_STUB_DL --> Voice2 Stub --> INTERNAL_BT_SCO_RX_Voice Mixer
01-20 17:33:02.820     0     0 E msm-pcm-routing qcom,msm-pcm-routing.41: ASoC: Failed to add route VOICE2_STUB_DL -> Voice2 Stub -> INTERNAL_BT_SCO_RX_Voice Mixer
01-20 17:33:02.821     0     0 I         : 'opened /dev/adsprpc-smd c 223 0'
01-20 17:33:02.821     0     0 I ueventd : firmware: loading 'cpe.b06' for '/devices/soc.0/fe12f000.slim/tomtom-slim-pgd/tomtom_codec/firmware/cpe.b06'
01-20 17:33:02.822     0     0 I ueventd : firmware: loading 'mba.b00' for '/devices/soc.0/fc880000.qcom,mss/firmware/mba.b00'
01-20 17:33:02.831   415   415 D libEGL  : loaded /vendor/lib64/egl/libEGL_adreno.so
01-20 17:33:02.834   451   451 I libmdmdetect: ESOC framework not supported
01-20 17:33:02.834   451   451 I libmdmdetect: Found internal modem: modem
01-20 17:33:02.835   451   451 I ThermalEngine: Thermal daemon started
01-20 17:33:02.835   451   451 I ThermalEngine: dump enabled
01-20 17:33:02.835   451   451 I ThermalEngine: dump rename fail
01-20 17:33:02.835   451   451 I ThermalEngine: last dump chmod fail
01-20 17:33:02.835   451   451 I ThermalEngine: last dump chown fail
01-20 17:33:02.836   451   451 I ThermalEngine: Using target config file '/system/etc/thermal-engine-8992.conf'
01-20 17:33:02.830     0     0 I ueventd : loading /devices/soc.0/fe12f000.slim/tomtom-slim-pgd/tomtom_codec/firmware/cpe.b06 took 0.00837797 seconds
01-20 17:33:02.836     0     0 I ueventd : loading /devices/soc.0/fc880000.qcom,mss/firmware/mba.b00 took 0.0138459 seconds
01-20 17:33:02.845     0     0 I ueventd : firmware: loading 'cpe.b08' for '/devices/soc.0/fe12f000.slim/tomtom-slim-pgd/tomtom_codec/firmware/cpe.b08'
01-20 17:33:02.846     0     0 I init    : computing context for service 'storaged'
01-20 17:33:02.846     0     0 I init    : starting service 'storaged'...
01-20 17:33:02.847     0     0 I init    : computing context for service 'wificond'
01-20 17:33:02.848     0     0 I init    : starting service 'wificond'...
01-20 17:33:02.849     0     0 I init    : computing context for service 'mediacodec'
01-20 17:33:02.849     0     0 I init    : starting service 'mediacodec'...
01-20 17:33:02.856     0     0 I ueventd : loading /devices/soc.0/fe12f000.slim/tomtom-slim-pgd/tomtom_codec/firmware/cpe.b08 took 0.0118767 seconds
01-20 17:33:02.866     0     0 I pil-q6v5-mss fc880000.qcom,mss: MBA: loading from 0x00000000caa00000 to 0x00000000cab00000
01-20 17:33:02.842   451   451 I ThermalEngine: devices_manager_init: Init
01-20 17:33:02.843   451   451 I ThermalEngine: Number of gpus :1
01-20 17:33:02.843   451   451 I Thermal-IOCTL: KTM IOCTL interface "/dev/msm_thermal_query" opened
01-20 17:33:02.843   451   451 E ThermalEngine: update_cpu_topology: Cluster Info[0]. Cluster Id: 0 cpu_bits:0xf sync:1
01-20 17:33:02.843   451   451 E ThermalEngine: update_cpu_topology: Cluster Info[1]. Cluster Id: 1 cpu_bits:0x30 sync:1
01-20 17:33:02.844   451   451 I ThermalEngine: vdd_rstr_init: Init KTM VDD RSTR enabled: 0
01-20 17:33:02.844   451   451 I ThermalEngine: sensors_manager_init: Init
01-20 17:33:02.861   448   448 I libmdmdetect: ESOC framework not supported
01-20 17:33:02.861   448   448 I libmdmdetect: Found internal modem: modem
--------- beginning of radio
01-20 17:33:02.862   448   448 D MMBN-OTA: Use auto mbn
01-20 17:33:02.862   448   448 D MMBN-OTA: before pdc init
01-20 17:33:02.863   448   448 I libmdmdetect: ESOC framework not supported
01-20 17:33:02.863   448   448 I libmdmdetect: Found internal modem: modem
01-20 17:33:02.876   454   454 I libmdmdetect: ESOC framework not supported
01-20 17:33:02.883   451   451 E ThermalEngine: bcl_setup: Error opening /sys/devices/soc.0/qcom,bcl.67/iavail
01-20 17:33:02.877     0     0 I init    : Opened file '/d/mmc0/mmc0:0001/ext_csd', flags 0
01-20 17:33:02.883     0     0 I init    : computing context for service 'ril-daemon'
01-20 17:33:02.884     0     0 I init    : starting service 'ril-daemon'...
